gc 1 @0.009s 1%: 0.071+0.47+0.004 ms clock, 0.85+0.072/0.55/0.001+0.050 ms cpu, 3->4->0 MB, 4 MB goal, 0 MB stacks, 0 MB globals, 12 P
gc 2 @0.011s 3%: 0.096+0.69+0.042 ms clock, 1.1+0.87/1.0/0.009+0.50 ms cpu, 3->4->0 MB, 4 MB goal, 0 MB stacks, 0 MB globals, 12 P
gc 3 @0.012s 4%: 0.040+1.8+0.041 ms clock, 0.48+0.60/1.4/0+0.49 ms cpu, 3->5->1 MB, 4 MB goal, 0 MB stacks, 0 MB globals, 12 P
gc 4 @0.015s 5%: 0.061+0.80+0.069 ms clock, 0.73+0.62/1.2/0+0.83 ms cpu, 3->4->1 MB, 4 MB goal, 0 MB stacks, 0 MB globals, 12 P
gc 5 @0.017s 6%: 0.030+0.51+0.080 ms clock, 0.37+0.75/0.71/0+0.96 ms cpu, 3->3->1 MB, 4 MB goal, 0 MB stacks, 0 MB globals, 12 P
gc 6 @0.018s 7%: 0.095+1.5+0.081 ms clock, 1.1+1.2/1.5/0+0.97 ms cpu, 3->4->2 MB, 4 MB goal, 0 MB stacks, 0 MB globals, 12 P
gc 7 @0.020s 8%: 0.028+0.31+0.025 ms clock, 0.34+0.61/0.43/0.032+0.30 ms cpu, 3->4->1 MB, 4 MB goal, 0 MB stacks, 0 MB globals, 12 P
gc 8 @0.021s 9%: 0.086+0.99+0.090 ms clock, 1.0+1.3/1.4/0.060+1.0 ms cpu, 3->4->1 MB, 4 MB goal, 0 MB stacks, 0 MB globals, 12 P
gc 9 @0.023s 9%: 0.024+1.0+0.056 ms clock, 0.29+1.0/0.80/0+0.67 ms cpu, 3->4->1 MB, 4 MB goal, 0 MB stacks, 0 MB globals, 12 P
gc 10 @0.025s 10%: 0.065+0.54+0.046 ms clock, 0.79+1.4/0.98/0+0.56 ms cpu, 3->4->1 MB, 4 MB goal, 0 MB stacks, 0 MB globals, 12 P
gc 11 @0.026s 11%: 0.079+0.96+0.062 ms clock, 0.95+2.1/1.4/0+0.75 ms cpu, 3->4->1 MB, 4 MB goal, 0 MB stacks, 0 MB globals, 12 P
gc 12 @0.028s 11%: 0.087+0.57+0.046 ms clock, 1.0+0.37/1.3/0.56+0.56 ms cpu, 3->4->1 MB, 4 MB goal, 0 MB stacks, 0 MB globals, 12 P
gc 13 @0.029s 11%: 0.033+1.8+0.072 ms clock, 0.39+0.75/0.54/0+0.87 ms cpu, 3->6->3 MB, 4 MB goal, 0 MB stacks, 0 MB globals, 12 P
gc 14 @0.032s 12%: 0.068+0.64+0.073 ms clock, 0.81+2.0/1.2/0+0.88 ms cpu, 6->6->1 MB, 7 MB goal, 0 MB stacks, 0 MB globals, 12 P
gc 15 @0.034s 12%: 0.031+1.2+0.066 ms clock, 0.37+1.1/1.7/0+0.80 ms cpu, 3->4->2 MB, 4 MB goal, 0 MB stacks, 0 MB globals, 12 P
gc 16 @0.036s 13%: 0.077+0.78+0.084 ms clock, 0.92+2.4/1.3/0+1.0 ms cpu, 3->4->1 MB, 4 MB goal, 0 MB stacks, 0 MB globals, 12 P
gc 17 @0.037s 13%: 0.032+0.32+0.074 ms clock, 0.38+0.57/0.59/0+0.88 ms cpu, 3->4->1 MB, 4 MB goal, 0 MB stacks, 0 MB globals, 12 P
gc 18 @0.038s 13%: 0.11+1.2+0.054 ms clock, 1.4+1.8/1.6/0+0.65 ms cpu, 3->5->2 MB, 4 MB goal, 0 MB stacks, 0 MB globals, 12 P
gc 19 @0.041s 14%: 0.073+0.79+0.061 ms clock, 0.88+1.9/1.3/0.26+0.73 ms cpu, 4->4->1 MB, 4 MB goal, 0 MB stacks, 0 MB globals, 12 P
gc 20 @0.042s 14%: 0.048+0.49+0.071 ms clock, 0.58+0.61/0.72/0+0.86 ms cpu, 3->4->2 MB, 4 MB goal, 0 MB stacks, 0 MB globals, 12 P
gc 21 @0.043s 14%: 0.021+0.44+0.11 ms clock, 0.26+0.54/0.74/0+1.3 ms cpu, 4->5->2 MB, 4 MB goal, 0 MB stacks, 0 MB globals, 12 P
gc 22 @0.045s 14%: 0.10+1.2+0.048 ms clock, 1.2+0.80/1.2/0+0.58 ms cpu, 4->6->3 MB, 5 MB goal, 0 MB stacks, 0 MB globals, 12 P
gc 23 @0.047s 14%: 0.054+1.5+0.084 ms clock, 0.65+1.3/2.0/0+1.0 ms cpu, 5->7->2 MB, 6 MB goal, 0 MB stacks, 0 MB globals, 12 P
gc 24 @0.049s 14%: 0.084+1.2+0.051 ms clock, 1.0+2.1/1.8/0+0.61 ms cpu, 5->6->2 MB, 6 MB goal, 0 MB stacks, 0 MB globals, 12 P
gc 25 @0.052s 15%: 0.081+0.82+0.048 ms clock, 0.98+1.1/1.9/0.49+0.58 ms cpu, 5->5->2 MB, 6 MB goal, 0 MB stacks, 0 MB globals, 12 P
gc 26 @0.053s 15%: 0.019+0.25+0.016 ms clock, 0.23+0.47/0.59/0.66+0.20 ms cpu, 4->4->2 MB, 5 MB goal, 0 MB stacks, 0 MB globals, 12 P
gc 27 @0.054s 14%: 0.018+0.30+0.015 ms clock, 0.22+0.28/0.76/0.68+0.18 ms cpu, 3->4->2 MB, 4 MB goal, 0 MB stacks, 0 MB globals, 12 P
gc 28 @0.056s 14%: 0.033+0.29+0.011 ms clock, 0.39+0.057/0.71/0.42+0.13 ms cpu, 4->4->2 MB, 5 MB goal, 0 MB stacks, 0 MB globals, 12 P
gc 29 @0.057s 14%: 0.021+0.27+0.012 ms clock, 0.25+0.10/0.64/0.59+0.15 ms cpu, 3->4->1 MB, 4 MB goal, 0 MB stacks, 0 MB globals, 12 P
gc 30 @0.059s 14%: 0.016+0.38+0.008 ms clock, 0.19+0.038/0.84/0.30+0.10 ms cpu, 3->3->2 MB, 4 MB goal, 0 MB stacks, 0 MB globals, 12 P
gc 31 @0.062s 13%: 0.016+0.32+0.009 ms clock, 0.20+0.050/0.74/0.42+0.11 ms cpu, 3->3->2 MB, 4 MB goal, 0 MB stacks, 0 MB globals, 12 P
gc 32 @0.064s 13%: 0.028+0.40+0.009 ms clock, 0.34+0.15/0.90/0.089+0.10 ms cpu, 3->5->1 MB, 4 MB goal, 0 MB stacks, 0 MB globals, 12 P
gc 33 @0.065s 13%: 0.016+0.28+0.009 ms clock, 0.19+0.24/0.70/0.21+0.11 ms cpu, 3->3->1 MB, 4 MB goal, 0 MB stacks, 0 MB globals, 12 P
gc 34 @0.067s 13%: 0.039+0.46+0.039 ms clock, 0.47+0.41/0.85/0+0.46 ms cpu, 3->4->2 MB, 4 MB goal, 0 MB stacks, 0 MB globals, 12 P
gc 35 @0.068s 13%: 0.076+0.70+0.008 ms clock, 0.92+2.6/1.5/0.004+0.10 ms cpu, 4->4->2 MB, 4 MB goal, 0 MB stacks, 0 MB globals, 12 P
gc 36 @0.070s 13%: 0.076+0.49+0.16 ms clock, 0.92+0.69/1.0/0.36+2.0 ms cpu, 4->5->2 MB, 5 MB goal, 0 MB stacks, 0 MB globals, 12 P
gc 37 @0.073s 13%: 0.012+0.40+0.010 ms clock, 0.14+0.027/0.98/1.6+0.12 ms cpu, 5->5->3 MB, 6 MB goal, 0 MB stacks, 0 MB globals, 12 P
gc 38 @0.079s 31%: 22+6.2+0.016 ms clock, 274+0.64/8.6/0.026+0.20 ms cpu, 5->6->3 MB, 6 MB goal, 0 MB stacks, 0 MB globals, 12 P
gc 39 @0.118s 27%: 0.080+9.9+1.9 ms clock, 0.96+0.35/7.6/0.87+23 ms cpu, 6->8->4 MB, 7 MB goal, 0 MB stacks, 0 MB globals, 12 P
gc 40 @0.166s 22%: 3.0+8.2+0.049 ms clock, 36+0.40/4.5/0+0.59 ms cpu, 8->9->3 MB, 9 MB goal, 0 MB stacks, 0 MB globals, 12 P
gc 41 @0.185s 22%: 0.90+4.6+0.97 ms clock, 10+0.34/5.3/0.42+11 ms cpu, 6->8->4 MB, 8 MB goal, 0 MB stacks, 0 MB globals, 12 P
gc 42 @0.257s 16%: 0.028+0.56+0.003 ms clock, 0.34+0.044/1.4/1.6+0.045 ms cpu, 8->8->3 MB, 9 MB goal, 0 MB stacks, 0 MB globals, 12 P
gc 43 @0.259s 16%: 0.015+0.75+0.003 ms clock, 0.19+0.053/1.8/0.80+0.038 ms cpu, 5->6->3 MB, 6 MB goal, 0 MB stacks, 0 MB globals, 12 P
# runtime
gc 1 @0.088s 1%: 0.059+7.7+0.007 ms clock, 0.71+0.047/12/24+0.087 ms cpu, 61->63->35 MB, 64 MB goal, 0 MB stacks, 0 MB globals, 12 P
gc 2 @0.148s 1%: 0.013+6.7+0.004 ms clock, 0.15+0.061/14/26+0.048 ms cpu, 66->71->42 MB, 71 MB goal, 0 MB stacks, 0 MB globals, 12 P
gc 3 @0.183s 1%: 0.019+4.4+0.014 ms clock, 0.23+0.48/12/0.11+0.17 ms cpu, 73->75->18 MB, 85 MB goal, 0 MB stacks, 0 MB globals, 12 P
gc 4 @0.208s 1%: 0.016+3.3+0.007 ms clock, 0.19+0.076/7.9/16+0.092 ms cpu, 32->33->24 MB, 37 MB goal, 0 MB stacks, 0 MB globals, 12 P
gc 5 @0.247s 2%: 0.018+3.9+0.021 ms clock, 0.22+0.12/10/23+0.25 ms cpu, 42->43->32 MB, 50 MB goal, 0 MB stacks, 0 MB globals, 12 P
gc 6 @0.293s 2%: 0.019+4.7+0.007 ms clock, 0.23+0.065/13/32+0.093 ms cpu, 56->57->40 MB, 66 MB goal, 0 MB stacks, 0 MB globals, 12 P
gc 7 @0.384s 1%: 0.017+5.5+0.010 ms clock, 0.20+0.10/15/38+0.12 ms cpu, 69->71->48 MB, 82 MB goal, 0 MB stacks, 0 MB globals, 12 P
gc 8 @0.458s 2%: 0.051+10+0.024 ms clock, 0.61+0.12/28/46+0.29 ms cpu, 90->95->64 MB, 96 MB goal, 0 MB stacks, 0 MB globals, 12 P
gc 9 @0.572s 2%: 0.050+12+0.019 ms clock, 0.60+0.38/36/56+0.23 ms cpu, 118->122->76 MB, 130 MB goal, 0 MB stacks, 0 MB globals, 12 P
gc 10 @0.692s 2%: 0.043+14+0.018 ms clock, 0.52+0.63/40/69+0.21 ms cpu, 140->145->87 MB, 153 MB goal, 0 MB stacks, 0 MB globals, 12 P
gc 11 @0.823s 2%: 0.051+14+0.015 ms clock, 0.61+0.037/42/80+0.18 ms cpu, 160->163->100 MB, 175 MB goal, 0 MB stacks, 0 MB globals, 12 P
gc 44 @1.260s 3%: 0.13+1.1+0.006 ms clock, 1.6+0.037/1.7/0.86+0.081 ms cpu, 6->7->3 MB, 7 MB goal, 0 MB stacks, 0 MB globals, 12 P
gc 45 @1.312s 3%: 0.12+0.99+0.052 ms clock, 1.5+0.070/1.5/1.6+0.62 ms cpu, 6->6->3 MB, 7 MB goal, 0 MB stacks, 0 MB globals, 12 P
gc 46 @1.333s 3%: 0.046+1.4+0.019 ms clock, 0.56+0.80/2.8/0.61+0.23 ms cpu, 6->7->3 MB, 7 MB goal, 0 MB stacks, 0 MB globals, 12 P
gc 47 @1.376s 3%: 0.14+0.82+0.005 ms clock, 1.7+0.11/2.2/0.55+0.063 ms cpu, 6->6->3 MB, 7 MB goal, 0 MB stacks, 0 MB globals, 12 P
gc 48 @1.440s 3%: 0.044+4.8+0.007 ms clock, 0.53+0.20/1.9/0+0.090 ms cpu, 6->6->3 MB, 7 MB goal, 0 MB stacks, 0 MB globals, 12 P
gc 49 @1.488s 3%: 3.2+7.4+0.85 ms clock, 39+0.069/2.6/0+10 ms cpu, 6->6->3 MB, 7 MB goal, 0 MB stacks, 0 MB globals, 12 P
# crypto/internal/nistec/fiat
gc 1 @0.201s 0%: 0.071+24+0.074 ms clock, 0.86+0.33/16/0+0.89 ms cpu, 61->68->21 MB, 64 MB goal, 0 MB stacks, 0 MB globals, 12 P
# syscall
gc 1 @0.165s 0%: 0.078+8.7+0.079 ms clock, 0.94+0/10/5.0+0.95 ms cpu, 61->61->16 MB, 64 MB goal, 0 MB stacks, 0 MB globals, 12 P
gc 50 @1.630s 2%: 0.030+1.0+0.010 ms clock, 0.36+0.072/2.0/0.89+0.12 ms cpu, 6->7->3 MB, 7 MB goal, 0 MB stacks, 0 MB globals, 12 P
# time
gc 1 @0.123s 0%: 0.035+6.3+0.026 ms clock, 0.42+0.26/11/3.5+0.31 ms cpu, 61->63->20 MB, 64 MB goal, 0 MB stacks, 0 MB globals, 12 P
gc 51 @1.797s 2%: 0.13+1.4+0.015 ms clock, 1.6+0.11/3.0/0.69+0.18 ms cpu, 6->6->3 MB, 7 MB goal, 0 MB stacks, 0 MB globals, 12 P
# reflect
gc 1 @0.212s 0%: 0.040+9.4+0.016 ms clock, 0.48+0.13/21/0+0.20 ms cpu, 61->63->20 MB, 64 MB goal, 0 MB stacks, 0 MB globals, 12 P
gc 2 @0.290s 1%: 0.040+5.4+0.020 ms clock, 0.48+0.10/15/14+0.24 ms cpu, 60->63->30 MB, 63 MB goal, 0 MB stacks, 0 MB globals, 12 P
gc 3 @0.349s 1%: 0.024+6.7+0.019 ms clock, 0.28+0.22/17/18+0.22 ms cpu, 57->58->34 MB, 62 MB goal, 0 MB stacks, 0 MB globals, 12 P
gc 52 @1.887s 2%: 0.045+0.70+0.063 ms clock, 0.54+0.055/1.5/1.7+0.76 ms cpu, 6->6->3 MB, 7 MB goal, 0 MB stacks, 0 MB globals, 12 P
gc 53 @1.953s 2%: 0.18+1.6+0.026 ms clock, 2.2+0.084/2.8/0.28+0.31 ms cpu, 6->7->3 MB, 7 MB goal, 0 MB stacks, 0 MB globals, 12 P
gc 54 @2.017s 2%: 0.057+2.3+0.015 ms clock, 0.68+0.65/2.4/0.009+0.18 ms cpu, 6->7->4 MB, 7 MB goal, 0 MB stacks, 0 MB globals, 12 P
gc 55 @2.031s 2%: 2.0+5.3+0.020 ms clock, 25+0.10/4.0/0+0.24 ms cpu, 7->8->4 MB, 8 MB goal, 0 MB stacks, 0 MB globals, 12 P
# crypto/sha1
gc 1 @0.008s 2%: 0.20+1.8+0.006 ms clock, 2.4+0.63/0/0+0.075 ms cpu, 3->4->1 MB, 4 MB goal, 0 MB stacks, 0 MB globals, 12 P
# crypto/sha256
gc 1 @0.015s 0%: 0.056+1.6+0.017 ms clock, 0.67+0.54/0.15/0+0.20 ms cpu, 3->4->1 MB, 4 MB goal, 0 MB stacks, 0 MB globals, 12 P
# crypto/sha512
gc 1 @0.007s 1%: 0.018+0.56+0.022 ms clock, 0.21+0.076/0.63/0+0.27 ms cpu, 3->4->1 MB, 4 MB goal, 0 MB stacks, 0 MB globals, 12 P
gc 56 @2.111s 2%: 0.027+0.67+0.018 ms clock, 0.32+0/1.5/2.3+0.21 ms cpu, 8->8->3 MB, 9 MB goal, 0 MB stacks, 0 MB globals, 12 P
# vendor/golang.org/x/crypto/chacha20poly1305
gc 1 @0.008s 1%: 0.024+0.70+0.012 ms clock, 0.28+0.098/0.86/0.18+0.15 ms cpu, 3->4->1 MB, 4 MB goal, 0 MB stacks, 0 MB globals, 12 P
gc 57 @2.181s 2%: 0.14+4.1+4.6 ms clock, 1.7+0.32/4.4/0.005+55 ms cpu, 6->8->4 MB, 7 MB goal, 0 MB stacks, 0 MB globals, 12 P
gc 58 @2.370s 2%: 0.048+5.9+0.015 ms clock, 0.57+0.11/5.8/0.60+0.18 ms cpu, 8->8->3 MB, 10 MB goal, 0 MB stacks, 0 MB globals, 12 P
# encoding/json
gc 1 @0.188s 1%: 0.093+20+0.022 ms clock, 1.1+0.15/27/0+0.26 ms cpu, 61->63->20 MB, 64 MB goal, 0 MB stacks, 0 MB globals, 12 P
# vendor/golang.org/x/text/unicode/norm
gc 1 @0.166s 0%: 0.018+19+0.049 ms clock, 0.22+0/16/0+0.58 ms cpu, 61->63->19 MB, 64 MB goal, 0 MB stacks, 0 MB globals, 12 P
# math/big
gc 1 @0.204s 0%: 0.40+12+0.10 ms clock, 4.8+0.12/15/0+1.2 ms cpu, 61->62->19 MB, 64 MB goal, 0 MB stacks, 0 MB globals, 12 P
gc 59 @2.506s 2%: 0.089+2.0+0.008 ms clock, 1.0+0.097/4.5/0.52+0.10 ms cpu, 6->6->3 MB, 7 MB goal, 0 MB stacks, 0 MB globals, 12 P
# internal/profile
gc 1 @0.177s 0%: 0.038+3.3+0.011 ms clock, 0.46+0.43/8.9/6.9+0.13 ms cpu, 61->61->17 MB, 64 MB goal, 0 MB stacks, 0 MB globals, 12 P
gc 60 @2.612s 2%: 0.032+0.67+0.021 ms clock, 0.38+0.10/1.4/1.2+0.25 ms cpu, 6->6->3 MB, 7 MB goal, 0 MB stacks, 0 MB globals, 12 P
# vendor/golang.org/x/net/idna
gc 1 @0.133s 0%: 0.062+2.4+0.008 ms clock, 0.75+0.66/5.9/8.2+0.097 ms cpu, 61->61->17 MB, 64 MB goal, 0 MB stacks, 0 MB globals, 12 P
# net
gc 1 @0.192s 0%: 0.74+1.9+0.018 ms clock, 8.9+0/0.99/0+0.22 ms cpu, 3->4->0 MB, 4 MB goal, 0 MB stacks, 0 MB globals, 12 P
# net
gc 1 @0.087s 0%: 0.018+2.1+0.011 ms clock, 0.22+0.16/5.7/10+0.13 ms cpu, 61->61->17 MB, 64 MB goal, 0 MB stacks, 0 MB globals, 12 P
gc 2 @0.164s 0%: 0.041+4.6+0.016 ms clock, 0.49+0.32/12/17+0.19 ms cpu, 61->63->31 MB, 63 MB goal, 0 MB stacks, 0 MB globals, 12 P
gc 3 @0.213s 1%: 0.047+4.9+0.013 ms clock, 0.56+0.17/14/21+0.16 ms cpu, 59->61->36 MB, 64 MB goal, 0 MB stacks, 0 MB globals, 12 P
gc 4 @0.265s 1%: 0.056+5.9+0.017 ms clock, 0.67+0.048/16/25+0.21 ms cpu, 68->72->42 MB, 73 MB goal, 0 MB stacks, 0 MB globals, 12 P
gc 61 @3.029s 1%: 0.029+0.68+0.003 ms clock, 0.35+0.11/1.4/1.5+0.046 ms cpu, 6->6->3 MB, 7 MB goal, 0 MB stacks, 0 MB globals, 12 P
# crypto/x509
gc 1 @0.113s 0%: 0.036+3.5+0.071 ms clock, 0.43+0.046/9.3/8.5+0.86 ms cpu, 61->63->20 MB, 64 MB goal, 0 MB stacks, 0 MB globals, 12 P
# crypto/tls
gc 1 @0.080s 0%: 0.062+2.1+0.008 ms clock, 0.75+0.17/5.7/11+0.10 ms cpu, 61->61->18 MB, 64 MB goal, 0 MB stacks, 0 MB globals, 12 P
gc 2 @0.160s 1%: 0.061+4.7+0.023 ms clock, 0.74+0.083/13/18+0.28 ms cpu, 61->63->33 MB, 63 MB goal, 0 MB stacks, 0 MB globals, 12 P
gc 3 @0.204s 1%: 0.067+5.6+0.018 ms clock, 0.81+0.041/15/21+0.22 ms cpu, 61->65->38 MB, 67 MB goal, 0 MB stacks, 0 MB globals, 12 P
gc 4 @0.253s 1%: 0.11+6.4+0.014 ms clock, 1.4+0.25/18/24+0.17 ms cpu, 69->72->44 MB, 78 MB goal, 0 MB stacks, 0 MB globals, 12 P
gc 62 @3.513s 1%: 0.018+0.64+0.003 ms clock, 0.22+0.067/1.4/1.4+0.045 ms cpu, 6->6->3 MB, 7 MB goal, 0 MB stacks, 0 MB globals, 12 P
# net/http
gc 1 @0.081s 0%: 0.019+1.2+0.010 ms clock, 0.23+0.095/2.7/2.4+0.12 ms cpu, 61->61->8 MB, 64 MB goal, 0 MB stacks, 0 MB globals, 12 P
gc 2 @0.160s 0%: 0.016+3.5+0.012 ms clock, 0.19+0.16/9.6/19+0.15 ms cpu, 60->61->31 MB, 63 MB goal, 0 MB stacks, 0 MB globals, 12 P
gc 3 @0.233s 1%: 0.019+5.8+0.011 ms clock, 0.23+0.15/15/33+0.14 ms cpu, 60->61->43 MB, 63 MB goal, 0 MB stacks, 0 MB globals, 12 P
gc 4 @0.310s 1%: 0.061+8.4+0.013 ms clock, 0.73+0.21/24/35+0.16 ms cpu, 82->86->56 MB, 87 MB goal, 0 MB stacks, 0 MB globals, 12 P
gc 5 @0.402s 1%: 0.056+8.5+0.016 ms clock, 0.67+0.066/25/48+0.20 ms cpu, 105->108->65 MB, 113 MB goal, 0 MB stacks, 0 MB globals, 12 P
gc 6 @0.511s 1%: 0.081+11+0.048 ms clock, 0.98+0.18/31/47+0.58 ms cpu, 122->126->74 MB, 131 MB goal, 0 MB stacks, 0 MB globals, 12 P
# github.com/353words/gc-latency/httpd
gc 1 @0.000s 5%: 0.030+0.65+0.005 ms clock, 0.36+0.019/0.61/0.45+0.071 ms cpu, 6->7->6 MB, 6 MB goal, 0 MB stacks, 0 MB globals, 12 P
gc 2 @0.005s 3%: 0.010+0.53+0.008 ms clock, 0.12+0.045/1.1/0.25+0.10 ms cpu, 14->14->13 MB, 15 MB goal, 0 MB stacks, 0 MB globals, 12 P
gc 3 @0.058s 0%: 0.016+1.3+0.009 ms clock, 0.19+0.047/1.5/0+0.11 ms cpu, 26->26->13 MB, 27 MB goal, 0 MB stacks, 0 MB globals, 12 P
gc 1 @0.001s 4%: 0.041+0.16+0.012 ms clock, 0.50+0.035/0.11/0.011+0.14 ms cpu, 8->8->7 MB, 8 MB goal, 0 MB stacks, 0 MB globals, 12 P
gc 2 @0.011s 0%: 0.009+0.94+0.011 ms clock, 0.11+0/0.29/0+0.13 ms cpu, 16->16->9 MB, 16 MB goal, 0 MB stacks, 0 MB globals, 12 P
gc 3 @0.022s 0%: 0.010+0.27+0.010 ms clock, 0.12+0.022/0.10/0+0.12 ms cpu, 18->18->10 MB, 18 MB goal, 0 MB stacks, 0 MB globals, 12 P
gc 4 @0.034s 1%: 0.007+0.65+0.19 ms clock, 0.088+0.044/0.096/0+2.3 ms cpu, 20->20->12 MB, 21 MB goal, 0 MB stacks, 0 MB globals, 12 P
gc 5 @0.048s 0%: 0.008+1.4+0.010 ms clock, 0.10+0/1.3/0+0.13 ms cpu, 26->26->14 MB, 27 MB goal, 0 MB stacks, 0 MB globals, 12 P
gc 6 @0.073s 0%: 0.013+0.39+0.048 ms clock, 0.16+0.049/0.11/0+0.58 ms cpu, 28->28->15 MB, 28 MB goal, 0 MB stacks, 0 MB globals, 12 P
gc 7 @0.092s 0%: 0.007+2.2+0.013 ms clock, 0.084+0/1.9/0+0.16 ms cpu, 43->43->20 MB, 43 MB goal, 0 MB stacks, 0 MB globals, 12 P
2023/11/08 19:58:59 info: starting server with 1000000 string users on :8080
gc 8 @1.306s 0%: 0.62+0.38+0.006 ms clock, 7.4+0.25/0.59/0+0.078 ms cpu, 41->41->21 MB, 41 MB goal, 0 MB stacks, 0 MB globals, 12 P
gc 9 @1.309s 0%: 0.37+1.0+0.026 ms clock, 4.4+0.55/1.3/0+0.31 ms cpu, 44->44->27 MB, 44 MB goal, 0 MB stacks, 0 MB globals, 12 P
gc 10 @1.312s 0%: 0.23+0.61+0.013 ms clock, 2.8+1.5/1.0/0+0.16 ms cpu, 54->55->22 MB, 54 MB goal, 0 MB stacks, 0 MB globals, 12 P
gc 11 @1.314s 0%: 0.22+1.8+0.012 ms clock, 2.6+1.1/2.0/0+0.14 ms cpu, 43->47->29 MB, 44 MB goal, 0 MB stacks, 0 MB globals, 12 P
gc 12 @1.320s 0%: 0.30+0.65+0.013 ms clock, 3.6+1.1/0.98/0+0.16 ms cpu, 56->63->32 MB, 61 MB goal, 0 MB stacks, 0 MB globals, 12 P
gc 13 @1.323s 0%: 0.25+1.6+0.019 ms clock, 3.0+1.5/1.6/0+0.23 ms cpu, 61->64->31 MB, 64 MB goal, 0 MB stacks, 0 MB globals, 12 P
gc 14 @1.328s 0%: 0.50+1.6+0.022 ms clock, 6.0+2.7/2.1/0+0.27 ms cpu, 60->61->29 MB, 62 MB goal, 0 MB stacks, 0 MB globals, 12 P
gc 15 @1.331s 0%: 0.34+0.96+0.052 ms clock, 4.0+0.61/2.2/0+0.63 ms cpu, 55->59->34 MB, 58 MB goal, 0 MB stacks, 0 MB globals, 12 P
gc 16 @1.336s 0%: 0.15+0.42+0.004 ms clock, 1.8+1.2/0.60/0+0.053 ms cpu, 74->82->36 MB, 80 MB goal, 0 MB stacks, 0 MB globals, 12 P
gc 17 @1.339s 0%: 0.46+0.60+0.053 ms clock, 5.5+1.0/1.0/0+0.64 ms cpu, 69->72->27 MB, 72 MB goal, 0 MB stacks, 0 MB globals, 12 P
gc 18 @1.341s 0%: 0.19+1.1+0.006 ms clock, 2.3+1.1/1.9/0.066+0.081 ms cpu, 52->55->29 MB, 54 MB goal, 0 MB stacks, 0 MB globals, 12 P
gc 19 @1.344s 0%: 0.14+0.93+0.018 ms clock, 1.7+0.69/1.1/0+0.21 ms cpu, 55->58->29 MB, 58 MB goal, 0 MB stacks, 0 MB globals, 12 P
gc 20 @1.347s 0%: 0.22+0.82+0.027 ms clock, 2.7+1.3/1.6/0+0.32 ms cpu, 55->58->30 MB, 58 MB goal, 0 MB stacks, 0 MB globals, 12 P
gc 21 @1.350s 0%: 0.25+1.3+0.056 ms clock, 3.0+1.2/1.0/0+0.67 ms cpu, 56->62->34 MB, 60 MB goal, 0 MB stacks, 0 MB globals, 12 P
gc 22 @1.353s 0%: 0.18+1.4+0.020 ms clock, 2.2+1.0/0.77/0+0.24 ms cpu, 62->67->33 MB, 68 MB goal, 0 MB stacks, 0 MB globals, 12 P
gc 23 @1.357s 0%: 0.24+0.81+0.088 ms clock, 2.9+1.1/0.75/0+1.0 ms cpu, 58->67->38 MB, 66 MB goal, 0 MB stacks, 0 MB globals, 12 P
gc 24 @1.360s 0%: 0.23+2.8+0.020 ms clock, 2.8+0.97/0.75/0+0.24 ms cpu, 65->75->37 MB, 76 MB goal, 0 MB stacks, 0 MB globals, 12 P
gc 25 @1.365s 0%: 0.43+1.0+0.052 ms clock, 5.1+0.83/0.71/0+0.62 ms cpu, 64->74->36 MB, 74 MB goal, 0 MB stacks, 0 MB globals, 12 P
gc 26 @1.368s 0%: 0.36+0.93+0.064 ms clock, 4.3+0.39/1.1/0+0.77 ms cpu, 63->68->46 MB, 72 MB goal, 0 MB stacks, 0 MB globals, 12 P
gc 27 @1.372s 0%: 0.30+2.4+0.015 ms clock, 3.6+0.81/1.3/0+0.18 ms cpu, 82->93->38 MB, 93 MB goal, 0 MB stacks, 0 MB globals, 12 P
gc 28 @1.377s 0%: 0.32+0.93+0.075 ms clock, 3.8+0.50/1.1/0+0.90 ms cpu, 67->76->47 MB, 76 MB goal, 0 MB stacks, 0 MB globals, 12 P
gc 29 @1.381s 0%: 0.47+1.6+0.009 ms clock, 5.6+1.1/1.2/0+0.11 ms cpu, 84->98->38 MB, 96 MB goal, 0 MB stacks, 0 MB globals, 12 P
gc 30 @1.385s 0%: 0.39+1.4+0.063 ms clock, 4.7+0.70/1.3/0+0.76 ms cpu, 66->78->42 MB, 76 MB goal, 0 MB stacks, 0 MB globals, 12 P
gc 31 @1.389s 0%: 0.25+1.1+0.31 ms clock, 3.0+1.2/1.0/0+3.8 ms cpu, 74->85->39 MB, 84 MB goal, 0 MB stacks, 0 MB globals, 12 P
gc 32 @1.393s 1%: 0.24+1.2+0.053 ms clock, 2.9+0.91/1.0/0+0.64 ms cpu, 67->77->37 MB, 78 MB goal, 0 MB stacks, 0 MB globals, 12 P
gc 33 @1.397s 1%: 0.28+1.5+0.018 ms clock, 3.3+0.65/0.87/0+0.22 ms cpu, 64->71->32 MB, 74 MB goal, 0 MB stacks, 0 MB globals, 12 P
gc 34 @1.400s 1%: 0.34+0.81+0.10 ms clock, 4.0+0.94/0.64/0+1.2 ms cpu, 57->66->61 MB, 64 MB goal, 0 MB stacks, 0 MB globals, 12 P
gc 35 @1.407s 1%: 0.99+1.2+0.042 ms clock, 11+1.1/2.0/0+0.51 ms cpu, 109->124->44 MB, 123 MB goal, 0 MB stacks, 0 MB globals, 12 P
gc 36 @1.412s 1%: 0.42+1.2+0.067 ms clock, 5.1+1.0/1.4/0+0.81 ms cpu, 77->88->37 MB, 88 MB goal, 0 MB stacks, 0 MB globals, 12 P
gc 37 @1.415s 1%: 0.31+7.1+0.39 ms clock, 3.7+1.2/0.96/0+4.7 ms cpu, 64->89->52 MB, 74 MB goal, 0 MB stacks, 0 MB globals, 12 P
gc 38 @1.427s 1%: 0.22+3.7+0.006 ms clock, 2.6+1.2/2.5/0+0.078 ms cpu, 90->104->44 MB, 104 MB goal, 0 MB stacks, 0 MB globals, 12 P
gc 39 @1.433s 1%: 0.27+1.2+0.20 ms clock, 3.2+0.74/1.4/0+2.5 ms cpu, 76->88->41 MB, 88 MB goal, 0 MB stacks, 0 MB globals, 12 P
gc 40 @1.437s 1%: 0.44+2.7+0.031 ms clock, 5.3+1.0/0.88/0+0.38 ms cpu, 75->83->35 MB, 82 MB goal, 0 MB stacks, 0 MB globals, 12 P
gc 41 @1.442s 1%: 0.36+1.1+0.080 ms clock, 4.3+1.3/1.3/0+0.96 ms cpu, 61->73->40 MB, 70 MB goal, 0 MB stacks, 0 MB globals, 12 P
gc 42 @1.446s 1%: 0.47+1.0+0.054 ms clock, 5.6+0.92/0.62/0+0.65 ms cpu, 69->79->32 MB, 80 MB goal, 0 MB stacks, 0 MB globals, 12 P
gc 43 @1.449s 1%: 0.19+1.1+0.12 ms clock, 2.3+1.0/1.2/0+1.5 ms cpu, 57->70->39 MB, 64 MB goal, 0 MB stacks, 0 MB globals, 12 P
gc 44 @1.453s 1%: 0.49+1.7+0.019 ms clock, 5.9+1.2/1.0/0+0.23 ms cpu, 68->81->41 MB, 78 MB goal, 0 MB stacks, 0 MB globals, 12 P
gc 45 @1.458s 1%: 0.41+0.89+0.053 ms clock, 4.9+0.83/1.1/0+0.63 ms cpu, 75->81->33 MB, 82 MB goal, 0 MB stacks, 0 MB globals, 12 P
gc 46 @1.461s 1%: 0.33+0.82+0.088 ms clock, 3.9+0.89/1.1/0+1.0 ms cpu, 58->64->32 MB, 66 MB goal, 0 MB stacks, 0 MB globals, 12 P
gc 47 @1.463s 1%: 0.25+1.6+0.039 ms clock, 3.0+0.71/2.3/0+0.46 ms cpu, 55->66->41 MB, 64 MB goal, 0 MB stacks, 0 MB globals, 12 P
gc 48 @1.467s 1%: 1.1+2.4+0.081 ms clock, 13+0.89/1.1/0+0.97 ms cpu, 72->84->40 MB, 82 MB goal, 0 MB stacks, 0 MB globals, 12 P
gc 49 @1.473s 1%: 0.23+1.6+0.66 ms clock, 2.7+0.93/1.3/0+8.0 ms cpu, 69->88->45 MB, 80 MB goal, 0 MB stacks, 0 MB globals, 12 P
gc 50 @1.479s 1%: 0.35+1.2+0.067 ms clock, 4.2+1.0/1.1/0+0.80 ms cpu, 81->91->39 MB, 90 MB goal, 0 MB stacks, 0 MB globals, 12 P
gc 51 @1.482s 1%: 0.20+0.94+0.13 ms clock, 2.4+0.79/0.82/0+1.5 ms cpu, 69->78->36 MB, 78 MB goal, 0 MB stacks, 0 MB globals, 12 P
gc 52 @1.486s 1%: 0.49+0.81+0.47 ms clock, 5.9+0.95/0.72/0+5.7 ms cpu, 62->69->35 MB, 72 MB goal, 0 MB stacks, 0 MB globals, 12 P
gc 53 @1.489s 2%: 0.48+2.9+0.034 ms clock, 5.8+1.3/1.3/0+0.41 ms cpu, 61->75->39 MB, 70 MB goal, 0 MB stacks, 0 MB globals, 12 P
gc 54 @1.495s 2%: 0.36+2.5+0.017 ms clock, 4.4+0.91/0.98/0+0.21 ms cpu, 69->76->35 MB, 78 MB goal, 0 MB stacks, 0 MB globals, 12 P
gc 55 @1.499s 2%: 0.25+1.2+0.036 ms clock, 3.0+1.1/2.0/0+0.43 ms cpu, 61->71->36 MB, 70 MB goal, 0 MB stacks, 0 MB globals, 12 P
gc 56 @1.502s 2%: 0.40+1.4+0.088 ms clock, 4.9+0.97/1.6/0+1.0 ms cpu, 62->77->42 MB, 72 MB goal, 0 MB stacks, 0 MB globals, 12 P
gc 57 @1.506s 2%: 0.36+1.1+0.10 ms clock, 4.3+1.1/1.5/0+1.2 ms cpu, 72->81->36 MB, 84 MB goal, 0 MB stacks, 0 MB globals, 12 P
gc 58 @1.510s 2%: 0.27+1.3+0.088 ms clock, 3.3+1.1/1.5/0+1.0 ms cpu, 63->76->42 MB, 72 MB goal, 0 MB stacks, 0 MB globals, 12 P
gc 59 @1.514s 2%: 0.46+2.0+0.022 ms clock, 5.6+0.94/1.1/0+0.26 ms cpu, 73->87->40 MB, 84 MB goal, 0 MB stacks, 0 MB globals, 12 P
gc 60 @1.519s 2%: 0.18+1.1+0.093 ms clock, 2.2+1.5/1.5/0+1.1 ms cpu, 73->83->35 MB, 80 MB goal, 0 MB stacks, 0 MB globals, 12 P
gc 61 @1.522s 2%: 0.26+0.66+0.072 ms clock, 3.1+1.0/0.90/0+0.87 ms cpu, 61->67->32 MB, 70 MB goal, 0 MB stacks, 0 MB globals, 12 P
gc 62 @1.525s 2%: 0.34+1.7+0.010 ms clock, 4.1+2.0/1.5/0+0.12 ms cpu, 55->68->39 MB, 64 MB goal, 0 MB stacks, 0 MB globals, 12 P
gc 63 @1.529s 2%: 0.22+3.1+0.031 ms clock, 2.6+1.1/1.4/0+0.37 ms cpu, 68->79->40 MB, 78 MB goal, 0 MB stacks, 0 MB globals, 12 P
gc 64 @1.534s 2%: 0.26+1.6+0.14 ms clock, 3.1+1.1/2.3/0+1.7 ms cpu, 71->86->43 MB, 80 MB goal, 0 MB stacks, 0 MB globals, 12 P
gc 65 @1.539s 2%: 0.30+1.2+0.041 ms clock, 3.6+1.3/1.7/0+0.49 ms cpu, 76->86->36 MB, 86 MB goal, 0 MB stacks, 0 MB globals, 12 P
gc 66 @1.542s 2%: 0.17+0.85+0.058 ms clock, 2.0+0.80/1.0/0+0.70 ms cpu, 62->69->32 MB, 72 MB goal, 0 MB stacks, 0 MB globals, 12 P
gc 67 @1.545s 2%: 0.27+1.3+0.078 ms clock, 3.2+1.5/1.2/0+0.94 ms cpu, 56->69->42 MB, 64 MB goal, 0 MB stacks, 0 MB globals, 12 P
gc 68 @1.549s 2%: 0.23+1.6+0.096 ms clock, 2.7+1.4/0.79/0+1.1 ms cpu, 73->87->43 MB, 84 MB goal, 0 MB stacks, 0 MB globals, 12 P
gc 69 @1.553s 2%: 0.40+0.84+0.052 ms clock, 4.8+0.74/1.0/0+0.62 ms cpu, 74->81->37 MB, 86 MB goal, 0 MB stacks, 0 MB globals, 12 P
gc 70 @1.556s 2%: 0.27+2.0+0.040 ms clock, 3.3+0.90/0.97/0+0.48 ms cpu, 65->76->41 MB, 74 MB goal, 0 MB stacks, 0 MB globals, 12 P
gc 71 @1.560s 2%: 0.20+0.66+0.085 ms clock, 2.4+0.64/0.95/0+1.0 ms cpu, 71->78->35 MB, 82 MB goal, 0 MB stacks, 0 MB globals, 12 P
gc 72 @1.563s 2%: 0.30+1.3+0.035 ms clock, 3.7+1.1/1.9/0+0.43 ms cpu, 60->70->37 MB, 70 MB goal, 0 MB stacks, 0 MB globals, 12 P
gc 73 @1.567s 2%: 0.46+1.1+0.095 ms clock, 5.5+1.0/0.81/0+1.1 ms cpu, 65->77->36 MB, 74 MB goal, 0 MB stacks, 0 MB globals, 12 P
gc 74 @1.570s 2%: 0.34+0.73+0.076 ms clock, 4.0+1.1/1.0/0+0.91 ms cpu, 63->67->32 MB, 72 MB goal, 0 MB stacks, 0 MB globals, 12 P
gc 75 @1.573s 2%: 0.31+0.87+0.14 ms clock, 3.7+0.79/1.1/0+1.6 ms cpu, 55->66->37 MB, 64 MB goal, 0 MB stacks, 0 MB globals, 12 P
gc 76 @1.577s 2%: 0.21+1.7+0.023 ms clock, 2.6+1.1/0.82/0+0.28 ms cpu, 65->73->37 MB, 74 MB goal, 0 MB stacks, 0 MB globals, 12 P
gc 77 @1.581s 2%: 0.24+0.91+0.095 ms clock, 2.9+1.2/1.0/0+1.1 ms cpu, 65->73->34 MB, 74 MB goal, 0 MB stacks, 0 MB globals, 12 P
gc 78 @1.584s 2%: 0.21+1.3+0.045 ms clock, 2.6+1.2/1.2/0+0.55 ms cpu, 59->71->39 MB, 68 MB goal, 0 MB stacks, 0 MB globals, 12 P
gc 79 @1.587s 2%: 0.28+1.4+0.024 ms clock, 3.4+1.2/1.0/0+0.29 ms cpu, 67->75->34 MB, 78 MB goal, 0 MB stacks, 0 MB globals, 12 P
gc 80 @1.591s 2%: 0.17+1.1+0.021 ms clock, 2.1+1.3/1.8/0+0.25 ms cpu, 61->69->37 MB, 68 MB goal, 0 MB stacks, 0 MB globals, 12 P
gc 81 @1.594s 2%: 0.24+1.0+0.10 ms clock, 2.9+0.99/0.83/0+1.2 ms cpu, 66->76->37 MB, 74 MB goal, 0 MB stacks, 0 MB globals, 12 P
gc 82 @1.597s 2%: 0.18+1.3+0.078 ms clock, 2.2+1.0/1.4/0+0.94 ms cpu, 64->74->38 MB, 74 MB goal, 0 MB stacks, 0 MB globals, 12 P
gc 83 @1.601s 2%: 0.17+1.3+0.11 ms clock, 2.1+1.2/1.3/0+1.3 ms cpu, 67->79->41 MB, 76 MB goal, 0 MB stacks, 0 MB globals, 12 P
gc 84 @1.605s 2%: 0.36+1.1+0.10 ms clock, 4.3+1.0/0.96/0+1.2 ms cpu, 72->83->35 MB, 82 MB goal, 0 MB stacks, 0 MB globals, 12 P
gc 85 @1.609s 2%: 0.30+1.3+0.032 ms clock, 3.6+0.73/1.2/0+0.39 ms cpu, 60->70->39 MB, 70 MB goal, 0 MB stacks, 0 MB globals, 12 P
gc 86 @1.612s 2%: 0.37+1.0+0.082 ms clock, 4.5+0.77/1.3/0+0.99 ms cpu, 69->78->38 MB, 78 MB goal, 0 MB stacks, 0 MB globals, 12 P
gc 87 @1.616s 3%: 0.39+1.1+0.008 ms clock, 4.7+1.1/1.0/0+0.098 ms cpu, 67->75->38 MB, 76 MB goal, 0 MB stacks, 0 MB globals, 12 P
gc 88 @1.619s 3%: 0.19+0.99+0.044 ms clock, 2.3+1.1/0.97/0+0.53 ms cpu, 66->74->36 MB, 76 MB goal, 0 MB stacks, 0 MB globals, 12 P
gc 89 @1.622s 3%: 0.23+1.0+0.047 ms clock, 2.7+1.1/1.5/0+0.57 ms cpu, 62->68->34 MB, 72 MB goal, 0 MB stacks, 0 MB globals, 12 P
gc 90 @1.626s 3%: 0.85+0.90+0.089 ms clock, 10+0.83/0.74/0+1.0 ms cpu, 61->70->36 MB, 68 MB goal, 0 MB stacks, 0 MB globals, 12 P
gc 91 @1.630s 3%: 0.33+0.91+0.13 ms clock, 4.0+0.83/0.98/0+1.5 ms cpu, 63->75->37 MB, 72 MB goal, 0 MB stacks, 0 MB globals, 12 P
gc 92 @1.633s 3%: 0.25+1.0+0.057 ms clock, 3.0+1.0/1.7/0+0.69 ms cpu, 66->72->35 MB, 74 MB goal, 0 MB stacks, 0 MB globals, 12 P
gc 93 @1.636s 3%: 0.25+0.96+0.071 ms clock, 3.0+0.89/1.1/0+0.86 ms cpu, 61->69->33 MB, 70 MB goal, 0 MB stacks, 0 MB globals, 12 P
gc 94 @1.639s 3%: 0.30+1.4+0.093 ms clock, 3.6+0.88/1.9/0+1.1 ms cpu, 57->66->36 MB, 66 MB goal, 0 MB stacks, 0 MB globals, 12 P
gc 95 @1.642s 3%: 0.18+1.9+0.15 ms clock, 2.2+0.96/1.5/0+1.8 ms cpu, 62->72->38 MB, 72 MB goal, 0 MB stacks, 0 MB globals, 12 P
gc 96 @1.647s 3%: 0.25+1.3+0.094 ms clock, 3.1+1.2/0.90/0+1.1 ms cpu, 65->78->38 MB, 76 MB goal, 0 MB stacks, 0 MB globals, 12 P
gc 97 @1.650s 3%: 0.41+1.0+0.012 ms clock, 4.9+0.89/1.0/0+0.14 ms cpu, 67->76->34 MB, 76 MB goal, 0 MB stacks, 0 MB globals, 12 P
gc 98 @1.653s 3%: 0.33+0.71+0.079 ms clock, 4.0+0.92/1.1/0+0.95 ms cpu, 62->68->33 MB, 68 MB goal, 0 MB stacks, 0 MB globals, 12 P
gc 99 @1.657s 3%: 0.20+1.0+0.096 ms clock, 2.4+1.0/1.0/0+1.1 ms cpu, 59->67->32 MB, 66 MB goal, 0 MB stacks, 0 MB globals, 12 P
gc 100 @1.659s 3%: 0.35+1.1+0.071 ms clock, 4.2+0.30/1.2/0+0.85 ms cpu, 56->66->39 MB, 64 MB goal, 0 MB stacks, 0 MB globals, 12 P
gc 101 @1.663s 3%: 0.45+1.7+0.10 ms clock, 5.4+1.3/1.2/0+1.3 ms cpu, 67->82->42 MB, 78 MB goal, 0 MB stacks, 0 MB globals, 12 P
gc 102 @1.667s 3%: 0.34+1.1+0.085 ms clock, 4.1+1.0/0.91/0+1.0 ms cpu, 72->83->36 MB, 84 MB goal, 0 MB stacks, 0 MB globals, 12 P
gc 103 @1.671s 3%: 0.33+1.1+0.11 ms clock, 3.9+1.0/1.1/0+1.4 ms cpu, 63->75->39 MB, 72 MB goal, 0 MB stacks, 0 MB globals, 12 P
gc 104 @1.674s 3%: 0.20+0.92+0.18 ms clock, 2.4+1.0/1.2/0+2.2 ms cpu, 67->75->35 MB, 78 MB goal, 0 MB stacks, 0 MB globals, 12 P
gc 105 @1.677s 3%: 0.37+0.71+0.096 ms clock, 4.4+1.0/0.90/0+1.1 ms cpu, 61->69->33 MB, 70 MB goal, 0 MB stacks, 0 MB globals, 12 P
gc 106 @1.680s 3%: 0.30+1.3+0.095 ms clock, 3.6+1.2/1.3/0+1.1 ms cpu, 58->70->37 MB, 66 MB goal, 0 MB stacks, 0 MB globals, 12 P
gc 107 @1.684s 3%: 0.27+0.98+0.10 ms clock, 3.3+0.77/1.1/0+1.2 ms cpu, 65->74->37 MB, 74 MB goal, 0 MB stacks, 0 MB globals, 12 P
gc 108 @1.687s 3%: 0.22+1.0+0.14 ms clock, 2.6+1.2/1.1/0+1.6 ms cpu, 64->75->39 MB, 74 MB goal, 0 MB stacks, 0 MB globals, 12 P
gc 109 @1.691s 3%: 0.26+1.2+0.14 ms clock, 3.2+1.0/1.0/0+1.7 ms cpu, 68->79->40 MB, 78 MB goal, 0 MB stacks, 0 MB globals, 12 P
gc 110 @1.694s 3%: 0.41+1.6+0.11 ms clock, 5.0+1.0/1.8/0+1.3 ms cpu, 69->84->42 MB, 80 MB goal, 0 MB stacks, 0 MB globals, 12 P
gc 111 @1.699s 3%: 0.30+1.1+0.15 ms clock, 3.6+1.2/1.2/0+1.8 ms cpu, 76->88->41 MB, 85 MB goal, 0 MB stacks, 0 MB globals, 12 P
gc 112 @1.703s 3%: 0.33+0.89+0.088 ms clock, 4.0+0.58/0.95/0+1.0 ms cpu, 72->82->40 MB, 82 MB goal, 0 MB stacks, 0 MB globals, 12 P
gc 113 @1.706s 3%: 0.34+0.99+0.063 ms clock, 4.1+0.99/0.89/0+0.76 ms cpu, 69->78->36 MB, 80 MB goal, 0 MB stacks, 0 MB globals, 12 P
gc 114 @1.709s 3%: 0.16+0.81+0.068 ms clock, 1.9+1.0/1.3/0+0.82 ms cpu, 62->70->34 MB, 72 MB goal, 0 MB stacks, 0 MB globals, 12 P
gc 115 @1.712s 3%: 0.24+1.2+0.089 ms clock, 2.8+0.91/2.2/0+1.0 ms cpu, 61->68->35 MB, 68 MB goal, 0 MB stacks, 0 MB globals, 12 P
gc 116 @1.716s 3%: 0.26+1.2+0.084 ms clock, 3.1+0.95/1.6/0+1.0 ms cpu, 61->71->36 MB, 71 MB goal, 0 MB stacks, 0 MB globals, 12 P
gc 117 @1.719s 3%: 0.36+0.87+0.059 ms clock, 4.4+1.4/1.0/0+0.71 ms cpu, 64->72->34 MB, 72 MB goal, 0 MB stacks, 0 MB globals, 12 P
gc 118 @1.722s 3%: 0.31+1.2+0.062 ms clock, 3.8+1.0/2.0/0+0.75 ms cpu, 59->70->36 MB, 69 MB goal, 0 MB stacks, 0 MB globals, 12 P
gc 119 @1.725s 3%: 0.36+0.84+0.089 ms clock, 4.3+0.98/1.1/0+1.0 ms cpu, 64->72->35 MB, 73 MB goal, 0 MB stacks, 0 MB globals, 12 P
gc 120 @1.728s 3%: 0.87+1.2+0.043 ms clock, 10+0.82/1.6/0+0.52 ms cpu, 60->68->37 MB, 71 MB goal, 0 MB stacks, 0 MB globals, 12 P
gc 121 @1.732s 4%: 0.29+1.0+0.11 ms clock, 3.5+1.3/1.3/0+1.3 ms cpu, 67->75->37 MB, 75 MB goal, 0 MB stacks, 0 MB globals, 12 P
gc 122 @1.735s 4%: 0.23+1.1+0.062 ms clock, 2.8+1.1/1.0/0+0.75 ms cpu, 65->75->48 MB, 74 MB goal, 0 MB stacks, 0 MB globals, 12 P
gc 123 @1.740s 4%: 0.34+1.5+0.022 ms clock, 4.1+1.1/1.6/0+0.27 ms cpu, 86->99->39 MB, 98 MB goal, 0 MB stacks, 0 MB globals, 12 P
gc 124 @1.743s 4%: 0.21+1.1+0.083 ms clock, 2.5+0.91/1.1/0+1.0 ms cpu, 67->78->37 MB, 79 MB goal, 0 MB stacks, 0 MB globals, 12 P
gc 125 @1.747s 4%: 0.48+1.7+0.052 ms clock, 5.7+2.1/1.0/0+0.62 ms cpu, 64->81->41 MB, 74 MB goal, 0 MB stacks, 0 MB globals, 12 P
gc 126 @1.751s 4%: 0.17+1.2+0.037 ms clock, 2.0+0.97/0.80/0+0.44 ms cpu, 73->83->38 MB, 83 MB goal, 0 MB stacks, 0 MB globals, 12 P
gc 127 @1.755s 4%: 0.20+1.2+0.10 ms clock, 2.4+0.96/1.0/0+1.2 ms cpu, 67->79->42 MB, 76 MB goal, 0 MB stacks, 0 MB globals, 12 P
gc 128 @1.758s 4%: 0.44+1.1+0.11 ms clock, 5.3+1.1/1.4/0+1.3 ms cpu, 74->86->54 MB, 84 MB goal, 0 MB stacks, 0 MB globals, 12 P
gc 129 @1.763s 4%: 0.40+0.99+0.10 ms clock, 4.9+1.0/1.0/0+1.3 ms cpu, 94->105->39 MB, 110 MB goal, 0 MB stacks, 0 MB globals, 12 P
gc 130 @1.767s 4%: 0.28+0.98+0.079 ms clock, 3.3+1.1/1.0/0+0.95 ms cpu, 68->77->36 MB, 78 MB goal, 0 MB stacks, 0 MB globals, 12 P
gc 131 @1.770s 4%: 0.25+0.72+0.063 ms clock, 3.0+0.88/0.84/0+0.76 ms cpu, 62->69->29 MB, 72 MB goal, 0 MB stacks, 0 MB globals, 12 P
gc 132 @1.773s 4%: 0.23+0.69+0.084 ms clock, 2.8+0.76/1.0/0+1.0 ms cpu, 53->60->30 MB, 58 MB goal, 0 MB stacks, 0 MB globals, 12 P
gc 133 @1.775s 4%: 0.35+1.3+0.079 ms clock, 4.3+0.87/1.5/0+0.94 ms cpu, 52->63->36 MB, 60 MB goal, 0 MB stacks, 0 MB globals, 12 P
gc 134 @1.779s 4%: 0.26+1.0+0.10 ms clock, 3.1+1.1/0.88/0+1.2 ms cpu, 64->74->39 MB, 72 MB goal, 0 MB stacks, 0 MB globals, 12 P
gc 135 @1.782s 4%: 0.29+1.5+0.10 ms clock, 3.5+1.2/1.4/0+1.2 ms cpu, 68->82->54 MB, 78 MB goal, 0 MB stacks, 0 MB globals, 12 P
gc 136 @1.787s 4%: 0.51+1.3+0.32 ms clock, 6.2+0.61/0.90/0+3.8 ms cpu, 97->107->39 MB, 110 MB goal, 0 MB stacks, 0 MB globals, 12 P
gc 137 @1.791s 4%: 0.32+1.2+0.061 ms clock, 3.9+1.2/1.8/0+0.74 ms cpu, 69->80->36 MB, 78 MB goal, 0 MB stacks, 0 MB globals, 12 P
gc 138 @1.795s 4%: 0.33+1.3+0.049 ms clock, 4.0+0.86/1.4/0+0.59 ms cpu, 64->75->41 MB, 72 MB goal, 0 MB stacks, 0 MB globals, 12 P
gc 139 @1.799s 4%: 0.31+0.88+0.12 ms clock, 3.7+1.1/1.3/0+1.4 ms cpu, 74->80->35 MB, 83 MB goal, 0 MB stacks, 0 MB globals, 12 P
gc 140 @1.802s 4%: 0.26+0.97+0.015 ms clock, 3.2+1.2/1.9/0+0.18 ms cpu, 65->68->33 MB, 70 MB goal, 0 MB stacks, 0 MB globals, 12 P
gc 141 @1.805s 4%: 0.17+1.2+0.11 ms clock, 2.0+1.0/1.2/0+1.3 ms cpu, 58->70->39 MB, 67 MB goal, 0 MB stacks, 0 MB globals, 12 P
gc 142 @1.808s 4%: 0.18+1.4+0.010 ms clock, 2.2+0.84/0.81/0+0.12 ms cpu, 67->78->38 MB, 79 MB goal, 0 MB stacks, 0 MB globals, 12 P
gc 143 @1.812s 4%: 0.22+1.2+0.088 ms clock, 2.7+1.0/0.75/0+1.0 ms cpu, 69->79->40 MB, 77 MB goal, 0 MB stacks, 0 MB globals, 12 P
gc 144 @1.816s 4%: 0.92+0.42+0.067 ms clock, 11+0.014/1.2/0+0.81 ms cpu, 71->80->52 MB, 81 MB goal, 0 MB stacks, 0 MB globals, 12 P
gc 145 @1.820s 4%: 0.30+1.3+0.015 ms clock, 3.6+1.2/0.84/0+0.18 ms cpu, 93->102->37 MB, 106 MB goal, 0 MB stacks, 0 MB globals, 12 P
gc 146 @1.823s 4%: 0.36+1.0+0.064 ms clock, 4.4+1.0/0.92/0+0.77 ms cpu, 64->74->38 MB, 74 MB goal, 0 MB stacks, 0 MB globals, 12 P
gc 147 @1.827s 4%: 0.18+1.1+0.12 ms clock, 2.2+1.0/1.6/0+1.4 ms cpu, 66->75->38 MB, 76 MB goal, 0 MB stacks, 0 MB globals, 12 P
gc 148 @1.830s 4%: 0.33+1.3+0.093 ms clock, 3.9+0.60/2.0/0+1.1 ms cpu, 68->78->51 MB, 76 MB goal, 0 MB stacks, 0 MB globals, 12 P
gc 149 @1.835s 4%: 0.37+1.3+0.088 ms clock, 4.4+0.95/0.78/0+1.0 ms cpu, 92->102->64 MB, 104 MB goal, 0 MB stacks, 0 MB globals, 12 P
gc 150 @1.841s 4%: 0.21+3.4+0.015 ms clock, 2.5+1.3/0.91/0+0.19 ms cpu, 119->129->38 MB, 129 MB goal, 0 MB stacks, 0 MB globals, 12 P
gc 151 @1.847s 4%: 0.34+1.3+0.071 ms clock, 4.0+1.2/1.4/0+0.85 ms cpu, 67->81->41 MB, 77 MB goal, 0 MB stacks, 0 MB globals, 12 P
gc 152 @1.851s 4%: 0.32+0.92+0.040 ms clock, 3.9+0.96/1.1/0+0.49 ms cpu, 73->81->46 MB, 83 MB goal, 0 MB stacks, 0 MB globals, 12 P
gc 153 @1.855s 4%: 0.42+1.4+0.091 ms clock, 5.0+1.2/1.1/0+1.0 ms cpu, 85->97->37 MB, 94 MB goal, 0 MB stacks, 0 MB globals, 12 P
gc 154 @1.859s 4%: 0.23+1.0+0.050 ms clock, 2.7+0.90/0.93/0+0.60 ms cpu, 64->74->36 MB, 75 MB goal, 0 MB stacks, 0 MB globals, 12 P
gc 155 @1.862s 4%: 0.29+1.0+0.13 ms clock, 3.5+1.0/1.3/0+1.6 ms cpu, 62->76->41 MB, 73 MB goal, 0 MB stacks, 0 MB globals, 12 P
gc 156 @1.866s 4%: 0.42+0.84+0.10 ms clock, 5.1+0.89/1.0/0+1.3 ms cpu, 73->81->49 MB, 83 MB goal, 0 MB stacks, 0 MB globals, 12 P
gc 157 @1.870s 4%: 0.41+1.2+0.093 ms clock, 4.9+1.0/1.2/0+1.1 ms cpu, 87->100->42 MB, 100 MB goal, 0 MB stacks, 0 MB globals, 12 P
gc 158 @1.874s 4%: 0.18+1.1+0.081 ms clock, 2.1+1.1/0.98/0+0.98 ms cpu, 72->80->38 MB, 85 MB goal, 0 MB stacks, 0 MB globals, 12 P
gc 159 @1.877s 4%: 0.26+1.2+0.087 ms clock, 3.1+1.1/1.2/0+1.0 ms cpu, 67->77->35 MB, 76 MB goal, 0 MB stacks, 0 MB globals, 12 P
gc 160 @1.881s 4%: 0.17+0.86+0.050 ms clock, 2.0+1.1/0.72/0+0.60 ms cpu, 60->69->33 MB, 71 MB goal, 0 MB stacks, 0 MB globals, 12 P
gc 161 @1.883s 4%: 0.23+1.3+0.095 ms clock, 2.7+0.91/1.8/0+1.1 ms cpu, 57->70->37 MB, 67 MB goal, 0 MB stacks, 0 MB globals, 12 P
gc 162 @1.887s 4%: 0.20+1.0+0.087 ms clock, 2.4+1.1/1.4/0+1.0 ms cpu, 70->74->36 MB, 75 MB goal, 0 MB stacks, 0 MB globals, 12 P
gc 163 @1.890s 4%: 0.19+1.6+0.089 ms clock, 2.3+1.2/1.5/0+1.0 ms cpu, 62->78->55 MB, 73 MB goal, 0 MB stacks, 0 MB globals, 12 P
gc 164 @1.896s 4%: 0.41+2.0+0.022 ms clock, 4.9+0.90/1.5/0+0.26 ms cpu, 98->110->44 MB, 112 MB goal, 0 MB stacks, 0 MB globals, 12 P
gc 165 @1.900s 5%: 0.28+1.0+0.12 ms clock, 3.4+0.88/1.2/0+1.4 ms cpu, 76->84->35 MB, 89 MB goal, 0 MB stacks, 0 MB globals, 12 P
gc 166 @1.904s 5%: 0.21+1.0+0.084 ms clock, 2.6+1.2/0.97/0+1.0 ms cpu, 64->70->34 MB, 71 MB goal, 0 MB stacks, 0 MB globals, 12 P
gc 167 @1.907s 5%: 0.12+1.0+0.095 ms clock, 1.4+1.1/1.5/0+1.1 ms cpu, 59->70->37 MB, 69 MB goal, 0 MB stacks, 0 MB globals, 12 P
gc 168 @1.910s 5%: 0.41+1.1+0.13 ms clock, 4.9+1.4/1.4/0+1.6 ms cpu, 64->78->39 MB, 75 MB goal, 0 MB stacks, 0 MB globals, 12 P
gc 169 @1.914s 5%: 0.30+1.2+0.089 ms clock, 3.6+1.0/1.0/0+1.0 ms cpu, 67->77->38 MB, 79 MB goal, 0 MB stacks, 0 MB globals, 12 P
gc 170 @1.917s 5%: 0.34+1.2+0.11 ms clock, 4.1+1.1/0.99/0+1.3 ms cpu, 67->79->39 MB, 77 MB goal, 0 MB stacks, 0 MB globals, 12 P
gc 171 @1.921s 5%: 0.34+1.5+0.011 ms clock, 4.1+1.0/0.92/0+0.13 ms cpu, 68->82->42 MB, 79 MB goal, 0 MB stacks, 0 MB globals, 12 P
gc 172 @1.925s 5%: 0.29+1.1+0.093 ms clock, 3.5+0.28/1.4/0+1.1 ms cpu, 75->84->39 MB, 85 MB goal, 0 MB stacks, 0 MB globals, 12 P
gc 173 @1.929s 5%: 0.47+0.65+0.092 ms clock, 5.6+1.0/0.79/0+1.1 ms cpu, 70->78->36 MB, 79 MB goal, 0 MB stacks, 0 MB globals, 12 P
gc 174 @1.932s 5%: 0.32+0.96+0.087 ms clock, 3.8+0.81/1.0/0+1.0 ms cpu, 62->74->35 MB, 73 MB goal, 0 MB stacks, 0 MB globals, 12 P
gc 175 @1.936s 5%: 0.16+1.3+0.013 ms clock, 2.0+0.91/0.99/0+0.15 ms cpu, 62->74->38 MB, 71 MB goal, 0 MB stacks, 0 MB globals, 12 P
gc 176 @1.939s 5%: 0.34+0.97+0.047 ms clock, 4.1+0.43/1.7/0+0.56 ms cpu, 68->75->35 MB, 77 MB goal, 0 MB stacks, 0 MB globals, 12 P
gc 177 @1.942s 5%: 0.18+1.2+0.009 ms clock, 2.1+1.0/1.2/0.060+0.11 ms cpu, 61->70->36 MB, 71 MB goal, 0 MB stacks, 0 MB globals, 12 P
gc 178 @1.945s 5%: 0.30+1.3+0.20 ms clock, 3.6+1.3/1.0/0+2.4 ms cpu, 63->78->40 MB, 73 MB goal, 0 MB stacks, 0 MB globals, 12 P
gc 179 @1.949s 5%: 0.30+1.3+0.11 ms clock, 3.6+1.0/1.0/0+1.3 ms cpu, 71->84->41 MB, 81 MB goal, 0 MB stacks, 0 MB globals, 12 P
gc 180 @1.953s 5%: 0.33+0.93+0.039 ms clock, 4.0+0.66/1.0/0+0.46 ms cpu, 72->80->33 MB, 83 MB goal, 0 MB stacks, 0 MB globals, 12 P
gc 181 @1.956s 5%: 0.23+1.6+0.033 ms clock, 2.7+1.3/1.0/0+0.40 ms cpu, 58->74->42 MB, 67 MB goal, 0 MB stacks, 0 MB globals, 12 P
gc 182 @1.960s 5%: 0.44+1.2+0.093 ms clock, 5.3+0.75/0.87/0.003+1.1 ms cpu, 73->85->38 MB, 85 MB goal, 0 MB stacks, 0 MB globals, 12 P
gc 183 @1.964s 5%: 0.27+1.1+0.073 ms clock, 3.2+0.91/1.2/0+0.87 ms cpu, 66->75->37 MB, 77 MB goal, 0 MB stacks, 0 MB globals, 12 P
gc 184 @1.967s 5%: 0.30+1.2+0.037 ms clock, 3.7+1.0/2.0/0.033+0.45 ms cpu, 64->75->34 MB, 74 MB goal, 0 MB stacks, 0 MB globals, 12 P
gc 185 @1.970s 5%: 0.38+1.3+0.098 ms clock, 4.6+1.1/2.3/0+1.1 ms cpu, 59->71->41 MB, 69 MB goal, 0 MB stacks, 0 MB globals, 12 P
gc 186 @1.974s 5%: 0.21+1.1+0.10 ms clock, 2.6+1.2/1.2/0+1.2 ms cpu, 71->81->39 MB, 83 MB goal, 0 MB stacks, 0 MB globals, 12 P
gc 187 @1.978s 5%: 0.23+1.1+0.077 ms clock, 2.7+1.2/1.3/0+0.93 ms cpu, 68->78->37 MB, 79 MB goal, 0 MB stacks, 0 MB globals, 12 P
gc 188 @1.981s 5%: 0.32+0.93+0.050 ms clock, 3.8+1.4/1.2/0+0.60 ms cpu, 68->75->35 MB, 75 MB goal, 0 MB stacks, 0 MB globals, 12 P
gc 189 @1.984s 5%: 0.24+1.0+0.051 ms clock, 2.9+1.2/0.64/0+0.61 ms cpu, 62->70->38 MB, 71 MB goal, 0 MB stacks, 0 MB globals, 12 P
gc 190 @1.987s 5%: 0.14+1.4+0.10 ms clock, 1.7+0.91/0.98/0+1.2 ms cpu, 65->80->44 MB, 77 MB goal, 0 MB stacks, 0 MB globals, 12 P
gc 191 @1.991s 5%: 0.44+1.1+0.070 ms clock, 5.3+1.3/1.5/0+0.84 ms cpu, 77->86->37 MB, 89 MB goal, 0 MB stacks, 0 MB globals, 12 P
gc 192 @1.995s 5%: 0.44+0.77+0.044 ms clock, 5.3+0.69/1.1/0+0.53 ms cpu, 66->70->35 MB, 75 MB goal, 0 MB stacks, 0 MB globals, 12 P
gc 193 @1.998s 5%: 0.16+1.0+0.028 ms clock, 1.9+0.27/1.0/0+0.33 ms cpu, 60->66->34 MB, 71 MB goal, 0 MB stacks, 0 MB globals, 12 P
gc 194 @2.001s 5%: 0.39+0.83+0.052 ms clock, 4.7+0.51/1.0/0+0.62 ms cpu, 61->68->32 MB, 68 MB goal, 0 MB stacks, 0 MB globals, 12 P
gc 195 @2.003s 5%: 0.18+1.1+0.056 ms clock, 2.2+1.3/1.6/0+0.67 ms cpu, 56->65->37 MB, 64 MB goal, 0 MB stacks, 0 MB globals, 12 P
gc 196 @2.007s 5%: 0.17+1.4+0.11 ms clock, 2.1+0.67/1.5/0+1.3 ms cpu, 65->79->42 MB, 75 MB goal, 0 MB stacks, 0 MB globals, 12 P
gc 197 @2.011s 5%: 0.41+1.3+0.072 ms clock, 5.0+1.0/1.4/0+0.87 ms cpu, 76->89->42 MB, 85 MB goal, 0 MB stacks, 0 MB globals, 12 P
gc 198 @2.015s 5%: 0.32+1.1+0.074 ms clock, 3.8+0.78/1.3/0+0.89 ms cpu, 75->85->38 MB, 85 MB goal, 0 MB stacks, 0 MB globals, 12 P
gc 199 @2.018s 5%: 0.21+1.3+0.067 ms clock, 2.6+0.71/1.6/0+0.81 ms cpu, 69->77->35 MB, 77 MB goal, 0 MB stacks, 0 MB globals, 12 P
gc 200 @2.022s 5%: 0.28+0.72+0.011 ms clock, 3.3+1.4/1.2/0+0.14 ms cpu, 66->68->27 MB, 71 MB goal, 0 MB stacks, 0 MB globals, 12 P
gc 201 @2.024s 5%: 0.25+1.4+0.012 ms clock, 3.1+1.3/1.4/0+0.14 ms cpu, 49->58->34 MB, 55 MB goal, 0 MB stacks, 0 MB globals, 12 P
gc 202 @2.027s 5%: 0.22+1.2+0.090 ms clock, 2.6+0.72/1.2/0+1.0 ms cpu, 60->70->40 MB, 69 MB goal, 0 MB stacks, 0 MB globals, 12 P
gc 203 @2.031s 5%: 0.31+1.3+0.11 ms clock, 3.7+0.67/1.2/0+1.3 ms cpu, 69->82->39 MB, 81 MB goal, 0 MB stacks, 0 MB globals, 12 P
gc 204 @2.035s 5%: 0.28+1.1+0.043 ms clock, 3.3+1.1/1.7/0+0.52 ms cpu, 71->78->36 MB, 79 MB goal, 0 MB stacks, 0 MB globals, 12 P
gc 205 @2.038s 5%: 0.19+1.6+0.035 ms clock, 2.3+1.2/1.7/0+0.42 ms cpu, 62->77->43 MB, 73 MB goal, 0 MB stacks, 0 MB globals, 12 P
gc 206 @2.042s 5%: 0.32+1.4+0.13 ms clock, 3.9+0.99/0.94/0+1.5 ms cpu, 75->89->41 MB, 87 MB goal, 0 MB stacks, 0 MB globals, 12 P
gc 207 @2.046s 5%: 0.17+1.4+0.027 ms clock, 2.0+0.87/1.1/0+0.33 ms cpu, 71->83->40 MB, 83 MB goal, 0 MB stacks, 0 MB globals, 12 P
gc 208 @2.050s 5%: 0.17+1.4+0.017 ms clock, 2.0+2.3/0.92/0+0.20 ms cpu, 71->83->37 MB, 81 MB goal, 0 MB stacks, 0 MB globals, 12 P
gc 209 @2.053s 5%: 0.49+1.4+0.010 ms clock, 5.8+1.3/2.2/0+0.12 ms cpu, 65->76->39 MB, 75 MB goal, 0 MB stacks, 0 MB globals, 12 P
gc 210 @2.057s 5%: 0.29+1.3+0.055 ms clock, 3.5+1.3/0.89/0+0.66 ms cpu, 67->82->37 MB, 79 MB goal, 0 MB stacks, 0 MB globals, 12 P
gc 211 @2.061s 5%: 0.29+1.1+0.045 ms clock, 3.5+1.0/0.84/0+0.55 ms cpu, 66->77->40 MB, 75 MB goal, 0 MB stacks, 0 MB globals, 12 P
gc 212 @2.065s 5%: 0.28+0.88+0.047 ms clock, 3.4+1.0/1.3/0+0.57 ms cpu, 75->81->34 MB, 81 MB goal, 0 MB stacks, 0 MB globals, 12 P
gc 213 @2.068s 5%: 0.19+0.80+0.075 ms clock, 2.3+0.66/0.92/0+0.90 ms cpu, 60->68->44 MB, 69 MB goal, 0 MB stacks, 0 MB globals, 12 P
gc 214 @2.072s 5%: 0.30+0.93+0.11 ms clock, 3.6+1.1/1.1/0+1.3 ms cpu, 78->87->37 MB, 90 MB goal, 0 MB stacks, 0 MB globals, 12 P
gc 215 @2.075s 5%: 0.26+1.2+0.11 ms clock, 3.1+0.92/1.9/0+1.3 ms cpu, 66->73->33 MB, 75 MB goal, 0 MB stacks, 0 MB globals, 12 P
gc 216 @2.078s 5%: 0.34+1.1+0.056 ms clock, 4.1+0.95/1.1/0+0.67 ms cpu, 57->66->36 MB, 67 MB goal, 0 MB stacks, 0 MB globals, 12 P
gc 217 @2.081s 5%: 0.15+0.98+0.088 ms clock, 1.8+0.65/1.4/0+1.0 ms cpu, 62->72->39 MB, 73 MB goal, 0 MB stacks, 0 MB globals, 12 P
gc 218 @2.084s 5%: 0.24+1.3+0.12 ms clock, 2.9+1.1/1.0/0+1.4 ms cpu, 68->80->39 MB, 79 MB goal, 0 MB stacks, 0 MB globals, 12 P
gc 219 @2.088s 5%: 0.24+1.0+0.034 ms clock, 2.9+1.1/1.6/0+0.41 ms cpu, 69->75->35 MB, 79 MB goal, 0 MB stacks, 0 MB globals, 12 P
gc 220 @2.091s 5%: 0.23+0.87+0.055 ms clock, 2.8+1.3/1.3/0+0.66 ms cpu, 63->67->31 MB, 71 MB goal, 0 MB stacks, 0 MB globals, 12 P
gc 221 @2.094s 6%: 0.22+0.73+0.049 ms clock, 2.7+1.2/1.1/0+0.59 ms cpu, 56->59->33 MB, 63 MB goal, 0 MB stacks, 0 MB globals, 12 P
gc 222 @2.096s 6%: 0.19+1.0+0.063 ms clock, 2.3+1.2/1.7/0+0.76 ms cpu, 59->65->33 MB, 67 MB goal, 0 MB stacks, 0 MB globals, 12 P
gc 223 @2.099s 6%: 0.16+0.68+0.017 ms clock, 1.9+1.0/1.1/0+0.21 ms cpu, 63->65->30 MB, 67 MB goal, 0 MB stacks, 0 MB globals, 12 P
gc 224 @2.102s 6%: 0.24+0.83+0.067 ms clock, 2.8+1.2/1.1/0+0.81 ms cpu, 54->61->32 MB, 61 MB goal, 0 MB stacks, 0 MB globals, 12 P
gc 225 @2.104s 6%: 0.32+1.1+0.080 ms clock, 3.8+1.0/1.6/0+0.96 ms cpu, 55->64->36 MB, 65 MB goal, 0 MB stacks, 0 MB globals, 12 P
gc 226 @2.108s 6%: 0.18+1.1+0.11 ms clock, 2.2+1.1/1.2/0+1.4 ms cpu, 62->74->37 MB, 73 MB goal, 0 MB stacks, 0 MB globals, 12 P
gc 227 @2.111s 6%: 0.32+1.3+0.11 ms clock, 3.8+1.2/1.0/0+1.4 ms cpu, 66->78->41 MB, 75 MB goal, 0 MB stacks, 0 MB globals, 12 P
gc 228 @2.115s 6%: 0.19+1.3+0.12 ms clock, 2.3+1.0/1.3/0+1.5 ms cpu, 73->85->42 MB, 83 MB goal, 0 MB stacks, 0 MB globals, 12 P
gc 229 @2.119s 6%: 0.20+0.97+0.090 ms clock, 2.4+1.2/1.1/0+1.0 ms cpu, 73->84->38 MB, 85 MB goal, 0 MB stacks, 0 MB globals, 12 P
gc 230 @2.122s 6%: 0.45+1.1+0.095 ms clock, 5.4+0.91/1.4/0+1.1 ms cpu, 67->78->38 MB, 77 MB goal, 0 MB stacks, 0 MB globals, 12 P
gc 231 @2.126s 6%: 0.33+1.0+0.047 ms clock, 4.0+1.2/1.7/0+0.57 ms cpu, 66->75->37 MB, 77 MB goal, 0 MB stacks, 0 MB globals, 12 P
gc 232 @2.129s 6%: 0.21+1.1+0.087 ms clock, 2.5+1.1/1.2/0+1.0 ms cpu, 66->77->37 MB, 75 MB goal, 0 MB stacks, 0 MB globals, 12 P
gc 233 @2.133s 6%: 0.21+1.0+0.068 ms clock, 2.6+0.98/1.7/0+0.82 ms cpu, 66->74->37 MB, 75 MB goal, 0 MB stacks, 0 MB globals, 12 P
gc 234 @2.136s 6%: 0.30+1.0+0.064 ms clock, 3.6+0.87/1.2/0+0.76 ms cpu, 67->74->37 MB, 75 MB goal, 0 MB stacks, 0 MB globals, 12 P
gc 235 @2.140s 6%: 0.22+0.93+0.043 ms clock, 2.7+0.93/1.2/0.013+0.52 ms cpu, 70->75->33 MB, 75 MB goal, 0 MB stacks, 0 MB globals, 12 P
gc 236 @2.143s 6%: 0.17+0.97+0.019 ms clock, 2.0+1.0/1.5/0+0.23 ms cpu, 61->65->33 MB, 67 MB goal, 0 MB stacks, 0 MB globals, 12 P
gc 237 @2.145s 6%: 0.34+0.90+0.11 ms clock, 4.0+1.0/1.4/0+1.3 ms cpu, 57->66->36 MB, 67 MB goal, 0 MB stacks, 0 MB globals, 12 P
gc 238 @2.148s 6%: 0.30+1.2+0.077 ms clock, 3.6+1.0/1.4/0+0.92 ms cpu, 62->75->39 MB, 73 MB goal, 0 MB stacks, 0 MB globals, 12 P
gc 239 @2.152s 6%: 0.20+1.4+0.12 ms clock, 2.4+1.3/1.4/0+1.4 ms cpu, 68->82->40 MB, 79 MB goal, 0 MB stacks, 0 MB globals, 12 P
gc 240 @2.156s 6%: 0.22+0.85+0.13 ms clock, 2.6+0.93/1.0/0+1.5 ms cpu, 71->79->36 MB, 81 MB goal, 0 MB stacks, 0 MB globals, 12 P
gc 241 @2.159s 6%: 0.30+1.1+0.10 ms clock, 3.6+1.3/1.0/0+1.2 ms cpu, 64->75->39 MB, 73 MB goal, 0 MB stacks, 0 MB globals, 12 P
gc 242 @2.163s 6%: 0.32+1.3+0.035 ms clock, 3.8+0.84/1.2/0+0.42 ms cpu, 68->80->36 MB, 79 MB goal, 0 MB stacks, 0 MB globals, 12 P
gc 243 @2.166s 6%: 0.19+1.3+0.051 ms clock, 2.3+1.0/1.1/0+0.61 ms cpu, 62->75->39 MB, 73 MB goal, 0 MB stacks, 0 MB globals, 12 P
gc 244 @2.170s 6%: 0.22+1.2+0.10 ms clock, 2.6+1.2/1.4/0+1.2 ms cpu, 68->81->40 MB, 79 MB goal, 0 MB stacks, 0 MB globals, 12 P
gc 245 @2.174s 6%: 0.27+1.2+0.099 ms clock, 3.3+1.2/0.78/0+1.1 ms cpu, 72->82->41 MB, 81 MB goal, 0 MB stacks, 0 MB globals, 12 P
gc 246 @2.178s 6%: 0.29+1.1+0.064 ms clock, 3.5+1.2/1.2/0+0.77 ms cpu, 73->82->39 MB, 83 MB goal, 0 MB stacks, 0 MB globals, 12 P
gc 247 @2.181s 6%: 0.20+0.89+0.26 ms clock, 2.5+1.0/1.0/0+3.1 ms cpu, 70->81->40 MB, 79 MB goal, 0 MB stacks, 0 MB globals, 12 P
gc 248 @2.185s 6%: 0.30+1.0+0.12 ms clock, 3.6+1.2/1.5/0+1.4 ms cpu, 72->83->38 MB, 81 MB goal, 0 MB stacks, 0 MB globals, 12 P
gc 249 @2.189s 6%: 0.31+0.95+0.082 ms clock, 3.7+1.0/1.2/0+0.99 ms cpu, 66->78->36 MB, 77 MB goal, 0 MB stacks, 0 MB globals, 12 P
gc 250 @2.192s 6%: 0.15+1.0+0.10 ms clock, 1.8+1.3/1.3/0+1.2 ms cpu, 63->74->42 MB, 73 MB goal, 0 MB stacks, 0 MB globals, 12 P
gc 251 @2.196s 6%: 0.25+1.0+0.090 ms clock, 3.0+1.1/1.1/0+1.0 ms cpu, 74->83->39 MB, 85 MB goal, 0 MB stacks, 0 MB globals, 12 P
gc 252 @2.199s 6%: 0.34+0.97+0.087 ms clock, 4.1+0.68/0.99/0+1.0 ms cpu, 67->78->41 MB, 79 MB goal, 0 MB stacks, 0 MB globals, 12 P
gc 253 @2.203s 6%: 0.46+1.3+0.084 ms clock, 5.5+2.0/0.79/0+1.0 ms cpu, 72->84->40 MB, 83 MB goal, 0 MB stacks, 0 MB globals, 12 P
gc 254 @2.207s 6%: 0.45+1.4+0.017 ms clock, 5.4+1.7/0.93/0+0.20 ms cpu, 70->81->42 MB, 81 MB goal, 0 MB stacks, 0 MB globals, 12 P
gc 255 @2.210s 6%: 0.66+1.0+0.035 ms clock, 7.9+1.0/0.76/0+0.42 ms cpu, 74->83->39 MB, 85 MB goal, 0 MB stacks, 0 MB globals, 12 P
gc 256 @2.214s 6%: 0.35+1.3+0.075 ms clock, 4.2+1.1/1.2/0+0.90 ms cpu, 69->81->40 MB, 79 MB goal, 0 MB stacks, 0 MB globals, 12 P
gc 257 @2.218s 6%: 0.18+1.2+0.081 ms clock, 2.2+1.1/0.97/0+0.97 ms cpu, 70->81->40 MB, 81 MB goal, 0 MB stacks, 0 MB globals, 12 P
gc 258 @2.222s 6%: 0.35+1.1+0.083 ms clock, 4.2+0.90/1.1/0+1.0 ms cpu, 69->82->39 MB, 81 MB goal, 0 MB stacks, 0 MB globals, 12 P
gc 259 @2.225s 6%: 0.23+1.0+0.052 ms clock, 2.8+1.0/1.2/0+0.62 ms cpu, 69->76->37 MB, 79 MB goal, 0 MB stacks, 0 MB globals, 12 P
gc 260 @2.228s 6%: 0.29+2.9+0.10 ms clock, 3.5+3.3/1.1/0+1.2 ms cpu, 65->93->58 MB, 75 MB goal, 0 MB stacks, 0 MB globals, 12 P
gc 261 @2.235s 6%: 0.87+1.6+0.010 ms clock, 10+1.6/1.0/0.067+0.13 ms cpu, 100->118->45 MB, 117 MB goal, 0 MB stacks, 0 MB globals, 12 P
gc 262 @2.240s 6%: 0.41+1.6+0.069 ms clock, 4.9+1.6/1.3/0+0.83 ms cpu, 79->96->47 MB, 91 MB goal, 0 MB stacks, 0 MB globals, 12 P
gc 263 @2.244s 6%: 0.36+1.2+0.13 ms clock, 4.4+1.1/0.96/0+1.5 ms cpu, 81->93->37 MB, 95 MB goal, 0 MB stacks, 0 MB globals, 12 P
gc 264 @2.248s 6%: 0.24+0.76+0.077 ms clock, 2.9+1.1/0.87/0+0.93 ms cpu, 65->72->38 MB, 75 MB goal, 0 MB stacks, 0 MB globals, 12 P
gc 265 @2.251s 6%: 0.36+0.89+0.10 ms clock, 4.3+1.2/1.0/0+1.2 ms cpu, 67->76->47 MB, 77 MB goal, 0 MB stacks, 0 MB globals, 12 P
gc 266 @2.255s 6%: 0.30+1.1+0.096 ms clock, 3.7+0.61/1.2/0+1.1 ms cpu, 84->94->51 MB, 96 MB goal, 0 MB stacks, 0 MB globals, 12 P
gc 267 @2.259s 6%: 0.42+1.9+0.093 ms clock, 5.0+1.0/1.8/0+1.1 ms cpu, 89->107->45 MB, 104 MB goal, 0 MB stacks, 0 MB globals, 12 P
gc 268 @2.264s 6%: 0.30+1.4+0.11 ms clock, 3.6+0.72/2.6/0.004+1.3 ms cpu, 81->92->41 MB, 91 MB goal, 0 MB stacks, 0 MB globals, 12 P
gc 269 @2.268s 6%: 0.35+0.82+0.096 ms clock, 4.2+1.5/1.1/0+1.1 ms cpu, 75->80->33 MB, 83 MB goal, 0 MB stacks, 0 MB globals, 12 P
gc 270 @2.271s 6%: 0.30+0.97+0.040 ms clock, 3.6+0.82/1.4/0+0.48 ms cpu, 59->66->46 MB, 67 MB goal, 0 MB stacks, 0 MB globals, 12 P
gc 271 @2.275s 6%: 0.33+1.6+0.10 ms clock, 4.0+0.70/1.9/0+1.2 ms cpu, 81->95->42 MB, 94 MB goal, 0 MB stacks, 0 MB globals, 12 P
gc 272 @2.280s 6%: 0.23+1.0+0.098 ms clock, 2.8+1.8/1.4/0+1.1 ms cpu, 80->86->38 MB, 85 MB goal, 0 MB stacks, 0 MB globals, 12 P
gc 273 @2.283s 6%: 0.28+1.0+0.042 ms clock, 3.3+1.5/1.5/0+0.51 ms cpu, 70->75->34 MB, 77 MB goal, 0 MB stacks, 0 MB globals, 12 P
gc 274 @2.286s 6%: 0.37+1.3+0.009 ms clock, 4.4+0.44/1.8/0+0.11 ms cpu, 61->69->37 MB, 69 MB goal, 0 MB stacks, 0 MB globals, 12 P
gc 275 @2.289s 6%: 0.30+0.90+0.11 ms clock, 3.6+1.3/1.3/0+1.4 ms cpu, 66->73->33 MB, 75 MB goal, 0 MB stacks, 0 MB globals, 12 P
gc 276 @2.292s 6%: 0.25+1.2+0.036 ms clock, 3.0+1.3/1.1/0+0.44 ms cpu, 58->69->38 MB, 67 MB goal, 0 MB stacks, 0 MB globals, 12 P
gc 277 @2.296s 6%: 0.16+1.3+0.074 ms clock, 2.0+1.1/1.3/0+0.89 ms cpu, 67->77->35 MB, 77 MB goal, 0 MB stacks, 0 MB globals, 12 P
gc 278 @2.299s 6%: 0.25+1.3+0.11 ms clock, 3.1+1.1/1.8/0+1.3 ms cpu, 61->73->41 MB, 71 MB goal, 0 MB stacks, 0 MB globals, 12 P
gc 279 @2.303s 6%: 0.39+1.2+0.10 ms clock, 4.7+1.2/1.3/0+1.2 ms cpu, 74->84->37 MB, 83 MB goal, 0 MB stacks, 0 MB globals, 12 P
gc 280 @2.306s 6%: 0.32+1.1+0.030 ms clock, 3.9+1.4/1.5/0+0.36 ms cpu, 66->74->38 MB, 75 MB goal, 0 MB stacks, 0 MB globals, 12 P
gc 281 @2.310s 6%: 0.20+1.5+0.009 ms clock, 2.4+1.4/1.1/0+0.11 ms cpu, 68->82->39 MB, 77 MB goal, 0 MB stacks, 0 MB globals, 12 P
gc 282 @2.314s 7%: 0.26+2.1+0.11 ms clock, 3.2+2.4/0.87/0+1.4 ms cpu, 68->90->50 MB, 79 MB goal, 0 MB stacks, 0 MB globals, 12 P
gc 283 @2.319s 7%: 0.43+1.9+0.020 ms clock, 5.2+1.0/0.69/0+0.24 ms cpu, 88->101->45 MB, 101 MB goal, 0 MB stacks, 0 MB globals, 12 P
gc 284 @2.324s 7%: 0.31+1.0+0.087 ms clock, 3.7+1.0/1.3/0+1.0 ms cpu, 81->90->41 MB, 91 MB goal, 0 MB stacks, 0 MB globals, 12 P
gc 285 @2.328s 7%: 0.23+0.96+0.069 ms clock, 2.7+1.3/1.2/0+0.82 ms cpu, 72->81->35 MB, 83 MB goal, 0 MB stacks, 0 MB globals, 12 P
gc 286 @2.331s 7%: 0.26+0.82+0.036 ms clock, 3.1+1.0/0.93/0+0.44 ms cpu, 61->68->32 MB, 71 MB goal, 0 MB stacks, 0 MB globals, 12 P
gc 287 @2.334s 7%: 0.26+0.57+0.049 ms clock, 3.1+1.1/1.0/0+0.59 ms cpu, 57->61->27 MB, 65 MB goal, 0 MB stacks, 0 MB globals, 12 P
gc 288 @2.336s 7%: 0.19+0.58+0.010 ms clock, 2.3+1.0/0.68/0+0.12 ms cpu, 50->53->29 MB, 54 MB goal, 0 MB stacks, 0 MB globals, 12 P
gc 289 @2.338s 7%: 0.18+0.85+0.032 ms clock, 2.2+0.94/1.1/0+0.39 ms cpu, 52->57->32 MB, 59 MB goal, 0 MB stacks, 0 MB globals, 12 P
gc 290 @2.341s 7%: 0.30+1.3+0.013 ms clock, 3.6+1.2/1.3/0+0.16 ms cpu, 57->67->39 MB, 65 MB goal, 0 MB stacks, 0 MB globals, 12 P
gc 291 @2.345s 7%: 0.16+0.91+0.11 ms clock, 1.9+1.0/0.67/0+1.4 ms cpu, 67->77->39 MB, 79 MB goal, 0 MB stacks, 0 MB globals, 12 P
gc 292 @2.348s 7%: 0.23+1.6+0.014 ms clock, 2.7+1.6/1.0/0.17+0.17 ms cpu, 68->82->51 MB, 79 MB goal, 0 MB stacks, 0 MB globals, 12 P
gc 293 @2.353s 7%: 0.54+1.2+0.10 ms clock, 6.5+1.0/0.83/0+1.3 ms cpu, 89->101->36 MB, 104 MB goal, 0 MB stacks, 0 MB globals, 12 P
gc 294 @2.356s 7%: 0.40+0.96+0.10 ms clock, 4.8+0.95/0.96/0+1.2 ms cpu, 62->73->38 MB, 73 MB goal, 0 MB stacks, 0 MB globals, 12 P
gc 295 @2.359s 7%: 0.25+1.0+0.088 ms clock, 3.1+0.98/1.5/0+1.0 ms cpu, 65->73->34 MB, 77 MB goal, 0 MB stacks, 0 MB globals, 12 P
gc 296 @2.362s 7%: 0.30+0.81+0.035 ms clock, 3.6+1.1/1.3/0+0.42 ms cpu, 59->64->30 MB, 69 MB goal, 0 MB stacks, 0 MB globals, 12 P
gc 297 @2.365s 7%: 0.13+1.2+0.030 ms clock, 1.6+0.86/0.87/0+0.36 ms cpu, 52->63->36 MB, 61 MB goal, 0 MB stacks, 0 MB globals, 12 P
gc 298 @2.368s 7%: 0.41+1.0+0.081 ms clock, 5.0+0.81/1.0/0+0.97 ms cpu, 65->72->35 MB, 73 MB goal, 0 MB stacks, 0 MB globals, 12 P
gc 299 @2.371s 7%: 0.40+1.4+0.12 ms clock, 4.8+1.1/1.4/0+1.5 ms cpu, 61->77->44 MB, 71 MB goal, 0 MB stacks, 0 MB globals, 12 P
gc 300 @2.376s 7%: 0.45+0.95+0.13 ms clock, 5.4+0.83/1.2/0+1.5 ms cpu, 80->91->36 MB, 89 MB goal, 0 MB stacks, 0 MB globals, 12 P
gc 301 @2.379s 7%: 0.19+0.82+0.052 ms clock, 2.3+1.2/1.3/0+0.63 ms cpu, 63->70->46 MB, 73 MB goal, 0 MB stacks, 0 MB globals, 12 P
gc 302 @2.383s 7%: 0.30+1.0+0.076 ms clock, 3.6+1.3/1.3/0+0.91 ms cpu, 81->92->38 MB, 94 MB goal, 0 MB stacks, 0 MB globals, 12 P
gc 303 @2.387s 7%: 0.34+0.81+0.016 ms clock, 4.1+0.86/1.0/0+0.19 ms cpu, 71->76->31 MB, 77 MB goal, 0 MB stacks, 0 MB globals, 12 P
gc 304 @2.389s 7%: 0.26+1.0+0.11 ms clock, 3.1+0.88/0.84/0+1.3 ms cpu, 54->65->37 MB, 63 MB goal, 0 MB stacks, 0 MB globals, 12 P
gc 305 @2.393s 7%: 0.29+1.0+0.11 ms clock, 3.5+1.0/1.0/0+1.3 ms cpu, 64->74->36 MB, 75 MB goal, 0 MB stacks, 0 MB globals, 12 P
gc 306 @2.396s 7%: 0.23+1.2+0.044 ms clock, 2.8+0.98/1.1/0+0.53 ms cpu, 63->73->37 MB, 73 MB goal, 0 MB stacks, 0 MB globals, 12 P
gc 307 @2.399s 7%: 0.28+1.3+0.10 ms clock, 3.4+1.1/1.2/0+1.2 ms cpu, 65->77->38 MB, 75 MB goal, 0 MB stacks, 0 MB globals, 12 P
gc 308 @2.404s 7%: 0.38+0.74+0.011 ms clock, 4.6+1.6/1.1/0+0.13 ms cpu, 74->78->33 MB, 77 MB goal, 0 MB stacks, 0 MB globals, 12 P
gc 309 @2.406s 7%: 0.28+1.2+0.033 ms clock, 3.4+0.91/1.7/0+0.40 ms cpu, 59->68->37 MB, 67 MB goal, 0 MB stacks, 0 MB globals, 12 P
gc 310 @2.410s 7%: 0.15+0.96+0.081 ms clock, 1.9+1.2/1.1/0+0.97 ms cpu, 64->74->49 MB, 75 MB goal, 0 MB stacks, 0 MB globals, 12 P
gc 311 @2.414s 7%: 0.31+1.4+0.085 ms clock, 3.8+2.5/0.99/0+1.0 ms cpu, 87->101->42 MB, 100 MB goal, 0 MB stacks, 0 MB globals, 12 P
gc 312 @2.418s 7%: 0.33+0.95+0.061 ms clock, 4.0+1.0/1.2/0+0.74 ms cpu, 72->81->34 MB, 85 MB goal, 0 MB stacks, 0 MB globals, 12 P
gc 313 @2.421s 7%: 0.29+1.1+0.085 ms clock, 3.5+0.93/1.1/0+1.0 ms cpu, 61->70->34 MB, 69 MB goal, 0 MB stacks, 0 MB globals, 12 P
gc 314 @2.424s 7%: 0.29+1.7+0.091 ms clock, 3.4+1.2/2.6/0+1.0 ms cpu, 60->75->39 MB, 69 MB goal, 0 MB stacks, 0 MB globals, 12 P
gc 315 @2.428s 7%: 0.28+1.2+0.15 ms clock, 3.4+1.1/1.0/0+1.8 ms cpu, 67->81->41 MB, 79 MB goal, 0 MB stacks, 0 MB globals, 12 P
gc 316 @2.432s 7%: 0.28+1.9+0.007 ms clock, 3.3+1.1/1.1/0+0.093 ms cpu, 74->93->44 MB, 83 MB goal, 0 MB stacks, 0 MB globals, 12 P
gc 317 @2.437s 7%: 0.30+1.0+0.039 ms clock, 3.6+1.1/1.2/0+0.47 ms cpu, 78->86->38 MB, 89 MB goal, 0 MB stacks, 0 MB globals, 12 P
gc 318 @2.441s 7%: 0.12+1.0+0.071 ms clock, 1.4+1.0/1.0/0+0.85 ms cpu, 68->76->35 MB, 77 MB goal, 0 MB stacks, 0 MB globals, 12 P
gc 319 @2.444s 7%: 0.17+1.3+0.078 ms clock, 2.1+1.6/1.2/0+0.94 ms cpu, 60->72->40 MB, 71 MB goal, 0 MB stacks, 0 MB globals, 12 P
gc 320 @2.447s 7%: 0.33+1.3+0.37 ms clock, 3.9+1.0/1.0/0+4.4 ms cpu, 72->88->44 MB, 81 MB goal, 0 MB stacks, 0 MB globals, 12 P
gc 321 @2.452s 7%: 0.38+1.4+0.11 ms clock, 4.6+1.7/1.3/0+1.3 ms cpu, 79->94->42 MB, 89 MB goal, 0 MB stacks, 0 MB globals, 12 P
gc 322 @2.456s 7%: 0.35+1.1+0.089 ms clock, 4.2+0.82/1.2/0+1.0 ms cpu, 75->87->39 MB, 85 MB goal, 0 MB stacks, 0 MB globals, 12 P
gc 323 @2.460s 7%: 0.31+1.2+0.12 ms clock, 3.8+0.93/1.2/0+1.5 ms cpu, 70->82->38 MB, 79 MB goal, 0 MB stacks, 0 MB globals, 12 P
gc 324 @2.464s 7%: 0.19+1.1+0.074 ms clock, 2.3+1.0/1.1/0+0.89 ms cpu, 66->76->36 MB, 77 MB goal, 0 MB stacks, 0 MB globals, 12 P
gc 325 @2.467s 7%: 0.25+1.3+0.14 ms clock, 3.0+1.1/1.4/0+1.7 ms cpu, 65->77->39 MB, 73 MB goal, 0 MB stacks, 0 MB globals, 12 P
gc 326 @2.471s 7%: 0.22+0.90+0.061 ms clock, 2.7+1.1/1.1/0+0.73 ms cpu, 67->75->30 MB, 79 MB goal, 0 MB stacks, 0 MB globals, 12 P
gc 327 @2.474s 7%: 0.15+0.92+0.038 ms clock, 1.8+0.78/1.6/0+0.46 ms cpu, 54->61->34 MB, 61 MB goal, 0 MB stacks, 0 MB globals, 12 P
gc 328 @2.477s 7%: 0.24+1.0+0.16 ms clock, 2.9+1.0/1.2/0+1.9 ms cpu, 59->71->35 MB, 69 MB goal, 0 MB stacks, 0 MB globals, 12 P
gc 329 @2.480s 7%: 0.19+1.2+0.010 ms clock, 2.3+0.93/1.7/0+0.12 ms cpu, 61->71->37 MB, 71 MB goal, 0 MB stacks, 0 MB globals, 12 P
gc 330 @2.483s 7%: 0.38+1.0+0.17 ms clock, 4.5+0.97/1.1/0+2.0 ms cpu, 64->76->40 MB, 75 MB goal, 0 MB stacks, 0 MB globals, 12 P
gc 331 @2.487s 7%: 0.28+1.4+0.008 ms clock, 3.4+1.0/1.2/0+0.10 ms cpu, 69->81->39 MB, 81 MB goal, 0 MB stacks, 0 MB globals, 12 P
gc 332 @2.491s 7%: 0.31+1.1+0.10 ms clock, 3.8+1.2/1.3/0+1.2 ms cpu, 70->80->37 MB, 79 MB goal, 0 MB stacks, 0 MB globals, 12 P
gc 333 @2.494s 7%: 0.23+1.1+0.049 ms clock, 2.7+1.2/1.0/0+0.59 ms cpu, 64->73->39 MB, 75 MB goal, 0 MB stacks, 0 MB globals, 12 P
gc 334 @2.498s 7%: 0.23+1.3+0.046 ms clock, 2.8+1.2/1.6/0+0.55 ms cpu, 69->80->37 MB, 79 MB goal, 0 MB stacks, 0 MB globals, 12 P
gc 335 @2.501s 7%: 0.20+2.0+0.094 ms clock, 2.4+1.8/1.0/0+1.1 ms cpu, 65->83->50 MB, 75 MB goal, 0 MB stacks, 0 MB globals, 12 P
gc 336 @2.506s 7%: 0.21+1.3+0.075 ms clock, 2.6+0.97/0.90/0+0.90 ms cpu, 87->98->39 MB, 101 MB goal, 0 MB stacks, 0 MB globals, 12 P
gc 337 @2.510s 7%: 0.13+0.99+0.046 ms clock, 1.6+1.3/1.7/0+0.56 ms cpu, 67->73->34 MB, 79 MB goal, 0 MB stacks, 0 MB globals, 12 P
gc 338 @2.513s 7%: 0.21+0.90+0.10 ms clock, 2.5+1.0/1.0/0+1.2 ms cpu, 61->66->34 MB, 69 MB goal, 0 MB stacks, 0 MB globals, 12 P
gc 339 @2.515s 7%: 0.38+1.1+0.10 ms clock, 4.5+1.0/1.5/0+1.2 ms cpu, 60->69->37 MB, 69 MB goal, 0 MB stacks, 0 MB globals, 12 P
gc 340 @2.519s 7%: 0.22+0.84+0.097 ms clock, 2.7+1.0/1.3/0.002+1.1 ms cpu, 68->74->35 MB, 75 MB goal, 0 MB stacks, 0 MB globals, 12 P
gc 341 @2.522s 7%: 0.32+1.2+0.094 ms clock, 3.9+1.3/1.6/0+1.1 ms cpu, 60->74->54 MB, 71 MB goal, 0 MB stacks, 0 MB globals, 12 P
gc 342 @2.527s 7%: 0.30+1.6+0.10 ms clock, 3.6+0.80/1.0/0+1.2 ms cpu, 94->107->41 MB, 108 MB goal, 0 MB stacks, 0 MB globals, 12 P
gc 343 @2.531s 7%: 0.18+1.3+0.052 ms clock, 2.2+1.1/1.5/0+0.62 ms cpu, 72->84->40 MB, 83 MB goal, 0 MB stacks, 0 MB globals, 12 P
gc 344 @2.534s 7%: 0.31+1.6+0.057 ms clock, 3.8+0.20/0.78/0+0.68 ms cpu, 69->82->42 MB, 81 MB goal, 0 MB stacks, 0 MB globals, 12 P
gc 345 @2.538s 7%: 0.27+1.5+0.032 ms clock, 3.3+0.99/1.1/0+0.38 ms cpu, 73->87->41 MB, 85 MB goal, 0 MB stacks, 0 MB globals, 12 P
gc 346 @2.542s 7%: 0.17+1.6+0.008 ms clock, 2.0+1.5/1.5/0+0.10 ms cpu, 72->85->39 MB, 83 MB goal, 0 MB stacks, 0 MB globals, 12 P
gc 347 @2.546s 7%: 0.25+1.1+0.039 ms clock, 3.0+1.0/0.90/0+0.47 ms cpu, 71->81->40 MB, 79 MB goal, 0 MB stacks, 0 MB globals, 12 P
gc 348 @2.550s 7%: 0.35+1.5+0.016 ms clock, 4.3+2.4/1.2/0+0.19 ms cpu, 71->85->43 MB, 81 MB goal, 0 MB stacks, 0 MB globals, 12 P
gc 349 @2.554s 7%: 0.38+1.1+0.067 ms clock, 4.6+1.0/1.3/0+0.80 ms cpu, 79->86->39 MB, 87 MB goal, 0 MB stacks, 0 MB globals, 12 P
gc 350 @2.558s 7%: 0.39+1.2+0.028 ms clock, 4.7+0.90/0.90/0+0.34 ms cpu, 69->80->43 MB, 79 MB goal, 0 MB stacks, 0 MB globals, 12 P
gc 351 @2.562s 7%: 0.36+0.96+0.053 ms clock, 4.3+0.87/1.1/0+0.63 ms cpu, 75->83->35 MB, 87 MB goal, 0 MB stacks, 0 MB globals, 12 P
gc 352 @2.565s 7%: 0.36+1.1+0.062 ms clock, 4.4+1.0/1.2/0+0.75 ms cpu, 61->71->35 MB, 71 MB goal, 0 MB stacks, 0 MB globals, 12 P
gc 353 @2.568s 7%: 0.24+1.0+0.091 ms clock, 2.9+1.4/1.3/0+1.0 ms cpu, 61->73->37 MB, 71 MB goal, 0 MB stacks, 0 MB globals, 12 P
gc 354 @2.571s 7%: 0.27+1.4+0.026 ms clock, 3.3+1.2/1.8/0+0.31 ms cpu, 66->76->51 MB, 75 MB goal, 0 MB stacks, 0 MB globals, 12 P
gc 355 @2.576s 7%: 0.34+1.3+0.097 ms clock, 4.1+1.1/0.96/0+1.1 ms cpu, 89->100->41 MB, 104 MB goal, 0 MB stacks, 0 MB globals, 12 P
gc 356 @2.580s 7%: 0.20+1.3+0.055 ms clock, 2.4+1.2/1.8/0+0.66 ms cpu, 73->83->41 MB, 83 MB goal, 0 MB stacks, 0 MB globals, 12 P
gc 357 @2.583s 7%: 0.28+1.2+0.066 ms clock, 3.4+0.82/1.5/0+0.79 ms cpu, 72->81->38 MB, 83 MB goal, 0 MB stacks, 0 MB globals, 12 P
gc 358 @2.587s 7%: 0.18+1.0+0.058 ms clock, 2.1+1.0/1.5/0+0.69 ms cpu, 68->76->34 MB, 77 MB goal, 0 MB stacks, 0 MB globals, 12 P
gc 359 @2.590s 7%: 0.27+1.1+0.13 ms clock, 3.2+1.3/1.3/0+1.6 ms cpu, 60->70->36 MB, 69 MB goal, 0 MB stacks, 0 MB globals, 12 P
gc 360 @2.593s 7%: 0.33+1.1+0.074 ms clock, 4.0+1.3/1.5/0+0.89 ms cpu, 62->73->39 MB, 73 MB goal, 0 MB stacks, 0 MB globals, 12 P
gc 361 @2.597s 7%: 0.28+1.6+0.040 ms clock, 3.4+1.4/2.0/0+0.49 ms cpu, 67->81->40 MB, 79 MB goal, 0 MB stacks, 0 MB globals, 12 P
gc 362 @2.601s 7%: 0.22+1.1+0.079 ms clock, 2.6+1.1/1.1/0+0.95 ms cpu, 69->80->36 MB, 81 MB goal, 0 MB stacks, 0 MB globals, 12 P
gc 363 @2.604s 7%: 0.14+1.0+0.041 ms clock, 1.7+0.97/1.3/0+0.50 ms cpu, 64->71->35 MB, 73 MB goal, 0 MB stacks, 0 MB globals, 12 P
gc 364 @2.607s 7%: 0.37+1.1+0.12 ms clock, 4.5+1.1/1.0/0+1.5 ms cpu, 60->73->40 MB, 71 MB goal, 0 MB stacks, 0 MB globals, 12 P
gc 365 @2.611s 7%: 0.23+1.1+0.12 ms clock, 2.8+0.90/1.5/0+1.4 ms cpu, 73->82->37 MB, 81 MB goal, 0 MB stacks, 0 MB globals, 12 P
gc 366 @2.614s 7%: 0.18+1.1+0.059 ms clock, 2.1+0.96/1.1/0+0.71 ms cpu, 65->76->39 MB, 75 MB goal, 0 MB stacks, 0 MB globals, 12 P
gc 367 @2.618s 7%: 0.31+1.3+0.056 ms clock, 3.7+1.2/2.0/0+0.67 ms cpu, 71->82->39 MB, 79 MB goal, 0 MB stacks, 0 MB globals, 12 P
gc 368 @2.621s 7%: 0.18+1.4+0.046 ms clock, 2.1+0.89/1.2/0+0.56 ms cpu, 67->79->40 MB, 79 MB goal, 0 MB stacks, 0 MB globals, 12 P
gc 369 @2.625s 8%: 0.36+0.93+0.039 ms clock, 4.4+0.98/1.0/0+0.47 ms cpu, 71->80->36 MB, 81 MB goal, 0 MB stacks, 0 MB globals, 12 P
gc 370 @2.628s 8%: 0.31+0.97+0.066 ms clock, 3.8+1.1/1.1/0+0.79 ms cpu, 64->73->39 MB, 73 MB goal, 0 MB stacks, 0 MB globals, 12 P
gc 371 @2.632s 8%: 0.22+1.2+0.054 ms clock, 2.7+0.89/1.7/0+0.65 ms cpu, 69->80->38 MB, 79 MB goal, 0 MB stacks, 0 MB globals, 12 P
gc 372 @2.635s 8%: 0.36+1.2+0.025 ms clock, 4.3+0.84/1.1/0+0.31 ms cpu, 68->79->37 MB, 77 MB goal, 0 MB stacks, 0 MB globals, 12 P
gc 373 @2.639s 8%: 0.31+0.81+0.058 ms clock, 3.8+1.1/1.1/0+0.69 ms cpu, 69->74->32 MB, 75 MB goal, 0 MB stacks, 0 MB globals, 12 P
gc 374 @2.642s 8%: 0.18+1.0+0.070 ms clock, 2.2+0.89/1.2/0.004+0.84 ms cpu, 56->65->36 MB, 65 MB goal, 0 MB stacks, 0 MB globals, 12 P
gc 375 @2.645s 8%: 0.34+1.5+0.009 ms clock, 4.1+1.2/1.1/0+0.10 ms cpu, 64->76->41 MB, 73 MB goal, 0 MB stacks, 0 MB globals, 12 P
gc 376 @2.649s 8%: 0.33+1.1+0.13 ms clock, 4.0+1.1/1.1/0+1.6 ms cpu, 73->84->40 MB, 83 MB goal, 0 MB stacks, 0 MB globals, 12 P
gc 377 @2.653s 8%: 0.20+1.3+0.063 ms clock, 2.5+1.1/0.97/0+0.75 ms cpu, 70->81->42 MB, 81 MB goal, 0 MB stacks, 0 MB globals, 12 P
gc 378 @2.657s 8%: 0.27+1.4+0.085 ms clock, 3.3+1.1/1.1/0+1.0 ms cpu, 72->85->39 MB, 85 MB goal, 0 MB stacks, 0 MB globals, 12 P
gc 379 @2.660s 8%: 0.22+1.1+0.078 ms clock, 2.7+1.1/1.0/0+0.93 ms cpu, 67->76->38 MB, 79 MB goal, 0 MB stacks, 0 MB globals, 12 P
gc 380 @2.664s 8%: 0.27+1.3+0.037 ms clock, 3.2+1.1/1.2/0+0.45 ms cpu, 69->80->42 MB, 77 MB goal, 0 MB stacks, 0 MB globals, 12 P
gc 381 @2.668s 8%: 0.36+1.1+0.099 ms clock, 4.4+1.1/1.0/0+1.1 ms cpu, 73->85->41 MB, 85 MB goal, 0 MB stacks, 0 MB globals, 12 P
gc 382 @2.672s 8%: 0.29+1.6+0.055 ms clock, 3.4+0.87/0.86/0+0.66 ms cpu, 72->85->44 MB, 83 MB goal, 0 MB stacks, 0 MB globals, 12 P
gc 383 @2.676s 8%: 0.29+0.78+0.15 ms clock, 3.5+1.0/1.1/0+1.8 ms cpu, 78->85->36 MB, 89 MB goal, 0 MB stacks, 0 MB globals, 12 P
gc 384 @2.679s 8%: 0.36+0.95+0.059 ms clock, 4.3+1.0/1.0/0+0.71 ms cpu, 62->72->34 MB, 73 MB goal, 0 MB stacks, 0 MB globals, 12 P
gc 385 @2.682s 8%: 0.31+1.9+0.052 ms clock, 3.7+1.1/2.7/0+0.62 ms cpu, 59->76->42 MB, 69 MB goal, 0 MB stacks, 0 MB globals, 12 P
gc 386 @2.686s 8%: 0.27+1.4+0.039 ms clock, 3.2+0.95/1.7/0+0.46 ms cpu, 74->85->39 MB, 85 MB goal, 0 MB stacks, 0 MB globals, 12 P
gc 387 @2.690s 8%: 0.25+0.96+0.054 ms clock, 3.0+1.2/1.1/0+0.65 ms cpu, 69->75->33 MB, 79 MB goal, 0 MB stacks, 0 MB globals, 12 P
gc 388 @2.693s 8%: 0.33+1.0+0.11 ms clock, 3.9+1.3/1.7/0+1.4 ms cpu, 57->67->38 MB, 67 MB goal, 0 MB stacks, 0 MB globals, 12 P
gc 389 @2.696s 8%: 0.34+1.1+0.12 ms clock, 4.1+1.1/1.3/0+1.4 ms cpu, 67->79->39 MB, 77 MB goal, 0 MB stacks, 0 MB globals, 12 P
gc 390 @2.700s 8%: 0.29+0.88+0.072 ms clock, 3.5+0.96/0.85/0+0.86 ms cpu, 67->75->48 MB, 79 MB goal, 0 MB stacks, 0 MB globals, 12 P
gc 391 @2.704s 8%: 0.28+1.5+0.087 ms clock, 3.4+0.90/2.2/0+1.0 ms cpu, 88->98->37 MB, 98 MB goal, 0 MB stacks, 0 MB globals, 12 P
gc 392 @2.707s 8%: 0.25+1.0+0.10 ms clock, 3.0+1.2/1.4/0+1.2 ms cpu, 65->75->36 MB, 75 MB goal, 0 MB stacks, 0 MB globals, 12 P
gc 393 @2.711s 8%: 0.25+0.98+0.14 ms clock, 3.0+0.73/1.4/0+1.7 ms cpu, 64->71->37 MB, 73 MB goal, 0 MB stacks, 0 MB globals, 12 P
gc 394 @2.714s 8%: 0.22+1.7+0.065 ms clock, 2.6+2.1/2.4/0+0.78 ms cpu, 65->79->40 MB, 75 MB goal, 0 MB stacks, 0 MB globals, 12 P
gc 395 @2.718s 8%: 0.50+1.3+0.10 ms clock, 6.0+1.0/0.90/0+1.2 ms cpu, 72->83->37 MB, 81 MB goal, 0 MB stacks, 0 MB globals, 12 P
gc 396 @2.722s 8%: 0.31+1.8+0.039 ms clock, 3.7+1.7/1.5/0+0.47 ms cpu, 65->81->45 MB, 75 MB goal, 0 MB stacks, 0 MB globals, 12 P
gc 397 @2.726s 8%: 0.39+1.3+0.18 ms clock, 4.7+0.68/1.4/0+2.1 ms cpu, 81->92->42 MB, 91 MB goal, 0 MB stacks, 0 MB globals, 12 P
gc 398 @2.730s 8%: 0.18+1.1+0.17 ms clock, 2.1+1.2/1.1/0+2.0 ms cpu, 73->84->51 MB, 85 MB goal, 0 MB stacks, 0 MB globals, 12 P
gc 399 @2.734s 8%: 0.37+1.6+0.032 ms clock, 4.4+2.1/1.4/0+0.39 ms cpu, 89->104->41 MB, 104 MB goal, 0 MB stacks, 0 MB globals, 12 P
gc 400 @2.739s 8%: 0.36+0.86+0.067 ms clock, 4.3+0.82/1.1/0+0.80 ms cpu, 74->82->37 MB, 83 MB goal, 0 MB stacks, 0 MB globals, 12 P
gc 401 @2.742s 8%: 0.27+1.6+0.017 ms clock, 3.2+0.66/1.1/0+0.21 ms cpu, 65->77->41 MB, 75 MB goal, 0 MB stacks, 0 MB globals, 12 P
gc 402 @2.746s 8%: 0.26+1.1+0.056 ms clock, 3.1+1.2/1.6/0+0.67 ms cpu, 75->84->37 MB, 83 MB goal, 0 MB stacks, 0 MB globals, 12 P
gc 403 @2.750s 8%: 0.20+1.1+0.10 ms clock, 2.4+1.6/1.0/0+1.3 ms cpu, 67->79->38 MB, 75 MB goal, 0 MB stacks, 0 MB globals, 12 P
gc 404 @2.753s 8%: 0.22+0.92+0.090 ms clock, 2.7+1.3/1.6/0+1.0 ms cpu, 67->76->37 MB, 77 MB goal, 0 MB stacks, 0 MB globals, 12 P
gc 405 @2.757s 8%: 0.20+1.1+0.058 ms clock, 2.4+1.2/1.4/0+0.70 ms cpu, 64->74->34 MB, 75 MB goal, 0 MB stacks, 0 MB globals, 12 P
gc 406 @2.760s 8%: 0.17+0.91+0.040 ms clock, 2.0+1.1/1.4/0+0.48 ms cpu, 62->66->30 MB, 69 MB goal, 0 MB stacks, 0 MB globals, 12 P
gc 407 @2.762s 8%: 0.16+1.3+0.077 ms clock, 1.9+1.1/1.4/0+0.92 ms cpu, 53->64->37 MB, 61 MB goal, 0 MB stacks, 0 MB globals, 12 P
gc 408 @2.766s 8%: 0.25+1.1+0.017 ms clock, 3.0+1.0/1.2/0+0.21 ms cpu, 65->73->38 MB, 75 MB goal, 0 MB stacks, 0 MB globals, 12 P
gc 409 @2.769s 8%: 0.21+1.0+0.076 ms clock, 2.6+0.52/1.7/0+0.92 ms cpu, 66->74->37 MB, 77 MB goal, 0 MB stacks, 0 MB globals, 12 P
gc 410 @2.772s 8%: 0.27+1.2+0.010 ms clock, 3.3+1.0/1.5/0+0.12 ms cpu, 64->73->36 MB, 75 MB goal, 0 MB stacks, 0 MB globals, 12 P
gc 411 @2.775s 8%: 0.35+1.0+0.058 ms clock, 4.2+1.2/1.4/0+0.70 ms cpu, 63->71->37 MB, 73 MB goal, 0 MB stacks, 0 MB globals, 12 P
gc 412 @2.779s 8%: 0.30+1.0+0.094 ms clock, 3.7+1.7/1.1/0+1.1 ms cpu, 69->78->38 MB, 75 MB goal, 0 MB stacks, 0 MB globals, 12 P
gc 413 @2.782s 8%: 0.25+0.98+0.037 ms clock, 3.0+1.3/1.0/0+0.44 ms cpu, 67->76->35 MB, 77 MB goal, 0 MB stacks, 0 MB globals, 12 P
gc 414 @2.785s 8%: 0.23+1.2+0.076 ms clock, 2.8+0.88/1.8/0+0.91 ms cpu, 61->72->39 MB, 71 MB goal, 0 MB stacks, 0 MB globals, 12 P
gc 415 @2.789s 8%: 0.21+1.1+0.087 ms clock, 2.5+1.7/1.3/0+1.0 ms cpu, 70->80->38 MB, 79 MB goal, 0 MB stacks, 0 MB globals, 12 P
gc 416 @2.793s 8%: 0.36+1.5+0.029 ms clock, 4.3+1.7/1.0/0+0.35 ms cpu, 67->80->44 MB, 77 MB goal, 0 MB stacks, 0 MB globals, 12 P
gc 417 @2.797s 8%: 0.19+1.1+0.15 ms clock, 2.3+1.3/2.0/0+1.8 ms cpu, 79->90->38 MB, 89 MB goal, 0 MB stacks, 0 MB globals, 12 P
gc 418 @2.801s 8%: 0.41+0.95+0.058 ms clock, 5.0+0.79/1.9/0+0.70 ms cpu, 70->75->33 MB, 77 MB goal, 0 MB stacks, 0 MB globals, 12 P
gc 419 @2.804s 8%: 0.24+0.78+0.089 ms clock, 2.8+0.84/0.86/0+1.0 ms cpu, 57->66->34 MB, 67 MB goal, 0 MB stacks, 0 MB globals, 12 P
gc 420 @2.807s 8%: 0.19+1.2+0.10 ms clock, 2.3+1.0/0.89/0+1.3 ms cpu, 61->73->40 MB, 69 MB goal, 0 MB stacks, 0 MB globals, 12 P
gc 421 @2.811s 8%: 0.36+1.6+0.011 ms clock, 4.3+1.4/1.9/0+0.14 ms cpu, 71->82->42 MB, 81 MB goal, 0 MB stacks, 0 MB globals, 12 P
gc 422 @2.815s 8%: 0.33+1.2+0.12 ms clock, 3.9+1.2/1.2/0+1.4 ms cpu, 73->85->38 MB, 85 MB goal, 0 MB stacks, 0 MB globals, 12 P
gc 423 @2.818s 8%: 0.28+1.7+0.040 ms clock, 3.4+1.2/2.0/0+0.48 ms cpu, 68->81->41 MB, 77 MB goal, 0 MB stacks, 0 MB globals, 12 P
gc 424 @2.822s 8%: 0.24+1.3+0.036 ms clock, 2.9+1.1/1.1/0+0.43 ms cpu, 72->82->39 MB, 83 MB goal, 0 MB stacks, 0 MB globals, 12 P
gc 425 @2.826s 8%: 0.32+1.1+0.053 ms clock, 3.9+1.1/1.5/0+0.63 ms cpu, 70->78->38 MB, 79 MB goal, 0 MB stacks, 0 MB globals, 12 P
gc 426 @2.830s 8%: 0.32+0.97+0.007 ms clock, 3.9+0.53/1.3/0+0.093 ms cpu, 68->75->32 MB, 77 MB goal, 0 MB stacks, 0 MB globals, 12 P
gc 427 @2.833s 8%: 0.20+1.1+0.026 ms clock, 2.4+0.72/1.2/0+0.31 ms cpu, 56->66->47 MB, 65 MB goal, 0 MB stacks, 0 MB globals, 12 P
gc 428 @2.836s 8%: 0.40+1.1+0.17 ms clock, 4.8+1.2/1.1/0+2.0 ms cpu, 84->98->39 MB, 96 MB goal, 0 MB stacks, 0 MB globals, 12 P
gc 429 @2.840s 8%: 0.25+1.3+0.092 ms clock, 3.0+1.1/1.1/0+1.1 ms cpu, 69->80->42 MB, 79 MB goal, 0 MB stacks, 0 MB globals, 12 P
gc 430 @2.844s 8%: 0.22+1.3+0.043 ms clock, 2.7+0.80/1.2/0+0.51 ms cpu, 73->84->36 MB, 85 MB goal, 0 MB stacks, 0 MB globals, 12 P
gc 431 @2.848s 8%: 0.29+0.99+0.094 ms clock, 3.5+1.0/1.3/0+1.1 ms cpu, 63->73->37 MB, 73 MB goal, 0 MB stacks, 0 MB globals, 12 P
gc 432 @2.851s 8%: 0.27+1.0+0.12 ms clock, 3.2+1.1/1.0/0+1.4 ms cpu, 68->75->37 MB, 75 MB goal, 0 MB stacks, 0 MB globals, 12 P
gc 433 @2.855s 8%: 0.22+0.75+0.062 ms clock, 2.6+1.1/1.0/0+0.74 ms cpu, 66->72->32 MB, 75 MB goal, 0 MB stacks, 0 MB globals, 12 P
gc 434 @2.857s 8%: 0.18+1.6+0.042 ms clock, 2.2+0.89/1.8/0+0.50 ms cpu, 56->69->41 MB, 65 MB goal, 0 MB stacks, 0 MB globals, 12 P
gc 435 @2.861s 8%: 0.25+1.3+0.016 ms clock, 3.0+0.69/0.83/0+0.19 ms cpu, 71->82->40 MB, 83 MB goal, 0 MB stacks, 0 MB globals, 12 P
gc 436 @2.865s 8%: 0.45+1.1+0.057 ms clock, 5.4+1.0/1.3/0+0.69 ms cpu, 70->81->34 MB, 81 MB goal, 0 MB stacks, 0 MB globals, 12 P
gc 437 @2.868s 8%: 0.21+1.5+0.012 ms clock, 2.6+1.0/1.8/0.004+0.14 ms cpu, 59->74->41 MB, 69 MB goal, 0 MB stacks, 0 MB globals, 12 P
gc 438 @2.872s 8%: 0.32+1.7+0.10 ms clock, 3.8+1.3/1.2/0+1.2 ms cpu, 73->88->45 MB, 83 MB goal, 0 MB stacks, 0 MB globals, 12 P
gc 439 @2.877s 8%: 0.20+1.3+0.12 ms clock, 2.5+1.0/1.0/0+1.4 ms cpu, 80->91->39 MB, 91 MB goal, 0 MB stacks, 0 MB globals, 12 P
gc 440 @2.880s 8%: 0.17+1.1+0.086 ms clock, 2.1+1.0/1.7/0+1.0 ms cpu, 68->77->36 MB, 79 MB goal, 0 MB stacks, 0 MB globals, 12 P
gc 441 @2.884s 8%: 0.29+1.3+0.012 ms clock, 3.5+0.93/1.2/0+0.14 ms cpu, 64->72->39 MB, 73 MB goal, 0 MB stacks, 0 MB globals, 12 P
gc 442 @2.887s 8%: 0.33+1.0+0.086 ms clock, 4.0+1.1/1.2/0+1.0 ms cpu, 69->79->38 MB, 79 MB goal, 0 MB stacks, 0 MB globals, 12 P
gc 443 @2.891s 8%: 0.27+1.8+0.091 ms clock, 3.2+1.8/1.1/0+1.0 ms cpu, 66->84->45 MB, 77 MB goal, 0 MB stacks, 0 MB globals, 12 P
gc 444 @2.895s 8%: 0.33+1.4+0.075 ms clock, 4.0+1.0/1.2/0+0.91 ms cpu, 79->89->39 MB, 91 MB goal, 0 MB stacks, 0 MB globals, 12 P
gc 445 @2.899s 8%: 0.25+1.0+0.081 ms clock, 3.0+1.3/1.0/0+0.97 ms cpu, 69->78->36 MB, 79 MB goal, 0 MB stacks, 0 MB globals, 12 P
gc 446 @2.902s 8%: 0.27+1.8+0.005 ms clock, 3.3+0.82/2.6/0+0.062 ms cpu, 63->76->44 MB, 73 MB goal, 0 MB stacks, 0 MB globals, 12 P
gc 447 @2.906s 8%: 0.28+1.0+0.11 ms clock, 3.3+0.30/1.8/0+1.3 ms cpu, 78->84->36 MB, 89 MB goal, 0 MB stacks, 0 MB globals, 12 P
gc 448 @2.910s 8%: 0.29+0.87+0.071 ms clock, 3.5+1.2/1.1/0+0.85 ms cpu, 62->71->36 MB, 73 MB goal, 0 MB stacks, 0 MB globals, 12 P
gc 449 @2.913s 8%: 0.20+1.4+0.069 ms clock, 2.4+0.66/1.5/0+0.83 ms cpu, 64->75->39 MB, 73 MB goal, 0 MB stacks, 0 MB globals, 12 P
gc 450 @2.917s 8%: 0.20+0.91+0.090 ms clock, 2.4+1.4/1.0/0+1.0 ms cpu, 69->76->34 MB, 79 MB goal, 0 MB stacks, 0 MB globals, 12 P
gc 451 @2.920s 8%: 0.25+0.94+0.023 ms clock, 3.0+1.3/1.4/0+0.28 ms cpu, 62->68->32 MB, 69 MB goal, 0 MB stacks, 0 MB globals, 12 P
gc 452 @2.922s 8%: 0.37+0.90+0.033 ms clock, 4.4+1.1/1.4/0+0.39 ms cpu, 58->62->33 MB, 65 MB goal, 0 MB stacks, 0 MB globals, 12 P
gc 453 @2.925s 8%: 0.21+1.4+0.087 ms clock, 2.5+1.5/1.1/0+1.0 ms cpu, 58->71->36 MB, 67 MB goal, 0 MB stacks, 0 MB globals, 12 P
gc 454 @2.929s 8%: 0.17+0.99+0.004 ms clock, 2.1+1.0/1.4/0.001+0.050 ms cpu, 65->69->32 MB, 73 MB goal, 0 MB stacks, 0 MB globals, 12 P
gc 455 @2.932s 8%: 0.20+1.8+0.041 ms clock, 2.4+0.93/2.4/0+0.49 ms cpu, 56->66->37 MB, 65 MB goal, 0 MB stacks, 0 MB globals, 12 P
gc 456 @2.936s 8%: 0.23+1.4+0.17 ms clock, 2.8+1.3/1.8/0+2.1 ms cpu, 66->81->45 MB, 75 MB goal, 0 MB stacks, 0 MB globals, 12 P
gc 457 @2.940s 8%: 0.18+1.2+0.097 ms clock, 2.2+1.2/1.0/0+1.1 ms cpu, 79->88->37 MB, 91 MB goal, 0 MB stacks, 0 MB globals, 12 P
gc 458 @2.944s 8%: 0.19+1.3+0.067 ms clock, 2.2+1.7/1.7/0+0.81 ms cpu, 65->77->41 MB, 75 MB goal, 0 MB stacks, 0 MB globals, 12 P
gc 459 @2.947s 8%: 0.27+1.0+0.11 ms clock, 3.3+1.5/1.2/0+1.3 ms cpu, 72->84->41 MB, 83 MB goal, 0 MB stacks, 0 MB globals, 12 P
gc 460 @2.951s 8%: 0.41+1.1+0.056 ms clock, 5.0+1.0/1.1/0+0.67 ms cpu, 74->82->36 MB, 83 MB goal, 0 MB stacks, 0 MB globals, 12 P
gc 461 @2.955s 8%: 0.17+0.96+0.013 ms clock, 2.1+0.76/1.5/0.033+0.15 ms cpu, 63->68->31 MB, 73 MB goal, 0 MB stacks, 0 MB globals, 12 P
gc 462 @2.957s 8%: 0.20+1.3+0.011 ms clock, 2.4+0.82/1.1/0+0.13 ms cpu, 56->66->36 MB, 63 MB goal, 0 MB stacks, 0 MB globals, 12 P
gc 463 @2.961s 8%: 0.28+0.90+0.12 ms clock, 3.4+0.99/0.92/0+1.4 ms cpu, 63->73->33 MB, 73 MB goal, 0 MB stacks, 0 MB globals, 12 P
gc 464 @2.964s 8%: 0.28+0.95+0.015 ms clock, 3.4+1.2/1.0/0+0.18 ms cpu, 59->67->33 MB, 67 MB goal, 0 MB stacks, 0 MB globals, 12 P
gc 465 @2.967s 8%: 0.28+1.0+0.044 ms clock, 3.4+0.58/1.3/0+0.53 ms cpu, 60->65->39 MB, 67 MB goal, 0 MB stacks, 0 MB globals, 12 P
gc 466 @2.970s 8%: 0.35+1.3+0.11 ms clock, 4.2+1.3/1.4/0+1.3 ms cpu, 68->82->54 MB, 79 MB goal, 0 MB stacks, 0 MB globals, 12 P
gc 467 @2.975s 8%: 0.30+1.4+0.11 ms clock, 3.6+1.0/1.1/0+1.3 ms cpu, 98->110->44 MB, 110 MB goal, 0 MB stacks, 0 MB globals, 12 P
gc 468 @2.979s 8%: 0.33+1.0+0.028 ms clock, 4.0+1.1/1.4/0+0.33 ms cpu, 80->87->35 MB, 89 MB goal, 0 MB stacks, 0 MB globals, 12 P
gc 469 @2.982s 8%: 0.33+1.1+0.14 ms clock, 4.0+0.79/1.7/0+1.7 ms cpu, 60->69->38 MB, 71 MB goal, 0 MB stacks, 0 MB globals, 12 P
gc 470 @2.986s 8%: 0.36+1.2+0.18 ms clock, 4.3+1.2/0.94/0+2.2 ms cpu, 71->82->42 MB, 77 MB goal, 0 MB stacks, 0 MB globals, 12 P
gc 471 @2.990s 8%: 0.28+1.6+0.061 ms clock, 3.4+1.5/1.6/0+0.74 ms cpu, 73->89->42 MB, 85 MB goal, 0 MB stacks, 0 MB globals, 12 P
gc 472 @2.994s 8%: 0.23+1.7+0.052 ms clock, 2.7+1.3/1.5/0+0.62 ms cpu, 72->89->44 MB, 85 MB goal, 0 MB stacks, 0 MB globals, 12 P
gc 473 @2.998s 8%: 0.46+1.0+0.047 ms clock, 5.5+1.0/1.1/0+0.57 ms cpu, 76->86->38 MB, 89 MB goal, 0 MB stacks, 0 MB globals, 12 P
gc 474 @3.002s 8%: 0.21+0.94+0.048 ms clock, 2.5+1.2/1.0/0+0.58 ms cpu, 68->75->36 MB, 77 MB goal, 0 MB stacks, 0 MB globals, 12 P
gc 475 @3.005s 8%: 0.20+1.7+0.009 ms clock, 2.4+1.2/2.2/0+0.11 ms cpu, 64->77->41 MB, 73 MB goal, 0 MB stacks, 0 MB globals, 12 P
gc 476 @3.009s 8%: 0.35+1.6+0.077 ms clock, 4.2+1.2/1.2/0+0.92 ms cpu, 73->88->43 MB, 83 MB goal, 0 MB stacks, 0 MB globals, 12 P
gc 477 @3.014s 8%: 0.43+1.2+0.072 ms clock, 5.1+0.98/1.5/0+0.87 ms cpu, 75->85->37 MB, 87 MB goal, 0 MB stacks, 0 MB globals, 12 P
gc 478 @3.017s 9%: 0.22+0.97+0.059 ms clock, 2.6+1.6/1.1/0+0.71 ms cpu, 65->74->38 MB, 75 MB goal, 0 MB stacks, 0 MB globals, 12 P
gc 479 @3.020s 9%: 0.30+1.1+0.15 ms clock, 3.6+1.0/1.0/0+1.8 ms cpu, 66->78->40 MB, 77 MB goal, 0 MB stacks, 0 MB globals, 12 P
gc 480 @3.024s 9%: 0.38+1.5+0.009 ms clock, 4.6+2.0/1.0/0+0.11 ms cpu, 69->83->40 MB, 81 MB goal, 0 MB stacks, 0 MB globals, 12 P
gc 481 @3.028s 9%: 0.25+1.5+0.035 ms clock, 3.0+1.8/1.0/0+0.42 ms cpu, 69->81->41 MB, 81 MB goal, 0 MB stacks, 0 MB globals, 12 P
gc 482 @3.032s 9%: 0.24+1.1+0.048 ms clock, 2.9+0.90/0.79/0+0.58 ms cpu, 77->85->38 MB, 83 MB goal, 0 MB stacks, 0 MB globals, 12 P
gc 483 @3.035s 9%: 0.26+1.2+0.11 ms clock, 3.1+1.3/1.2/0+1.3 ms cpu, 65->78->40 MB, 77 MB goal, 0 MB stacks, 0 MB globals, 12 P
gc 484 @3.039s 9%: 0.27+1.3+0.056 ms clock, 3.2+1.2/1.4/0+0.67 ms cpu, 70->80->38 MB, 81 MB goal, 0 MB stacks, 0 MB globals, 12 P
gc 485 @3.043s 9%: 0.40+0.95+0.082 ms clock, 4.8+1.4/1.1/0+0.99 ms cpu, 68->77->37 MB, 77 MB goal, 0 MB stacks, 0 MB globals, 12 P
gc 486 @3.046s 9%: 0.23+1.2+0.067 ms clock, 2.7+1.1/1.1/0+0.80 ms cpu, 65->77->37 MB, 75 MB goal, 0 MB stacks, 0 MB globals, 12 P
gc 487 @3.050s 9%: 0.43+1.2+0.069 ms clock, 5.2+1.1/1.4/0+0.82 ms cpu, 64->79->40 MB, 75 MB goal, 0 MB stacks, 0 MB globals, 12 P
gc 488 @3.053s 9%: 0.33+1.1+0.042 ms clock, 4.0+1.2/1.8/0+0.51 ms cpu, 69->80->40 MB, 81 MB goal, 0 MB stacks, 0 MB globals, 12 P
gc 489 @3.057s 9%: 0.15+1.3+0.10 ms clock, 1.8+1.1/0.87/0+1.2 ms cpu, 71->82->41 MB, 81 MB goal, 0 MB stacks, 0 MB globals, 12 P
gc 490 @3.061s 9%: 0.32+1.2+0.14 ms clock, 3.8+1.2/1.4/0+1.7 ms cpu, 71->86->40 MB, 83 MB goal, 0 MB stacks, 0 MB globals, 12 P
gc 491 @3.065s 9%: 0.33+1.4+0.016 ms clock, 4.0+2.0/2.3/0+0.20 ms cpu, 73->82->38 MB, 81 MB goal, 0 MB stacks, 0 MB globals, 12 P
gc 492 @3.068s 9%: 0.27+1.3+0.095 ms clock, 3.3+1.2/1.2/0+1.1 ms cpu, 68->79->40 MB, 77 MB goal, 0 MB stacks, 0 MB globals, 12 P
gc 493 @3.072s 9%: 0.26+1.8+0.092 ms clock, 3.1+2.6/1.2/0+1.1 ms cpu, 69->86->41 MB, 81 MB goal, 0 MB stacks, 0 MB globals, 12 P
gc 494 @3.077s 9%: 0.23+0.98+0.036 ms clock, 2.7+1.2/1.4/0+0.44 ms cpu, 75->81->34 MB, 83 MB goal, 0 MB stacks, 0 MB globals, 12 P
gc 495 @3.080s 9%: 0.20+1.0+0.056 ms clock, 2.5+1.1/1.6/0+0.67 ms cpu, 62->68->48 MB, 69 MB goal, 0 MB stacks, 0 MB globals, 12 P
gc 496 @3.084s 9%: 0.18+1.0+0.11 ms clock, 2.2+1.2/1.2/0+1.3 ms cpu, 84->92->36 MB, 98 MB goal, 0 MB stacks, 0 MB globals, 12 P
gc 497 @3.087s 9%: 0.31+1.2+0.045 ms clock, 3.7+1.2/1.4/0+0.54 ms cpu, 62->71->38 MB, 73 MB goal, 0 MB stacks, 0 MB globals, 12 P
gc 498 @3.090s 9%: 0.27+1.4+0.089 ms clock, 3.3+0.80/2.4/0+1.0 ms cpu, 69->80->42 MB, 77 MB goal, 0 MB stacks, 0 MB globals, 12 P
gc 499 @3.094s 9%: 0.27+1.0+0.11 ms clock, 3.2+1.1/1.0/0+1.3 ms cpu, 72->83->35 MB, 85 MB goal, 0 MB stacks, 0 MB globals, 12 P
gc 500 @3.097s 9%: 0.23+1.2+0.050 ms clock, 2.8+1.3/1.1/0+0.61 ms cpu, 61->72->37 MB, 71 MB goal, 0 MB stacks, 0 MB globals, 12 P
gc 501 @3.101s 9%: 0.28+1.4+0.048 ms clock, 3.3+1.9/1.1/0+0.58 ms cpu, 66->79->42 MB, 75 MB goal, 0 MB stacks, 0 MB globals, 12 P
gc 502 @3.105s 9%: 0.40+1.3+0.10 ms clock, 4.8+1.0/1.9/0+1.3 ms cpu, 74->87->41 MB, 85 MB goal, 0 MB stacks, 0 MB globals, 12 P
gc 503 @3.109s 9%: 0.42+1.4+0.004 ms clock, 5.0+1.3/2.3/0+0.059 ms cpu, 73->84->37 MB, 83 MB goal, 0 MB stacks, 0 MB globals, 12 P
gc 504 @3.113s 9%: 0.17+1.3+0.099 ms clock, 2.1+1.2/1.0/0+1.1 ms cpu, 64->77->38 MB, 75 MB goal, 0 MB stacks, 0 MB globals, 12 P
gc 505 @3.117s 9%: 0.16+0.94+0.033 ms clock, 2.0+1.1/1.8/0+0.39 ms cpu, 69->75->34 MB, 77 MB goal, 0 MB stacks, 0 MB globals, 12 P
gc 506 @3.120s 9%: 0.28+0.74+0.089 ms clock, 3.4+1.1/1.0/0+1.0 ms cpu, 61->68->33 MB, 69 MB goal, 0 MB stacks, 0 MB globals, 12 P
gc 507 @3.122s 9%: 0.38+1.1+0.058 ms clock, 4.6+0.87/1.5/0.003+0.69 ms cpu, 58->67->37 MB, 67 MB goal, 0 MB stacks, 0 MB globals, 12 P
gc 508 @3.126s 9%: 0.38+1.7+0.095 ms clock, 4.6+1.5/1.5/0+1.1 ms cpu, 65->81->43 MB, 75 MB goal, 0 MB stacks, 0 MB globals, 12 P
gc 509 @3.130s 9%: 0.45+1.2+0.098 ms clock, 5.4+1.1/1.1/0+1.1 ms cpu, 74->85->37 MB, 87 MB goal, 0 MB stacks, 0 MB globals, 12 P
gc 510 @3.134s 9%: 0.20+0.99+0.028 ms clock, 2.4+1.2/1.4/0+0.34 ms cpu, 68->74->37 MB, 75 MB goal, 0 MB stacks, 0 MB globals, 12 P
gc 511 @3.137s 9%: 0.19+1.1+0.088 ms clock, 2.2+1.2/1.1/0+1.0 ms cpu, 64->75->37 MB, 75 MB goal, 0 MB stacks, 0 MB globals, 12 P
gc 512 @3.141s 9%: 0.23+0.93+0.054 ms clock, 2.8+1.1/1.1/0+0.65 ms cpu, 70->77->37 MB, 75 MB goal, 0 MB stacks, 0 MB globals, 12 P
gc 513 @3.144s 9%: 0.29+0.90+0.074 ms clock, 3.5+1.2/1.4/0+0.89 ms cpu, 66->72->36 MB, 75 MB goal, 0 MB stacks, 0 MB globals, 12 P
gc 514 @3.146s 9%: 0.30+1.2+0.043 ms clock, 3.6+0.92/1.7/0+0.52 ms cpu, 62->72->36 MB, 73 MB goal, 0 MB stacks, 0 MB globals, 12 P
gc 515 @3.150s 9%: 0.24+1.1+0.15 ms clock, 2.9+1.6/1.4/0+1.8 ms cpu, 62->77->38 MB, 73 MB goal, 0 MB stacks, 0 MB globals, 12 P
gc 516 @3.154s 9%: 0.14+1.0+0.037 ms clock, 1.7+1.2/1.4/0+0.44 ms cpu, 67->75->32 MB, 77 MB goal, 0 MB stacks, 0 MB globals, 12 P
gc 517 @3.157s 9%: 0.22+1.1+0.051 ms clock, 2.7+0.96/0.98/0+0.61 ms cpu, 55->66->39 MB, 65 MB goal, 0 MB stacks, 0 MB globals, 12 P
gc 518 @3.160s 9%: 0.32+1.6+0.094 ms clock, 3.8+0.76/1.7/0+1.1 ms cpu, 71->82->42 MB, 79 MB goal, 0 MB stacks, 0 MB globals, 12 P
gc 519 @3.164s 9%: 0.39+1.0+0.11 ms clock, 4.6+1.0/1.2/0+1.3 ms cpu, 72->85->39 MB, 85 MB goal, 0 MB stacks, 0 MB globals, 12 P
gc 520 @3.168s 9%: 0.17+1.4+0.049 ms clock, 2.1+1.2/1.1/0+0.58 ms cpu, 68->81->40 MB, 79 MB goal, 0 MB stacks, 0 MB globals, 12 P
gc 521 @3.171s 9%: 0.32+1.1+0.060 ms clock, 3.8+1.3/1.4/0+0.72 ms cpu, 70->79->34 MB, 81 MB goal, 0 MB stacks, 0 MB globals, 12 P
gc 522 @3.174s 9%: 0.18+1.2+0.092 ms clock, 2.2+1.3/2.0/0+1.1 ms cpu, 59->70->37 MB, 69 MB goal, 0 MB stacks, 0 MB globals, 12 P
gc 523 @3.178s 9%: 0.38+1.0+0.040 ms clock, 4.5+1.1/2.0/0+0.49 ms cpu, 71->74->49 MB, 75 MB goal, 0 MB stacks, 0 MB globals, 12 P
gc 524 @3.182s 9%: 0.34+1.8+0.070 ms clock, 4.1+1.2/3.3/0+0.84 ms cpu, 85->103->46 MB, 98 MB goal, 0 MB stacks, 0 MB globals, 12 P
gc 525 @3.187s 9%: 0.36+1.4+0.078 ms clock, 4.3+1.0/3.1/0.91+0.93 ms cpu, 83->91->39 MB, 93 MB goal, 0 MB stacks, 0 MB globals, 12 P
gc 526 @3.190s 9%: 0.39+1.8+0.031 ms clock, 4.7+1.3/2.4/0+0.37 ms cpu, 69->85->48 MB, 79 MB goal, 0 MB stacks, 0 MB globals, 12 P
gc 527 @3.195s 9%: 0.40+1.6+0.10 ms clock, 4.8+1.1/1.6/0+1.2 ms cpu, 84->96->43 MB, 97 MB goal, 0 MB stacks, 0 MB globals, 12 P
gc 528 @3.199s 9%: 0.34+0.64+0.061 ms clock, 4.1+1.1/0.90/0+0.73 ms cpu, 77->83->33 MB, 87 MB goal, 0 MB stacks, 0 MB globals, 12 P
gc 529 @3.202s 9%: 0.18+0.96+0.053 ms clock, 2.2+1.2/1.6/0+0.63 ms cpu, 61->65->32 MB, 67 MB goal, 0 MB stacks, 0 MB globals, 12 P
gc 530 @3.205s 9%: 0.23+1.3+0.082 ms clock, 2.7+1.1/1.6/0+0.98 ms cpu, 56->64->37 MB, 65 MB goal, 0 MB stacks, 0 MB globals, 12 P
gc 531 @3.208s 9%: 0.19+1.4+0.020 ms clock, 2.3+1.0/1.4/0.054+0.24 ms cpu, 65->76->38 MB, 75 MB goal, 0 MB stacks, 0 MB globals, 12 P
gc 532 @3.212s 9%: 0.20+1.0+0.033 ms clock, 2.4+1.3/1.4/0+0.39 ms cpu, 68->75->34 MB, 77 MB goal, 0 MB stacks, 0 MB globals, 12 P
gc 533 @3.214s 9%: 0.32+1.2+0.11 ms clock, 3.8+1.2/1.5/0+1.3 ms cpu, 60->70->36 MB, 69 MB goal, 0 MB stacks, 0 MB globals, 12 P
gc 534 @3.218s 9%: 0.21+1.3+0.066 ms clock, 2.5+0.57/1.2/0+0.79 ms cpu, 63->73->36 MB, 73 MB goal, 0 MB stacks, 0 MB globals, 12 P
gc 535 @3.221s 9%: 0.22+1.7+0.097 ms clock, 2.6+1.7/1.5/0+1.1 ms cpu, 63->78->42 MB, 73 MB goal, 0 MB stacks, 0 MB globals, 12 P
gc 536 @3.225s 9%: 0.28+1.7+0.086 ms clock, 3.3+2.3/1.4/0+1.0 ms cpu, 74->89->59 MB, 85 MB goal, 0 MB stacks, 0 MB globals, 12 P
gc 537 @3.231s 9%: 0.34+0.74+0.21 ms clock, 4.1+1.2/0.86/0+2.6 ms cpu, 101->111->31 MB, 118 MB goal, 0 MB stacks, 0 MB globals, 12 P
gc 538 @3.234s 9%: 0.31+0.88+0.059 ms clock, 3.7+0.97/1.4/0+0.70 ms cpu, 54->61->36 MB, 63 MB goal, 0 MB stacks, 0 MB globals, 12 P
gc 539 @3.237s 9%: 0.30+1.1+0.15 ms clock, 3.6+1.2/1.3/0+1.8 ms cpu, 64->73->49 MB, 73 MB goal, 0 MB stacks, 0 MB globals, 12 P
gc 540 @3.241s 9%: 0.41+1.0+0.21 ms clock, 4.9+1.3/1.4/0+2.5 ms cpu, 88->98->40 MB, 100 MB goal, 0 MB stacks, 0 MB globals, 12 P
gc 541 @3.245s 9%: 0.22+0.90+0.14 ms clock, 2.7+1.2/0.87/0+1.7 ms cpu, 69->82->34 MB, 81 MB goal, 0 MB stacks, 0 MB globals, 12 P
gc 542 @3.248s 9%: 0.20+0.90+0.015 ms clock, 2.4+1.1/1.2/0+0.18 ms cpu, 62->67->31 MB, 69 MB goal, 0 MB stacks, 0 MB globals, 12 P
gc 543 @3.251s 9%: 0.17+1.0+0.015 ms clock, 2.1+1.2/1.4/0+0.19 ms cpu, 56->64->35 MB, 63 MB goal, 0 MB stacks, 0 MB globals, 12 P
gc 544 @3.254s 9%: 0.15+1.4+0.11 ms clock, 1.8+1.2/1.7/0.003+1.3 ms cpu, 61->73->39 MB, 71 MB goal, 0 MB stacks, 0 MB globals, 12 P
gc 545 @3.258s 9%: 0.21+1.6+0.080 ms clock, 2.5+1.3/1.4/0+0.96 ms cpu, 68->81->40 MB, 79 MB goal, 0 MB stacks, 0 MB globals, 12 P
gc 546 @3.262s 9%: 0.19+1.0+0.057 ms clock, 2.3+0.87/1.9/0+0.69 ms cpu, 74->78->34 MB, 81 MB goal, 0 MB stacks, 0 MB globals, 12 P
gc 547 @3.265s 9%: 0.16+1.5+0.10 ms clock, 1.9+1.7/1.5/0+1.2 ms cpu, 59->73->39 MB, 69 MB goal, 0 MB stacks, 0 MB globals, 12 P
gc 548 @3.268s 9%: 0.20+0.97+0.079 ms clock, 2.4+1.1/0.82/0+0.95 ms cpu, 68->77->37 MB, 79 MB goal, 0 MB stacks, 0 MB globals, 12 P
gc 549 @3.272s 9%: 0.21+0.91+0.10 ms clock, 2.5+1.2/1.1/0+1.2 ms cpu, 66->77->35 MB, 75 MB goal, 0 MB stacks, 0 MB globals, 12 P
gc 550 @3.275s 9%: 0.47+0.78+0.036 ms clock, 5.7+1.1/1.3/0+0.43 ms cpu, 63->68->34 MB, 71 MB goal, 0 MB stacks, 0 MB globals, 12 P
gc 551 @3.278s 9%: 0.32+1.0+0.064 ms clock, 3.9+1.0/1.2/0+0.77 ms cpu, 60->71->37 MB, 69 MB goal, 0 MB stacks, 0 MB globals, 12 P
gc 552 @3.281s 9%: 0.21+0.93+0.11 ms clock, 2.6+1.4/1.6/0+1.3 ms cpu, 66->72->34 MB, 75 MB goal, 0 MB stacks, 0 MB globals, 12 P
gc 553 @3.285s 9%: 0.23+1.0+0.013 ms clock, 2.8+1.3/0.97/0+0.15 ms cpu, 61->70->35 MB, 69 MB goal, 0 MB stacks, 0 MB globals, 12 P
gc 554 @3.288s 9%: 0.33+1.0+0.011 ms clock, 3.9+1.0/1.1/0+0.13 ms cpu, 64->72->36 MB, 71 MB goal, 0 MB stacks, 0 MB globals, 12 P
gc 555 @3.291s 9%: 0.29+1.3+0.11 ms clock, 3.5+0.77/1.1/0+1.3 ms cpu, 63->75->53 MB, 73 MB goal, 0 MB stacks, 0 MB globals, 12 P
gc 556 @3.296s 9%: 0.23+1.2+0.084 ms clock, 2.8+1.0/1.1/0+1.0 ms cpu, 97->107->40 MB, 106 MB goal, 0 MB stacks, 0 MB globals, 12 P
gc 557 @3.300s 9%: 0.32+1.1+0.097 ms clock, 3.9+0.78/1.5/0+1.1 ms cpu, 72->84->39 MB, 81 MB goal, 0 MB stacks, 0 MB globals, 12 P
gc 558 @3.304s 9%: 0.27+1.3+0.14 ms clock, 3.3+1.3/1.5/0+1.7 ms cpu, 69->79->35 MB, 79 MB goal, 0 MB stacks, 0 MB globals, 12 P
gc 559 @3.307s 9%: 0.23+1.3+0.15 ms clock, 2.8+1.4/1.3/0+1.8 ms cpu, 63->75->40 MB, 71 MB goal, 0 MB stacks, 0 MB globals, 12 P
gc 560 @3.311s 9%: 0.26+1.4+0.10 ms clock, 3.1+1.1/1.0/0+1.2 ms cpu, 70->82->39 MB, 81 MB goal, 0 MB stacks, 0 MB globals, 12 P
gc 561 @3.315s 9%: 0.26+1.2+0.085 ms clock, 3.1+1.0/1.5/0+1.0 ms cpu, 67->79->41 MB, 79 MB goal, 0 MB stacks, 0 MB globals, 12 P
gc 562 @3.318s 9%: 0.30+1.2+0.12 ms clock, 3.6+1.3/1.4/0+1.4 ms cpu, 73->83->39 MB, 83 MB goal, 0 MB stacks, 0 MB globals, 12 P
gc 563 @3.322s 9%: 0.30+1.6+0.043 ms clock, 3.6+1.0/2.5/0.12+0.52 ms cpu, 67->82->43 MB, 79 MB goal, 0 MB stacks, 0 MB globals, 12 P
gc 564 @3.326s 9%: 0.42+0.93+0.084 ms clock, 5.0+1.0/1.3/0+1.0 ms cpu, 74->83->35 MB, 87 MB goal, 0 MB stacks, 0 MB globals, 12 P
gc 565 @3.329s 9%: 0.18+1.1+0.031 ms clock, 2.2+1.3/1.4/0+0.37 ms cpu, 63->71->35 MB, 71 MB goal, 0 MB stacks, 0 MB globals, 12 P
gc 566 @3.332s 9%: 0.38+1.2+0.11 ms clock, 4.6+1.2/1.3/0+1.3 ms cpu, 62->74->36 MB, 71 MB goal, 0 MB stacks, 0 MB globals, 12 P
gc 567 @3.336s 9%: 0.18+0.94+0.056 ms clock, 2.2+1.2/1.0/0+0.67 ms cpu, 62->71->34 MB, 73 MB goal, 0 MB stacks, 0 MB globals, 12 P
gc 568 @3.339s 9%: 0.31+0.80+0.064 ms clock, 3.8+0.85/1.5/0+0.77 ms cpu, 60->67->35 MB, 69 MB goal, 0 MB stacks, 0 MB globals, 12 P
gc 569 @3.342s 9%: 0.20+0.83+0.008 ms clock, 2.4+0.67/1.3/0+0.10 ms cpu, 64->69->32 MB, 71 MB goal, 0 MB stacks, 0 MB globals, 12 P
gc 570 @3.345s 9%: 0.19+1.0+0.12 ms clock, 2.2+1.1/1.5/0+1.5 ms cpu, 56->65->35 MB, 65 MB goal, 0 MB stacks, 0 MB globals, 12 P
gc 571 @3.348s 9%: 0.16+1.9+0.10 ms clock, 1.9+1.3/2.4/0+1.2 ms cpu, 60->77->43 MB, 71 MB goal, 0 MB stacks, 0 MB globals, 12 P
gc 572 @3.354s 9%: 0.16+0.90+0.095 ms clock, 2.0+0.90/1.3/0.037+1.1 ms cpu, 94->98->50 MB, 94 MB goal, 0 MB stacks, 0 MB globals, 12 P
gc 573 @3.358s 9%: 0.26+1.2+0.13 ms clock, 3.2+1.0/1.1/0+1.6 ms cpu, 86->98->40 MB, 101 MB goal, 0 MB stacks, 0 MB globals, 12 P
gc 574 @3.362s 9%: 0.17+1.1+0.040 ms clock, 2.0+1.0/1.5/0+0.49 ms cpu, 69->79->38 MB, 81 MB goal, 0 MB stacks, 0 MB globals, 12 P
gc 575 @3.365s 9%: 0.40+1.5+0.026 ms clock, 4.8+1.3/1.6/0+0.31 ms cpu, 67->78->39 MB, 77 MB goal, 0 MB stacks, 0 MB globals, 12 P
gc 576 @3.369s 9%: 1.4+0.28+0.094 ms clock, 17+1.7/0.88/0+1.1 ms cpu, 68->84->46 MB, 79 MB goal, 0 MB stacks, 0 MB globals, 12 P
gc 577 @3.373s 9%: 0.45+1.3+0.095 ms clock, 5.4+0.95/0.99/0+1.1 ms cpu, 80->93->41 MB, 93 MB goal, 0 MB stacks, 0 MB globals, 12 P
gc 578 @3.377s 9%: 0.36+0.91+0.064 ms clock, 4.3+1.2/1.1/0+0.77 ms cpu, 73->81->34 MB, 83 MB goal, 0 MB stacks, 0 MB globals, 12 P
gc 579 @3.380s 9%: 0.30+1.0+0.044 ms clock, 3.6+1.1/1.5/0+0.53 ms cpu, 62->70->37 MB, 69 MB goal, 0 MB stacks, 0 MB globals, 12 P
gc 580 @3.384s 9%: 0.30+1.2+0.13 ms clock, 3.6+1.3/1.3/0+1.6 ms cpu, 64->76->52 MB, 75 MB goal, 0 MB stacks, 0 MB globals, 12 P
gc 581 @3.388s 9%: 0.39+1.4+0.10 ms clock, 4.7+0.94/1.9/0+1.2 ms cpu, 93->104->42 MB, 104 MB goal, 0 MB stacks, 0 MB globals, 12 P
gc 582 @3.392s 9%: 0.30+1.3+0.072 ms clock, 3.6+1.1/1.5/0+0.86 ms cpu, 74->86->40 MB, 85 MB goal, 0 MB stacks, 0 MB globals, 12 P
gc 583 @3.396s 9%: 0.30+1.2+0.022 ms clock, 3.6+0.90/1.3/0+0.26 ms cpu, 71->82->37 MB, 81 MB goal, 0 MB stacks, 0 MB globals, 12 P
gc 584 @3.400s 9%: 0.34+1.2+0.043 ms clock, 4.1+0.91/1.1/0+0.52 ms cpu, 66->77->39 MB, 75 MB goal, 0 MB stacks, 0 MB globals, 12 P
gc 585 @3.403s 9%: 0.17+1.2+0.10 ms clock, 2.1+1.3/0.89/0+1.2 ms cpu, 70->81->41 MB, 79 MB goal, 0 MB stacks, 0 MB globals, 12 P
gc 586 @3.407s 9%: 0.20+0.80+0.068 ms clock, 2.4+1.1/1.5/0+0.82 ms cpu, 72->78->32 MB, 83 MB goal, 0 MB stacks, 0 MB globals, 12 P
gc 587 @3.410s 9%: 0.22+1.3+0.048 ms clock, 2.7+1.4/1.1/0.033+0.58 ms cpu, 55->66->38 MB, 65 MB goal, 0 MB stacks, 0 MB globals, 12 P
gc 588 @3.413s 9%: 0.32+1.3+0.11 ms clock, 3.8+0.96/1.9/0+1.4 ms cpu, 66->80->41 MB, 77 MB goal, 0 MB stacks, 0 MB globals, 12 P
gc 589 @3.417s 9%: 0.30+0.93+0.14 ms clock, 3.6+1.0/1.1/0+1.7 ms cpu, 73->83->39 MB, 83 MB goal, 0 MB stacks, 0 MB globals, 12 P
gc 590 @3.421s 9%: 0.29+0.91+0.074 ms clock, 3.5+1.2/1.1/0+0.89 ms cpu, 69->77->37 MB, 79 MB goal, 0 MB stacks, 0 MB globals, 12 P
gc 591 @3.424s 9%: 0.26+1.5+0.012 ms clock, 3.2+0.92/1.3/0+0.14 ms cpu, 64->77->53 MB, 75 MB goal, 0 MB stacks, 0 MB globals, 12 P
gc 592 @3.429s 9%: 0.44+1.3+0.11 ms clock, 5.3+1.0/0.86/0+1.3 ms cpu, 92->105->40 MB, 106 MB goal, 0 MB stacks, 0 MB globals, 12 P
gc 593 @3.433s 9%: 0.29+1.3+0.031 ms clock, 3.5+0.90/2.1/0+0.38 ms cpu, 72->82->39 MB, 81 MB goal, 0 MB stacks, 0 MB globals, 12 P
gc 594 @3.437s 9%: 0.33+1.0+0.013 ms clock, 4.0+0.84/1.1/0+0.16 ms cpu, 71->78->38 MB, 79 MB goal, 0 MB stacks, 0 MB globals, 12 P
gc 595 @3.440s 9%: 0.20+1.0+0.041 ms clock, 2.4+1.1/0.93/0+0.49 ms cpu, 69->79->39 MB, 77 MB goal, 0 MB stacks, 0 MB globals, 12 P
gc 596 @3.444s 9%: 0.23+1.5+0.026 ms clock, 2.7+1.6/2.3/0+0.31 ms cpu, 70->79->39 MB, 79 MB goal, 0 MB stacks, 0 MB globals, 12 P
gc 597 @3.447s 9%: 0.22+1.4+0.084 ms clock, 2.7+1.1/1.6/0+1.0 ms cpu, 71->82->40 MB, 79 MB goal, 0 MB stacks, 0 MB globals, 12 P
gc 598 @3.451s 9%: 0.46+1.6+0.10 ms clock, 5.5+2.3/1.0/0+1.2 ms cpu, 71->87->46 MB, 81 MB goal, 0 MB stacks, 0 MB globals, 12 P
gc 599 @3.456s 9%: 0.21+1.2+0.094 ms clock, 2.6+1.3/0.82/0+1.1 ms cpu, 81->91->37 MB, 93 MB goal, 0 MB stacks, 0 MB globals, 12 P
gc 600 @3.459s 9%: 0.24+1.1+0.082 ms clock, 2.8+1.3/1.2/0+0.99 ms cpu, 65->77->37 MB, 75 MB goal, 0 MB stacks, 0 MB globals, 12 P
gc 601 @3.463s 9%: 0.26+1.0+0.075 ms clock, 3.2+0.89/1.1/0+0.91 ms cpu, 66->77->40 MB, 75 MB goal, 0 MB stacks, 0 MB globals, 12 P
gc 602 @3.467s 9%: 0.37+0.89+0.072 ms clock, 4.4+1.1/1.1/0.087+0.87 ms cpu, 71->79->37 MB, 81 MB goal, 0 MB stacks, 0 MB globals, 12 P
gc 603 @3.470s 9%: 0.34+1.0+0.025 ms clock, 4.1+0.79/1.2/0+0.31 ms cpu, 65->73->38 MB, 75 MB goal, 0 MB stacks, 0 MB globals, 12 P
gc 604 @3.473s 9%: 0.24+1.0+0.035 ms clock, 2.8+1.2/1.3/0+0.43 ms cpu, 67->74->36 MB, 77 MB goal, 0 MB stacks, 0 MB globals, 12 P
gc 605 @3.476s 9%: 0.21+0.84+0.083 ms clock, 2.5+1.2/1.1/0+1.0 ms cpu, 62->69->34 MB, 73 MB goal, 0 MB stacks, 0 MB globals, 12 P
gc 606 @3.479s 9%: 0.33+0.87+0.069 ms clock, 4.0+1.1/1.2/0+0.83 ms cpu, 59->65->34 MB, 69 MB goal, 0 MB stacks, 0 MB globals, 12 P
gc 607 @3.482s 9%: 0.19+0.79+0.26 ms clock, 2.3+1.2/1.3/0+3.1 ms cpu, 60->69->34 MB, 69 MB goal, 0 MB stacks, 0 MB globals, 12 P
gc 608 @3.485s 9%: 0.31+1.1+0.009 ms clock, 3.8+1.1/1.5/0.009+0.11 ms cpu, 60->67->35 MB, 69 MB goal, 0 MB stacks, 0 MB globals, 12 P
gc 609 @3.488s 9%: 0.19+0.76+0.082 ms clock, 2.3+1.1/1.3/0+0.98 ms cpu, 66->70->34 MB, 71 MB goal, 0 MB stacks, 0 MB globals, 12 P
gc 610 @3.491s 10%: 0.36+0.99+0.030 ms clock, 4.3+1.1/1.4/0+0.36 ms cpu, 59->67->34 MB, 69 MB goal, 0 MB stacks, 0 MB globals, 12 P
gc 611 @3.494s 10%: 0.28+1.0+0.11 ms clock, 3.4+1.6/1.2/0+1.3 ms cpu, 60->72->37 MB, 69 MB goal, 0 MB stacks, 0 MB globals, 12 P
gc 612 @3.497s 10%: 0.52+1.4+0.12 ms clock, 6.2+1.3/2.0/0+1.4 ms cpu, 65->80->43 MB, 75 MB goal, 0 MB stacks, 0 MB globals, 12 P
gc 613 @3.502s 10%: 0.27+1.2+0.22 ms clock, 3.3+1.3/1.2/0+2.7 ms cpu, 74->88->41 MB, 87 MB goal, 0 MB stacks, 0 MB globals, 12 P
gc 614 @3.506s 10%: 0.44+1.3+0.074 ms clock, 5.3+1.3/1.9/0+0.89 ms cpu, 75->87->52 MB, 83 MB goal, 0 MB stacks, 0 MB globals, 12 P
gc 615 @3.511s 10%: 0.17+1.3+0.093 ms clock, 2.1+1.3/1.5/0+1.1 ms cpu, 93->103->37 MB, 104 MB goal, 0 MB stacks, 0 MB globals, 12 P
gc 616 @3.515s 10%: 0.28+0.72+0.065 ms clock, 3.4+1.3/1.1/0+0.78 ms cpu, 71->75->36 MB, 75 MB goal, 0 MB stacks, 0 MB globals, 12 P
gc 617 @3.518s 10%: 0.19+1.2+0.13 ms clock, 2.3+0.66/1.5/0+1.5 ms cpu, 62->75->39 MB, 73 MB goal, 0 MB stacks, 0 MB globals, 12 P
gc 618 @3.521s 10%: 0.32+1.0+0.095 ms clock, 3.8+0.95/1.3/0+1.1 ms cpu, 73->78->34 MB, 79 MB goal, 0 MB stacks, 0 MB globals, 12 P
gc 619 @3.525s 10%: 0.35+1.2+0.033 ms clock, 4.2+1.1/1.5/0+0.39 ms cpu, 61->72->37 MB, 69 MB goal, 0 MB stacks, 0 MB globals, 12 P
gc 620 @3.528s 10%: 0.24+1.1+0.027 ms clock, 2.9+1.5/1.7/0+0.33 ms cpu, 69->76->33 MB, 75 MB goal, 0 MB stacks, 0 MB globals, 12 P
gc 621 @3.531s 10%: 0.27+1.2+0.062 ms clock, 3.2+1.0/1.6/0+0.74 ms cpu, 59->69->38 MB, 67 MB goal, 0 MB stacks, 0 MB globals, 12 P
gc 622 @3.535s 10%: 0.33+0.91+0.058 ms clock, 3.9+1.7/1.4/0+0.69 ms cpu, 69->74->35 MB, 77 MB goal, 0 MB stacks, 0 MB globals, 12 P
gc 623 @3.538s 10%: 0.20+1.1+0.031 ms clock, 2.4+1.3/1.1/0+0.38 ms cpu, 61->70->38 MB, 71 MB goal, 0 MB stacks, 0 MB globals, 12 P
gc 624 @3.541s 10%: 0.23+0.90+0.011 ms clock, 2.8+1.2/1.6/0+0.14 ms cpu, 70->74->45 MB, 77 MB goal, 0 MB stacks, 0 MB globals, 12 P
gc 625 @3.545s 10%: 0.27+0.91+0.057 ms clock, 3.3+1.1/1.8/0+0.69 ms cpu, 79->83->34 MB, 90 MB goal, 0 MB stacks, 0 MB globals, 12 P
gc 626 @3.547s 10%: 0.24+1.1+0.015 ms clock, 2.9+1.3/1.5/0+0.18 ms cpu, 62->68->33 MB, 69 MB goal, 0 MB stacks, 0 MB globals, 12 P
gc 627 @3.550s 10%: 0.27+1.2+0.084 ms clock, 3.2+1.0/1.7/0+1.0 ms cpu, 57->68->38 MB, 67 MB goal, 0 MB stacks, 0 MB globals, 12 P
gc 628 @3.554s 10%: 0.37+1.2+0.14 ms clock, 4.4+1.0/0.86/0+1.7 ms cpu, 68->79->40 MB, 77 MB goal, 0 MB stacks, 0 MB globals, 12 P
gc 629 @3.558s 10%: 0.15+0.90+0.004 ms clock, 1.8+1.1/1.2/0+0.051 ms cpu, 73->77->30 MB, 81 MB goal, 0 MB stacks, 0 MB globals, 12 P
gc 630 @3.561s 10%: 0.26+0.84+0.089 ms clock, 3.2+1.1/0.89/0+1.0 ms cpu, 53->60->35 MB, 61 MB goal, 0 MB stacks, 0 MB globals, 12 P
gc 631 @3.564s 10%: 0.37+1.3+0.10 ms clock, 4.5+1.2/0.96/0+1.3 ms cpu, 64->75->41 MB, 71 MB goal, 0 MB stacks, 0 MB globals, 12 P
gc 632 @3.568s 10%: 0.25+1.2+0.16 ms clock, 3.0+1.4/2.2/0+1.9 ms cpu, 75->85->40 MB, 83 MB goal, 0 MB stacks, 0 MB globals, 12 P
gc 633 @3.571s 10%: 0.25+1.7+0.037 ms clock, 3.0+1.1/3.1/0+0.45 ms cpu, 70->85->43 MB, 81 MB goal, 0 MB stacks, 0 MB globals, 12 P
gc 634 @3.576s 10%: 0.42+1.1+0.084 ms clock, 5.1+1.3/1.6/0+1.0 ms cpu, 76->86->36 MB, 87 MB goal, 0 MB stacks, 0 MB globals, 12 P
gc 635 @3.579s 10%: 0.26+1.1+0.010 ms clock, 3.1+0.97/1.6/0+0.12 ms cpu, 64->71->48 MB, 73 MB goal, 0 MB stacks, 0 MB globals, 12 P
gc 636 @3.583s 10%: 0.44+1.2+0.11 ms clock, 5.3+1.1/1.2/0+1.3 ms cpu, 83->99->43 MB, 96 MB goal, 0 MB stacks, 0 MB globals, 12 P
gc 637 @3.588s 10%: 0.20+1.1+0.020 ms clock, 2.4+1.2/1.2/0+0.24 ms cpu, 75->85->34 MB, 87 MB goal, 0 MB stacks, 0 MB globals, 12 P
gc 638 @3.590s 10%: 0.41+1.1+0.056 ms clock, 4.9+1.1/1.4/0+0.67 ms cpu, 59->69->35 MB, 69 MB goal, 0 MB stacks, 0 MB globals, 12 P
gc 639 @3.594s 10%: 0.22+1.4+0.058 ms clock, 2.6+1.0/1.1/0+0.70 ms cpu, 61->72->38 MB, 71 MB goal, 0 MB stacks, 0 MB globals, 12 P
gc 640 @3.597s 10%: 0.21+0.92+0.068 ms clock, 2.5+1.2/1.3/0+0.81 ms cpu, 67->73->33 MB, 77 MB goal, 0 MB stacks, 0 MB globals, 12 P
gc 641 @3.600s 10%: 0.20+1.3+0.033 ms clock, 2.4+1.0/2.4/0.019+0.39 ms cpu, 57->66->37 MB, 67 MB goal, 0 MB stacks, 0 MB globals, 12 P
gc 642 @3.603s 10%: 0.25+1.3+0.11 ms clock, 3.0+1.2/1.2/0+1.3 ms cpu, 64->77->39 MB, 75 MB goal, 0 MB stacks, 0 MB globals, 12 P
gc 643 @3.607s 10%: 0.22+1.3+0.005 ms clock, 2.6+1.3/1.3/0+0.066 ms cpu, 70->78->35 MB, 79 MB goal, 0 MB stacks, 0 MB globals, 12 P
gc 644 @3.610s 10%: 0.27+1.3+0.029 ms clock, 3.3+1.3/1.9/0+0.35 ms cpu, 64->72->51 MB, 71 MB goal, 0 MB stacks, 0 MB globals, 12 P
gc 645 @3.615s 10%: 0.23+1.2+0.081 ms clock, 2.8+0.91/1.5/0+0.97 ms cpu, 95->101->36 MB, 102 MB goal, 0 MB stacks, 0 MB globals, 12 P
gc 646 @3.618s 10%: 0.22+1.2+0.062 ms clock, 2.6+1.0/1.5/0+0.74 ms cpu, 65->75->35 MB, 73 MB goal, 0 MB stacks, 0 MB globals, 12 P
gc 647 @3.621s 10%: 0.27+0.87+0.093 ms clock, 3.2+1.1/1.4/0+1.1 ms cpu, 61->68->36 MB, 71 MB goal, 0 MB stacks, 0 MB globals, 12 P
gc 648 @3.624s 10%: 0.37+1.9+0.026 ms clock, 4.5+2.7/1.0/0+0.32 ms cpu, 63->82->44 MB, 73 MB goal, 0 MB stacks, 0 MB globals, 12 P
gc 649 @3.629s 10%: 0.53+1.1+0.097 ms clock, 6.4+0.77/1.3/0+1.1 ms cpu, 78->87->38 MB, 89 MB goal, 0 MB stacks, 0 MB globals, 12 P
gc 650 @3.633s 10%: 0.32+1.2+0.037 ms clock, 3.8+1.0/0.90/0+0.44 ms cpu, 68->78->40 MB, 77 MB goal, 0 MB stacks, 0 MB globals, 12 P
gc 651 @3.637s 10%: 0.24+1.2+0.069 ms clock, 2.9+1.3/0.93/0+0.83 ms cpu, 71->81->37 MB, 81 MB goal, 0 MB stacks, 0 MB globals, 12 P
gc 652 @3.640s 10%: 0.27+0.80+0.033 ms clock, 3.2+1.2/1.2/0+0.40 ms cpu, 69->73->32 MB, 75 MB goal, 0 MB stacks, 0 MB globals, 12 P
gc 653 @3.643s 10%: 0.42+0.66+0.048 ms clock, 5.0+0.88/0.89/0+0.58 ms cpu, 56->62->30 MB, 65 MB goal, 0 MB stacks, 0 MB globals, 12 P
gc 654 @3.646s 10%: 0.11+1.0+0.083 ms clock, 1.4+0.98/0.67/0+0.99 ms cpu, 52->60->34 MB, 61 MB goal, 0 MB stacks, 0 MB globals, 12 P
gc 655 @3.648s 10%: 0.26+1.4+0.16 ms clock, 3.2+1.1/1.4/0+2.0 ms cpu, 59->75->41 MB, 69 MB goal, 0 MB stacks, 0 MB globals, 12 P
gc 656 @3.653s 10%: 0.25+1.0+0.093 ms clock, 3.0+1.0/1.1/0+1.1 ms cpu, 71->79->35 MB, 83 MB goal, 0 MB stacks, 0 MB globals, 12 P
gc 657 @3.655s 10%: 0.35+1.1+0.060 ms clock, 4.2+1.2/1.5/0+0.72 ms cpu, 61->69->36 MB, 71 MB goal, 0 MB stacks, 0 MB globals, 12 P
gc 658 @3.659s 10%: 0.32+0.87+0.074 ms clock, 3.8+1.3/1.7/0+0.89 ms cpu, 68->74->35 MB, 73 MB goal, 0 MB stacks, 0 MB globals, 12 P
gc 659 @3.662s 10%: 0.25+0.88+0.068 ms clock, 3.0+1.6/1.4/0+0.82 ms cpu, 61->68->36 MB, 71 MB goal, 0 MB stacks, 0 MB globals, 12 P
gc 660 @3.665s 10%: 0.32+0.98+0.010 ms clock, 3.9+0.62/1.0/0+0.13 ms cpu, 62->72->38 MB, 73 MB goal, 0 MB stacks, 0 MB globals, 12 P
gc 661 @3.668s 10%: 0.25+1.3+0.090 ms clock, 3.0+1.3/1.2/0.004+1.0 ms cpu, 68->79->40 MB, 77 MB goal, 0 MB stacks, 0 MB globals, 12 P
gc 662 @3.672s 10%: 0.24+1.4+0.085 ms clock, 2.9+0.77/1.7/0+1.0 ms cpu, 69->80->36 MB, 81 MB goal, 0 MB stacks, 0 MB globals, 12 P
gc 663 @3.676s 10%: 0.28+1.0+0.062 ms clock, 3.3+0.73/2.1/0+0.74 ms cpu, 64->71->35 MB, 73 MB goal, 0 MB stacks, 0 MB globals, 12 P
gc 664 @3.679s 10%: 0.47+1.2+0.051 ms clock, 5.6+0.79/0.93/0+0.61 ms cpu, 60->72->38 MB, 71 MB goal, 0 MB stacks, 0 MB globals, 12 P
gc 665 @3.682s 10%: 0.29+1.7+0.005 ms clock, 3.5+1.4/2.4/0.040+0.065 ms cpu, 67->80->40 MB, 77 MB goal, 0 MB stacks, 0 MB globals, 12 P
gc 666 @3.686s 10%: 0.35+1.1+0.037 ms clock, 4.2+1.1/1.0/0+0.44 ms cpu, 69->79->35 MB, 81 MB goal, 0 MB stacks, 0 MB globals, 12 P
gc 667 @3.690s 10%: 0.33+1.0+0.13 ms clock, 4.0+1.3/1.4/0+1.6 ms cpu, 64->75->39 MB, 71 MB goal, 0 MB stacks, 0 MB globals, 12 P
gc 668 @3.694s 10%: 0.22+0.85+0.071 ms clock, 2.7+1.3/1.2/0+0.85 ms cpu, 72->76->33 MB, 79 MB goal, 0 MB stacks, 0 MB globals, 12 P
gc 669 @3.696s 10%: 0.26+0.99+0.094 ms clock, 3.1+0.48/1.1/0+1.1 ms cpu, 57->65->35 MB, 67 MB goal, 0 MB stacks, 0 MB globals, 12 P
gc 670 @3.699s 10%: 0.25+1.0+0.10 ms clock, 3.0+0.76/0.87/0+1.2 ms cpu, 62->73->38 MB, 71 MB goal, 0 MB stacks, 0 MB globals, 12 P
gc 671 @3.703s 10%: 0.26+0.78+0.16 ms clock, 3.2+1.1/0.91/0+1.9 ms cpu, 66->76->35 MB, 77 MB goal, 0 MB stacks, 0 MB globals, 12 P
gc 672 @3.706s 10%: 0.19+1.2+0.048 ms clock, 2.3+1.2/1.0/0+0.58 ms cpu, 62->73->40 MB, 71 MB goal, 0 MB stacks, 0 MB globals, 12 P
gc 673 @3.710s 10%: 0.33+0.95+0.10 ms clock, 4.0+1.0/1.2/0+1.2 ms cpu, 74->79->35 MB, 81 MB goal, 0 MB stacks, 0 MB globals, 12 P
gc 674 @3.713s 10%: 0.35+0.84+0.062 ms clock, 4.2+1.0/1.2/0+0.74 ms cpu, 62->69->37 MB, 71 MB goal, 0 MB stacks, 0 MB globals, 12 P
gc 675 @3.716s 10%: 0.25+0.96+0.11 ms clock, 3.0+1.0/1.1/0+1.3 ms cpu, 65->74->39 MB, 75 MB goal, 0 MB stacks, 0 MB globals, 12 P
gc 676 @3.720s 10%: 0.31+0.97+0.061 ms clock, 3.7+1.1/1.6/0.031+0.74 ms cpu, 79->84->46 MB, 80 MB goal, 0 MB stacks, 0 MB globals, 12 P
gc 677 @3.724s 10%: 0.22+0.93+0.13 ms clock, 2.7+0.94/1.2/0+1.6 ms cpu, 80->86->38 MB, 93 MB goal, 0 MB stacks, 0 MB globals, 12 P
gc 678 @3.727s 10%: 0.30+1.3+0.068 ms clock, 3.6+1.0/1.6/0+0.81 ms cpu, 67->78->38 MB, 77 MB goal, 0 MB stacks, 0 MB globals, 12 P
gc 679 @3.731s 10%: 0.35+1.2+0.013 ms clock, 4.3+0.83/0.92/0+0.15 ms cpu, 66->78->39 MB, 77 MB goal, 0 MB stacks, 0 MB globals, 12 P
gc 680 @3.734s 10%: 0.35+0.87+0.012 ms clock, 4.3+0.92/0.92/0+0.14 ms cpu, 75->79->37 MB, 79 MB goal, 0 MB stacks, 0 MB globals, 12 P
gc 681 @3.738s 10%: 0.20+1.3+0.034 ms clock, 2.4+0.75/1.3/0+0.41 ms cpu, 64->75->39 MB, 75 MB goal, 0 MB stacks, 0 MB globals, 12 P
gc 682 @3.741s 10%: 0.25+0.94+0.054 ms clock, 3.1+1.0/1.4/0+0.65 ms cpu, 71->77->35 MB, 79 MB goal, 0 MB stacks, 0 MB globals, 12 P
gc 683 @3.744s 10%: 0.18+1.4+0.012 ms clock, 2.1+1.1/1.8/0+0.14 ms cpu, 62->73->37 MB, 71 MB goal, 0 MB stacks, 0 MB globals, 12 P
gc 684 @3.748s 10%: 0.28+0.74+0.066 ms clock, 3.4+1.3/1.0/0+0.80 ms cpu, 65->73->33 MB, 75 MB goal, 0 MB stacks, 0 MB globals, 12 P
gc 685 @3.751s 10%: 0.17+1.0+0.052 ms clock, 2.0+1.6/1.7/0+0.62 ms cpu, 61->68->34 MB, 67 MB goal, 0 MB stacks, 0 MB globals, 12 P
gc 686 @3.754s 10%: 0.32+0.79+0.036 ms clock, 3.9+1.0/1.1/0+0.43 ms cpu, 61->67->34 MB, 69 MB goal, 0 MB stacks, 0 MB globals, 12 P
gc 687 @3.757s 10%: 0.20+0.97+0.055 ms clock, 2.4+1.2/1.2/0+0.66 ms cpu, 61->70->38 MB, 69 MB goal, 0 MB stacks, 0 MB globals, 12 P
gc 688 @3.760s 10%: 0.23+1.2+0.11 ms clock, 2.8+1.4/1.5/0+1.3 ms cpu, 68->79->39 MB, 77 MB goal, 0 MB stacks, 0 MB globals, 12 P
gc 689 @3.764s 10%: 0.38+1.5+0.086 ms clock, 4.5+1.3/1.2/0+1.0 ms cpu, 68->80->61 MB, 79 MB goal, 0 MB stacks, 0 MB globals, 12 P
gc 690 @3.769s 10%: 0.39+1.4+0.11 ms clock, 4.7+1.1/0.86/0+1.3 ms cpu, 108->123->43 MB, 123 MB goal, 0 MB stacks, 0 MB globals, 12 P
gc 691 @3.774s 10%: 0.25+1.3+0.046 ms clock, 3.1+1.1/1.3/0+0.56 ms cpu, 76->88->38 MB, 87 MB goal, 0 MB stacks, 0 MB globals, 12 P
gc 692 @3.777s 10%: 0.26+1.2+0.018 ms clock, 3.2+1.0/1.3/0+0.21 ms cpu, 66->76->35 MB, 77 MB goal, 0 MB stacks, 0 MB globals, 12 P
gc 693 @3.781s 10%: 0.24+1.2+0.17 ms clock, 2.9+1.5/1.1/0+2.0 ms cpu, 63->75->42 MB, 71 MB goal, 0 MB stacks, 0 MB globals, 12 P
gc 694 @3.784s 10%: 0.31+1.5+0.038 ms clock, 3.8+1.1/0.95/0+0.45 ms cpu, 74->84->40 MB, 85 MB goal, 0 MB stacks, 0 MB globals, 12 P
gc 695 @3.788s 10%: 0.31+1.4+0.048 ms clock, 3.8+1.0/1.8/0+0.57 ms cpu, 70->83->38 MB, 81 MB goal, 0 MB stacks, 0 MB globals, 12 P
gc 696 @3.792s 10%: 0.25+1.0+0.037 ms clock, 3.0+1.1/1.4/0+0.45 ms cpu, 69->75->37 MB, 77 MB goal, 0 MB stacks, 0 MB globals, 12 P
gc 697 @3.795s 10%: 0.27+1.2+0.024 ms clock, 3.3+1.0/1.0/0.016+0.29 ms cpu, 64->75->34 MB, 75 MB goal, 0 MB stacks, 0 MB globals, 12 P
gc 698 @3.798s 10%: 0.25+0.98+0.013 ms clock, 3.0+1.0/1.1/0+0.16 ms cpu, 61->68->34 MB, 69 MB goal, 0 MB stacks, 0 MB globals, 12 P
gc 699 @3.801s 10%: 0.24+1.1+0.036 ms clock, 2.9+1.1/0.99/0+0.43 ms cpu, 62->71->36 MB, 69 MB goal, 0 MB stacks, 0 MB globals, 12 P
gc 700 @3.805s 10%: 0.21+0.90+0.26 ms clock, 2.6+1.1/1.0/0+3.1 ms cpu, 63->77->39 MB, 73 MB goal, 0 MB stacks, 0 MB globals, 12 P
gc 701 @3.808s 10%: 0.24+1.6+0.10 ms clock, 2.9+2.2/1.3/0+1.3 ms cpu, 69->83->42 MB, 79 MB goal, 0 MB stacks, 0 MB globals, 12 P
gc 702 @3.813s 10%: 0.27+0.92+0.094 ms clock, 3.3+1.3/0.82/0+1.1 ms cpu, 74->82->36 MB, 85 MB goal, 0 MB stacks, 0 MB globals, 12 P
gc 703 @3.816s 10%: 0.31+0.88+0.046 ms clock, 3.8+1.6/1.2/0+0.56 ms cpu, 66->73->33 MB, 73 MB goal, 0 MB stacks, 0 MB globals, 12 P
gc 704 @3.819s 10%: 0.27+1.1+0.14 ms clock, 3.3+1.4/1.4/0+1.7 ms cpu, 57->70->37 MB, 67 MB goal, 0 MB stacks, 0 MB globals, 12 P
gc 705 @3.822s 10%: 0.25+1.2+0.047 ms clock, 3.1+1.1/1.2/0+0.56 ms cpu, 67->76->38 MB, 75 MB goal, 0 MB stacks, 0 MB globals, 12 P
gc 706 @3.826s 10%: 0.21+0.90+0.11 ms clock, 2.5+1.3/1.4/0+1.4 ms cpu, 68->75->36 MB, 77 MB goal, 0 MB stacks, 0 MB globals, 12 P
gc 707 @3.829s 10%: 0.15+1.0+0.023 ms clock, 1.8+1.1/1.4/0+0.27 ms cpu, 64->71->33 MB, 73 MB goal, 0 MB stacks, 0 MB globals, 12 P
gc 708 @3.832s 10%: 0.19+1.2+0.037 ms clock, 2.2+1.1/1.4/0+0.44 ms cpu, 58->67->48 MB, 67 MB goal, 0 MB stacks, 0 MB globals, 12 P
gc 709 @3.836s 10%: 0.35+1.0+0.12 ms clock, 4.2+1.3/1.1/0+1.5 ms cpu, 86->96->37 MB, 98 MB goal, 0 MB stacks, 0 MB globals, 12 P
gc 710 @3.840s 10%: 0.21+1.2+0.033 ms clock, 2.5+1.4/1.0/0+0.40 ms cpu, 66->77->38 MB, 75 MB goal, 0 MB stacks, 0 MB globals, 12 P
gc 711 @3.843s 10%: 0.43+1.0+0.11 ms clock, 5.2+1.1/1.0/0+1.3 ms cpu, 66->79->40 MB, 77 MB goal, 0 MB stacks, 0 MB globals, 12 P
gc 712 @3.847s 10%: 0.32+1.4+0.086 ms clock, 3.8+1.0/1.0/0+1.0 ms cpu, 72->84->42 MB, 81 MB goal, 0 MB stacks, 0 MB globals, 12 P
gc 713 @3.851s 10%: 0.25+1.5+0.077 ms clock, 3.0+1.3/2.9/0+0.93 ms cpu, 73->85->39 MB, 85 MB goal, 0 MB stacks, 0 MB globals, 12 P
gc 714 @3.855s 10%: 0.22+1.1+0.006 ms clock, 2.6+0.99/1.3/0+0.076 ms cpu, 71->78->37 MB, 79 MB goal, 0 MB stacks, 0 MB globals, 12 P
gc 715 @3.859s 10%: 0.27+1.0+0.042 ms clock, 3.3+1.1/1.8/0+0.51 ms cpu, 67->75->36 MB, 75 MB goal, 0 MB stacks, 0 MB globals, 12 P
gc 716 @3.862s 10%: 0.20+1.7+0.010 ms clock, 2.5+1.3/2.4/0+0.12 ms cpu, 65->77->41 MB, 73 MB goal, 0 MB stacks, 0 MB globals, 12 P
gc 717 @3.866s 10%: 0.29+1.1+0.093 ms clock, 3.5+0.86/1.5/0+1.1 ms cpu, 75->81->41 MB, 83 MB goal, 0 MB stacks, 0 MB globals, 12 P
gc 718 @3.869s 10%: 0.37+1.2+0.012 ms clock, 4.4+1.0/1.2/0+0.14 ms cpu, 71->81->35 MB, 83 MB goal, 0 MB stacks, 0 MB globals, 12 P
gc 719 @3.873s 10%: 0.32+1.2+0.044 ms clock, 3.8+0.93/1.8/0+0.53 ms cpu, 61->72->35 MB, 71 MB goal, 0 MB stacks, 0 MB globals, 12 P
gc 720 @3.876s 10%: 0.20+1.1+0.057 ms clock, 2.4+1.2/1.2/0+0.69 ms cpu, 62->73->38 MB, 71 MB goal, 0 MB stacks, 0 MB globals, 12 P
gc 721 @3.880s 10%: 0.22+1.4+0.10 ms clock, 2.7+1.3/1.2/0.007+1.2 ms cpu, 68->81->39 MB, 77 MB goal, 0 MB stacks, 0 MB globals, 12 P
gc 722 @3.883s 10%: 0.44+1.1+0.014 ms clock, 5.3+1.6/1.4/0+0.17 ms cpu, 70->80->38 MB, 79 MB goal, 0 MB stacks, 0 MB globals, 12 P
gc 723 @3.887s 10%: 0.52+0.87+0.027 ms clock, 6.3+0.98/1.0/0+0.33 ms cpu, 67->74->34 MB, 77 MB goal, 0 MB stacks, 0 MB globals, 12 P
gc 724 @3.890s 10%: 0.11+0.96+0.048 ms clock, 1.4+0.87/1.6/0+0.57 ms cpu, 59->64->32 MB, 69 MB goal, 0 MB stacks, 0 MB globals, 12 P
gc 725 @3.892s 10%: 0.29+0.94+0.033 ms clock, 3.5+1.2/1.1/0+0.39 ms cpu, 57->64->35 MB, 65 MB goal, 0 MB stacks, 0 MB globals, 12 P
gc 726 @3.895s 10%: 0.18+1.0+0.092 ms clock, 2.1+0.94/1.5/0+1.1 ms cpu, 60->69->33 MB, 71 MB goal, 0 MB stacks, 0 MB globals, 12 P
gc 727 @3.898s 10%: 0.19+1.1+0.097 ms clock, 2.3+1.2/1.7/0+1.1 ms cpu, 57->68->40 MB, 67 MB goal, 0 MB stacks, 0 MB globals, 12 P
gc 728 @3.902s 10%: 0.27+1.7+0.098 ms clock, 3.3+2.4/1.0/0+1.1 ms cpu, 70->85->40 MB, 81 MB goal, 0 MB stacks, 0 MB globals, 12 P
gc 729 @3.906s 10%: 0.17+1.9+0.10 ms clock, 2.0+2.6/1.5/0+1.2 ms cpu, 70->89->48 MB, 81 MB goal, 0 MB stacks, 0 MB globals, 12 P
gc 730 @3.911s 10%: 0.20+1.0+0.098 ms clock, 2.4+1.1/0.99/0+1.1 ms cpu, 86->93->39 MB, 97 MB goal, 0 MB stacks, 0 MB globals, 12 P
gc 731 @3.915s 10%: 0.27+0.91+0.051 ms clock, 3.3+1.6/1.3/0+0.61 ms cpu, 70->77->35 MB, 79 MB goal, 0 MB stacks, 0 MB globals, 12 P
gc 732 @3.918s 10%: 0.25+1.0+0.077 ms clock, 3.0+0.92/0.96/0+0.92 ms cpu, 60->68->34 MB, 71 MB goal, 0 MB stacks, 0 MB globals, 12 P
gc 733 @3.921s 10%: 0.21+1.0+0.098 ms clock, 2.6+0.97/1.2/0+1.1 ms cpu, 60->69->35 MB, 69 MB goal, 0 MB stacks, 0 MB globals, 12 P
gc 734 @3.924s 10%: 0.31+1.0+0.092 ms clock, 3.7+0.82/0.95/0+1.1 ms cpu, 62->71->33 MB, 71 MB goal, 0 MB stacks, 0 MB globals, 12 P
gc 735 @3.927s 10%: 0.30+1.1+0.052 ms clock, 3.6+1.0/1.2/0+0.62 ms cpu, 57->67->35 MB, 67 MB goal, 0 MB stacks, 0 MB globals, 12 P
gc 736 @3.930s 10%: 0.26+1.2+0.11 ms clock, 3.1+1.9/1.1/0+1.3 ms cpu, 63->75->40 MB, 71 MB goal, 0 MB stacks, 0 MB globals, 12 P
gc 737 @3.934s 10%: 0.24+1.4+0.009 ms clock, 2.9+1.4/1.2/0+0.11 ms cpu, 72->83->38 MB, 81 MB goal, 0 MB stacks, 0 MB globals, 12 P
gc 738 @3.938s 10%: 0.39+1.5+0.038 ms clock, 4.7+1.4/1.2/0+0.46 ms cpu, 67->82->41 MB, 77 MB goal, 0 MB stacks, 0 MB globals, 12 P
gc 739 @3.942s 10%: 0.16+1.3+0.13 ms clock, 1.9+1.1/1.8/0+1.6 ms cpu, 72->88->42 MB, 83 MB goal, 0 MB stacks, 0 MB globals, 12 P
gc 740 @3.946s 10%: 0.28+3.5+0.017 ms clock, 3.4+1.2/1.2/0+0.20 ms cpu, 72->103->57 MB, 85 MB goal, 0 MB stacks, 0 MB globals, 12 P
gc 741 @3.953s 10%: 0.29+2.7+0.070 ms clock, 3.5+1.2/1.5/0+0.84 ms cpu, 100->112->39 MB, 115 MB goal, 0 MB stacks, 0 MB globals, 12 P
gc 742 @3.958s 10%: 0.22+1.2+0.037 ms clock, 2.7+2.2/1.3/0+0.45 ms cpu, 69->80->39 MB, 79 MB goal, 0 MB stacks, 0 MB globals, 12 P
gc 743 @3.961s 10%: 0.26+1.4+0.069 ms clock, 3.2+0.91/1.5/0+0.83 ms cpu, 68->76->35 MB, 79 MB goal, 0 MB stacks, 0 MB globals, 12 P
gc 744 @3.965s 10%: 0.27+1.5+0.010 ms clock, 3.2+1.2/1.3/0+0.12 ms cpu, 61->74->38 MB, 71 MB goal, 0 MB stacks, 0 MB globals, 12 P
gc 745 @3.968s 10%: 0.26+1.3+0.007 ms clock, 3.1+0.65/1.1/0+0.091 ms cpu, 66->74->37 MB, 77 MB goal, 0 MB stacks, 0 MB globals, 12 P
gc 746 @3.972s 10%: 0.26+1.2+0.065 ms clock, 3.1+1.2/1.1/0+0.78 ms cpu, 64->77->38 MB, 75 MB goal, 0 MB stacks, 0 MB globals, 12 P
gc 747 @3.975s 10%: 0.19+1.1+0.060 ms clock, 2.3+1.1/1.2/0+0.72 ms cpu, 67->77->37 MB, 77 MB goal, 0 MB stacks, 0 MB globals, 12 P
gc 748 @3.979s 10%: 0.28+1.3+0.005 ms clock, 3.4+1.2/1.0/0+0.070 ms cpu, 64->76->35 MB, 75 MB goal, 0 MB stacks, 0 MB globals, 12 P
gc 749 @3.982s 10%: 0.27+1.2+0.065 ms clock, 3.2+1.4/1.4/0+0.78 ms cpu, 61->73->39 MB, 71 MB goal, 0 MB stacks, 0 MB globals, 12 P
gc 750 @3.986s 10%: 0.23+1.3+0.10 ms clock, 2.7+1.3/1.2/0+1.3 ms cpu, 67->80->38 MB, 79 MB goal, 0 MB stacks, 0 MB globals, 12 P
gc 751 @3.989s 10%: 0.44+1.1+0.026 ms clock, 5.3+0.85/1.0/0+0.31 ms cpu, 66->77->38 MB, 77 MB goal, 0 MB stacks, 0 MB globals, 12 P
gc 752 @3.993s 10%: 0.36+1.0+0.20 ms clock, 4.3+1.2/1.2/0+2.4 ms cpu, 67->83->44 MB, 77 MB goal, 0 MB stacks, 0 MB globals, 12 P
gc 753 @3.997s 10%: 0.44+0.91+0.086 ms clock, 5.3+0.82/1.6/0+1.0 ms cpu, 80->85->34 MB, 89 MB goal, 0 MB stacks, 0 MB globals, 12 P
gc 754 @4.000s 10%: 0.32+1.7+0.048 ms clock, 3.8+1.3/1.3/0+0.57 ms cpu, 59->75->42 MB, 69 MB goal, 0 MB stacks, 0 MB globals, 12 P
gc 755 @4.005s 10%: 0.35+1.0+0.020 ms clock, 4.2+1.0/1.3/0+0.24 ms cpu, 74->83->34 MB, 85 MB goal, 0 MB stacks, 0 MB globals, 12 P
gc 756 @4.008s 10%: 0.24+1.1+0.006 ms clock, 2.9+1.2/1.7/0+0.076 ms cpu, 63->69->36 MB, 69 MB goal, 0 MB stacks, 0 MB globals, 12 P
gc 757 @4.011s 10%: 0.28+0.80+0.12 ms clock, 3.3+1.0/0.99/0+1.4 ms cpu, 62->73->35 MB, 73 MB goal, 0 MB stacks, 0 MB globals, 12 P
gc 758 @4.014s 10%: 0.35+0.91+0.035 ms clock, 4.2+1.0/1.1/0+0.42 ms cpu, 64->71->33 MB, 71 MB goal, 0 MB stacks, 0 MB globals, 12 P
gc 759 @4.017s 10%: 0.32+1.1+0.033 ms clock, 3.8+0.31/1.5/0+0.39 ms cpu, 58->66->38 MB, 67 MB goal, 0 MB stacks, 0 MB globals, 12 P
gc 760 @4.021s 10%: 0.31+0.79+0.10 ms clock, 3.7+1.3/1.3/0+1.2 ms cpu, 70->76->32 MB, 77 MB goal, 0 MB stacks, 0 MB globals, 12 P
gc 761 @4.024s 10%: 0.26+1.0+0.062 ms clock, 3.2+1.4/1.1/0+0.75 ms cpu, 55->64->35 MB, 65 MB goal, 0 MB stacks, 0 MB globals, 12 P
gc 762 @4.027s 10%: 0.18+0.91+0.11 ms clock, 2.1+1.5/0.95/0+1.3 ms cpu, 61->71->35 MB, 71 MB goal, 0 MB stacks, 0 MB globals, 12 P
gc 763 @4.030s 10%: 0.20+0.92+0.12 ms clock, 2.5+1.3/1.1/0+1.4 ms cpu, 63->73->37 MB, 71 MB goal, 0 MB stacks, 0 MB globals, 12 P
gc 764 @4.033s 10%: 0.38+0.74+0.075 ms clock, 4.5+0.98/1.2/0+0.90 ms cpu, 65->72->33 MB, 75 MB goal, 0 MB stacks, 0 MB globals, 12 P
gc 765 @4.036s 10%: 0.21+1.4+0.016 ms clock, 2.6+0.41/1.1/0+0.19 ms cpu, 57->68->39 MB, 67 MB goal, 0 MB stacks, 0 MB globals, 12 P
gc 766 @4.040s 10%: 0.28+1.0+0.11 ms clock, 3.4+1.1/1.4/0.015+1.3 ms cpu, 67->77->37 MB, 79 MB goal, 0 MB stacks, 0 MB globals, 12 P
gc 767 @4.043s 10%: 0.35+0.90+0.052 ms clock, 4.2+0.83/1.6/0+0.62 ms cpu, 67->73->35 MB, 75 MB goal, 0 MB stacks, 0 MB globals, 12 P
gc 768 @4.046s 10%: 0.37+1.1+0.005 ms clock, 4.5+1.5/1.6/0+0.062 ms cpu, 63->70->33 MB, 71 MB goal, 0 MB stacks, 0 MB globals, 12 P
gc 769 @4.050s 10%: 0.17+0.90+0.035 ms clock, 2.1+1.1/1.1/0+0.43 ms cpu, 61->68->36 MB, 67 MB goal, 0 MB stacks, 0 MB globals, 12 P
gc 770 @4.053s 10%: 0.16+1.2+0.12 ms clock, 1.9+1.0/1.2/0+1.4 ms cpu, 64->76->37 MB, 73 MB goal, 0 MB stacks, 0 MB globals, 12 P
gc 771 @4.056s 10%: 0.24+0.95+0.063 ms clock, 2.8+1.1/0.98/0+0.76 ms cpu, 65->74->33 MB, 75 MB goal, 0 MB stacks, 0 MB globals, 12 P
gc 772 @4.059s 10%: 0.26+0.92+0.092 ms clock, 3.2+1.0/1.3/0+1.1 ms cpu, 58->67->36 MB, 67 MB goal, 0 MB stacks, 0 MB globals, 12 P
gc 773 @4.063s 10%: 0.21+0.89+0.088 ms clock, 2.5+1.0/1.5/0+1.0 ms cpu, 65->73->35 MB, 73 MB goal, 0 MB stacks, 0 MB globals, 12 P
gc 774 @4.066s 10%: 0.20+1.1+0.006 ms clock, 2.4+1.4/1.1/0+0.076 ms cpu, 61->70->34 MB, 71 MB goal, 0 MB stacks, 0 MB globals, 12 P
gc 775 @4.069s 10%: 0.31+1.1+0.059 ms clock, 3.7+0.66/1.5/0+0.71 ms cpu, 60->70->38 MB, 69 MB goal, 0 MB stacks, 0 MB globals, 12 P
gc 776 @4.072s 10%: 0.32+1.0+0.095 ms clock, 3.8+0.80/1.4/0+1.1 ms cpu, 68->75->36 MB, 77 MB goal, 0 MB stacks, 0 MB globals, 12 P
gc 777 @4.075s 10%: 0.22+1.2+0.10 ms clock, 2.7+1.3/1.4/0+1.3 ms cpu, 62->74->37 MB, 73 MB goal, 0 MB stacks, 0 MB globals, 12 P
gc 778 @4.079s 10%: 0.22+0.83+0.049 ms clock, 2.7+1.0/0.82/0+0.59 ms cpu, 69->74->36 MB, 75 MB goal, 0 MB stacks, 0 MB globals, 12 P
gc 779 @4.082s 10%: 0.22+1.3+0.043 ms clock, 2.7+1.0/1.4/0+0.52 ms cpu, 62->73->40 MB, 73 MB goal, 0 MB stacks, 0 MB globals, 12 P
gc 780 @4.086s 10%: 0.24+1.1+0.11 ms clock, 2.9+1.0/1.4/0+1.3 ms cpu, 71->82->41 MB, 81 MB goal, 0 MB stacks, 0 MB globals, 12 P
gc 781 @4.090s 10%: 0.23+0.97+0.064 ms clock, 2.7+1.1/1.3/0+0.77 ms cpu, 74->81->37 MB, 83 MB goal, 0 MB stacks, 0 MB globals, 12 P
gc 782 @4.093s 10%: 0.36+0.88+0.15 ms clock, 4.3+1.0/0.84/0+1.8 ms cpu, 66->76->37 MB, 75 MB goal, 0 MB stacks, 0 MB globals, 12 P
gc 783 @4.097s 10%: 0.24+1.0+0.064 ms clock, 2.9+1.3/1.3/0+0.77 ms cpu, 68->75->37 MB, 75 MB goal, 0 MB stacks, 0 MB globals, 12 P
gc 784 @4.100s 10%: 0.26+1.3+0.004 ms clock, 3.1+1.3/1.1/0+0.054 ms cpu, 67->78->36 MB, 75 MB goal, 0 MB stacks, 0 MB globals, 12 P
gc 785 @4.103s 10%: 0.29+0.86+0.029 ms clock, 3.5+1.3/1.6/0+0.35 ms cpu, 64->68->32 MB, 73 MB goal, 0 MB stacks, 0 MB globals, 12 P
gc 786 @4.106s 10%: 0.32+1.2+0.10 ms clock, 3.9+1.3/1.4/0+1.2 ms cpu, 55->68->50 MB, 65 MB goal, 0 MB stacks, 0 MB globals, 12 P
gc 787 @4.110s 10%: 0.42+0.94+0.091 ms clock, 5.0+1.1/1.2/0+1.0 ms cpu, 87->93->35 MB, 100 MB goal, 0 MB stacks, 0 MB globals, 12 P
gc 788 @4.113s 10%: 0.18+1.2+0.013 ms clock, 2.2+1.2/2.1/0+0.16 ms cpu, 63->69->36 MB, 71 MB goal, 0 MB stacks, 0 MB globals, 12 P
gc 789 @4.116s 10%: 0.27+1.0+0.11 ms clock, 3.2+1.1/1.4/0+1.3 ms cpu, 63->71->35 MB, 73 MB goal, 0 MB stacks, 0 MB globals, 12 P
gc 790 @4.119s 10%: 0.30+1.4+0.014 ms clock, 3.6+1.3/1.1/0+0.17 ms cpu, 60->71->38 MB, 71 MB goal, 0 MB stacks, 0 MB globals, 12 P
gc 791 @4.123s 10%: 0.25+1.2+0.12 ms clock, 3.0+0.87/1.4/0+1.5 ms cpu, 68->79->40 MB, 77 MB goal, 0 MB stacks, 0 MB globals, 12 P
gc 792 @4.127s 10%: 0.23+1.6+0.11 ms clock, 2.8+1.4/1.6/0+1.3 ms cpu, 69->85->45 MB, 81 MB goal, 0 MB stacks, 0 MB globals, 12 P
gc 793 @4.131s 10%: 0.31+1.5+0.13 ms clock, 3.7+1.2/1.4/0+1.6 ms cpu, 80->94->44 MB, 91 MB goal, 0 MB stacks, 0 MB globals, 12 P
gc 794 @4.136s 10%: 0.28+1.0+0.040 ms clock, 3.3+1.2/1.7/0+0.48 ms cpu, 81->88->37 MB, 89 MB goal, 0 MB stacks, 0 MB globals, 12 P
gc 795 @4.140s 10%: 0.25+1.1+0.036 ms clock, 3.0+1.5/1.7/0+0.44 ms cpu, 68->77->37 MB, 75 MB goal, 0 MB stacks, 0 MB globals, 12 P
gc 796 @4.143s 10%: 0.33+0.98+0.052 ms clock, 3.9+1.5/1.6/0+0.63 ms cpu, 68->75->37 MB, 75 MB goal, 0 MB stacks, 0 MB globals, 12 P
gc 797 @4.146s 10%: 0.30+1.0+0.057 ms clock, 3.6+0.80/1.0/0+0.68 ms cpu, 65->74->37 MB, 75 MB goal, 0 MB stacks, 0 MB globals, 12 P
gc 798 @4.150s 10%: 0.30+0.98+0.10 ms clock, 3.6+1.6/1.4/0+1.2 ms cpu, 70->78->51 MB, 75 MB goal, 0 MB stacks, 0 MB globals, 12 P
gc 799 @4.154s 10%: 0.41+1.1+0.18 ms clock, 4.9+1.4/0.85/0+2.2 ms cpu, 88->102->41 MB, 102 MB goal, 0 MB stacks, 0 MB globals, 12 P
gc 800 @4.158s 10%: 0.22+1.0+0.052 ms clock, 2.7+1.1/1.4/0+0.63 ms cpu, 72->80->34 MB, 83 MB goal, 0 MB stacks, 0 MB globals, 12 P
gc 801 @4.161s 10%: 0.36+1.4+0.14 ms clock, 4.3+1.4/0.94/0+1.7 ms cpu, 59->75->42 MB, 69 MB goal, 0 MB stacks, 0 MB globals, 12 P
gc 802 @4.166s 11%: 0.39+1.1+0.059 ms clock, 4.7+1.1/1.3/0+0.71 ms cpu, 76->86->37 MB, 85 MB goal, 0 MB stacks, 0 MB globals, 12 P
gc 803 @4.170s 11%: 0.32+0.95+0.010 ms clock, 3.8+1.0/1.1/0+0.12 ms cpu, 69->75->34 MB, 75 MB goal, 0 MB stacks, 0 MB globals, 12 P
gc 804 @4.172s 11%: 0.28+1.0+0.085 ms clock, 3.4+0.85/1.5/0+1.0 ms cpu, 60->69->36 MB, 69 MB goal, 0 MB stacks, 0 MB globals, 12 P
gc 805 @4.176s 11%: 0.26+0.79+0.21 ms clock, 3.1+1.2/1.3/0+2.5 ms cpu, 65->71->34 MB, 73 MB goal, 0 MB stacks, 0 MB globals, 12 P
gc 806 @4.179s 11%: 0.33+1.3+0.007 ms clock, 4.0+1.2/1.9/0+0.091 ms cpu, 61->70->35 MB, 69 MB goal, 0 MB stacks, 0 MB globals, 12 P
gc 807 @4.182s 11%: 0.31+1.3+0.090 ms clock, 3.8+1.5/0.95/0+1.0 ms cpu, 61->73->37 MB, 71 MB goal, 0 MB stacks, 0 MB globals, 12 P
gc 808 @4.186s 11%: 0.23+1.3+0.17 ms clock, 2.8+1.0/1.1/0+2.0 ms cpu, 65->79->55 MB, 75 MB goal, 0 MB stacks, 0 MB globals, 12 P
gc 809 @4.191s 11%: 0.40+1.5+0.10 ms clock, 4.9+0.84/1.0/0+1.2 ms cpu, 94->109->55 MB, 110 MB goal, 0 MB stacks, 0 MB globals, 12 P
gc 810 @4.195s 11%: 0.34+1.2+0.075 ms clock, 4.1+0.93/1.2/0+0.90 ms cpu, 94->104->40 MB, 110 MB goal, 0 MB stacks, 0 MB globals, 12 P
gc 811 @4.199s 11%: 0.30+1.3+0.11 ms clock, 3.6+0.29/1.4/0+1.3 ms cpu, 72->82->41 MB, 81 MB goal, 0 MB stacks, 0 MB globals, 12 P
gc 812 @4.203s 11%: 0.21+0.99+0.12 ms clock, 2.5+1.0/0.80/0+1.4 ms cpu, 72->81->38 MB, 83 MB goal, 0 MB stacks, 0 MB globals, 12 P
gc 813 @4.207s 11%: 0.24+1.1+0.047 ms clock, 2.9+1.2/0.98/0.036+0.56 ms cpu, 67->78->35 MB, 77 MB goal, 0 MB stacks, 0 MB globals, 12 P
gc 814 @4.210s 11%: 0.28+1.1+0.010 ms clock, 3.3+1.1/1.2/0+0.13 ms cpu, 63->72->34 MB, 71 MB goal, 0 MB stacks, 0 MB globals, 12 P
gc 815 @4.214s 11%: 0.27+1.0+0.10 ms clock, 3.2+1.0/1.0/0+1.3 ms cpu, 60->73->40 MB, 69 MB goal, 0 MB stacks, 0 MB globals, 12 P
gc 816 @4.217s 11%: 0.34+1.1+0.090 ms clock, 4.1+1.1/1.0/0+1.0 ms cpu, 69->81->38 MB, 81 MB goal, 0 MB stacks, 0 MB globals, 12 P
gc 817 @4.221s 11%: 0.21+1.3+0.020 ms clock, 2.5+1.2/1.3/0+0.24 ms cpu, 68->77->38 MB, 77 MB goal, 0 MB stacks, 0 MB globals, 12 P
gc 818 @4.224s 11%: 0.37+0.75+0.14 ms clock, 4.5+1.1/1.0/0+1.7 ms cpu, 67->75->35 MB, 77 MB goal, 0 MB stacks, 0 MB globals, 12 P
gc 819 @4.227s 11%: 0.18+1.1+0.095 ms clock, 2.1+1.2/0.83/0+1.1 ms cpu, 61->73->37 MB, 71 MB goal, 0 MB stacks, 0 MB globals, 12 P
gc 820 @4.231s 11%: 0.22+1.0+0.092 ms clock, 2.6+1.1/1.1/0+1.1 ms cpu, 65->76->51 MB, 75 MB goal, 0 MB stacks, 0 MB globals, 12 P
gc 821 @4.235s 11%: 0.36+1.2+0.19 ms clock, 4.4+1.0/1.6/0+2.3 ms cpu, 91->104->54 MB, 104 MB goal, 0 MB stacks, 0 MB globals, 12 P
gc 822 @4.240s 11%: 0.22+1.3+0.098 ms clock, 2.7+1.2/1.0/0+1.1 ms cpu, 98->108->40 MB, 108 MB goal, 0 MB stacks, 0 MB globals, 12 P
gc 823 @4.244s 11%: 0.36+1.3+0.029 ms clock, 4.3+1.2/1.3/0+0.35 ms cpu, 72->83->41 MB, 81 MB goal, 0 MB stacks, 0 MB globals, 12 P
gc 824 @4.248s 11%: 0.29+1.5+0.048 ms clock, 3.4+1.1/1.8/0+0.58 ms cpu, 73->86->41 MB, 83 MB goal, 0 MB stacks, 0 MB globals, 12 P
gc 825 @4.252s 11%: 0.24+1.4+0.054 ms clock, 2.8+1.3/1.9/0+0.65 ms cpu, 73->85->40 MB, 83 MB goal, 0 MB stacks, 0 MB globals, 12 P
gc 826 @4.256s 11%: 0.34+0.82+0.12 ms clock, 4.1+1.4/0.98/0+1.5 ms cpu, 72->77->35 MB, 81 MB goal, 0 MB stacks, 0 MB globals, 12 P
gc 827 @4.259s 11%: 0.22+1.2+0.076 ms clock, 2.6+0.97/1.1/0+0.92 ms cpu, 61->72->40 MB, 71 MB goal, 0 MB stacks, 0 MB globals, 12 P
gc 828 @4.262s 11%: 0.18+1.2+0.12 ms clock, 2.1+0.94/1.2/0+1.4 ms cpu, 69->82->42 MB, 81 MB goal, 0 MB stacks, 0 MB globals, 12 P
gc 829 @4.266s 11%: 0.46+1.2+0.14 ms clock, 5.5+1.0/1.1/0+1.7 ms cpu, 74->87->39 MB, 85 MB goal, 0 MB stacks, 0 MB globals, 12 P
gc 830 @4.270s 11%: 0.30+1.2+0.082 ms clock, 3.6+0.79/1.7/0+0.98 ms cpu, 70->80->39 MB, 79 MB goal, 0 MB stacks, 0 MB globals, 12 P
gc 831 @4.274s 11%: 0.25+1.5+0.026 ms clock, 3.0+0.78/1.2/0+0.31 ms cpu, 69->83->44 MB, 79 MB goal, 0 MB stacks, 0 MB globals, 12 P
gc 832 @4.278s 11%: 0.27+0.99+0.10 ms clock, 3.2+1.1/1.4/0+1.2 ms cpu, 77->87->36 MB, 89 MB goal, 0 MB stacks, 0 MB globals, 12 P
gc 833 @4.281s 11%: 0.22+0.95+0.015 ms clock, 2.6+1.1/1.4/0+0.18 ms cpu, 65->71->32 MB, 73 MB goal, 0 MB stacks, 0 MB globals, 12 P
gc 834 @4.284s 11%: 0.38+1.3+0.014 ms clock, 4.5+1.0/1.0/0+0.16 ms cpu, 56->67->38 MB, 65 MB goal, 0 MB stacks, 0 MB globals, 12 P
gc 835 @4.288s 11%: 0.26+0.74+0.065 ms clock, 3.2+1.0/0.71/0+0.78 ms cpu, 66->75->36 MB, 77 MB goal, 0 MB stacks, 0 MB globals, 12 P
gc 836 @4.291s 11%: 0.22+1.0+0.059 ms clock, 2.7+1.3/2.0/0+0.71 ms cpu, 66->74->36 MB, 73 MB goal, 0 MB stacks, 0 MB globals, 12 P
gc 837 @4.294s 11%: 0.27+1.0+0.087 ms clock, 3.3+0.35/1.0/0+1.0 ms cpu, 63->73->40 MB, 73 MB goal, 0 MB stacks, 0 MB globals, 12 P
gc 838 @4.298s 11%: 0.39+0.91+0.13 ms clock, 4.7+0.99/1.0/0+1.6 ms cpu, 74->81->37 MB, 81 MB goal, 0 MB stacks, 0 MB globals, 12 P
gc 839 @4.301s 11%: 0.30+1.0+0.050 ms clock, 3.7+1.3/1.7/0+0.60 ms cpu, 66->73->36 MB, 75 MB goal, 0 MB stacks, 0 MB globals, 12 P
gc 840 @4.304s 11%: 0.22+2.0+0.088 ms clock, 2.6+1.7/1.6/0+1.0 ms cpu, 62->83->47 MB, 73 MB goal, 0 MB stacks, 0 MB globals, 12 P
gc 841 @4.309s 11%: 0.41+1.3+0.053 ms clock, 4.9+0.57/1.2/0+0.64 ms cpu, 83->93->40 MB, 95 MB goal, 0 MB stacks, 0 MB globals, 12 P
gc 842 @4.313s 11%: 0.26+1.0+0.089 ms clock, 3.1+1.4/1.4/0+1.0 ms cpu, 71->79->37 MB, 81 MB goal, 0 MB stacks, 0 MB globals, 12 P
gc 843 @4.317s 11%: 0.30+0.85+0.093 ms clock, 3.6+1.1/0.90/0+1.1 ms cpu, 66->74->35 MB, 75 MB goal, 0 MB stacks, 0 MB globals, 12 P
gc 844 @4.320s 11%: 0.22+0.78+0.064 ms clock, 2.6+1.1/1.2/0+0.77 ms cpu, 61->69->34 MB, 71 MB goal, 0 MB stacks, 0 MB globals, 12 P
gc 845 @4.323s 11%: 0.22+1.2+0.089 ms clock, 2.7+1.0/1.6/0+1.0 ms cpu, 59->71->38 MB, 69 MB goal, 0 MB stacks, 0 MB globals, 12 P
gc 846 @4.326s 11%: 0.17+0.96+0.089 ms clock, 2.0+1.4/1.6/0+1.0 ms cpu, 67->75->38 MB, 77 MB goal, 0 MB stacks, 0 MB globals, 12 P
gc 847 @4.329s 11%: 0.33+1.1+0.089 ms clock, 3.9+1.1/1.3/0+1.0 ms cpu, 68->76->37 MB, 77 MB goal, 0 MB stacks, 0 MB globals, 12 P
gc 848 @4.333s 11%: 0.18+1.2+0.054 ms clock, 2.1+1.2/1.1/0+0.65 ms cpu, 64->75->36 MB, 75 MB goal, 0 MB stacks, 0 MB globals, 12 P
gc 849 @4.336s 11%: 0.22+1.3+0.011 ms clock, 2.6+1.0/1.6/0+0.13 ms cpu, 64->73->36 MB, 73 MB goal, 0 MB stacks, 0 MB globals, 12 P
gc 850 @4.339s 11%: 0.22+1.5+0.039 ms clock, 2.6+1.4/1.5/0+0.47 ms cpu, 63->76->41 MB, 73 MB goal, 0 MB stacks, 0 MB globals, 12 P
gc 851 @4.343s 11%: 0.19+1.3+0.11 ms clock, 2.3+1.3/1.3/0+1.3 ms cpu, 71->84->38 MB, 83 MB goal, 0 MB stacks, 0 MB globals, 12 P
gc 852 @4.347s 11%: 0.26+1.2+0.092 ms clock, 3.1+1.0/0.95/0+1.1 ms cpu, 70->78->41 MB, 77 MB goal, 0 MB stacks, 0 MB globals, 12 P
gc 853 @4.351s 11%: 0.22+1.3+0.081 ms clock, 2.6+1.1/0.96/0+0.98 ms cpu, 72->84->52 MB, 83 MB goal, 0 MB stacks, 0 MB globals, 12 P
gc 854 @4.355s 11%: 0.30+1.3+0.096 ms clock, 3.6+0.97/0.95/0+1.1 ms cpu, 91->102->41 MB, 104 MB goal, 0 MB stacks, 0 MB globals, 12 P
gc 855 @4.359s 11%: 0.31+1.0+0.048 ms clock, 3.7+1.3/1.3/0+0.57 ms cpu, 72->80->34 MB, 83 MB goal, 0 MB stacks, 0 MB globals, 12 P
gc 856 @4.362s 11%: 0.19+0.97+0.021 ms clock, 2.3+1.1/1.5/0+0.25 ms cpu, 62->68->32 MB, 69 MB goal, 0 MB stacks, 0 MB globals, 12 P
gc 857 @4.365s 11%: 0.20+1.0+0.047 ms clock, 2.4+0.95/1.1/0+0.57 ms cpu, 56->67->38 MB, 65 MB goal, 0 MB stacks, 0 MB globals, 12 P
gc 858 @4.368s 11%: 0.21+0.80+0.13 ms clock, 2.5+1.1/0.79/0+1.6 ms cpu, 67->76->39 MB, 77 MB goal, 0 MB stacks, 0 MB globals, 12 P
gc 859 @4.372s 11%: 0.29+1.2+0.096 ms clock, 3.5+1.1/1.4/0.014+1.1 ms cpu, 69->79->38 MB, 79 MB goal, 0 MB stacks, 0 MB globals, 12 P
gc 860 @4.376s 11%: 0.26+1.2+0.012 ms clock, 3.1+1.5/1.3/0+0.15 ms cpu, 70->78->35 MB, 77 MB goal, 0 MB stacks, 0 MB globals, 12 P
gc 861 @4.379s 11%: 0.20+1.5+0.061 ms clock, 2.4+1.4/2.4/0+0.73 ms cpu, 61->74->38 MB, 71 MB goal, 0 MB stacks, 0 MB globals, 12 P
gc 862 @4.383s 11%: 0.38+0.67+0.092 ms clock, 4.6+0.91/0.99/0+1.1 ms cpu, 67->74->35 MB, 77 MB goal, 0 MB stacks, 0 MB globals, 12 P
gc 863 @4.385s 11%: 0.28+1.6+0.011 ms clock, 3.3+1.4/1.9/0+0.14 ms cpu, 62->74->40 MB, 71 MB goal, 0 MB stacks, 0 MB globals, 12 P
gc 864 @4.390s 11%: 0.17+0.96+0.015 ms clock, 2.1+0.99/1.3/0+0.18 ms cpu, 76->80->34 MB, 81 MB goal, 0 MB stacks, 0 MB globals, 12 P
gc 865 @4.393s 11%: 0.24+1.1+0.075 ms clock, 2.9+1.0/1.0/0+0.90 ms cpu, 59->70->39 MB, 69 MB goal, 0 MB stacks, 0 MB globals, 12 P
gc 866 @4.396s 11%: 0.42+1.5+0.086 ms clock, 5.1+1.1/1.2/0+1.0 ms cpu, 69->82->39 MB, 79 MB goal, 0 MB stacks, 0 MB globals, 12 P
gc 867 @4.400s 11%: 0.23+0.93+0.045 ms clock, 2.8+1.3/1.2/0+0.54 ms cpu, 70->77->35 MB, 79 MB goal, 0 MB stacks, 0 MB globals, 12 P
gc 868 @4.403s 11%: 0.24+1.0+0.033 ms clock, 2.9+1.2/1.2/0+0.39 ms cpu, 63->71->47 MB, 71 MB goal, 0 MB stacks, 0 MB globals, 12 P
gc 869 @4.407s 11%: 0.26+1.5+0.083 ms clock, 3.1+1.3/2.2/0+1.0 ms cpu, 83->95->40 MB, 94 MB goal, 0 MB stacks, 0 MB globals, 12 P
gc 870 @4.411s 11%: 0.32+1.0+0.15 ms clock, 3.8+1.0/0.95/0+1.8 ms cpu, 69->80->37 MB, 81 MB goal, 0 MB stacks, 0 MB globals, 12 P
gc 871 @4.414s 11%: 0.38+1.3+0.017 ms clock, 4.6+0.71/0.89/0+0.20 ms cpu, 66->78->42 MB, 75 MB goal, 0 MB stacks, 0 MB globals, 12 P
gc 872 @4.418s 11%: 0.23+1.7+0.087 ms clock, 2.8+1.2/1.4/0+1.0 ms cpu, 72->90->45 MB, 85 MB goal, 0 MB stacks, 0 MB globals, 12 P
gc 873 @4.423s 11%: 0.21+1.2+0.013 ms clock, 2.5+1.2/0.90/0+0.16 ms cpu, 79->89->39 MB, 91 MB goal, 0 MB stacks, 0 MB globals, 12 P
gc 874 @4.426s 11%: 0.24+1.3+0.092 ms clock, 2.9+1.0/1.2/0+1.1 ms cpu, 70->80->39 MB, 79 MB goal, 0 MB stacks, 0 MB globals, 12 P
gc 875 @4.430s 11%: 0.28+1.0+0.023 ms clock, 3.4+1.2/1.1/0+0.28 ms cpu, 70->78->37 MB, 79 MB goal, 0 MB stacks, 0 MB globals, 12 P
gc 876 @4.434s 11%: 0.24+1.1+0.087 ms clock, 2.9+1.3/1.0/0+1.0 ms cpu, 65->77->39 MB, 75 MB goal, 0 MB stacks, 0 MB globals, 12 P
gc 877 @4.437s 11%: 0.34+2.0+0.10 ms clock, 4.1+1.2/1.1/0+1.2 ms cpu, 69->89->59 MB, 79 MB goal, 0 MB stacks, 0 MB globals, 12 P
gc 878 @4.443s 11%: 0.25+2.4+0.089 ms clock, 3.0+1.1/1.4/0+1.0 ms cpu, 104->119->43 MB, 118 MB goal, 0 MB stacks, 0 MB globals, 12 P
gc 879 @4.448s 11%: 0.43+1.2+0.046 ms clock, 5.2+1.1/0.99/0+0.55 ms cpu, 75->86->40 MB, 87 MB goal, 0 MB stacks, 0 MB globals, 12 P
gc 880 @4.452s 11%: 0.39+1.2+0.028 ms clock, 4.7+1.2/1.3/0+0.34 ms cpu, 71->82->38 MB, 81 MB goal, 0 MB stacks, 0 MB globals, 12 P
gc 881 @4.456s 11%: 0.27+1.2+0.012 ms clock, 3.2+0.81/1.0/0+0.15 ms cpu, 67->78->39 MB, 77 MB goal, 0 MB stacks, 0 MB globals, 12 P
gc 882 @4.459s 11%: 0.14+1.3+0.10 ms clock, 1.7+1.5/1.0/0+1.2 ms cpu, 68->79->38 MB, 79 MB goal, 0 MB stacks, 0 MB globals, 12 P
gc 883 @4.463s 11%: 0.22+0.83+0.077 ms clock, 2.6+1.2/1.0/0+0.93 ms cpu, 67->75->37 MB, 77 MB goal, 0 MB stacks, 0 MB globals, 12 P
gc 884 @4.466s 11%: 0.21+1.0+0.067 ms clock, 2.5+1.3/0.96/0+0.80 ms cpu, 66->76->38 MB, 75 MB goal, 0 MB stacks, 0 MB globals, 12 P
gc 885 @4.470s 11%: 0.22+1.0+0.044 ms clock, 2.6+0.93/0.85/0+0.52 ms cpu, 68->76->35 MB, 77 MB goal, 0 MB stacks, 0 MB globals, 12 P
gc 886 @4.473s 11%: 0.40+1.0+0.12 ms clock, 4.8+1.2/1.5/0+1.5 ms cpu, 61->69->34 MB, 71 MB goal, 0 MB stacks, 0 MB globals, 12 P
gc 887 @4.476s 11%: 0.20+1.1+0.098 ms clock, 2.5+1.4/1.9/0.053+1.1 ms cpu, 63->72->38 MB, 69 MB goal, 0 MB stacks, 0 MB globals, 12 P
gc 888 @4.479s 11%: 0.32+1.2+0.11 ms clock, 3.8+1.8/1.5/0+1.4 ms cpu, 66->76->39 MB, 77 MB goal, 0 MB stacks, 0 MB globals, 12 P
gc 889 @4.483s 11%: 0.33+1.6+0.089 ms clock, 3.9+2.0/2.0/0.037+1.0 ms cpu, 67->81->39 MB, 79 MB goal, 0 MB stacks, 0 MB globals, 12 P
gc 890 @4.487s 11%: 0.34+1.9+0.12 ms clock, 4.1+1.0/1.7/0+1.5 ms cpu, 67->85->47 MB, 79 MB goal, 0 MB stacks, 0 MB globals, 12 P
gc 891 @4.492s 11%: 0.43+1.5+0.084 ms clock, 5.1+1.1/1.4/0+1.0 ms cpu, 82->93->38 MB, 95 MB goal, 0 MB stacks, 0 MB globals, 12 P
gc 892 @4.496s 11%: 0.18+1.0+0.010 ms clock, 2.2+1.3/1.3/0+0.12 ms cpu, 68->74->32 MB, 77 MB goal, 0 MB stacks, 0 MB globals, 12 P
gc 893 @4.499s 11%: 0.22+1.1+0.064 ms clock, 2.7+1.0/1.0/0+0.76 ms cpu, 56->62->34 MB, 65 MB goal, 0 MB stacks, 0 MB globals, 12 P
gc 894 @4.502s 11%: 0.20+1.2+0.082 ms clock, 2.4+1.0/1.8/0+0.99 ms cpu, 59->69->35 MB, 69 MB goal, 0 MB stacks, 0 MB globals, 12 P
gc 895 @4.506s 11%: 0.17+1.0+0.11 ms clock, 2.0+1.3/0.79/0+1.3 ms cpu, 62->73->39 MB, 71 MB goal, 0 MB stacks, 0 MB globals, 12 P
gc 896 @4.510s 11%: 0.33+1.4+0.11 ms clock, 4.0+1.7/1.3/0+1.4 ms cpu, 71->82->37 MB, 79 MB goal, 0 MB stacks, 0 MB globals, 12 P
gc 897 @4.513s 11%: 0.41+0.94+0.017 ms clock, 4.9+1.0/1.1/0+0.21 ms cpu, 66->73->32 MB, 75 MB goal, 0 MB stacks, 0 MB globals, 12 P
gc 898 @4.516s 11%: 0.15+0.79+0.056 ms clock, 1.8+1.2/0.72/0+0.67 ms cpu, 57->63->32 MB, 65 MB goal, 0 MB stacks, 0 MB globals, 12 P
gc 899 @4.519s 11%: 0.39+0.96+0.018 ms clock, 4.7+0.76/1.7/0+0.22 ms cpu, 56->61->33 MB, 65 MB goal, 0 MB stacks, 0 MB globals, 12 P
gc 900 @4.522s 11%: 0.16+1.2+0.10 ms clock, 1.9+0.88/1.1/0+1.2 ms cpu, 59->69->39 MB, 67 MB goal, 0 MB stacks, 0 MB globals, 12 P
gc 901 @4.525s 11%: 0.27+1.4+0.056 ms clock, 3.3+1.2/1.2/0+0.67 ms cpu, 68->78->37 MB, 79 MB goal, 0 MB stacks, 0 MB globals, 12 P
gc 902 @4.529s 11%: 0.26+1.0+0.063 ms clock, 3.1+1.0/1.3/0+0.76 ms cpu, 65->74->37 MB, 75 MB goal, 0 MB stacks, 0 MB globals, 12 P
gc 903 @4.532s 11%: 0.23+1.2+0.086 ms clock, 2.7+1.3/1.2/0+1.0 ms cpu, 66->76->38 MB, 75 MB goal, 0 MB stacks, 0 MB globals, 12 P
gc 904 @4.536s 11%: 0.25+1.2+0.047 ms clock, 3.1+1.3/1.4/0+0.56 ms cpu, 68->78->37 MB, 77 MB goal, 0 MB stacks, 0 MB globals, 12 P
gc 905 @4.539s 11%: 0.23+1.0+0.13 ms clock, 2.7+1.3/1.3/0+1.6 ms cpu, 66->78->38 MB, 75 MB goal, 0 MB stacks, 0 MB globals, 12 P
gc 906 @4.543s 11%: 0.29+1.1+0.083 ms clock, 3.5+1.3/1.2/0+0.99 ms cpu, 69->79->38 MB, 77 MB goal, 0 MB stacks, 0 MB globals, 12 P
gc 907 @4.547s 11%: 0.25+0.77+0.058 ms clock, 3.0+1.2/1.4/0+0.70 ms cpu, 66->73->34 MB, 77 MB goal, 0 MB stacks, 0 MB globals, 12 P
gc 908 @4.549s 11%: 0.31+1.6+0.029 ms clock, 3.7+0.34/1.7/0+0.35 ms cpu, 59->73->41 MB, 69 MB goal, 0 MB stacks, 0 MB globals, 12 P
gc 909 @4.553s 11%: 0.32+1.2+0.18 ms clock, 3.8+0.92/1.4/0+2.2 ms cpu, 75->87->41 MB, 83 MB goal, 0 MB stacks, 0 MB globals, 12 P
gc 910 @4.557s 11%: 0.32+1.7+0.073 ms clock, 3.9+1.7/1.2/0+0.88 ms cpu, 71->87->42 MB, 83 MB goal, 0 MB stacks, 0 MB globals, 12 P
gc 911 @4.562s 11%: 0.24+1.5+0.072 ms clock, 2.9+1.1/1.7/0+0.86 ms cpu, 73->88->38 MB, 85 MB goal, 0 MB stacks, 0 MB globals, 12 P
gc 912 @4.566s 11%: 0.20+1.4+0.073 ms clock, 2.4+1.2/1.4/0+0.88 ms cpu, 66->79->42 MB, 77 MB goal, 0 MB stacks, 0 MB globals, 12 P
gc 913 @4.570s 11%: 0.27+1.1+0.11 ms clock, 3.3+1.2/1.1/0+1.3 ms cpu, 78->87->41 MB, 85 MB goal, 0 MB stacks, 0 MB globals, 12 P
gc 914 @4.573s 11%: 0.18+1.1+0.093 ms clock, 2.2+1.6/1.1/0+1.1 ms cpu, 71->83->39 MB, 83 MB goal, 0 MB stacks, 0 MB globals, 12 P
gc 915 @4.577s 11%: 0.29+1.0+0.060 ms clock, 3.5+0.75/1.8/0+0.72 ms cpu, 69->77->37 MB, 79 MB goal, 0 MB stacks, 0 MB globals, 12 P
gc 916 @4.580s 11%: 0.22+1.4+0.051 ms clock, 2.7+0.80/1.4/0.019+0.61 ms cpu, 65->78->43 MB, 75 MB goal, 0 MB stacks, 0 MB globals, 12 P
gc 917 @4.584s 11%: 0.30+0.92+0.12 ms clock, 3.6+1.2/1.5/0+1.5 ms cpu, 75->84->36 MB, 87 MB goal, 0 MB stacks, 0 MB globals, 12 P
gc 918 @4.587s 11%: 0.22+1.4+0.094 ms clock, 2.7+1.1/1.8/0+1.1 ms cpu, 63->76->42 MB, 73 MB goal, 0 MB stacks, 0 MB globals, 12 P
gc 919 @4.591s 11%: 0.31+0.97+0.059 ms clock, 3.7+1.2/1.1/0+0.71 ms cpu, 76->83->52 MB, 85 MB goal, 0 MB stacks, 0 MB globals, 12 P
gc 920 @4.595s 11%: 0.35+1.7+0.12 ms clock, 4.2+1.6/1.4/0+1.4 ms cpu, 92->106->43 MB, 106 MB goal, 0 MB stacks, 0 MB globals, 12 P
gc 921 @4.600s 11%: 0.29+1.2+0.053 ms clock, 3.5+0.97/1.3/0+0.63 ms cpu, 77->87->39 MB, 87 MB goal, 0 MB stacks, 0 MB globals, 12 P
gc 922 @4.603s 11%: 0.32+1.3+0.10 ms clock, 3.9+1.0/1.3/0+1.2 ms cpu, 67->79->37 MB, 79 MB goal, 0 MB stacks, 0 MB globals, 12 P
gc 923 @4.607s 11%: 0.16+1.0+0.061 ms clock, 2.0+1.2/1.1/0+0.73 ms cpu, 65->75->35 MB, 75 MB goal, 0 MB stacks, 0 MB globals, 12 P
gc 924 @4.610s 11%: 0.23+1.5+0.045 ms clock, 2.7+1.2/1.8/0+0.54 ms cpu, 60->72->37 MB, 71 MB goal, 0 MB stacks, 0 MB globals, 12 P
gc 925 @4.614s 11%: 0.42+0.97+0.082 ms clock, 5.0+1.2/1.2/0+0.98 ms cpu, 66->76->37 MB, 75 MB goal, 0 MB stacks, 0 MB globals, 12 P
gc 926 @4.617s 11%: 0.32+0.97+0.056 ms clock, 3.8+1.0/1.1/0+0.67 ms cpu, 66->74->34 MB, 75 MB goal, 0 MB stacks, 0 MB globals, 12 P
gc 927 @4.620s 11%: 0.26+1.0+0.049 ms clock, 3.1+1.2/1.2/0+0.59 ms cpu, 60->70->36 MB, 69 MB goal, 0 MB stacks, 0 MB globals, 12 P
gc 928 @4.624s 11%: 0.37+1.1+0.048 ms clock, 4.5+1.4/1.7/0+0.58 ms cpu, 64->73->38 MB, 73 MB goal, 0 MB stacks, 0 MB globals, 12 P
gc 929 @4.627s 11%: 0.15+1.2+0.12 ms clock, 1.8+1.3/1.4/0+1.5 ms cpu, 66->77->39 MB, 77 MB goal, 0 MB stacks, 0 MB globals, 12 P
gc 930 @4.631s 11%: 0.30+1.3+0.099 ms clock, 3.6+0.97/1.6/0+1.1 ms cpu, 71->80->36 MB, 79 MB goal, 0 MB stacks, 0 MB globals, 12 P
gc 931 @4.634s 11%: 0.23+1.2+0.048 ms clock, 2.8+1.1/1.2/0+0.57 ms cpu, 62->74->36 MB, 73 MB goal, 0 MB stacks, 0 MB globals, 12 P
gc 932 @4.637s 11%: 0.29+0.97+0.062 ms clock, 3.5+1.1/1.2/0+0.74 ms cpu, 62->71->48 MB, 73 MB goal, 0 MB stacks, 0 MB globals, 12 P
gc 933 @4.641s 11%: 0.19+1.0+0.16 ms clock, 2.3+1.1/1.7/0+1.9 ms cpu, 84->95->39 MB, 96 MB goal, 0 MB stacks, 0 MB globals, 12 P
gc 934 @4.646s 11%: 0.33+0.76+0.003 ms clock, 4.0+0.53/1.6/0+0.045 ms cpu, 77->78->37 MB, 79 MB goal, 0 MB stacks, 0 MB globals, 12 P
gc 935 @4.648s 11%: 0.13+1.1+0.18 ms clock, 1.6+1.4/1.4/0+2.2 ms cpu, 64->78->39 MB, 75 MB goal, 0 MB stacks, 0 MB globals, 12 P
gc 936 @4.652s 11%: 0.25+1.1+0.028 ms clock, 3.0+0.84/1.8/0+0.34 ms cpu, 70->78->38 MB, 79 MB goal, 0 MB stacks, 0 MB globals, 12 P
gc 937 @4.656s 11%: 0.28+0.97+0.057 ms clock, 3.4+1.0/1.1/0+0.68 ms cpu, 68->76->36 MB, 77 MB goal, 0 MB stacks, 0 MB globals, 12 P
gc 938 @4.659s 11%: 0.25+1.1+0.12 ms clock, 3.0+1.3/1.0/0+1.4 ms cpu, 64->74->36 MB, 73 MB goal, 0 MB stacks, 0 MB globals, 12 P
gc 939 @4.662s 11%: 0.19+1.0+0.089 ms clock, 2.3+1.1/1.5/0.015+1.0 ms cpu, 63->74->39 MB, 73 MB goal, 0 MB stacks, 0 MB globals, 12 P
gc 940 @4.666s 11%: 0.21+1.4+0.097 ms clock, 2.6+0.82/1.7/0+1.1 ms cpu, 68->80->41 MB, 79 MB goal, 0 MB stacks, 0 MB globals, 12 P
gc 941 @4.670s 11%: 0.26+1.0+0.29 ms clock, 3.1+1.2/1.4/0+3.5 ms cpu, 72->85->39 MB, 83 MB goal, 0 MB stacks, 0 MB globals, 12 P
gc 942 @4.674s 11%: 0.30+1.1+0.053 ms clock, 3.6+1.1/1.3/0+0.64 ms cpu, 69->80->39 MB, 79 MB goal, 0 MB stacks, 0 MB globals, 12 P
gc 943 @4.677s 11%: 0.33+1.1+0.15 ms clock, 4.0+1.5/1.0/0+1.8 ms cpu, 69->83->42 MB, 79 MB goal, 0 MB stacks, 0 MB globals, 12 P
gc 944 @4.681s 11%: 0.19+0.93+0.26 ms clock, 2.3+1.3/1.4/0+3.1 ms cpu, 74->86->39 MB, 85 MB goal, 0 MB stacks, 0 MB globals, 12 P
gc 945 @4.685s 11%: 0.41+0.89+0.015 ms clock, 4.9+1.3/1.4/0+0.18 ms cpu, 72->76->32 MB, 79 MB goal, 0 MB stacks, 0 MB globals, 12 P
gc 946 @4.688s 11%: 0.15+1.1+0.019 ms clock, 1.8+1.4/1.3/0+0.23 ms cpu, 58->65->32 MB, 65 MB goal, 0 MB stacks, 0 MB globals, 12 P
gc 947 @4.691s 11%: 0.18+1.3+0.053 ms clock, 2.1+1.0/1.4/0+0.63 ms cpu, 55->66->37 MB, 65 MB goal, 0 MB stacks, 0 MB globals, 12 P
gc 948 @4.694s 11%: 0.25+1.0+0.093 ms clock, 3.0+1.4/1.1/0+1.1 ms cpu, 67->74->35 MB, 75 MB goal, 0 MB stacks, 0 MB globals, 12 P
gc 949 @4.698s 11%: 0.38+0.71+0.032 ms clock, 4.6+1.2/0.92/0+0.38 ms cpu, 62->67->32 MB, 71 MB goal, 0 MB stacks, 0 MB globals, 12 P
gc 950 @4.700s 11%: 0.26+1.0+0.010 ms clock, 3.1+0.94/1.2/0+0.12 ms cpu, 57->61->33 MB, 65 MB goal, 0 MB stacks, 0 MB globals, 12 P
gc 951 @4.703s 11%: 0.27+1.0+0.12 ms clock, 3.3+1.3/1.2/0+1.5 ms cpu, 58->67->35 MB, 67 MB goal, 0 MB stacks, 0 MB globals, 12 P
gc 952 @4.706s 11%: 0.19+1.4+0.064 ms clock, 2.2+1.3/1.6/0+0.77 ms cpu, 60->71->36 MB, 71 MB goal, 0 MB stacks, 0 MB globals, 12 P
gc 953 @4.710s 11%: 0.27+0.73+0.062 ms clock, 3.3+1.4/1.1/0+0.74 ms cpu, 64->71->34 MB, 73 MB goal, 0 MB stacks, 0 MB globals, 12 P
gc 954 @4.713s 11%: 0.22+1.2+0.090 ms clock, 2.7+0.86/1.2/0+1.0 ms cpu, 62->72->52 MB, 69 MB goal, 0 MB stacks, 0 MB globals, 12 P
gc 955 @4.717s 11%: 0.45+0.95+0.12 ms clock, 5.4+1.2/0.85/0+1.5 ms cpu, 92->101->39 MB, 106 MB goal, 0 MB stacks, 0 MB globals, 12 P
gc 956 @4.721s 11%: 0.36+1.1+0.048 ms clock, 4.3+1.3/1.5/0+0.57 ms cpu, 68->77->35 MB, 79 MB goal, 0 MB stacks, 0 MB globals, 12 P
gc 957 @4.725s 11%: 0.21+1.0+0.088 ms clock, 2.6+1.2/0.75/0+1.0 ms cpu, 60->71->35 MB, 71 MB goal, 0 MB stacks, 0 MB globals, 12 P
gc 958 @4.728s 11%: 0.36+1.1+0.043 ms clock, 4.3+1.0/1.1/0+0.52 ms cpu, 61->71->37 MB, 71 MB goal, 0 MB stacks, 0 MB globals, 12 P
gc 959 @4.731s 11%: 0.23+1.1+0.10 ms clock, 2.7+1.5/1.2/0+1.2 ms cpu, 65->73->35 MB, 75 MB goal, 0 MB stacks, 0 MB globals, 12 P
gc 960 @4.734s 11%: 0.29+1.2+0.071 ms clock, 3.5+0.65/1.3/0+0.86 ms cpu, 63->73->39 MB, 71 MB goal, 0 MB stacks, 0 MB globals, 12 P
gc 961 @4.738s 11%: 0.28+1.5+0.097 ms clock, 3.4+2.0/0.87/0+1.1 ms cpu, 71->81->41 MB, 79 MB goal, 0 MB stacks, 0 MB globals, 12 P
gc 962 @4.742s 11%: 0.38+1.3+0.11 ms clock, 4.6+1.1/1.6/0+1.3 ms cpu, 72->84->38 MB, 83 MB goal, 0 MB stacks, 0 MB globals, 12 P
gc 963 @4.746s 11%: 0.25+1.6+0.042 ms clock, 3.0+1.3/2.5/0+0.50 ms cpu, 68->81->41 MB, 77 MB goal, 0 MB stacks, 0 MB globals, 12 P
gc 964 @4.750s 11%: 0.57+1.5+0.032 ms clock, 6.8+1.2/2.4/0+0.38 ms cpu, 72->84->39 MB, 83 MB goal, 0 MB stacks, 0 MB globals, 12 P
gc 965 @4.754s 11%: 0.33+1.6+0.036 ms clock, 4.0+0.96/1.3/0+0.43 ms cpu, 69->83->42 MB, 79 MB goal, 0 MB stacks, 0 MB globals, 12 P
gc 966 @4.758s 11%: 0.35+1.3+0.11 ms clock, 4.2+1.1/1.8/0+1.3 ms cpu, 74->85->39 MB, 85 MB goal, 0 MB stacks, 0 MB globals, 12 P
gc 967 @4.762s 11%: 0.21+1.6+0.006 ms clock, 2.5+1.1/1.2/0+0.083 ms cpu, 67->82->42 MB, 79 MB goal, 0 MB stacks, 0 MB globals, 12 P
gc 968 @4.766s 11%: 0.21+1.4+0.10 ms clock, 2.5+1.1/1.4/0+1.3 ms cpu, 74->87->41 MB, 85 MB goal, 0 MB stacks, 0 MB globals, 12 P
gc 969 @4.770s 11%: 0.21+1.3+0.073 ms clock, 2.5+1.0/1.2/0+0.88 ms cpu, 71->83->40 MB, 83 MB goal, 0 MB stacks, 0 MB globals, 12 P
gc 970 @4.773s 11%: 0.27+1.2+0.056 ms clock, 3.3+1.2/0.72/0+0.67 ms cpu, 70->80->34 MB, 81 MB goal, 0 MB stacks, 0 MB globals, 12 P
gc 971 @4.777s 11%: 0.26+0.74+0.12 ms clock, 3.1+0.91/1.2/0+1.5 ms cpu, 59->67->33 MB, 69 MB goal, 0 MB stacks, 0 MB globals, 12 P
gc 972 @4.779s 11%: 0.22+1.0+0.011 ms clock, 2.6+1.0/1.5/0+0.13 ms cpu, 58->65->34 MB, 67 MB goal, 0 MB stacks, 0 MB globals, 12 P
gc 973 @4.782s 11%: 0.11+1.0+0.003 ms clock, 1.3+1.1/1.8/0.008+0.043 ms cpu, 61->65->33 MB, 69 MB goal, 0 MB stacks, 0 MB globals, 12 P
gc 974 @4.785s 11%: 0.20+0.91+0.080 ms clock, 2.4+0.93/0.97/0+0.97 ms cpu, 60->69->35 MB, 67 MB goal, 0 MB stacks, 0 MB globals, 12 P
gc 975 @4.788s 11%: 0.27+1.3+0.092 ms clock, 3.3+1.0/1.4/0+1.1 ms cpu, 61->71->37 MB, 71 MB goal, 0 MB stacks, 0 MB globals, 12 P
gc 976 @4.792s 11%: 0.34+1.2+0.10 ms clock, 4.1+1.1/1.4/0+1.2 ms cpu, 64->75->39 MB, 75 MB goal, 0 MB stacks, 0 MB globals, 12 P
gc 977 @4.796s 11%: 0.37+1.0+0.13 ms clock, 4.4+0.93/1.2/0+1.6 ms cpu, 67->80->39 MB, 79 MB goal, 0 MB stacks, 0 MB globals, 12 P
gc 978 @4.799s 11%: 0.21+1.3+0.091 ms clock, 2.5+1.4/1.0/0+1.0 ms cpu, 67->79->41 MB, 79 MB goal, 0 MB stacks, 0 MB globals, 12 P
gc 979 @4.803s 11%: 0.27+0.91+0.12 ms clock, 3.3+1.3/1.4/0+1.4 ms cpu, 74->82->36 MB, 83 MB goal, 0 MB stacks, 0 MB globals, 12 P
gc 980 @4.807s 11%: 0.16+1.0+0.054 ms clock, 1.9+1.3/1.5/0+0.65 ms cpu, 64->71->33 MB, 73 MB goal, 0 MB stacks, 0 MB globals, 12 P
gc 981 @4.810s 11%: 0.20+1.0+0.088 ms clock, 2.5+0.90/0.99/0+1.0 ms cpu, 57->66->34 MB, 67 MB goal, 0 MB stacks, 0 MB globals, 12 P
gc 982 @4.813s 11%: 0.29+1.3+0.092 ms clock, 3.5+0.68/1.5/0+1.1 ms cpu, 62->71->39 MB, 69 MB goal, 0 MB stacks, 0 MB globals, 12 P
gc 983 @4.817s 11%: 0.24+1.0+0.096 ms clock, 2.9+1.3/1.1/0+1.1 ms cpu, 71->76->35 MB, 79 MB goal, 0 MB stacks, 0 MB globals, 12 P
gc 984 @4.820s 11%: 0.27+1.2+0.059 ms clock, 3.3+1.0/1.3/0+0.71 ms cpu, 62->72->40 MB, 71 MB goal, 0 MB stacks, 0 MB globals, 12 P
gc 985 @4.824s 11%: 0.28+1.3+0.12 ms clock, 3.4+1.0/2.2/0+1.4 ms cpu, 71->84->39 MB, 81 MB goal, 0 MB stacks, 0 MB globals, 12 P
gc 986 @4.828s 11%: 0.25+1.4+0.005 ms clock, 3.0+1.1/1.7/0+0.068 ms cpu, 72->80->37 MB, 79 MB goal, 0 MB stacks, 0 MB globals, 12 P
gc 987 @4.832s 11%: 0.16+1.1+0.10 ms clock, 1.9+1.2/1.4/0+1.2 ms cpu, 65->74->36 MB, 75 MB goal, 0 MB stacks, 0 MB globals, 12 P
gc 988 @4.835s 11%: 0.23+1.2+0.10 ms clock, 2.8+1.3/1.5/0+1.2 ms cpu, 63->78->42 MB, 73 MB goal, 0 MB stacks, 0 MB globals, 12 P
gc 989 @4.839s 11%: 0.23+1.3+0.10 ms clock, 2.8+1.2/1.4/0+1.2 ms cpu, 74->84->40 MB, 85 MB goal, 0 MB stacks, 0 MB globals, 12 P
gc 990 @4.843s 11%: 0.20+1.4+0.096 ms clock, 2.4+1.1/1.8/0+1.1 ms cpu, 71->84->41 MB, 81 MB goal, 0 MB stacks, 0 MB globals, 12 P
gc 991 @4.847s 11%: 0.22+2.3+0.012 ms clock, 2.7+3.6/1.4/0+0.14 ms cpu, 72->92->59 MB, 83 MB goal, 0 MB stacks, 0 MB globals, 12 P
gc 992 @4.853s 11%: 0.38+2.0+0.016 ms clock, 4.5+0.26/1.1/0+0.19 ms cpu, 101->115->45 MB, 118 MB goal, 0 MB stacks, 0 MB globals, 12 P
gc 993 @4.857s 11%: 0.33+2.1+0.032 ms clock, 4.0+1.7/1.9/0+0.39 ms cpu, 79->97->45 MB, 91 MB goal, 0 MB stacks, 0 MB globals, 12 P
gc 994 @4.862s 11%: 0.41+0.97+0.091 ms clock, 5.0+1.3/1.0/0+1.0 ms cpu, 78->88->37 MB, 91 MB goal, 0 MB stacks, 0 MB globals, 12 P
gc 995 @4.866s 11%: 0.39+1.2+0.033 ms clock, 4.6+1.5/1.3/0+0.40 ms cpu, 66->76->39 MB, 75 MB goal, 0 MB stacks, 0 MB globals, 12 P
gc 996 @4.870s 11%: 0.29+1.5+0.13 ms clock, 3.5+1.6/1.2/0+1.6 ms cpu, 69->84->40 MB, 79 MB goal, 0 MB stacks, 0 MB globals, 12 P
gc 997 @4.874s 11%: 0.31+1.4+0.049 ms clock, 3.7+1.2/1.2/0+0.59 ms cpu, 71->84->40 MB, 81 MB goal, 0 MB stacks, 0 MB globals, 12 P
gc 998 @4.878s 11%: 0.27+1.0+0.046 ms clock, 3.2+1.0/1.6/0+0.56 ms cpu, 70->78->35 MB, 81 MB goal, 0 MB stacks, 0 MB globals, 12 P
gc 999 @4.881s 11%: 0.18+1.2+0.013 ms clock, 2.1+1.7/1.4/0+0.16 ms cpu, 63->71->33 MB, 71 MB goal, 0 MB stacks, 0 MB globals, 12 P
gc 1000 @4.884s 11%: 0.19+1.4+0.056 ms clock, 2.3+1.3/1.4/0+0.67 ms cpu, 57->69->39 MB, 67 MB goal, 0 MB stacks, 0 MB globals, 12 P
gc 1001 @4.887s 11%: 0.35+1.4+0.090 ms clock, 4.2+1.2/1.2/0+1.0 ms cpu, 70->81->38 MB, 79 MB goal, 0 MB stacks, 0 MB globals, 12 P
gc 1002 @4.891s 11%: 0.26+1.8+0.10 ms clock, 3.1+2.7/1.1/0+1.2 ms cpu, 67->86->47 MB, 77 MB goal, 0 MB stacks, 0 MB globals, 12 P
gc 1003 @4.896s 11%: 0.37+1.4+0.014 ms clock, 4.5+1.0/1.1/0+0.17 ms cpu, 82->95->37 MB, 95 MB goal, 0 MB stacks, 0 MB globals, 12 P
gc 1004 @4.900s 11%: 0.31+1.2+0.014 ms clock, 3.7+0.90/1.4/0+0.17 ms cpu, 64->74->39 MB, 75 MB goal, 0 MB stacks, 0 MB globals, 12 P
gc 1005 @4.903s 11%: 0.21+1.3+0.10 ms clock, 2.5+0.98/1.5/0+1.2 ms cpu, 67->79->38 MB, 79 MB goal, 0 MB stacks, 0 MB globals, 12 P
gc 1006 @4.907s 11%: 0.30+1.2+0.037 ms clock, 3.6+1.2/1.6/0+0.45 ms cpu, 67->77->37 MB, 77 MB goal, 0 MB stacks, 0 MB globals, 12 P
gc 1007 @4.910s 11%: 0.32+1.2+0.062 ms clock, 3.9+0.47/1.3/0+0.74 ms cpu, 65->76->41 MB, 75 MB goal, 0 MB stacks, 0 MB globals, 12 P
gc 1008 @4.914s 11%: 0.33+1.0+0.086 ms clock, 3.9+1.6/1.3/0+1.0 ms cpu, 73->81->39 MB, 83 MB goal, 0 MB stacks, 0 MB globals, 12 P
gc 1009 @4.917s 11%: 0.19+1.0+0.012 ms clock, 2.3+1.3/0.84/0+0.14 ms cpu, 67->75->36 MB, 79 MB goal, 0 MB stacks, 0 MB globals, 12 P
gc 1010 @4.920s 11%: 0.26+1.6+0.094 ms clock, 3.1+1.1/1.5/0+1.1 ms cpu, 62->78->40 MB, 73 MB goal, 0 MB stacks, 0 MB globals, 12 P
gc 1011 @4.925s 11%: 0.25+1.0+0.12 ms clock, 3.0+1.9/1.5/0+1.4 ms cpu, 73->81->39 MB, 81 MB goal, 0 MB stacks, 0 MB globals, 12 P
gc 1012 @4.928s 11%: 0.34+1.2+0.079 ms clock, 4.1+0.87/1.4/0+0.95 ms cpu, 67->77->40 MB, 79 MB goal, 0 MB stacks, 0 MB globals, 12 P
gc 1013 @4.932s 11%: 0.33+1.6+0.083 ms clock, 4.0+1.1/1.5/0+0.99 ms cpu, 70->84->50 MB, 81 MB goal, 0 MB stacks, 0 MB globals, 12 P
gc 1014 @4.936s 11%: 0.21+1.6+0.081 ms clock, 2.5+1.1/2.1/0+0.98 ms cpu, 88->103->55 MB, 102 MB goal, 0 MB stacks, 0 MB globals, 12 P
gc 1015 @4.942s 11%: 0.25+1.5+0.013 ms clock, 3.0+1.5/1.5/0+0.16 ms cpu, 97->106->37 MB, 110 MB goal, 0 MB stacks, 0 MB globals, 12 P
gc 1016 @4.945s 11%: 0.25+1.2+0.077 ms clock, 3.1+1.1/1.4/0+0.92 ms cpu, 64->76->40 MB, 75 MB goal, 0 MB stacks, 0 MB globals, 12 P
gc 1017 @4.949s 11%: 0.19+1.3+0.058 ms clock, 2.2+1.1/1.3/0+0.70 ms cpu, 71->82->40 MB, 81 MB goal, 0 MB stacks, 0 MB globals, 12 P
gc 1018 @4.953s 11%: 0.29+1.0+0.033 ms clock, 3.5+0.99/1.3/0+0.40 ms cpu, 74->80->35 MB, 81 MB goal, 0 MB stacks, 0 MB globals, 12 P
gc 1019 @4.956s 11%: 0.20+1.0+0.15 ms clock, 2.4+1.1/0.93/0+1.8 ms cpu, 63->75->38 MB, 71 MB goal, 0 MB stacks, 0 MB globals, 12 P
gc 1020 @4.960s 11%: 0.41+1.4+0.012 ms clock, 4.9+1.0/1.5/0+0.14 ms cpu, 67->79->38 MB, 77 MB goal, 0 MB stacks, 0 MB globals, 12 P
gc 1021 @4.964s 11%: 0.27+1.6+0.096 ms clock, 3.2+1.4/1.0/0+1.1 ms cpu, 68->81->39 MB, 77 MB goal, 0 MB stacks, 0 MB globals, 12 P
gc 1022 @4.968s 11%: 0.30+0.86+0.083 ms clock, 3.6+1.3/1.3/0+1.0 ms cpu, 70->78->36 MB, 79 MB goal, 0 MB stacks, 0 MB globals, 12 P
gc 1023 @4.971s 11%: 0.37+1.2+0.004 ms clock, 4.4+1.4/1.6/0+0.058 ms cpu, 65->73->38 MB, 73 MB goal, 0 MB stacks, 0 MB globals, 12 P
gc 1024 @4.975s 11%: 0.10+0.71+0.10 ms clock, 1.2+1.1/1.4/0+1.2 ms cpu, 66->70->29 MB, 77 MB goal, 0 MB stacks, 0 MB globals, 12 P
gc 1025 @4.978s 11%: 0.13+0.95+0.019 ms clock, 1.6+1.5/0.86/0+0.23 ms cpu, 52->60->32 MB, 59 MB goal, 0 MB stacks, 0 MB globals, 12 P
gc 1026 @4.980s 11%: 0.29+1.4+0.28 ms clock, 3.5+0.54/1.1/0+3.3 ms cpu, 56->69->43 MB, 65 MB goal, 0 MB stacks, 0 MB globals, 12 P
gc 1027 @4.985s 11%: 0.25+0.85+0.20 ms clock, 3.1+1.0/0.94/0+2.4 ms cpu, 76->89->43 MB, 87 MB goal, 0 MB stacks, 0 MB globals, 12 P
gc 1028 @4.989s 11%: 0.30+1.5+0.10 ms clock, 3.6+1.5/1.1/0+1.2 ms cpu, 75->90->41 MB, 87 MB goal, 0 MB stacks, 0 MB globals, 12 P
gc 1029 @4.994s 11%: 0.33+1.4+0.056 ms clock, 4.0+1.1/1.2/0+0.67 ms cpu, 77->88->43 MB, 83 MB goal, 0 MB stacks, 0 MB globals, 12 P
gc 1030 @4.998s 11%: 0.29+1.6+0.042 ms clock, 3.4+1.6/1.3/0+0.51 ms cpu, 74->88->41 MB, 87 MB goal, 0 MB stacks, 0 MB globals, 12 P
gc 1031 @5.002s 11%: 0.17+1.3+0.011 ms clock, 2.1+2.3/0.80/0+0.14 ms cpu, 71->81->40 MB, 83 MB goal, 0 MB stacks, 0 MB globals, 12 P
gc 1032 @5.005s 11%: 0.43+1.1+0.13 ms clock, 5.2+0.89/1.1/0+1.5 ms cpu, 74->81->38 MB, 81 MB goal, 0 MB stacks, 0 MB globals, 12 P
gc 1033 @5.009s 11%: 0.37+1.4+0.014 ms clock, 4.4+1.0/2.1/0+0.17 ms cpu, 69->78->39 MB, 77 MB goal, 0 MB stacks, 0 MB globals, 12 P
gc 1034 @5.013s 11%: 0.30+0.82+0.048 ms clock, 3.6+0.96/1.3/0+0.57 ms cpu, 70->76->36 MB, 79 MB goal, 0 MB stacks, 0 MB globals, 12 P
gc 1035 @5.016s 11%: 0.15+1.2+0.037 ms clock, 1.8+1.1/0.84/0+0.44 ms cpu, 62->73->35 MB, 73 MB goal, 0 MB stacks, 0 MB globals, 12 P
gc 1036 @5.019s 11%: 0.21+0.80+0.052 ms clock, 2.6+0.92/1.2/0+0.62 ms cpu, 65->69->31 MB, 71 MB goal, 0 MB stacks, 0 MB globals, 12 P
gc 1037 @5.022s 11%: 0.26+0.89+0.093 ms clock, 3.1+1.4/1.0/0+1.1 ms cpu, 57->66->34 MB, 63 MB goal, 0 MB stacks, 0 MB globals, 12 P
gc 1038 @5.025s 11%: 0.28+1.5+0.10 ms clock, 3.4+1.2/1.5/0+1.2 ms cpu, 60->73->40 MB, 69 MB goal, 0 MB stacks, 0 MB globals, 12 P
gc 1039 @5.029s 11%: 0.31+1.1+0.11 ms clock, 3.7+1.8/1.1/0+1.3 ms cpu, 76->81->34 MB, 81 MB goal, 0 MB stacks, 0 MB globals, 12 P
gc 1040 @5.032s 11%: 0.20+1.6+0.050 ms clock, 2.4+1.2/2.6/0+0.60 ms cpu, 59->74->42 MB, 69 MB goal, 0 MB stacks, 0 MB globals, 12 P
gc 1041 @5.036s 11%: 0.42+1.3+0.13 ms clock, 5.0+1.1/1.3/0+1.5 ms cpu, 74->89->44 MB, 85 MB goal, 0 MB stacks, 0 MB globals, 12 P
gc 1042 @5.041s 11%: 0.26+1.3+0.086 ms clock, 3.1+1.1/1.5/0+1.0 ms cpu, 78->90->37 MB, 89 MB goal, 0 MB stacks, 0 MB globals, 12 P
gc 1043 @5.045s 11%: 0.22+1.4+0.020 ms clock, 2.7+1.2/1.0/0+0.25 ms cpu, 65->78->39 MB, 75 MB goal, 0 MB stacks, 0 MB globals, 12 P
gc 1044 @5.049s 11%: 0.19+0.89+0.11 ms clock, 2.3+1.4/1.4/0+1.3 ms cpu, 69->77->38 MB, 79 MB goal, 0 MB stacks, 0 MB globals, 12 P
gc 1045 @5.052s 11%: 0.26+1.2+0.026 ms clock, 3.2+1.3/1.1/0+0.32 ms cpu, 68->77->37 MB, 77 MB goal, 0 MB stacks, 0 MB globals, 12 P
gc 1046 @5.056s 11%: 0.36+1.0+0.12 ms clock, 4.3+1.6/0.99/0+1.4 ms cpu, 64->74->37 MB, 75 MB goal, 0 MB stacks, 0 MB globals, 12 P
gc 1047 @5.059s 11%: 0.29+1.2+0.006 ms clock, 3.5+1.3/1.4/0+0.075 ms cpu, 64->74->36 MB, 75 MB goal, 0 MB stacks, 0 MB globals, 12 P
gc 1048 @5.063s 11%: 0.22+1.2+0.050 ms clock, 2.7+1.2/1.8/0+0.60 ms cpu, 64->75->39 MB, 73 MB goal, 0 MB stacks, 0 MB globals, 12 P
gc 1049 @5.066s 11%: 0.26+1.6+0.16 ms clock, 3.1+1.2/2.2/0+1.9 ms cpu, 68->86->43 MB, 79 MB goal, 0 MB stacks, 0 MB globals, 12 P
gc 1050 @5.071s 11%: 0.39+1.2+0.11 ms clock, 4.7+1.1/1.3/0+1.3 ms cpu, 75->89->42 MB, 87 MB goal, 0 MB stacks, 0 MB globals, 12 P
gc 1051 @5.075s 11%: 0.31+1.4+0.064 ms clock, 3.8+1.3/2.0/0+0.76 ms cpu, 74->87->40 MB, 85 MB goal, 0 MB stacks, 0 MB globals, 12 P
gc 1052 @5.079s 11%: 0.20+1.1+0.047 ms clock, 2.5+1.2/1.2/0+0.57 ms cpu, 71->81->41 MB, 81 MB goal, 0 MB stacks, 0 MB globals, 12 P
gc 1053 @5.082s 11%: 0.33+1.0+0.078 ms clock, 3.9+1.4/1.9/0+0.94 ms cpu, 73->84->36 MB, 83 MB goal, 0 MB stacks, 0 MB globals, 12 P
gc 1054 @5.086s 11%: 0.36+1.0+0.073 ms clock, 4.3+0.66/1.3/0+0.88 ms cpu, 65->72->38 MB, 73 MB goal, 0 MB stacks, 0 MB globals, 12 P
gc 1055 @5.089s 11%: 0.39+1.2+0.038 ms clock, 4.6+1.4/1.0/0+0.45 ms cpu, 65->77->38 MB, 77 MB goal, 0 MB stacks, 0 MB globals, 12 P
gc 1056 @5.093s 11%: 0.27+1.1+0.075 ms clock, 3.2+0.87/1.4/0+0.90 ms cpu, 68->78->39 MB, 77 MB goal, 0 MB stacks, 0 MB globals, 12 P
gc 1057 @5.096s 11%: 0.23+1.3+0.051 ms clock, 2.7+1.3/1.2/0+0.61 ms cpu, 70->81->39 MB, 79 MB goal, 0 MB stacks, 0 MB globals, 12 P
gc 1058 @5.100s 11%: 0.27+1.5+0.10 ms clock, 3.2+1.3/1.5/0+1.2 ms cpu, 68->84->43 MB, 79 MB goal, 0 MB stacks, 0 MB globals, 12 P
gc 1059 @5.104s 11%: 0.42+0.84+0.044 ms clock, 5.1+1.2/1.2/0+0.53 ms cpu, 75->82->35 MB, 87 MB goal, 0 MB stacks, 0 MB globals, 12 P
gc 1060 @5.108s 11%: 0.34+1.0+0.036 ms clock, 4.0+0.96/1.8/0+0.44 ms cpu, 64->72->32 MB, 71 MB goal, 0 MB stacks, 0 MB globals, 12 P
gc 1061 @5.110s 11%: 0.32+1.1+0.099 ms clock, 3.8+0.93/1.2/0+1.1 ms cpu, 56->64->37 MB, 65 MB goal, 0 MB stacks, 0 MB globals, 12 P
gc 1062 @5.114s 11%: 0.17+1.0+0.12 ms clock, 2.0+1.4/1.1/0+1.5 ms cpu, 64->76->39 MB, 75 MB goal, 0 MB stacks, 0 MB globals, 12 P
gc 1063 @5.117s 11%: 0.41+1.2+0.094 ms clock, 4.9+1.2/0.85/0+1.1 ms cpu, 67->79->36 MB, 79 MB goal, 0 MB stacks, 0 MB globals, 12 P
gc 1064 @5.121s 11%: 0.23+0.78+0.038 ms clock, 2.8+1.3/1.3/0+0.46 ms cpu, 70->73->38 MB, 73 MB goal, 0 MB stacks, 0 MB globals, 12 P
gc 1065 @5.124s 11%: 0.24+1.1+0.032 ms clock, 2.8+1.4/1.8/0+0.38 ms cpu, 67->76->37 MB, 77 MB goal, 0 MB stacks, 0 MB globals, 12 P
gc 1066 @5.128s 11%: 0.18+1.1+0.053 ms clock, 2.2+1.0/1.5/0+0.64 ms cpu, 66->75->38 MB, 75 MB goal, 0 MB stacks, 0 MB globals, 12 P
gc 1067 @5.131s 11%: 0.28+1.0+0.084 ms clock, 3.4+1.2/1.2/0+1.0 ms cpu, 69->78->41 MB, 77 MB goal, 0 MB stacks, 0 MB globals, 12 P
gc 1068 @5.135s 11%: 0.16+1.2+0.099 ms clock, 2.0+1.5/1.1/0+1.1 ms cpu, 71->84->38 MB, 83 MB goal, 0 MB stacks, 0 MB globals, 12 P
gc 1069 @5.138s 11%: 0.35+1.0+0.012 ms clock, 4.2+0.95/1.0/0+0.14 ms cpu, 67->74->36 MB, 77 MB goal, 0 MB stacks, 0 MB globals, 12 P
gc 1070 @5.142s 11%: 0.21+1.1+0.064 ms clock, 2.5+0.99/1.7/0+0.77 ms cpu, 64->73->51 MB, 73 MB goal, 0 MB stacks, 0 MB globals, 12 P
gc 1071 @5.146s 11%: 0.33+1.6+0.12 ms clock, 4.0+1.1/0.80/0+1.4 ms cpu, 91->104->43 MB, 102 MB goal, 0 MB stacks, 0 MB globals, 12 P
gc 1072 @5.150s 11%: 0.38+1.4+0.075 ms clock, 4.6+1.0/1.4/0+0.90 ms cpu, 75->89->54 MB, 87 MB goal, 0 MB stacks, 0 MB globals, 12 P
gc 1073 @5.155s 11%: 0.51+2.0+0.10 ms clock, 6.1+1.7/2.3/0+1.2 ms cpu, 95->113->44 MB, 108 MB goal, 0 MB stacks, 0 MB globals, 12 P
gc 1074 @5.160s 11%: 0.42+1.8+0.063 ms clock, 5.0+2.6/1.1/0+0.76 ms cpu, 76->95->46 MB, 89 MB goal, 0 MB stacks, 0 MB globals, 12 P
gc 1075 @5.165s 11%: 0.27+1.4+0.035 ms clock, 3.2+2.1/1.4/0+0.42 ms cpu, 83->93->40 MB, 93 MB goal, 0 MB stacks, 0 MB globals, 12 P
gc 1076 @5.169s 11%: 0.30+1.2+0.091 ms clock, 3.6+1.0/0.94/0+1.0 ms cpu, 73->82->37 MB, 81 MB goal, 0 MB stacks, 0 MB globals, 12 P
gc 1077 @5.173s 11%: 0.44+0.58+0.055 ms clock, 5.3+1.1/0.92/0+0.66 ms cpu, 68->74->29 MB, 75 MB goal, 0 MB stacks, 0 MB globals, 12 P
gc 1078 @5.176s 11%: 0.36+1.2+0.051 ms clock, 4.4+1.0/1.4/0+0.62 ms cpu, 53->65->41 MB, 59 MB goal, 0 MB stacks, 0 MB globals, 12 P
gc 1079 @5.180s 11%: 0.44+1.3+0.12 ms clock, 5.3+1.2/1.0/0+1.4 ms cpu, 72->86->38 MB, 83 MB goal, 0 MB stacks, 0 MB globals, 12 P
gc 1080 @5.184s 11%: 0.33+1.0+0.070 ms clock, 3.9+1.2/1.5/0+0.84 ms cpu, 69->76->34 MB, 77 MB goal, 0 MB stacks, 0 MB globals, 12 P
gc 1081 @5.187s 11%: 0.17+1.2+0.075 ms clock, 2.0+1.3/1.7/0+0.90 ms cpu, 61->67->35 MB, 69 MB goal, 0 MB stacks, 0 MB globals, 12 P
gc 1082 @5.191s 11%: 0.19+1.4+0.016 ms clock, 2.3+1.6/1.3/0+0.19 ms cpu, 66->73->36 MB, 71 MB goal, 0 MB stacks, 0 MB globals, 12 P
gc 1083 @5.194s 11%: 0.29+1.3+0.11 ms clock, 3.5+1.1/1.4/0+1.3 ms cpu, 63->74->38 MB, 73 MB goal, 0 MB stacks, 0 MB globals, 12 P
gc 1084 @5.198s 11%: 0.24+1.6+0.10 ms clock, 2.9+1.8/0.98/0+1.2 ms cpu, 68->81->45 MB, 77 MB goal, 0 MB stacks, 0 MB globals, 12 P
gc 1085 @5.203s 11%: 0.24+1.7+0.10 ms clock, 2.9+1.4/1.1/0+1.2 ms cpu, 79->94->42 MB, 91 MB goal, 0 MB stacks, 0 MB globals, 12 P
gc 1086 @5.207s 11%: 0.31+1.3+0.014 ms clock, 3.7+1.0/1.9/0+0.17 ms cpu, 74->84->36 MB, 85 MB goal, 0 MB stacks, 0 MB globals, 12 P
gc 1087 @5.211s 11%: 0.29+1.5+0.12 ms clock, 3.4+2.1/1.2/0+1.5 ms cpu, 65->78->45 MB, 73 MB goal, 0 MB stacks, 0 MB globals, 12 P
gc 1088 @5.215s 11%: 0.48+1.1+0.089 ms clock, 5.8+0.94/1.2/0+1.0 ms cpu, 80->88->36 MB, 91 MB goal, 0 MB stacks, 0 MB globals, 12 P
gc 1089 @5.219s 11%: 0.44+1.2+0.051 ms clock, 5.3+1.4/1.3/0+0.61 ms cpu, 63->73->38 MB, 73 MB goal, 0 MB stacks, 0 MB globals, 12 P
gc 1090 @5.222s 11%: 0.23+0.91+0.18 ms clock, 2.8+1.0/1.4/0+2.1 ms cpu, 66->77->40 MB, 77 MB goal, 0 MB stacks, 0 MB globals, 12 P
gc 1091 @5.226s 11%: 0.33+1.2+0.092 ms clock, 3.9+1.2/0.90/0+1.1 ms cpu, 69->81->37 MB, 81 MB goal, 0 MB stacks, 0 MB globals, 12 P
gc 1092 @5.230s 11%: 0.27+0.75+0.046 ms clock, 3.3+1.3/1.3/0+0.56 ms cpu, 71->73->33 MB, 75 MB goal, 0 MB stacks, 0 MB globals, 12 P
gc 1093 @5.233s 11%: 0.25+1.0+0.036 ms clock, 3.0+1.1/1.2/0+0.43 ms cpu, 60->67->34 MB, 67 MB goal, 0 MB stacks, 0 MB globals, 12 P
gc 1094 @5.236s 11%: 0.20+0.70+0.14 ms clock, 2.4+1.3/1.1/0+1.7 ms cpu, 61->68->32 MB, 69 MB goal, 0 MB stacks, 0 MB globals, 12 P
gc 1095 @5.239s 11%: 0.15+0.99+0.049 ms clock, 1.8+0.95/1.7/0.020+0.59 ms cpu, 55->63->34 MB, 65 MB goal, 0 MB stacks, 0 MB globals, 12 P
gc 1096 @5.242s 11%: 0.22+1.4+0.13 ms clock, 2.7+1.9/0.79/0+1.6 ms cpu, 61->73->34 MB, 69 MB goal, 0 MB stacks, 0 MB globals, 12 P
gc 1097 @5.245s 11%: 0.23+0.99+0.034 ms clock, 2.8+1.2/0.89/0+0.40 ms cpu, 59->67->35 MB, 69 MB goal, 0 MB stacks, 0 MB globals, 12 P
gc 1098 @5.250s 11%: 0.25+0.94+0.079 ms clock, 3.0+0.97/1.9/0+0.95 ms cpu, 80->82->49 MB, 80 MB goal, 0 MB stacks, 0 MB globals, 12 P
gc 1099 @5.254s 11%: 0.20+1.5+0.12 ms clock, 2.5+1.3/1.0/0+1.4 ms cpu, 85->98->36 MB, 99 MB goal, 0 MB stacks, 0 MB globals, 12 P
gc 1100 @5.258s 11%: 0.28+1.2+0.032 ms clock, 3.4+0.75/2.2/0+0.39 ms cpu, 65->70->37 MB, 73 MB goal, 0 MB stacks, 0 MB globals, 12 P
gc 1101 @5.261s 11%: 0.25+1.3+0.082 ms clock, 3.0+1.1/0.72/0+0.99 ms cpu, 64->74->37 MB, 75 MB goal, 0 MB stacks, 0 MB globals, 12 P
gc 1102 @5.265s 11%: 0.29+1.5+0.084 ms clock, 3.5+1.0/1.4/0+1.0 ms cpu, 65->75->37 MB, 75 MB goal, 0 MB stacks, 0 MB globals, 12 P
gc 1103 @5.269s 11%: 0.30+0.85+0.089 ms clock, 3.7+1.6/1.7/0+1.0 ms cpu, 68->75->36 MB, 75 MB goal, 0 MB stacks, 0 MB globals, 12 P
gc 1104 @5.272s 11%: 0.27+1.3+0.10 ms clock, 3.2+1.4/0.83/0+1.2 ms cpu, 62->78->40 MB, 73 MB goal, 0 MB stacks, 0 MB globals, 12 P
gc 1105 @5.277s 11%: 0.18+0.98+0.10 ms clock, 2.2+1.1/0.91/0+1.2 ms cpu, 76->81->36 MB, 81 MB goal, 0 MB stacks, 0 MB globals, 12 P
gc 1106 @5.280s 11%: 0.23+1.4+0.12 ms clock, 2.8+2.0/1.4/0+1.5 ms cpu, 63->78->40 MB, 73 MB goal, 0 MB stacks, 0 MB globals, 12 P
gc 1107 @5.284s 11%: 0.20+1.1+0.083 ms clock, 2.4+1.0/1.2/0+0.99 ms cpu, 72->79->38 MB, 81 MB goal, 0 MB stacks, 0 MB globals, 12 P
gc 1108 @5.288s 11%: 0.23+1.2+0.037 ms clock, 2.8+1.2/1.4/0+0.45 ms cpu, 67->76->36 MB, 77 MB goal, 0 MB stacks, 0 MB globals, 12 P
gc 1109 @5.291s 11%: 0.33+1.3+0.055 ms clock, 4.0+1.4/1.6/0+0.66 ms cpu, 63->73->39 MB, 73 MB goal, 0 MB stacks, 0 MB globals, 12 P
gc 1110 @5.295s 11%: 0.17+1.5+0.087 ms clock, 2.1+1.2/0.99/0+1.0 ms cpu, 68->80->41 MB, 79 MB goal, 0 MB stacks, 0 MB globals, 12 P
gc 1111 @5.299s 11%: 0.40+1.3+0.10 ms clock, 4.8+0.86/1.0/0+1.2 ms cpu, 71->84->37 MB, 83 MB goal, 0 MB stacks, 0 MB globals, 12 P
gc 1112 @5.303s 11%: 0.34+0.81+0.068 ms clock, 4.1+1.3/1.2/0+0.82 ms cpu, 68->76->37 MB, 75 MB goal, 0 MB stacks, 0 MB globals, 12 P
gc 1113 @5.306s 11%: 0.21+1.1+0.075 ms clock, 2.5+1.1/1.2/0+0.91 ms cpu, 66->75->38 MB, 75 MB goal, 0 MB stacks, 0 MB globals, 12 P
gc 1114 @5.310s 11%: 0.28+1.1+0.044 ms clock, 3.3+1.3/1.3/0+0.52 ms cpu, 68->78->37 MB, 77 MB goal, 0 MB stacks, 0 MB globals, 12 P
gc 1115 @5.313s 12%: 0.24+0.99+0.086 ms clock, 2.9+1.4/1.2/0+1.0 ms cpu, 66->75->35 MB, 75 MB goal, 0 MB stacks, 0 MB globals, 12 P
gc 1116 @5.316s 12%: 0.22+1.0+0.084 ms clock, 2.6+1.1/1.5/0+1.0 ms cpu, 61->70->39 MB, 71 MB goal, 0 MB stacks, 0 MB globals, 12 P
gc 1117 @5.320s 12%: 0.39+1.4+0.099 ms clock, 4.7+1.4/1.4/0+1.1 ms cpu, 69->81->40 MB, 79 MB goal, 0 MB stacks, 0 MB globals, 12 P
gc 1118 @5.324s 12%: 0.25+1.3+0.050 ms clock, 3.0+1.8/1.3/0+0.60 ms cpu, 71->80->36 MB, 81 MB goal, 0 MB stacks, 0 MB globals, 12 P
gc 1119 @5.327s 12%: 0.23+1.1+0.033 ms clock, 2.7+1.3/1.3/0+0.39 ms cpu, 63->72->36 MB, 73 MB goal, 0 MB stacks, 0 MB globals, 12 P
gc 1120 @5.331s 12%: 0.19+1.3+0.042 ms clock, 2.3+1.0/1.7/0+0.50 ms cpu, 63->74->39 MB, 73 MB goal, 0 MB stacks, 0 MB globals, 12 P
gc 1121 @5.334s 12%: 0.25+1.1+0.075 ms clock, 3.0+1.5/2.3/0+0.90 ms cpu, 70->76->35 MB, 79 MB goal, 0 MB stacks, 0 MB globals, 12 P
gc 1122 @5.337s 12%: 0.39+1.2+0.063 ms clock, 4.6+1.0/1.6/0+0.76 ms cpu, 60->70->36 MB, 71 MB goal, 0 MB stacks, 0 MB globals, 12 P
gc 1123 @5.341s 12%: 0.23+1.0+0.048 ms clock, 2.8+0.86/0.92/0+0.58 ms cpu, 68->74->40 MB, 73 MB goal, 0 MB stacks, 0 MB globals, 12 P
gc 1124 @5.344s 12%: 0.18+1.3+0.12 ms clock, 2.2+1.5/1.3/0+1.5 ms cpu, 69->80->36 MB, 81 MB goal, 0 MB stacks, 0 MB globals, 12 P
gc 1125 @5.348s 12%: 0.21+0.75+0.061 ms clock, 2.5+1.2/1.4/0+0.73 ms cpu, 63->67->31 MB, 73 MB goal, 0 MB stacks, 0 MB globals, 12 P
gc 1126 @5.351s 12%: 0.16+1.3+0.076 ms clock, 1.9+2.3/2.0/0+0.91 ms cpu, 56->66->37 MB, 63 MB goal, 0 MB stacks, 0 MB globals, 12 P
gc 1127 @5.355s 12%: 0.19+0.45+0.005 ms clock, 2.3+1.5/0.85/0+0.066 ms cpu, 76->76->42 MB, 76 MB goal, 0 MB stacks, 0 MB globals, 12 P
gc 1128 @5.358s 12%: 0.35+0.87+0.16 ms clock, 4.2+1.2/1.2/0+1.9 ms cpu, 74->83->32 MB, 85 MB goal, 0 MB stacks, 0 MB globals, 12 P
gc 1129 @5.361s 12%: 0.32+1.2+0.063 ms clock, 3.9+0.74/1.6/0+0.76 ms cpu, 55->64->35 MB, 65 MB goal, 0 MB stacks, 0 MB globals, 12 P
gc 1130 @5.365s 12%: 0.32+1.4+0.007 ms clock, 3.8+1.2/1.6/0+0.087 ms cpu, 64->74->39 MB, 71 MB goal, 0 MB stacks, 0 MB globals, 12 P
gc 1131 @5.368s 12%: 0.21+1.5+0.15 ms clock, 2.5+1.4/1.1/0+1.8 ms cpu, 67->82->40 MB, 79 MB goal, 0 MB stacks, 0 MB globals, 12 P
gc 1132 @5.373s 12%: 0.27+1.1+0.083 ms clock, 3.2+1.9/2.3/0+0.99 ms cpu, 73->82->42 MB, 81 MB goal, 0 MB stacks, 0 MB globals, 12 P
gc 1133 @5.377s 12%: 0.20+1.1+0.14 ms clock, 2.5+1.2/1.1/0+1.7 ms cpu, 73->85->37 MB, 85 MB goal, 0 MB stacks, 0 MB globals, 12 P
gc 1134 @5.380s 12%: 0.21+1.1+0.015 ms clock, 2.6+1.6/2.0/0+0.18 ms cpu, 68->75->36 MB, 75 MB goal, 0 MB stacks, 0 MB globals, 12 P
gc 1135 @5.383s 12%: 0.34+1.1+0.023 ms clock, 4.1+1.0/1.3/0+0.28 ms cpu, 62->70->34 MB, 73 MB goal, 0 MB stacks, 0 MB globals, 12 P
gc 1136 @5.387s 12%: 0.34+1.4+0.10 ms clock, 4.0+1.8/1.4/0+1.2 ms cpu, 61->74->38 MB, 69 MB goal, 0 MB stacks, 0 MB globals, 12 P
gc 1137 @5.391s 12%: 0.28+1.1+0.066 ms clock, 3.4+0.43/1.1/0+0.79 ms cpu, 68->77->36 MB, 77 MB goal, 0 MB stacks, 0 MB globals, 12 P
gc 1138 @5.394s 12%: 0.22+1.0+0.091 ms clock, 2.6+1.1/0.91/0+1.0 ms cpu, 62->74->41 MB, 73 MB goal, 0 MB stacks, 0 MB globals, 12 P
gc 1139 @5.398s 12%: 0.30+1.3+0.095 ms clock, 3.6+0.98/1.8/0+1.1 ms cpu, 72->81->36 MB, 83 MB goal, 0 MB stacks, 0 MB globals, 12 P
gc 1140 @5.401s 12%: 0.27+1.2+0.080 ms clock, 3.2+0.92/1.7/0+0.96 ms cpu, 62->71->36 MB, 73 MB goal, 0 MB stacks, 0 MB globals, 12 P
gc 1141 @5.405s 12%: 0.31+1.3+0.088 ms clock, 3.7+1.4/2.0/0+1.0 ms cpu, 65->74->51 MB, 73 MB goal, 0 MB stacks, 0 MB globals, 12 P
gc 1142 @5.409s 12%: 0.48+0.97+0.12 ms clock, 5.8+1.1/1.0/0+1.4 ms cpu, 90->99->39 MB, 102 MB goal, 0 MB stacks, 0 MB globals, 12 P
gc 1143 @5.413s 12%: 0.35+1.4+0.072 ms clock, 4.2+1.0/1.2/0+0.86 ms cpu, 67->82->41 MB, 79 MB goal, 0 MB stacks, 0 MB globals, 12 P
gc 1144 @5.417s 12%: 0.27+1.4+0.041 ms clock, 3.2+2.0/1.6/0+0.50 ms cpu, 73->84->39 MB, 83 MB goal, 0 MB stacks, 0 MB globals, 12 P
gc 1145 @5.421s 12%: 0.34+1.2+0.045 ms clock, 4.1+1.0/1.2/0+0.54 ms cpu, 67->78->37 MB, 79 MB goal, 0 MB stacks, 0 MB globals, 12 P
gc 1146 @5.425s 12%: 0.23+1.1+0.073 ms clock, 2.8+1.1/1.5/0+0.87 ms cpu, 67->76->37 MB, 75 MB goal, 0 MB stacks, 0 MB globals, 12 P
gc 1147 @5.428s 12%: 0.20+1.1+0.012 ms clock, 2.4+1.2/1.3/0+0.14 ms cpu, 67->73->37 MB, 75 MB goal, 0 MB stacks, 0 MB globals, 12 P
gc 1148 @5.431s 12%: 0.30+1.6+0.084 ms clock, 3.7+0.97/1.5/0+1.0 ms cpu, 65->80->43 MB, 75 MB goal, 0 MB stacks, 0 MB globals, 12 P
gc 1149 @5.436s 12%: 0.34+1.1+0.11 ms clock, 4.1+0.73/1.4/0+1.4 ms cpu, 77->86->34 MB, 87 MB goal, 0 MB stacks, 0 MB globals, 12 P
gc 1150 @5.440s 12%: 0.20+1.2+0.20 ms clock, 2.4+1.5/1.2/0+2.4 ms cpu, 61->75->42 MB, 69 MB goal, 0 MB stacks, 0 MB globals, 12 P
gc 1151 @5.444s 12%: 0.19+1.2+0.055 ms clock, 2.3+0.99/1.1/0+0.66 ms cpu, 74->84->37 MB, 85 MB goal, 0 MB stacks, 0 MB globals, 12 P
gc 1152 @5.448s 12%: 0.23+1.1+0.051 ms clock, 2.8+1.2/1.1/0+0.61 ms cpu, 65->73->38 MB, 75 MB goal, 0 MB stacks, 0 MB globals, 12 P
gc 1153 @5.451s 12%: 0.39+1.2+0.012 ms clock, 4.7+1.6/1.4/0+0.15 ms cpu, 69->79->37 MB, 77 MB goal, 0 MB stacks, 0 MB globals, 12 P
gc 1154 @5.454s 12%: 0.40+1.2+0.082 ms clock, 4.8+0.69/1.9/0.028+0.99 ms cpu, 65->75->41 MB, 75 MB goal, 0 MB stacks, 0 MB globals, 12 P
gc 1155 @5.458s 12%: 0.39+1.0+0.13 ms clock, 4.7+0.53/1.4/0+1.6 ms cpu, 75->80->35 MB, 83 MB goal, 0 MB stacks, 0 MB globals, 12 P
gc 1156 @5.461s 12%: 0.30+1.0+0.027 ms clock, 3.6+0.86/1.7/0+0.32 ms cpu, 61->66->30 MB, 71 MB goal, 0 MB stacks, 0 MB globals, 12 P
gc 1157 @5.464s 12%: 0.29+1.3+0.033 ms clock, 3.5+0.98/2.4/0+0.40 ms cpu, 55->65->36 MB, 61 MB goal, 0 MB stacks, 0 MB globals, 12 P
gc 1158 @5.468s 12%: 0.48+0.82+0.14 ms clock, 5.7+1.2/1.1/0+1.7 ms cpu, 64->73->36 MB, 73 MB goal, 0 MB stacks, 0 MB globals, 12 P
gc 1159 @5.471s 12%: 0.31+0.95+0.039 ms clock, 3.8+1.2/1.3/0+0.47 ms cpu, 64->70->35 MB, 73 MB goal, 0 MB stacks, 0 MB globals, 12 P
gc 1160 @5.474s 12%: 0.37+1.8+0.096 ms clock, 4.4+1.0/2.4/0+1.1 ms cpu, 60->76->43 MB, 71 MB goal, 0 MB stacks, 0 MB globals, 12 P
gc 1161 @5.479s 12%: 0.22+1.3+0.089 ms clock, 2.6+1.2/1.2/0+1.0 ms cpu, 75->84->37 MB, 87 MB goal, 0 MB stacks, 0 MB globals, 12 P
gc 1162 @5.483s 12%: 0.28+1.0+0.040 ms clock, 3.3+1.4/1.9/0+0.48 ms cpu, 70->76->35 MB, 75 MB goal, 0 MB stacks, 0 MB globals, 12 P
gc 1163 @5.486s 12%: 0.18+0.90+0.016 ms clock, 2.1+1.0/1.3/0+0.19 ms cpu, 62->68->32 MB, 71 MB goal, 0 MB stacks, 0 MB globals, 12 P
gc 1164 @5.489s 12%: 0.25+1.0+0.002 ms clock, 3.1+1.3/1.5/0+0.030 ms cpu, 59->64->34 MB, 65 MB goal, 0 MB stacks, 0 MB globals, 12 P
gc 1165 @5.492s 12%: 0.14+1.0+0.10 ms clock, 1.7+1.0/1.1/0.009+1.2 ms cpu, 60->68->33 MB, 69 MB goal, 0 MB stacks, 0 MB globals, 12 P
gc 1166 @5.495s 12%: 0.19+1.2+0.099 ms clock, 2.3+1.3/1.7/0+1.1 ms cpu, 57->69->37 MB, 67 MB goal, 0 MB stacks, 0 MB globals, 12 P
gc 1167 @5.498s 12%: 0.35+1.6+0.083 ms clock, 4.3+1.4/1.6/0+1.0 ms cpu, 64->76->39 MB, 75 MB goal, 0 MB stacks, 0 MB globals, 12 P
gc 1168 @5.503s 12%: 0.28+1.4+0.11 ms clock, 3.3+1.5/1.6/0+1.3 ms cpu, 67->83->41 MB, 79 MB goal, 0 MB stacks, 0 MB globals, 12 P
gc 1169 @5.507s 12%: 0.17+1.3+0.087 ms clock, 2.0+0.95/1.7/0+1.0 ms cpu, 72->84->38 MB, 83 MB goal, 0 MB stacks, 0 MB globals, 12 P
gc 1170 @5.511s 12%: 0.21+1.3+0.050 ms clock, 2.5+1.5/2.1/0+0.60 ms cpu, 67->76->38 MB, 77 MB goal, 0 MB stacks, 0 MB globals, 12 P
gc 1171 @5.514s 12%: 0.26+1.1+0.054 ms clock, 3.2+1.1/1.9/0+0.65 ms cpu, 70->78->37 MB, 77 MB goal, 0 MB stacks, 0 MB globals, 12 P
gc 1172 @5.517s 12%: 0.25+1.3+0.071 ms clock, 3.0+1.0/1.6/0+0.86 ms cpu, 66->77->40 MB, 75 MB goal, 0 MB stacks, 0 MB globals, 12 P
gc 1173 @5.521s 12%: 0.30+0.85+0.12 ms clock, 3.6+1.2/1.0/0+1.4 ms cpu, 72->81->49 MB, 81 MB goal, 0 MB stacks, 0 MB globals, 12 P
gc 1174 @5.526s 12%: 0.38+1.4+0.11 ms clock, 4.6+1.7/1.6/0+1.4 ms cpu, 88->101->43 MB, 98 MB goal, 0 MB stacks, 0 MB globals, 12 P
gc 1175 @5.530s 12%: 0.33+1.4+0.093 ms clock, 3.9+0.85/1.7/0+1.1 ms cpu, 77->89->41 MB, 87 MB goal, 0 MB stacks, 0 MB globals, 12 P
gc 1176 @5.534s 12%: 0.19+1.2+0.080 ms clock, 2.3+1.2/1.0/0+0.96 ms cpu, 71->84->38 MB, 83 MB goal, 0 MB stacks, 0 MB globals, 12 P
gc 1177 @5.538s 12%: 0.38+1.2+0.009 ms clock, 4.6+1.2/1.1/0+0.11 ms cpu, 67->77->36 MB, 77 MB goal, 0 MB stacks, 0 MB globals, 12 P
gc 1178 @5.541s 12%: 0.37+1.4+0.10 ms clock, 4.5+1.2/1.3/0+1.2 ms cpu, 63->75->36 MB, 73 MB goal, 0 MB stacks, 0 MB globals, 12 P
gc 1179 @5.545s 12%: 0.35+1.6+0.051 ms clock, 4.2+1.2/1.8/0+0.62 ms cpu, 63->77->41 MB, 73 MB goal, 0 MB stacks, 0 MB globals, 12 P
gc 1180 @5.549s 12%: 0.35+1.5+0.089 ms clock, 4.2+1.1/1.1/0+1.0 ms cpu, 74->85->41 MB, 83 MB goal, 0 MB stacks, 0 MB globals, 12 P
gc 1181 @5.553s 12%: 0.25+1.3+0.069 ms clock, 3.0+1.1/1.6/0+0.83 ms cpu, 72->84->38 MB, 83 MB goal, 0 MB stacks, 0 MB globals, 12 P
gc 1182 @5.557s 12%: 0.41+1.1+0.004 ms clock, 4.9+0.91/1.4/0+0.051 ms cpu, 67->75->36 MB, 77 MB goal, 0 MB stacks, 0 MB globals, 12 P
gc 1183 @5.561s 12%: 0.25+1.0+0.020 ms clock, 3.0+1.3/1.2/0+0.24 ms cpu, 65->71->33 MB, 73 MB goal, 0 MB stacks, 0 MB globals, 12 P
gc 1184 @5.564s 12%: 0.27+1.4+0.077 ms clock, 3.3+1.2/1.3/0+0.92 ms cpu, 59->72->41 MB, 67 MB goal, 0 MB stacks, 0 MB globals, 12 P
gc 1185 @5.568s 12%: 0.48+1.6+0.072 ms clock, 5.7+1.2/1.3/0+0.86 ms cpu, 72->87->39 MB, 83 MB goal, 0 MB stacks, 0 MB globals, 12 P
gc 1186 @5.572s 12%: 0.31+0.94+0.007 ms clock, 3.7+0.91/1.1/0+0.095 ms cpu, 70->75->31 MB, 79 MB goal, 0 MB stacks, 0 MB globals, 12 P
gc 1187 @5.575s 12%: 0.21+0.98+0.073 ms clock, 2.5+1.2/1.0/0+0.88 ms cpu, 57->65->38 MB, 63 MB goal, 0 MB stacks, 0 MB globals, 12 P
gc 1188 @5.578s 12%: 0.33+1.0+0.15 ms clock, 3.9+1.0/1.0/0+1.8 ms cpu, 67->78->39 MB, 77 MB goal, 0 MB stacks, 0 MB globals, 12 P
gc 1189 @5.583s 12%: 0.15+0.95+0.062 ms clock, 1.8+1.1/1.0/0+0.74 ms cpu, 71->79->35 MB, 79 MB goal, 0 MB stacks, 0 MB globals, 12 P
gc 1190 @5.586s 12%: 0.36+1.3+0.045 ms clock, 4.4+1.2/1.3/0+0.54 ms cpu, 60->70->36 MB, 71 MB goal, 0 MB stacks, 0 MB globals, 12 P
gc 1191 @5.589s 12%: 0.25+1.1+0.061 ms clock, 3.0+1.0/1.9/0+0.74 ms cpu, 64->69->35 MB, 73 MB goal, 0 MB stacks, 0 MB globals, 12 P
gc 1192 @5.592s 12%: 0.21+1.1+0.045 ms clock, 2.5+2.0/1.4/0+0.54 ms cpu, 65->71->31 MB, 71 MB goal, 0 MB stacks, 0 MB globals, 12 P
gc 1193 @5.595s 12%: 0.40+0.87+0.052 ms clock, 4.8+1.2/1.1/0+0.63 ms cpu, 58->63->37 MB, 63 MB goal, 0 MB stacks, 0 MB globals, 12 P
gc 1194 @5.599s 12%: 0.39+1.0+0.10 ms clock, 4.6+1.3/1.6/0+1.2 ms cpu, 66->73->36 MB, 75 MB goal, 0 MB stacks, 0 MB globals, 12 P
gc 1195 @5.602s 12%: 0.30+0.92+0.025 ms clock, 3.6+1.3/1.8/0.012+0.30 ms cpu, 65->71->34 MB, 73 MB goal, 0 MB stacks, 0 MB globals, 12 P
gc 1196 @5.605s 12%: 0.20+0.87+0.048 ms clock, 2.4+1.1/1.2/0+0.58 ms cpu, 61->67->33 MB, 69 MB goal, 0 MB stacks, 0 MB globals, 12 P
gc 1197 @5.608s 12%: 0.19+1.4+0.030 ms clock, 2.3+1.5/1.2/0+0.36 ms cpu, 58->70->41 MB, 67 MB goal, 0 MB stacks, 0 MB globals, 12 P
gc 1198 @5.612s 12%: 0.21+0.84+0.16 ms clock, 2.6+1.0/1.1/0+1.9 ms cpu, 74->83->36 MB, 83 MB goal, 0 MB stacks, 0 MB globals, 12 P
gc 1199 @5.617s 12%: 0.15+0.59+0.026 ms clock, 1.8+1.3/0.86/0+0.32 ms cpu, 78->82->43 MB, 79 MB goal, 0 MB stacks, 0 MB globals, 12 P
gc 1200 @5.620s 12%: 0.36+1.3+0.11 ms clock, 4.3+1.1/1.0/0+1.3 ms cpu, 76->87->40 MB, 87 MB goal, 0 MB stacks, 0 MB globals, 12 P
gc 1201 @5.624s 12%: 0.18+1.3+0.039 ms clock, 2.1+1.2/1.9/0.029+0.47 ms cpu, 71->80->39 MB, 81 MB goal, 0 MB stacks, 0 MB globals, 12 P
gc 1202 @5.628s 12%: 0.33+1.1+0.12 ms clock, 4.0+1.2/0.93/0+1.4 ms cpu, 69->79->39 MB, 79 MB goal, 0 MB stacks, 0 MB globals, 12 P
gc 1203 @5.632s 12%: 0.41+0.78+0.080 ms clock, 5.0+1.0/1.2/0+0.96 ms cpu, 71->78->37 MB, 79 MB goal, 0 MB stacks, 0 MB globals, 12 P
gc 1204 @5.635s 12%: 0.22+1.4+0.044 ms clock, 2.6+1.5/1.5/0+0.53 ms cpu, 65->76->41 MB, 75 MB goal, 0 MB stacks, 0 MB globals, 12 P
gc 1205 @5.639s 12%: 0.26+1.4+0.095 ms clock, 3.1+1.3/1.4/0+1.1 ms cpu, 71->82->40 MB, 83 MB goal, 0 MB stacks, 0 MB globals, 12 P
gc 1206 @5.643s 12%: 0.23+1.3+0.026 ms clock, 2.7+1.1/1.2/0+0.31 ms cpu, 70->80->40 MB, 81 MB goal, 0 MB stacks, 0 MB globals, 12 P
gc 1207 @5.646s 12%: 0.35+0.98+0.15 ms clock, 4.2+0.93/1.0/0+1.8 ms cpu, 70->80->52 MB, 81 MB goal, 0 MB stacks, 0 MB globals, 12 P
gc 1208 @5.650s 12%: 0.45+2.2+0.059 ms clock, 5.5+1.4/2.1/0+0.71 ms cpu, 89->108->60 MB, 104 MB goal, 0 MB stacks, 0 MB globals, 12 P
gc 1209 @5.656s 12%: 0.31+3.2+0.071 ms clock, 3.8+1.4/2.8/0+0.85 ms cpu, 105->125->49 MB, 120 MB goal, 0 MB stacks, 0 MB globals, 12 P
gc 1210 @5.663s 12%: 0.25+2.0+0.055 ms clock, 3.0+2.1/2.0/0+0.66 ms cpu, 85->102->45 MB, 99 MB goal, 0 MB stacks, 0 MB globals, 12 P
gc 1211 @5.668s 12%: 0.36+1.7+0.006 ms clock, 4.4+1.2/1.4/0+0.074 ms cpu, 78->91->40 MB, 91 MB goal, 0 MB stacks, 0 MB globals, 12 P
gc 1212 @5.672s 12%: 0.29+1.2+0.041 ms clock, 3.5+0.86/1.5/0+0.49 ms cpu, 71->81->36 MB, 81 MB goal, 0 MB stacks, 0 MB globals, 12 P
gc 1213 @5.676s 12%: 0.23+1.3+0.025 ms clock, 2.7+1.3/1.2/0+0.30 ms cpu, 63->72->35 MB, 73 MB goal, 0 MB stacks, 0 MB globals, 12 P
gc 1214 @5.679s 12%: 0.30+1.3+0.094 ms clock, 3.7+1.3/1.5/0+1.1 ms cpu, 60->75->42 MB, 71 MB goal, 0 MB stacks, 0 MB globals, 12 P
gc 1215 @5.683s 12%: 0.29+1.3+0.12 ms clock, 3.5+0.90/1.1/0+1.4 ms cpu, 72->84->40 MB, 85 MB goal, 0 MB stacks, 0 MB globals, 12 P
gc 1216 @5.687s 12%: 0.32+1.2+0.10 ms clock, 3.8+1.0/1.0/0+1.2 ms cpu, 72->83->38 MB, 81 MB goal, 0 MB stacks, 0 MB globals, 12 P
gc 1217 @5.691s 12%: 0.39+1.3+0.049 ms clock, 4.7+1.1/0.95/0+0.59 ms cpu, 66->79->40 MB, 77 MB goal, 0 MB stacks, 0 MB globals, 12 P
gc 1218 @5.695s 12%: 0.36+1.3+0.069 ms clock, 4.4+1.4/1.8/0+0.82 ms cpu, 72->81->35 MB, 81 MB goal, 0 MB stacks, 0 MB globals, 12 P
gc 1219 @5.698s 12%: 0.17+1.1+0.12 ms clock, 2.0+0.94/1.3/0+1.4 ms cpu, 61->72->38 MB, 71 MB goal, 0 MB stacks, 0 MB globals, 12 P
gc 1220 @5.702s 12%: 0.31+1.0+0.044 ms clock, 3.7+1.5/1.9/0+0.53 ms cpu, 71->76->37 MB, 77 MB goal, 0 MB stacks, 0 MB globals, 12 P
gc 1221 @5.705s 12%: 0.25+1.4+0.091 ms clock, 3.0+0.51/1.9/0+1.0 ms cpu, 65->76->41 MB, 75 MB goal, 0 MB stacks, 0 MB globals, 12 P
gc 1222 @5.709s 12%: 0.19+1.4+0.13 ms clock, 2.3+1.2/1.0/0+1.5 ms cpu, 71->85->43 MB, 83 MB goal, 0 MB stacks, 0 MB globals, 12 P
gc 1223 @5.714s 12%: 0.25+1.4+0.090 ms clock, 3.0+0.67/2.0/0+1.0 ms cpu, 78->86->37 MB, 87 MB goal, 0 MB stacks, 0 MB globals, 12 P
gc 1224 @5.717s 12%: 0.29+1.4+0.063 ms clock, 3.4+1.3/1.4/0+0.76 ms cpu, 65->76->40 MB, 75 MB goal, 0 MB stacks, 0 MB globals, 12 P
gc 1225 @5.721s 12%: 0.23+1.2+0.037 ms clock, 2.7+1.2/1.2/0+0.45 ms cpu, 71->80->38 MB, 81 MB goal, 0 MB stacks, 0 MB globals, 12 P
gc 1226 @5.725s 12%: 0.30+0.65+0.058 ms clock, 3.6+1.2/1.2/0+0.70 ms cpu, 68->74->33 MB, 77 MB goal, 0 MB stacks, 0 MB globals, 12 P
gc 1227 @5.728s 12%: 0.24+0.95+0.046 ms clock, 2.9+1.1/1.4/0+0.55 ms cpu, 61->67->32 MB, 67 MB goal, 0 MB stacks, 0 MB globals, 12 P
gc 1228 @5.730s 12%: 0.17+0.99+0.068 ms clock, 2.1+1.1/1.3/0+0.82 ms cpu, 55->63->32 MB, 65 MB goal, 0 MB stacks, 0 MB globals, 12 P
gc 1229 @5.733s 12%: 0.24+1.1+0.079 ms clock, 2.9+1.0/1.5/0+0.95 ms cpu, 55->64->37 MB, 65 MB goal, 0 MB stacks, 0 MB globals, 12 P
gc 1230 @5.737s 12%: 0.42+1.1+0.012 ms clock, 5.1+0.98/1.2/0+0.15 ms cpu, 67->74->36 MB, 75 MB goal, 0 MB stacks, 0 MB globals, 12 P
gc 1231 @5.740s 12%: 0.15+1.1+0.047 ms clock, 1.8+1.2/1.9/0+0.57 ms cpu, 65->72->34 MB, 73 MB goal, 0 MB stacks, 0 MB globals, 12 P
gc 1232 @5.743s 12%: 0.20+1.1+0.025 ms clock, 2.4+0.97/1.8/0+0.30 ms cpu, 60->66->35 MB, 69 MB goal, 0 MB stacks, 0 MB globals, 12 P
gc 1233 @5.747s 12%: 0.18+1.2+0.081 ms clock, 2.1+1.3/1.3/0+0.98 ms cpu, 61->71->38 MB, 71 MB goal, 0 MB stacks, 0 MB globals, 12 P
gc 1234 @5.750s 12%: 0.25+1.3+0.048 ms clock, 3.0+1.6/1.7/0+0.57 ms cpu, 66->76->37 MB, 77 MB goal, 0 MB stacks, 0 MB globals, 12 P
gc 1235 @5.754s 12%: 0.19+1.4+0.013 ms clock, 2.3+1.4/1.1/0+0.15 ms cpu, 65->76->34 MB, 75 MB goal, 0 MB stacks, 0 MB globals, 12 P
gc 1236 @5.757s 12%: 0.21+0.84+0.10 ms clock, 2.5+1.2/1.1/0+1.2 ms cpu, 60->66->34 MB, 69 MB goal, 0 MB stacks, 0 MB globals, 12 P
gc 1237 @5.760s 12%: 0.38+1.1+0.089 ms clock, 4.6+1.2/1.6/0.021+1.0 ms cpu, 60->70->37 MB, 69 MB goal, 0 MB stacks, 0 MB globals, 12 P
gc 1238 @5.763s 12%: 0.39+1.5+0.088 ms clock, 4.7+0.63/1.5/0+1.0 ms cpu, 64->76->40 MB, 75 MB goal, 0 MB stacks, 0 MB globals, 12 P
gc 1239 @5.768s 12%: 0.40+1.6+0.028 ms clock, 4.8+1.2/1.0/0+0.34 ms cpu, 70->85->43 MB, 81 MB goal, 0 MB stacks, 0 MB globals, 12 P
gc 1240 @5.772s 12%: 0.30+1.4+0.087 ms clock, 3.7+0.91/1.8/0.001+1.0 ms cpu, 75->87->37 MB, 87 MB goal, 0 MB stacks, 0 MB globals, 12 P
gc 1241 @5.776s 12%: 0.26+1.2+0.052 ms clock, 3.1+1.1/1.1/0+0.62 ms cpu, 64->75->40 MB, 75 MB goal, 0 MB stacks, 0 MB globals, 12 P
gc 1242 @5.779s 12%: 0.15+1.6+0.040 ms clock, 1.8+1.0/1.5/0+0.48 ms cpu, 69->83->42 MB, 81 MB goal, 0 MB stacks, 0 MB globals, 12 P
gc 1243 @5.783s 12%: 0.37+0.79+0.13 ms clock, 4.5+1.1/0.91/0+1.6 ms cpu, 74->82->36 MB, 85 MB goal, 0 MB stacks, 0 MB globals, 12 P
gc 1244 @5.786s 12%: 0.23+1.1+0.10 ms clock, 2.8+1.0/1.4/0+1.3 ms cpu, 64->70->34 MB, 73 MB goal, 0 MB stacks, 0 MB globals, 12 P
gc 1245 @5.789s 12%: 0.25+1.5+0.090 ms clock, 3.0+1.1/1.0/0+1.0 ms cpu, 59->72->39 MB, 69 MB goal, 0 MB stacks, 0 MB globals, 12 P
gc 1246 @5.794s 12%: 0.25+0.75+0.12 ms clock, 3.0+1.2/0.71/0+1.5 ms cpu, 72->78->36 MB, 79 MB goal, 0 MB stacks, 0 MB globals, 12 P
gc 1247 @5.797s 12%: 0.38+0.73+0.081 ms clock, 4.6+1.4/0.90/0+0.97 ms cpu, 66->74->33 MB, 73 MB goal, 0 MB stacks, 0 MB globals, 12 P
gc 1248 @5.800s 12%: 0.29+1.0+0.12 ms clock, 3.4+1.2/1.8/0+1.4 ms cpu, 59->66->36 MB, 67 MB goal, 0 MB stacks, 0 MB globals, 12 P
gc 1249 @5.803s 12%: 0.17+1.2+0.13 ms clock, 2.0+1.2/1.0/0+1.6 ms cpu, 62->74->36 MB, 73 MB goal, 0 MB stacks, 0 MB globals, 12 P
gc 1250 @5.807s 12%: 0.35+0.84+0.062 ms clock, 4.2+1.3/1.2/0+0.75 ms cpu, 63->70->31 MB, 73 MB goal, 0 MB stacks, 0 MB globals, 12 P
gc 1251 @5.810s 12%: 0.33+1.2+0.008 ms clock, 4.0+1.1/1.8/0+0.096 ms cpu, 56->63->36 MB, 63 MB goal, 0 MB stacks, 0 MB globals, 12 P
gc 1252 @5.813s 12%: 0.38+1.3+0.10 ms clock, 4.6+1.1/1.0/0+1.2 ms cpu, 63->74->36 MB, 73 MB goal, 0 MB stacks, 0 MB globals, 12 P
gc 1253 @5.817s 12%: 0.17+1.5+0.11 ms clock, 2.0+1.2/1.1/0+1.3 ms cpu, 63->79->40 MB, 73 MB goal, 0 MB stacks, 0 MB globals, 12 P
gc 1254 @5.822s 12%: 0.24+1.1+0.089 ms clock, 2.8+1.2/1.4/0+1.0 ms cpu, 73->80->38 MB, 81 MB goal, 0 MB stacks, 0 MB globals, 12 P
gc 1255 @5.825s 12%: 0.22+1.4+0.044 ms clock, 2.6+1.2/1.5/0.001+0.53 ms cpu, 66->78->38 MB, 77 MB goal, 0 MB stacks, 0 MB globals, 12 P
gc 1256 @5.829s 12%: 0.24+1.1+0.061 ms clock, 2.9+1.0/1.6/0+0.73 ms cpu, 68->76->36 MB, 77 MB goal, 0 MB stacks, 0 MB globals, 12 P
gc 1257 @5.832s 12%: 0.24+1.3+0.062 ms clock, 2.9+1.2/1.3/0+0.74 ms cpu, 65->76->42 MB, 73 MB goal, 0 MB stacks, 0 MB globals, 12 P
gc 1258 @5.836s 12%: 0.28+1.4+0.098 ms clock, 3.4+1.2/1.0/0+1.1 ms cpu, 73->85->38 MB, 85 MB goal, 0 MB stacks, 0 MB globals, 12 P
gc 1259 @5.840s 12%: 0.17+1.1+0.055 ms clock, 2.0+1.0/0.84/0+0.66 ms cpu, 67->77->38 MB, 77 MB goal, 0 MB stacks, 0 MB globals, 12 P
gc 1260 @5.844s 12%: 0.29+1.2+0.036 ms clock, 3.5+0.67/1.5/0+0.43 ms cpu, 66->75->38 MB, 77 MB goal, 0 MB stacks, 0 MB globals, 12 P
gc 1261 @5.848s 12%: 0.29+1.1+0.086 ms clock, 3.4+1.4/2.1/0+1.0 ms cpu, 70->77->34 MB, 77 MB goal, 0 MB stacks, 0 MB globals, 12 P
gc 1262 @5.851s 12%: 0.45+1.5+0.045 ms clock, 5.4+0.91/0.85/0+0.54 ms cpu, 60->75->55 MB, 69 MB goal, 0 MB stacks, 0 MB globals, 12 P
gc 1263 @5.856s 12%: 0.23+1.5+0.079 ms clock, 2.7+0.97/1.1/0+0.95 ms cpu, 100->109->42 MB, 110 MB goal, 0 MB stacks, 0 MB globals, 12 P
gc 1264 @5.860s 12%: 0.28+0.97+0.076 ms clock, 3.4+1.1/1.2/0+0.91 ms cpu, 73->81->37 MB, 85 MB goal, 0 MB stacks, 0 MB globals, 12 P
gc 1265 @5.864s 12%: 0.21+1.1+0.10 ms clock, 2.6+0.78/1.4/0+1.2 ms cpu, 65->74->36 MB, 75 MB goal, 0 MB stacks, 0 MB globals, 12 P
gc 1266 @5.867s 12%: 0.23+1.5+0.085 ms clock, 2.8+1.2/1.2/0+1.0 ms cpu, 63->75->38 MB, 73 MB goal, 0 MB stacks, 0 MB globals, 12 P
gc 1267 @5.871s 12%: 0.32+1.0+0.088 ms clock, 3.9+1.1/1.6/0+1.0 ms cpu, 71->78->33 MB, 77 MB goal, 0 MB stacks, 0 MB globals, 12 P
gc 1268 @5.875s 12%: 0.34+1.5+0.012 ms clock, 4.1+1.6/1.0/0+0.14 ms cpu, 58->70->39 MB, 67 MB goal, 0 MB stacks, 0 MB globals, 12 P
gc 1269 @5.878s 12%: 0.32+0.99+0.17 ms clock, 3.9+1.2/1.4/0+2.0 ms cpu, 68->80->37 MB, 79 MB goal, 0 MB stacks, 0 MB globals, 12 P
gc 1270 @5.882s 12%: 0.24+1.7+0.031 ms clock, 2.9+1.2/2.2/0+0.37 ms cpu, 66->80->57 MB, 75 MB goal, 0 MB stacks, 0 MB globals, 12 P
gc 1271 @5.887s 12%: 0.47+1.3+0.43 ms clock, 5.6+0.94/2.6/0+5.2 ms cpu, 99->114->43 MB, 114 MB goal, 0 MB stacks, 0 MB globals, 12 P
gc 1272 @5.892s 12%: 0.32+1.4+0.066 ms clock, 3.9+1.3/1.3/0+0.79 ms cpu, 74->88->39 MB, 87 MB goal, 0 MB stacks, 0 MB globals, 12 P
gc 1273 @5.896s 12%: 0.23+1.1+0.10 ms clock, 2.7+1.0/1.0/0+1.2 ms cpu, 67->77->39 MB, 79 MB goal, 0 MB stacks, 0 MB globals, 12 P
gc 1274 @5.900s 12%: 0.29+0.98+0.056 ms clock, 3.5+0.98/1.4/0+0.68 ms cpu, 70->76->33 MB, 79 MB goal, 0 MB stacks, 0 MB globals, 12 P
gc 1275 @5.903s 12%: 0.26+1.2+0.021 ms clock, 3.2+0.69/1.8/0+0.25 ms cpu, 58->67->38 MB, 67 MB goal, 0 MB stacks, 0 MB globals, 12 P
gc 1276 @5.906s 12%: 0.40+1.4+0.005 ms clock, 4.9+1.3/1.4/0+0.071 ms cpu, 66->77->38 MB, 77 MB goal, 0 MB stacks, 0 MB globals, 12 P
gc 1277 @5.910s 12%: 0.28+0.84+0.060 ms clock, 3.4+1.2/1.1/0+0.72 ms cpu, 69->74->32 MB, 77 MB goal, 0 MB stacks, 0 MB globals, 12 P
gc 1278 @5.913s 12%: 0.23+1.2+0.034 ms clock, 2.7+2.1/1.6/0+0.40 ms cpu, 58->68->37 MB, 65 MB goal, 0 MB stacks, 0 MB globals, 12 P
gc 1279 @5.917s 12%: 0.32+1.6+0.081 ms clock, 3.9+1.8/2.0/0+0.98 ms cpu, 66->76->37 MB, 75 MB goal, 0 MB stacks, 0 MB globals, 12 P
gc 1280 @5.921s 12%: 0.24+1.2+0.099 ms clock, 2.9+0.92/1.4/0+1.1 ms cpu, 66->76->39 MB, 75 MB goal, 0 MB stacks, 0 MB globals, 12 P
gc 1281 @5.924s 12%: 0.25+1.5+0.14 ms clock, 3.0+1.9/1.5/0+1.7 ms cpu, 67->82->43 MB, 79 MB goal, 0 MB stacks, 0 MB globals, 12 P
gc 1282 @5.929s 12%: 0.32+1.8+0.11 ms clock, 3.8+1.7/3.0/0+1.3 ms cpu, 75->89->43 MB, 87 MB goal, 0 MB stacks, 0 MB globals, 12 P
gc 1283 @5.933s 12%: 0.39+1.2+0.061 ms clock, 4.6+1.1/1.0/0+0.73 ms cpu, 74->85->37 MB, 87 MB goal, 0 MB stacks, 0 MB globals, 12 P
gc 1284 @5.937s 12%: 0.34+1.1+0.053 ms clock, 4.1+1.0/1.3/0+0.64 ms cpu, 67->75->37 MB, 75 MB goal, 0 MB stacks, 0 MB globals, 12 P
gc 1285 @5.940s 12%: 0.28+1.2+0.24 ms clock, 3.3+1.3/1.8/0+2.9 ms cpu, 64->74->37 MB, 75 MB goal, 0 MB stacks, 0 MB globals, 12 P
gc 1286 @5.944s 12%: 0.24+1.1+0.12 ms clock, 2.9+1.2/1.3/0+1.4 ms cpu, 66->78->38 MB, 75 MB goal, 0 MB stacks, 0 MB globals, 12 P
gc 1287 @5.948s 12%: 0.26+0.91+0.045 ms clock, 3.1+1.1/1.3/0+0.54 ms cpu, 68->74->35 MB, 77 MB goal, 0 MB stacks, 0 MB globals, 12 P
gc 1288 @5.951s 12%: 0.16+1.5+0.055 ms clock, 2.0+1.1/1.5/0+0.66 ms cpu, 61->71->36 MB, 71 MB goal, 0 MB stacks, 0 MB globals, 12 P
gc 1289 @5.954s 12%: 0.19+1.3+0.055 ms clock, 2.2+1.4/1.6/0+0.66 ms cpu, 63->73->39 MB, 73 MB goal, 0 MB stacks, 0 MB globals, 12 P
gc 1290 @5.958s 12%: 0.21+1.1+0.12 ms clock, 2.5+1.2/1.7/0+1.4 ms cpu, 69->79->36 MB, 79 MB goal, 0 MB stacks, 0 MB globals, 12 P
gc 1291 @5.962s 12%: 0.18+1.0+0.069 ms clock, 2.2+1.4/1.4/0+0.83 ms cpu, 64->72->37 MB, 73 MB goal, 0 MB stacks, 0 MB globals, 12 P
gc 1292 @5.965s 12%: 0.22+1.0+0.10 ms clock, 2.6+1.2/1.6/0+1.2 ms cpu, 64->71->33 MB, 75 MB goal, 0 MB stacks, 0 MB globals, 12 P
gc 1293 @5.968s 12%: 0.29+0.96+0.029 ms clock, 3.5+1.0/1.1/0+0.35 ms cpu, 58->66->31 MB, 67 MB goal, 0 MB stacks, 0 MB globals, 12 P
gc 1294 @5.971s 12%: 0.24+0.96+0.092 ms clock, 2.8+1.3/1.2/0+1.1 ms cpu, 56->62->35 MB, 63 MB goal, 0 MB stacks, 0 MB globals, 12 P
gc 1295 @5.974s 12%: 0.34+0.79+0.11 ms clock, 4.1+0.63/1.3/0+1.4 ms cpu, 62->67->38 MB, 71 MB goal, 0 MB stacks, 0 MB globals, 12 P
gc 1296 @5.977s 12%: 0.49+0.75+0.12 ms clock, 5.8+0.59/1.4/0+1.4 ms cpu, 68->73->33 MB, 77 MB goal, 0 MB stacks, 0 MB globals, 12 P
gc 1297 @5.980s 12%: 0.26+1.0+0.064 ms clock, 3.2+1.4/1.3/0+0.77 ms cpu, 58->68->36 MB, 67 MB goal, 0 MB stacks, 0 MB globals, 12 P
gc 1298 @5.983s 12%: 0.26+1.1+0.083 ms clock, 3.2+1.2/1.6/0+1.0 ms cpu, 63->73->35 MB, 73 MB goal, 0 MB stacks, 0 MB globals, 12 P
gc 1299 @5.987s 12%: 0.24+1.3+0.037 ms clock, 2.9+1.5/1.2/0+0.44 ms cpu, 61->72->37 MB, 71 MB goal, 0 MB stacks, 0 MB globals, 12 P
gc 1300 @5.990s 12%: 0.25+1.0+0.081 ms clock, 3.0+1.4/1.5/0+0.97 ms cpu, 65->74->36 MB, 75 MB goal, 0 MB stacks, 0 MB globals, 12 P
gc 1301 @5.993s 12%: 0.26+1.4+0.099 ms clock, 3.2+1.5/1.2/0+1.1 ms cpu, 63->76->42 MB, 73 MB goal, 0 MB stacks, 0 MB globals, 12 P
gc 1302 @5.998s 12%: 0.33+1.3+0.013 ms clock, 3.9+1.1/1.1/0+0.16 ms cpu, 76->86->39 MB, 85 MB goal, 0 MB stacks, 0 MB globals, 12 P
gc 1303 @6.001s 12%: 0.28+0.88+0.073 ms clock, 3.3+0.82/1.3/0+0.88 ms cpu, 69->76->49 MB, 79 MB goal, 0 MB stacks, 0 MB globals, 12 P
gc 1304 @6.005s 12%: 0.31+1.3+0.16 ms clock, 3.8+0.30/0.93/0+2.0 ms cpu, 85->98->41 MB, 98 MB goal, 0 MB stacks, 0 MB globals, 12 P
gc 1305 @6.010s 12%: 0.18+1.0+0.067 ms clock, 2.1+0.92/1.2/0+0.81 ms cpu, 72->81->34 MB, 83 MB goal, 0 MB stacks, 0 MB globals, 12 P
gc 1306 @6.013s 12%: 0.30+1.2+0.080 ms clock, 3.7+0.81/1.3/0+0.97 ms cpu, 61->70->38 MB, 69 MB goal, 0 MB stacks, 0 MB globals, 12 P
gc 1307 @6.017s 12%: 0.21+1.4+0.10 ms clock, 2.5+1.5/1.8/0+1.2 ms cpu, 67->79->37 MB, 77 MB goal, 0 MB stacks, 0 MB globals, 12 P
gc 1308 @6.021s 12%: 0.21+1.0+0.094 ms clock, 2.5+1.0/1.4/0+1.1 ms cpu, 64->74->37 MB, 75 MB goal, 0 MB stacks, 0 MB globals, 12 P
gc 1309 @6.024s 12%: 0.24+1.1+0.096 ms clock, 2.8+1.4/1.5/0+1.1 ms cpu, 66->77->37 MB, 75 MB goal, 0 MB stacks, 0 MB globals, 12 P
gc 1310 @6.028s 12%: 0.19+1.9+0.032 ms clock, 2.3+1.3/1.2/0+0.39 ms cpu, 66->82->57 MB, 75 MB goal, 0 MB stacks, 0 MB globals, 12 P
gc 1311 @6.033s 12%: 0.35+1.0+0.11 ms clock, 4.2+0.94/1.0/0+1.3 ms cpu, 100->108->36 MB, 114 MB goal, 0 MB stacks, 0 MB globals, 12 P
gc 1312 @6.037s 12%: 0.34+1.4+0.069 ms clock, 4.1+2.3/1.5/0+0.83 ms cpu, 62->77->43 MB, 73 MB goal, 0 MB stacks, 0 MB globals, 12 P
gc 1313 @6.041s 12%: 0.42+1.0+0.071 ms clock, 5.1+0.48/1.5/0+0.85 ms cpu, 76->85->38 MB, 87 MB goal, 0 MB stacks, 0 MB globals, 12 P
gc 1314 @6.045s 12%: 0.23+1.2+0.045 ms clock, 2.7+1.1/1.8/0.003+0.54 ms cpu, 68->76->35 MB, 77 MB goal, 0 MB stacks, 0 MB globals, 12 P
gc 1315 @6.048s 12%: 0.23+0.98+0.083 ms clock, 2.7+1.2/1.0/0+1.0 ms cpu, 62->69->32 MB, 71 MB goal, 0 MB stacks, 0 MB globals, 12 P
gc 1316 @6.051s 12%: 0.21+1.1+0.018 ms clock, 2.5+1.2/1.4/0+0.21 ms cpu, 58->65->35 MB, 65 MB goal, 0 MB stacks, 0 MB globals, 12 P
gc 1317 @6.055s 12%: 0.31+1.0+0.081 ms clock, 3.8+0.97/1.8/0+0.98 ms cpu, 64->70->32 MB, 71 MB goal, 0 MB stacks, 0 MB globals, 12 P
gc 1318 @6.058s 12%: 0.39+0.96+0.058 ms clock, 4.7+0.60/1.2/0+0.70 ms cpu, 58->65->37 MB, 65 MB goal, 0 MB stacks, 0 MB globals, 12 P
gc 1319 @6.061s 12%: 0.30+1.0+0.14 ms clock, 3.7+1.1/1.0/0+1.7 ms cpu, 65->75->40 MB, 75 MB goal, 0 MB stacks, 0 MB globals, 12 P
gc 1320 @6.065s 12%: 0.41+1.2+0.10 ms clock, 4.9+0.98/1.6/0+1.2 ms cpu, 69->80->37 MB, 81 MB goal, 0 MB stacks, 0 MB globals, 12 P
gc 1321 @6.069s 12%: 0.27+1.1+0.077 ms clock, 3.3+1.4/1.7/0+0.92 ms cpu, 68->75->35 MB, 75 MB goal, 0 MB stacks, 0 MB globals, 12 P
gc 1322 @6.072s 12%: 0.24+1.1+0.033 ms clock, 2.9+1.0/1.4/0+0.40 ms cpu, 61->71->38 MB, 71 MB goal, 0 MB stacks, 0 MB globals, 12 P
gc 1323 @6.076s 12%: 0.24+1.0+0.088 ms clock, 2.9+1.1/1.6/0+1.0 ms cpu, 68->74->34 MB, 77 MB goal, 0 MB stacks, 0 MB globals, 12 P
gc 1324 @6.079s 12%: 0.19+1.1+0.093 ms clock, 2.3+1.1/1.1/0+1.1 ms cpu, 60->70->39 MB, 69 MB goal, 0 MB stacks, 0 MB globals, 12 P
gc 1325 @6.082s 12%: 0.38+1.2+0.093 ms clock, 4.5+1.2/1.5/0+1.1 ms cpu, 67->78->38 MB, 79 MB goal, 0 MB stacks, 0 MB globals, 12 P
gc 1326 @6.086s 12%: 0.28+1.6+0.10 ms clock, 3.4+1.4/1.5/0+1.2 ms cpu, 69->83->44 MB, 77 MB goal, 0 MB stacks, 0 MB globals, 12 P
gc 1327 @6.090s 12%: 0.27+1.6+0.14 ms clock, 3.2+1.1/1.9/0+1.7 ms cpu, 77->94->48 MB, 89 MB goal, 0 MB stacks, 0 MB globals, 12 P
gc 1328 @6.096s 12%: 0.39+0.94+0.10 ms clock, 4.7+0.67/0.78/0+1.2 ms cpu, 84->94->38 MB, 97 MB goal, 0 MB stacks, 0 MB globals, 12 P
gc 1329 @6.099s 12%: 0.26+1.1+0.034 ms clock, 3.1+1.2/1.2/0+0.41 ms cpu, 67->75->37 MB, 77 MB goal, 0 MB stacks, 0 MB globals, 12 P
gc 1330 @6.103s 12%: 0.18+1.2+0.069 ms clock, 2.2+0.92/1.4/0+0.83 ms cpu, 68->77->38 MB, 75 MB goal, 0 MB stacks, 0 MB globals, 12 P
gc 1331 @6.107s 12%: 0.22+1.3+0.054 ms clock, 2.6+1.2/1.0/0+0.65 ms cpu, 67->80->38 MB, 77 MB goal, 0 MB stacks, 0 MB globals, 12 P
gc 1332 @6.110s 12%: 0.39+1.7+0.055 ms clock, 4.6+1.4/2.1/0+0.66 ms cpu, 66->82->42 MB, 77 MB goal, 0 MB stacks, 0 MB globals, 12 P
gc 1333 @6.115s 12%: 0.24+0.89+0.079 ms clock, 2.9+1.2/1.2/0+0.95 ms cpu, 73->81->36 MB, 85 MB goal, 0 MB stacks, 0 MB globals, 12 P
gc 1334 @6.118s 12%: 0.31+1.4+0.059 ms clock, 3.8+1.6/1.7/0+0.71 ms cpu, 63->74->38 MB, 73 MB goal, 0 MB stacks, 0 MB globals, 12 P
gc 1335 @6.121s 12%: 0.27+1.9+0.076 ms clock, 3.3+1.6/3.1/0+0.92 ms cpu, 68->81->44 MB, 77 MB goal, 0 MB stacks, 0 MB globals, 12 P
gc 1336 @6.126s 12%: 0.44+1.4+0.068 ms clock, 5.3+0.85/1.3/0+0.82 ms cpu, 77->89->38 MB, 89 MB goal, 0 MB stacks, 0 MB globals, 12 P
gc 1337 @6.130s 12%: 0.26+0.84+0.037 ms clock, 3.1+1.2/1.0/0+0.44 ms cpu, 67->75->35 MB, 77 MB goal, 0 MB stacks, 0 MB globals, 12 P
gc 1338 @6.133s 12%: 0.21+1.1+0.090 ms clock, 2.6+1.2/0.89/0+1.0 ms cpu, 62->69->36 MB, 71 MB goal, 0 MB stacks, 0 MB globals, 12 P
gc 1339 @6.137s 12%: 0.48+0.69+0.048 ms clock, 5.7+1.2/1.4/0+0.58 ms cpu, 66->69->31 MB, 73 MB goal, 0 MB stacks, 0 MB globals, 12 P
gc 1340 @6.140s 12%: 0.15+1.1+0.14 ms clock, 1.8+1.1/0.89/0+1.7 ms cpu, 54->64->34 MB, 63 MB goal, 0 MB stacks, 0 MB globals, 12 P
gc 1341 @6.143s 12%: 0.23+0.98+0.13 ms clock, 2.8+1.4/1.3/0+1.6 ms cpu, 61->69->37 MB, 69 MB goal, 0 MB stacks, 0 MB globals, 12 P
gc 1342 @6.146s 12%: 0.35+1.0+0.13 ms clock, 4.2+1.0/1.1/0+1.6 ms cpu, 65->76->39 MB, 75 MB goal, 0 MB stacks, 0 MB globals, 12 P
gc 1343 @6.150s 12%: 0.38+1.0+0.10 ms clock, 4.6+1.0/1.8/0+1.2 ms cpu, 70->78->36 MB, 79 MB goal, 0 MB stacks, 0 MB globals, 12 P
gc 1344 @6.154s 12%: 0.33+1.3+0.041 ms clock, 3.9+1.8/1.0/0.056+0.49 ms cpu, 63->77->38 MB, 73 MB goal, 0 MB stacks, 0 MB globals, 12 P
gc 1345 @6.157s 12%: 0.33+1.0+0.059 ms clock, 3.9+0.88/1.3/0+0.71 ms cpu, 69->76->36 MB, 77 MB goal, 0 MB stacks, 0 MB globals, 12 P
gc 1346 @6.160s 12%: 0.37+1.2+0.079 ms clock, 4.4+1.1/1.8/0.003+0.95 ms cpu, 62->71->39 MB, 73 MB goal, 0 MB stacks, 0 MB globals, 12 P
gc 1347 @6.164s 12%: 0.23+1.9+0.13 ms clock, 2.8+1.9/2.2/0+1.6 ms cpu, 67->83->45 MB, 79 MB goal, 0 MB stacks, 0 MB globals, 12 P
gc 1348 @6.169s 12%: 0.43+1.6+0.010 ms clock, 5.2+1.3/1.7/0+0.12 ms cpu, 80->91->40 MB, 91 MB goal, 0 MB stacks, 0 MB globals, 12 P
gc 1349 @6.173s 12%: 0.31+1.6+0.067 ms clock, 3.8+1.7/1.2/0+0.80 ms cpu, 71->86->45 MB, 81 MB goal, 0 MB stacks, 0 MB globals, 12 P
gc 1350 @6.178s 12%: 0.36+1.1+0.044 ms clock, 4.4+1.3/1.4/0+0.53 ms cpu, 80->88->35 MB, 91 MB goal, 0 MB stacks, 0 MB globals, 12 P
gc 1351 @6.181s 12%: 0.31+1.0+0.11 ms clock, 3.7+0.60/1.3/0+1.4 ms cpu, 60->71->41 MB, 71 MB goal, 0 MB stacks, 0 MB globals, 12 P
gc 1352 @6.185s 12%: 0.26+1.0+0.039 ms clock, 3.1+1.4/1.1/0+0.46 ms cpu, 72->80->38 MB, 83 MB goal, 0 MB stacks, 0 MB globals, 12 P
gc 1353 @6.188s 12%: 0.40+0.92+0.069 ms clock, 4.8+1.0/1.6/0+0.83 ms cpu, 68->76->34 MB, 77 MB goal, 0 MB stacks, 0 MB globals, 12 P
gc 1354 @6.191s 12%: 0.32+1.4+0.076 ms clock, 3.9+1.1/1.8/0+0.92 ms cpu, 59->71->39 MB, 69 MB goal, 0 MB stacks, 0 MB globals, 12 P
gc 1355 @6.195s 12%: 0.40+1.4+0.11 ms clock, 4.8+0.93/1.4/0.037+1.3 ms cpu, 70->81->40 MB, 79 MB goal, 0 MB stacks, 0 MB globals, 12 P
gc 1356 @6.199s 12%: 0.24+1.1+0.046 ms clock, 2.9+1.1/1.5/0+0.56 ms cpu, 70->79->34 MB, 81 MB goal, 0 MB stacks, 0 MB globals, 12 P
gc 1357 @6.203s 12%: 0.27+1.3+0.029 ms clock, 3.2+1.5/1.8/0+0.35 ms cpu, 60->69->38 MB, 69 MB goal, 0 MB stacks, 0 MB globals, 12 P
gc 1358 @6.206s 12%: 0.23+1.3+0.004 ms clock, 2.8+1.6/1.7/0+0.057 ms cpu, 69->78->34 MB, 77 MB goal, 0 MB stacks, 0 MB globals, 12 P
gc 1359 @6.210s 12%: 0.20+0.99+0.045 ms clock, 2.4+1.2/1.4/0+0.55 ms cpu, 63->68->36 MB, 69 MB goal, 0 MB stacks, 0 MB globals, 12 P
gc 1360 @6.213s 12%: 0.26+1.3+0.084 ms clock, 3.2+1.0/1.1/0+1.0 ms cpu, 63->76->38 MB, 73 MB goal, 0 MB stacks, 0 MB globals, 12 P
gc 1361 @6.217s 12%: 0.21+1.1+0.042 ms clock, 2.6+1.3/1.3/0+0.51 ms cpu, 66->75->34 MB, 77 MB goal, 0 MB stacks, 0 MB globals, 12 P
gc 1362 @6.220s 12%: 0.23+1.3+0.053 ms clock, 2.8+1.1/1.8/0.024+0.64 ms cpu, 61->69->37 MB, 69 MB goal, 0 MB stacks, 0 MB globals, 12 P
gc 1363 @6.224s 12%: 0.36+0.90+0.15 ms clock, 4.4+1.0/0.88/0+1.8 ms cpu, 64->75->47 MB, 75 MB goal, 0 MB stacks, 0 MB globals, 12 P
gc 1364 @6.228s 12%: 0.31+1.2+0.12 ms clock, 3.8+1.2/1.2/0+1.5 ms cpu, 82->93->39 MB, 96 MB goal, 0 MB stacks, 0 MB globals, 12 P
gc 1365 @6.232s 12%: 0.27+1.2+0.056 ms clock, 3.2+1.4/1.4/0+0.67 ms cpu, 70->80->39 MB, 79 MB goal, 0 MB stacks, 0 MB globals, 12 P
gc 1366 @6.235s 12%: 0.38+1.3+0.10 ms clock, 4.6+0.86/1.7/0+1.2 ms cpu, 69->80->40 MB, 79 MB goal, 0 MB stacks, 0 MB globals, 12 P
gc 1367 @6.240s 12%: 0.32+1.7+0.027 ms clock, 3.9+2.0/1.4/0+0.33 ms cpu, 70->85->40 MB, 81 MB goal, 0 MB stacks, 0 MB globals, 12 P
gc 1368 @6.244s 12%: 0.22+1.0+0.094 ms clock, 2.7+1.3/0.98/0+1.1 ms cpu, 73->82->37 MB, 81 MB goal, 0 MB stacks, 0 MB globals, 12 P
gc 1369 @6.248s 12%: 0.27+0.90+0.044 ms clock, 3.3+0.90/0.97/0+0.53 ms cpu, 66->73->33 MB, 75 MB goal, 0 MB stacks, 0 MB globals, 12 P
gc 1370 @6.251s 12%: 0.33+0.97+0.094 ms clock, 3.9+1.3/1.3/0+1.1 ms cpu, 59->64->33 MB, 67 MB goal, 0 MB stacks, 0 MB globals, 12 P
gc 1371 @6.253s 12%: 0.23+1.0+0.13 ms clock, 2.8+0.75/1.0/0+1.6 ms cpu, 58->69->40 MB, 67 MB goal, 0 MB stacks, 0 MB globals, 12 P
gc 1372 @6.257s 12%: 0.29+1.1+0.23 ms clock, 3.5+1.2/1.3/0+2.8 ms cpu, 72->83->42 MB, 81 MB goal, 0 MB stacks, 0 MB globals, 12 P
gc 1373 @6.261s 12%: 0.27+1.2+0.10 ms clock, 3.3+1.1/1.2/0+1.2 ms cpu, 73->86->48 MB, 85 MB goal, 0 MB stacks, 0 MB globals, 12 P
gc 1374 @6.265s 12%: 0.37+1.4+0.007 ms clock, 4.4+1.0/1.2/0+0.088 ms cpu, 83->96->40 MB, 96 MB goal, 0 MB stacks, 0 MB globals, 12 P
gc 1375 @6.269s 12%: 0.27+1.1+0.072 ms clock, 3.2+1.3/1.5/0+0.86 ms cpu, 69->79->34 MB, 81 MB goal, 0 MB stacks, 0 MB globals, 12 P
gc 1376 @6.273s 12%: 0.42+1.3+0.061 ms clock, 5.1+1.3/1.5/0+0.73 ms cpu, 60->72->34 MB, 69 MB goal, 0 MB stacks, 0 MB globals, 12 P
gc 1377 @6.276s 12%: 0.22+1.1+0.057 ms clock, 2.6+1.2/1.4/0.025+0.68 ms cpu, 60->67->30 MB, 69 MB goal, 0 MB stacks, 0 MB globals, 12 P
gc 1378 @6.279s 12%: 0.22+0.97+0.038 ms clock, 2.7+1.4/1.4/0+0.46 ms cpu, 53->60->33 MB, 61 MB goal, 0 MB stacks, 0 MB globals, 12 P
gc 1379 @6.282s 12%: 0.12+1.3+0.035 ms clock, 1.5+1.4/1.9/0+0.42 ms cpu, 58->68->38 MB, 67 MB goal, 0 MB stacks, 0 MB globals, 12 P
gc 1380 @6.285s 12%: 0.35+1.6+0.13 ms clock, 4.2+1.8/1.6/0+1.5 ms cpu, 66->81->56 MB, 77 MB goal, 0 MB stacks, 0 MB globals, 12 P
gc 1381 @6.290s 12%: 0.47+1.2+0.13 ms clock, 5.7+0.62/1.2/0+1.5 ms cpu, 96->110->44 MB, 112 MB goal, 0 MB stacks, 0 MB globals, 12 P
gc 1382 @6.295s 12%: 0.29+1.5+0.023 ms clock, 3.5+1.1/1.6/0+0.27 ms cpu, 77->91->39 MB, 89 MB goal, 0 MB stacks, 0 MB globals, 12 P
gc 1383 @6.299s 12%: 0.33+1.0+0.085 ms clock, 3.9+0.91/1.6/0+1.0 ms cpu, 69->76->33 MB, 79 MB goal, 0 MB stacks, 0 MB globals, 12 P
gc 1384 @6.302s 12%: 0.22+1.0+0.13 ms clock, 2.7+1.4/1.1/0+1.6 ms cpu, 57->65->34 MB, 67 MB goal, 0 MB stacks, 0 MB globals, 12 P
gc 1385 @6.305s 12%: 0.20+1.6+0.035 ms clock, 2.4+1.4/2.2/0.038+0.43 ms cpu, 61->74->53 MB, 69 MB goal, 0 MB stacks, 0 MB globals, 12 P
gc 1386 @6.310s 12%: 0.20+0.93+0.18 ms clock, 2.4+0.95/1.0/0+2.2 ms cpu, 93->104->53 MB, 106 MB goal, 0 MB stacks, 0 MB globals, 12 P
gc 1387 @6.315s 12%: 0.48+1.5+0.15 ms clock, 5.8+1.2/1.6/0+1.8 ms cpu, 94->110->42 MB, 108 MB goal, 0 MB stacks, 0 MB globals, 12 P
gc 1388 @6.320s 12%: 0.41+0.76+0.19 ms clock, 5.0+1.1/1.1/0.004+2.3 ms cpu, 73->81->48 MB, 85 MB goal, 0 MB stacks, 0 MB globals, 12 P
gc 1389 @6.324s 12%: 0.50+1.3+0.031 ms clock, 6.0+1.2/1.0/0+0.37 ms cpu, 84->95->39 MB, 96 MB goal, 0 MB stacks, 0 MB globals, 12 P
gc 1390 @6.328s 12%: 0.35+1.0+0.10 ms clock, 4.3+0.95/1.5/0+1.2 ms cpu, 67->76->34 MB, 79 MB goal, 0 MB stacks, 0 MB globals, 12 P
gc 1391 @6.331s 12%: 0.47+1.0+0.004 ms clock, 5.6+1.3/1.6/0+0.049 ms cpu, 61->66->33 MB, 69 MB goal, 0 MB stacks, 0 MB globals, 12 P
gc 1392 @6.334s 12%: 0.25+1.2+0.064 ms clock, 3.0+0.86/1.1/0.004+0.77 ms cpu, 58->64->33 MB, 67 MB goal, 0 MB stacks, 0 MB globals, 12 P
gc 1393 @6.337s 12%: 0.27+1.0+0.13 ms clock, 3.3+1.0/1.3/0+1.6 ms cpu, 60->70->39 MB, 67 MB goal, 0 MB stacks, 0 MB globals, 12 P
gc 1394 @6.341s 12%: 0.25+1.3+0.069 ms clock, 3.0+1.2/1.0/0+0.83 ms cpu, 70->79->39 MB, 79 MB goal, 0 MB stacks, 0 MB globals, 12 P
gc 1395 @6.345s 12%: 0.26+0.85+0.15 ms clock, 3.1+1.3/1.8/0+1.8 ms cpu, 71->77->34 MB, 79 MB goal, 0 MB stacks, 0 MB globals, 12 P
gc 1396 @6.348s 12%: 0.20+1.3+0.092 ms clock, 2.5+1.8/1.4/0+1.1 ms cpu, 59->70->38 MB, 69 MB goal, 0 MB stacks, 0 MB globals, 12 P
gc 1397 @6.351s 12%: 0.34+1.5+0.10 ms clock, 4.1+0.96/2.0/0+1.3 ms cpu, 67->77->43 MB, 77 MB goal, 0 MB stacks, 0 MB globals, 12 P
gc 1398 @6.356s 12%: 0.43+1.0+0.12 ms clock, 5.2+0.77/1.0/0+1.5 ms cpu, 74->86->37 MB, 87 MB goal, 0 MB stacks, 0 MB globals, 12 P
gc 1399 @6.359s 12%: 0.24+1.2+0.068 ms clock, 2.9+1.0/1.2/0+0.82 ms cpu, 64->75->36 MB, 75 MB goal, 0 MB stacks, 0 MB globals, 12 P
gc 1400 @6.363s 12%: 0.34+1.8+0.096 ms clock, 4.1+1.2/2.0/0+1.1 ms cpu, 62->77->42 MB, 73 MB goal, 0 MB stacks, 0 MB globals, 12 P
gc 1401 @6.367s 12%: 0.25+1.3+0.023 ms clock, 3.0+0.89/1.5/0+0.28 ms cpu, 72->81->36 MB, 85 MB goal, 0 MB stacks, 0 MB globals, 12 P
gc 1402 @6.370s 12%: 0.36+1.7+0.12 ms clock, 4.3+0.94/1.8/0+1.4 ms cpu, 62->78->45 MB, 73 MB goal, 0 MB stacks, 0 MB globals, 12 P
gc 1403 @6.375s 12%: 0.22+1.3+0.075 ms clock, 2.6+1.3/0.96/0+0.90 ms cpu, 81->90->36 MB, 91 MB goal, 0 MB stacks, 0 MB globals, 12 P
gc 1404 @6.379s 12%: 0.28+1.3+0.018 ms clock, 3.3+1.5/2.7/0.059+0.22 ms cpu, 63->73->37 MB, 73 MB goal, 0 MB stacks, 0 MB globals, 12 P
gc 1405 @6.382s 12%: 0.28+1.4+0.11 ms clock, 3.4+1.4/1.0/0+1.3 ms cpu, 64->80->40 MB, 75 MB goal, 0 MB stacks, 0 MB globals, 12 P
gc 1406 @6.386s 12%: 0.34+1.3+0.055 ms clock, 4.1+1.4/1.6/0.053+0.66 ms cpu, 70->82->40 MB, 81 MB goal, 0 MB stacks, 0 MB globals, 12 P
gc 1407 @6.391s 12%: 0.30+1.0+0.047 ms clock, 3.6+1.1/1.3/0+0.56 ms cpu, 74->79->37 MB, 81 MB goal, 0 MB stacks, 0 MB globals, 12 P
gc 1408 @6.394s 12%: 0.21+1.5+0.10 ms clock, 2.5+1.4/1.3/0+1.2 ms cpu, 64->79->41 MB, 75 MB goal, 0 MB stacks, 0 MB globals, 12 P
gc 1409 @6.398s 12%: 0.43+0.94+0.14 ms clock, 5.2+1.0/1.2/0+1.7 ms cpu, 72->82->35 MB, 83 MB goal, 0 MB stacks, 0 MB globals, 12 P
gc 1410 @6.402s 12%: 0.23+0.89+0.029 ms clock, 2.7+1.0/1.3/0+0.35 ms cpu, 62->67->35 MB, 71 MB goal, 0 MB stacks, 0 MB globals, 12 P
gc 1411 @6.405s 12%: 0.21+1.2+0.034 ms clock, 2.5+1.2/1.7/0+0.41 ms cpu, 63->70->36 MB, 71 MB goal, 0 MB stacks, 0 MB globals, 12 P
gc 1412 @6.409s 12%: 0.17+1.0+0.091 ms clock, 2.0+1.1/1.3/0+1.1 ms cpu, 67->72->31 MB, 73 MB goal, 0 MB stacks, 0 MB globals, 12 P
gc 1413 @6.411s 12%: 0.29+1.1+0.039 ms clock, 3.5+0.98/1.6/0+0.47 ms cpu, 56->61->34 MB, 63 MB goal, 0 MB stacks, 0 MB globals, 12 P
gc 1414 @6.415s 12%: 0.19+1.0+0.048 ms clock, 2.2+1.1/1.2/0+0.58 ms cpu, 60->69->48 MB, 69 MB goal, 0 MB stacks, 0 MB globals, 12 P
gc 1415 @6.419s 12%: 0.21+1.7+0.064 ms clock, 2.5+1.0/1.3/0+0.76 ms cpu, 87->99->41 MB, 96 MB goal, 0 MB stacks, 0 MB globals, 12 P
gc 1416 @6.423s 12%: 0.26+0.98+0.10 ms clock, 3.2+1.2/1.2/0+1.2 ms cpu, 72->81->34 MB, 83 MB goal, 0 MB stacks, 0 MB globals, 12 P
gc 1417 @6.426s 12%: 0.15+1.2+0.078 ms clock, 1.8+1.4/2.1/0.015+0.94 ms cpu, 60->66->34 MB, 69 MB goal, 0 MB stacks, 0 MB globals, 12 P
gc 1418 @6.430s 12%: 0.26+1.0+0.10 ms clock, 3.2+1.2/0.80/0+1.2 ms cpu, 64->71->39 MB, 69 MB goal, 0 MB stacks, 0 MB globals, 12 P
gc 1419 @6.434s 12%: 0.31+1.1+0.082 ms clock, 3.7+1.1/1.8/0.15+0.98 ms cpu, 73->80->37 MB, 79 MB goal, 0 MB stacks, 0 MB globals, 12 P
gc 1420 @6.437s 12%: 0.25+1.0+0.10 ms clock, 3.0+1.3/1.4/0+1.3 ms cpu, 64->76->38 MB, 75 MB goal, 0 MB stacks, 0 MB globals, 12 P
gc 1421 @6.441s 12%: 0.48+1.3+0.045 ms clock, 5.7+1.0/1.3/0+0.54 ms cpu, 67->79->38 MB, 77 MB goal, 0 MB stacks, 0 MB globals, 12 P
gc 1422 @6.445s 12%: 0.19+1.2+0.057 ms clock, 2.2+1.4/1.9/0+0.69 ms cpu, 68->74->34 MB, 77 MB goal, 0 MB stacks, 0 MB globals, 12 P
gc 1423 @6.448s 12%: 0.12+1.2+0.088 ms clock, 1.5+1.5/2.2/0+1.0 ms cpu, 60->69->34 MB, 69 MB goal, 0 MB stacks, 0 MB globals, 12 P
gc 1424 @6.451s 12%: 0.25+0.77+0.066 ms clock, 3.0+1.2/1.2/0+0.79 ms cpu, 61->66->34 MB, 69 MB goal, 0 MB stacks, 0 MB globals, 12 P
gc 1425 @6.454s 12%: 0.30+0.82+0.089 ms clock, 3.6+1.3/1.2/0+1.0 ms cpu, 59->66->31 MB, 69 MB goal, 0 MB stacks, 0 MB globals, 12 P
gc 1426 @6.457s 12%: 0.41+1.0+0.063 ms clock, 5.0+1.1/1.6/0+0.76 ms cpu, 54->61->33 MB, 63 MB goal, 0 MB stacks, 0 MB globals, 12 P
gc 1427 @6.460s 12%: 0.25+1.1+0.088 ms clock, 3.0+1.0/1.5/0+1.0 ms cpu, 58->68->39 MB, 67 MB goal, 0 MB stacks, 0 MB globals, 12 P
gc 1428 @6.464s 12%: 0.29+1.6+0.14 ms clock, 3.5+0.74/1.5/0+1.7 ms cpu, 68->81->42 MB, 79 MB goal, 0 MB stacks, 0 MB globals, 12 P
gc 1429 @6.468s 12%: 0.29+1.1+0.12 ms clock, 3.4+0.35/1.8/0+1.5 ms cpu, 74->84->39 MB, 85 MB goal, 0 MB stacks, 0 MB globals, 12 P
gc 1430 @6.472s 12%: 0.27+1.0+0.048 ms clock, 3.2+1.0/1.1/0+0.57 ms cpu, 69->78->37 MB, 79 MB goal, 0 MB stacks, 0 MB globals, 12 P
gc 1431 @6.476s 12%: 0.27+1.2+0.050 ms clock, 3.2+1.1/1.6/0.006+0.60 ms cpu, 64->74->37 MB, 75 MB goal, 0 MB stacks, 0 MB globals, 12 P
gc 1432 @6.479s 12%: 0.25+0.84+0.22 ms clock, 3.0+1.2/1.3/0+2.6 ms cpu, 66->74->33 MB, 75 MB goal, 0 MB stacks, 0 MB globals, 12 P
gc 1433 @6.482s 12%: 0.43+1.4+0.004 ms clock, 5.1+0.87/1.6/0+0.049 ms cpu, 58->70->39 MB, 67 MB goal, 0 MB stacks, 0 MB globals, 12 P
gc 1434 @6.486s 12%: 0.33+1.6+0.053 ms clock, 4.0+1.2/1.0/0+0.64 ms cpu, 69->83->42 MB, 79 MB goal, 0 MB stacks, 0 MB globals, 12 P
gc 1435 @6.490s 12%: 0.30+1.3+0.11 ms clock, 3.6+0.95/1.5/0+1.3 ms cpu, 75->86->40 MB, 85 MB goal, 0 MB stacks, 0 MB globals, 12 P
gc 1436 @6.494s 12%: 0.37+1.1+0.035 ms clock, 4.4+0.76/1.4/0+0.42 ms cpu, 73->79->39 MB, 81 MB goal, 0 MB stacks, 0 MB globals, 12 P
gc 1437 @6.498s 12%: 0.28+1.3+0.085 ms clock, 3.4+1.2/1.3/0+1.0 ms cpu, 69->79->38 MB, 79 MB goal, 0 MB stacks, 0 MB globals, 12 P
gc 1438 @6.501s 12%: 0.35+1.0+0.067 ms clock, 4.3+1.1/1.5/0+0.81 ms cpu, 67->75->36 MB, 77 MB goal, 0 MB stacks, 0 MB globals, 12 P
gc 1439 @6.505s 12%: 0.37+1.1+0.078 ms clock, 4.4+1.2/1.1/0+0.93 ms cpu, 63->74->38 MB, 73 MB goal, 0 MB stacks, 0 MB globals, 12 P
gc 1440 @6.508s 12%: 0.36+1.2+0.091 ms clock, 4.3+0.81/1.4/0+1.0 ms cpu, 66->75->38 MB, 77 MB goal, 0 MB stacks, 0 MB globals, 12 P
gc 1441 @6.512s 12%: 0.35+1.1+0.11 ms clock, 4.2+0.96/1.1/0+1.3 ms cpu, 67->77->37 MB, 77 MB goal, 0 MB stacks, 0 MB globals, 12 P
gc 1442 @6.516s 12%: 0.38+1.3+0.095 ms clock, 4.5+1.3/1.6/0+1.1 ms cpu, 67->78->37 MB, 75 MB goal, 0 MB stacks, 0 MB globals, 12 P
gc 1443 @6.519s 12%: 0.33+1.2+0.039 ms clock, 4.0+1.1/1.4/0+0.47 ms cpu, 65->74->39 MB, 75 MB goal, 0 MB stacks, 0 MB globals, 12 P
gc 1444 @6.523s 12%: 0.19+1.1+0.056 ms clock, 2.3+1.3/1.2/0+0.67 ms cpu, 67->76->48 MB, 79 MB goal, 0 MB stacks, 0 MB globals, 12 P
gc 1445 @6.527s 12%: 0.25+1.8+0.069 ms clock, 3.0+1.2/2.1/0+0.83 ms cpu, 85->100->44 MB, 96 MB goal, 0 MB stacks, 0 MB globals, 12 P
gc 1446 @6.532s 12%: 0.47+1.4+0.13 ms clock, 5.6+1.5/1.4/0+1.6 ms cpu, 79->93->41 MB, 89 MB goal, 0 MB stacks, 0 MB globals, 12 P
gc 1447 @6.537s 12%: 0.12+1.3+0.052 ms clock, 1.5+0.94/0.95/0+0.63 ms cpu, 72->85->36 MB, 83 MB goal, 0 MB stacks, 0 MB globals, 12 P
gc 1448 @6.540s 12%: 0.18+1.1+0.067 ms clock, 2.1+1.0/1.2/0+0.81 ms cpu, 63->72->37 MB, 73 MB goal, 0 MB stacks, 0 MB globals, 12 P
gc 1449 @6.544s 12%: 0.30+0.77+0.044 ms clock, 3.6+0.99/1.4/0.002+0.53 ms cpu, 69->74->33 MB, 75 MB goal, 0 MB stacks, 0 MB globals, 12 P
gc 1450 @6.547s 12%: 0.20+0.73+0.087 ms clock, 2.4+1.3/0.82/0+1.0 ms cpu, 58->65->35 MB, 67 MB goal, 0 MB stacks, 0 MB globals, 12 P
gc 1451 @6.550s 12%: 0.26+1.3+0.11 ms clock, 3.1+1.3/1.3/0+1.3 ms cpu, 61->73->42 MB, 71 MB goal, 0 MB stacks, 0 MB globals, 12 P
gc 1452 @6.554s 12%: 0.33+1.0+0.16 ms clock, 3.9+1.1/1.1/0+1.9 ms cpu, 77->85->36 MB, 85 MB goal, 0 MB stacks, 0 MB globals, 12 P
gc 1453 @6.557s 12%: 0.32+1.2+0.11 ms clock, 3.8+1.5/1.3/0+1.3 ms cpu, 62->75->42 MB, 73 MB goal, 0 MB stacks, 0 MB globals, 12 P
gc 1454 @6.561s 12%: 0.26+1.4+0.11 ms clock, 3.1+0.95/1.0/0+1.3 ms cpu, 75->86->43 MB, 85 MB goal, 0 MB stacks, 0 MB globals, 12 P
gc 1455 @6.566s 12%: 0.19+1.0+0.073 ms clock, 2.3+1.4/0.96/0+0.88 ms cpu, 74->85->36 MB, 87 MB goal, 0 MB stacks, 0 MB globals, 12 P
gc 1456 @6.569s 12%: 0.25+1.5+0.064 ms clock, 3.0+1.1/1.5/0+0.77 ms cpu, 64->78->44 MB, 73 MB goal, 0 MB stacks, 0 MB globals, 12 P
gc 1457 @6.573s 12%: 0.32+1.3+0.10 ms clock, 3.8+1.1/0.88/0+1.2 ms cpu, 79->89->39 MB, 89 MB goal, 0 MB stacks, 0 MB globals, 12 P
gc 1458 @6.577s 12%: 0.40+1.6+0.044 ms clock, 4.8+1.4/2.1/0+0.53 ms cpu, 69->83->42 MB, 79 MB goal, 0 MB stacks, 0 MB globals, 12 P
gc 1459 @6.582s 12%: 0.28+1.4+0.029 ms clock, 3.4+1.4/0.94/0+0.35 ms cpu, 75->86->39 MB, 85 MB goal, 0 MB stacks, 0 MB globals, 12 P
gc 1460 @6.586s 12%: 0.23+1.0+0.12 ms clock, 2.8+1.2/1.2/0+1.5 ms cpu, 69->81->38 MB, 79 MB goal, 0 MB stacks, 0 MB globals, 12 P
gc 1461 @6.590s 12%: 0.22+1.2+0.042 ms clock, 2.6+1.2/1.1/0+0.51 ms cpu, 67->77->39 MB, 77 MB goal, 0 MB stacks, 0 MB globals, 12 P
gc 1462 @6.593s 12%: 0.18+1.1+0.049 ms clock, 2.2+1.3/1.1/0+0.59 ms cpu, 70->80->40 MB, 79 MB goal, 0 MB stacks, 0 MB globals, 12 P
gc 1463 @6.597s 12%: 0.39+0.94+0.057 ms clock, 4.7+0.85/1.1/0.001+0.69 ms cpu, 69->80->36 MB, 81 MB goal, 0 MB stacks, 0 MB globals, 12 P
gc 1464 @6.600s 12%: 0.32+1.4+0.043 ms clock, 3.8+0.63/1.2/0+0.52 ms cpu, 66->76->39 MB, 73 MB goal, 0 MB stacks, 0 MB globals, 12 P
gc 1465 @6.604s 12%: 0.24+1.7+0.11 ms clock, 2.9+1.4/2.3/0+1.3 ms cpu, 69->82->44 MB, 79 MB goal, 0 MB stacks, 0 MB globals, 12 P
gc 1466 @6.609s 12%: 0.39+1.3+0.12 ms clock, 4.7+1.3/1.1/0+1.5 ms cpu, 76->88->38 MB, 89 MB goal, 0 MB stacks, 0 MB globals, 12 P
gc 1467 @6.613s 12%: 0.32+1.0+0.088 ms clock, 3.9+0.99/1.2/0+1.0 ms cpu, 68->78->39 MB, 77 MB goal, 0 MB stacks, 0 MB globals, 12 P
gc 1468 @6.617s 12%: 0.25+1.0+0.075 ms clock, 3.0+1.0/1.1/0+0.91 ms cpu, 68->79->38 MB, 79 MB goal, 0 MB stacks, 0 MB globals, 12 P
gc 1469 @6.620s 12%: 0.30+1.2+0.037 ms clock, 3.6+1.1/1.7/0.021+0.45 ms cpu, 69->78->36 MB, 77 MB goal, 0 MB stacks, 0 MB globals, 12 P
gc 1470 @6.624s 12%: 0.27+0.94+0.068 ms clock, 3.2+0.96/1.3/0+0.82 ms cpu, 62->70->48 MB, 73 MB goal, 0 MB stacks, 0 MB globals, 12 P
gc 1471 @6.628s 12%: 0.34+1.3+0.10 ms clock, 4.1+1.0/1.9/0+1.2 ms cpu, 86->95->39 MB, 96 MB goal, 0 MB stacks, 0 MB globals, 12 P
gc 1472 @6.632s 12%: 0.45+0.94+0.10 ms clock, 5.4+1.2/0.90/0+1.3 ms cpu, 68->80->39 MB, 79 MB goal, 0 MB stacks, 0 MB globals, 12 P
gc 1473 @6.636s 12%: 0.41+1.2+0.056 ms clock, 4.9+0.83/1.0/0+0.67 ms cpu, 68->79->38 MB, 79 MB goal, 0 MB stacks, 0 MB globals, 12 P
gc 1474 @6.639s 12%: 0.21+1.0+0.068 ms clock, 2.6+1.4/1.5/0+0.82 ms cpu, 69->76->36 MB, 77 MB goal, 0 MB stacks, 0 MB globals, 12 P
gc 1475 @6.643s 12%: 0.25+1.5+0.13 ms clock, 3.1+1.4/1.0/0+1.5 ms cpu, 62->76->40 MB, 73 MB goal, 0 MB stacks, 0 MB globals, 12 P
gc 1476 @6.647s 12%: 0.21+1.2+0.091 ms clock, 2.5+1.5/2.1/0+1.0 ms cpu, 72->79->36 MB, 81 MB goal, 0 MB stacks, 0 MB globals, 12 P
gc 1477 @6.650s 12%: 0.26+1.4+0.020 ms clock, 3.1+1.0/1.7/0+0.25 ms cpu, 63->74->37 MB, 73 MB goal, 0 MB stacks, 0 MB globals, 12 P
gc 1478 @6.654s 12%: 0.22+1.0+0.068 ms clock, 2.6+0.80/1.6/0+0.82 ms cpu, 65->73->37 MB, 75 MB goal, 0 MB stacks, 0 MB globals, 12 P
gc 1479 @6.657s 12%: 0.30+1.1+0.063 ms clock, 3.6+1.2/1.0/0+0.76 ms cpu, 67->76->40 MB, 75 MB goal, 0 MB stacks, 0 MB globals, 12 P
gc 1480 @6.661s 12%: 0.33+1.7+0.14 ms clock, 4.0+1.3/2.2/0+1.7 ms cpu, 70->85->42 MB, 81 MB goal, 0 MB stacks, 0 MB globals, 12 P
gc 1481 @6.666s 12%: 0.27+1.7+0.13 ms clock, 3.3+0.81/1.1/0+1.6 ms cpu, 73->88->45 MB, 85 MB goal, 0 MB stacks, 0 MB globals, 12 P
gc 1482 @6.670s 12%: 1.3+0.78+0.17 ms clock, 16+0.36/2.9/0+2.1 ms cpu, 81->92->40 MB, 91 MB goal, 0 MB stacks, 0 MB globals, 12 P
gc 1483 @6.675s 12%: 0.49+2.1+0.005 ms clock, 5.9+1.2/2.4/0+0.065 ms cpu, 71->90->58 MB, 81 MB goal, 0 MB stacks, 0 MB globals, 12 P
gc 1484 @6.681s 12%: 0.42+1.8+0.020 ms clock, 5.1+1.0/0.78/0+0.24 ms cpu, 102->117->45 MB, 116 MB goal, 0 MB stacks, 0 MB globals, 12 P
gc 1485 @6.686s 12%: 0.48+1.2+0.079 ms clock, 5.8+1.3/1.6/0+0.95 ms cpu, 81->94->41 MB, 91 MB goal, 0 MB stacks, 0 MB globals, 12 P
gc 1486 @6.690s 12%: 0.48+0.96+0.11 ms clock, 5.8+0.97/1.6/0+1.4 ms cpu, 73->83->37 MB, 83 MB goal, 0 MB stacks, 0 MB globals, 12 P
gc 1487 @6.694s 12%: 0.53+1.1+0.12 ms clock, 6.3+0.92/1.2/0+1.4 ms cpu, 64->77->39 MB, 75 MB goal, 0 MB stacks, 0 MB globals, 12 P
gc 1488 @6.698s 12%: 0.29+0.98+0.063 ms clock, 3.4+1.0/1.2/0+0.75 ms cpu, 70->77->36 MB, 79 MB goal, 0 MB stacks, 0 MB globals, 12 P
gc 1489 @6.701s 12%: 0.42+1.4+0.062 ms clock, 5.0+1.2/1.5/0+0.74 ms cpu, 63->77->39 MB, 73 MB goal, 0 MB stacks, 0 MB globals, 12 P
gc 1490 @6.705s 12%: 0.30+1.2+0.10 ms clock, 3.6+1.3/1.0/0+1.2 ms cpu, 68->81->42 MB, 79 MB goal, 0 MB stacks, 0 MB globals, 12 P
gc 1491 @6.709s 12%: 0.45+1.7+0.11 ms clock, 5.4+2.1/1.3/0+1.4 ms cpu, 76->94->44 MB, 85 MB goal, 0 MB stacks, 0 MB globals, 12 P
gc 1492 @6.714s 12%: 0.32+1.4+0.040 ms clock, 3.8+0.26/1.5/0+0.48 ms cpu, 77->87->42 MB, 89 MB goal, 0 MB stacks, 0 MB globals, 12 P
gc 1493 @6.718s 12%: 0.43+1.1+0.060 ms clock, 5.2+0.96/1.0/0+0.72 ms cpu, 74->82->38 MB, 85 MB goal, 0 MB stacks, 0 MB globals, 12 P
gc 1494 @6.721s 12%: 0.24+1.2+0.061 ms clock, 2.9+1.1/1.4/0+0.74 ms cpu, 67->76->40 MB, 77 MB goal, 0 MB stacks, 0 MB globals, 12 P
gc 1495 @6.725s 12%: 0.36+1.1+0.10 ms clock, 4.4+0.96/1.2/0+1.2 ms cpu, 70->80->39 MB, 81 MB goal, 0 MB stacks, 0 MB globals, 12 P
gc 1496 @6.729s 12%: 0.23+1.5+0.092 ms clock, 2.8+0.94/1.9/0+1.1 ms cpu, 69->80->41 MB, 79 MB goal, 0 MB stacks, 0 MB globals, 12 P
gc 1497 @6.733s 12%: 0.30+0.94+0.042 ms clock, 3.6+0.92/1.1/0.062+0.51 ms cpu, 77->82->36 MB, 83 MB goal, 0 MB stacks, 0 MB globals, 12 P
gc 1498 @6.737s 12%: 0.22+1.1+0.016 ms clock, 2.6+1.2/1.2/0+0.19 ms cpu, 65->71->32 MB, 73 MB goal, 0 MB stacks, 0 MB globals, 12 P
gc 1499 @6.740s 12%: 0.27+1.3+0.10 ms clock, 3.2+1.8/1.0/0+1.2 ms cpu, 56->69->38 MB, 65 MB goal, 0 MB stacks, 0 MB globals, 12 P
gc 1500 @6.744s 12%: 0.24+1.5+0.093 ms clock, 2.9+1.7/1.7/0+1.1 ms cpu, 68->80->38 MB, 77 MB goal, 0 MB stacks, 0 MB globals, 12 P
gc 1501 @6.748s 12%: 0.27+1.4+0.021 ms clock, 3.2+1.5/1.5/0+0.26 ms cpu, 67->79->40 MB, 77 MB goal, 0 MB stacks, 0 MB globals, 12 P
gc 1502 @6.752s 12%: 0.16+1.2+0.028 ms clock, 1.9+1.1/1.9/0+0.33 ms cpu, 71->80->35 MB, 81 MB goal, 0 MB stacks, 0 MB globals, 12 P
gc 1503 @6.755s 12%: 0.26+1.1+0.090 ms clock, 3.2+1.0/1.7/0+1.0 ms cpu, 62->70->38 MB, 71 MB goal, 0 MB stacks, 0 MB globals, 12 P
gc 1504 @6.758s 12%: 0.24+1.1+0.063 ms clock, 2.9+1.2/1.9/0+0.76 ms cpu, 69->74->34 MB, 77 MB goal, 0 MB stacks, 0 MB globals, 12 P
gc 1505 @6.761s 12%: 0.36+1.5+0.084 ms clock, 4.4+1.4/1.5/0+1.0 ms cpu, 60->73->39 MB, 69 MB goal, 0 MB stacks, 0 MB globals, 12 P
gc 1506 @6.766s 12%: 0.25+1.1+0.12 ms clock, 3.0+1.2/1.2/0+1.4 ms cpu, 70->82->38 MB, 79 MB goal, 0 MB stacks, 0 MB globals, 12 P
gc 1507 @6.769s 12%: 0.23+1.1+0.056 ms clock, 2.8+1.3/1.7/0.035+0.67 ms cpu, 70->79->39 MB, 77 MB goal, 0 MB stacks, 0 MB globals, 12 P
gc 1508 @6.773s 12%: 0.27+1.1+0.091 ms clock, 3.3+1.3/1.4/0+1.1 ms cpu, 69->79->39 MB, 79 MB goal, 0 MB stacks, 0 MB globals, 12 P
gc 1509 @6.777s 12%: 0.33+0.92+0.093 ms clock, 4.0+1.4/0.90/0+1.1 ms cpu, 67->77->34 MB, 79 MB goal, 0 MB stacks, 0 MB globals, 12 P
gc 1510 @6.781s 12%: 0.21+1.5+0.012 ms clock, 2.5+1.9/1.0/0.057+0.15 ms cpu, 61->76->42 MB, 69 MB goal, 0 MB stacks, 0 MB globals, 12 P
gc 1511 @6.784s 12%: 0.40+1.6+0.11 ms clock, 4.8+0.44/1.7/0+1.4 ms cpu, 73->87->57 MB, 85 MB goal, 0 MB stacks, 0 MB globals, 12 P
gc 1512 @6.790s 12%: 0.27+1.0+0.20 ms clock, 3.3+1.3/1.2/0+2.4 ms cpu, 103->113->40 MB, 116 MB goal, 0 MB stacks, 0 MB globals, 12 P
gc 1513 @6.794s 12%: 0.44+1.4+0.078 ms clock, 5.3+1.1/1.1/0.045+0.93 ms cpu, 70->83->39 MB, 81 MB goal, 0 MB stacks, 0 MB globals, 12 P
gc 1514 @6.798s 12%: 0.27+1.2+0.052 ms clock, 3.2+1.4/1.0/0.040+0.63 ms cpu, 69->78->40 MB, 79 MB goal, 0 MB stacks, 0 MB globals, 12 P
gc 1515 @6.802s 12%: 0.36+1.2+0.009 ms clock, 4.3+1.0/1.3/0.057+0.11 ms cpu, 71->80->36 MB, 81 MB goal, 0 MB stacks, 0 MB globals, 12 P
gc 1516 @6.805s 12%: 0.33+1.2+0.046 ms clock, 4.0+1.0/1.4/0+0.55 ms cpu, 63->73->37 MB, 73 MB goal, 0 MB stacks, 0 MB globals, 12 P
gc 1517 @6.809s 12%: 0.29+1.3+0.10 ms clock, 3.5+1.4/2.0/0+1.2 ms cpu, 66->79->41 MB, 75 MB goal, 0 MB stacks, 0 MB globals, 12 P
gc 1518 @6.813s 12%: 0.33+1.4+0.091 ms clock, 3.9+1.3/1.0/0+1.0 ms cpu, 71->85->40 MB, 83 MB goal, 0 MB stacks, 0 MB globals, 12 P
gc 1519 @6.817s 12%: 0.34+1.0+0.091 ms clock, 4.1+1.1/1.2/0+1.0 ms cpu, 72->81->39 MB, 81 MB goal, 0 MB stacks, 0 MB globals, 12 P
gc 1520 @6.821s 12%: 0.28+1.0+0.098 ms clock, 3.3+0.98/1.0/0+1.1 ms cpu, 69->80->42 MB, 79 MB goal, 0 MB stacks, 0 MB globals, 12 P
gc 1521 @6.825s 12%: 0.47+0.66+0.10 ms clock, 5.7+1.1/0.91/0+1.2 ms cpu, 73->80->31 MB, 85 MB goal, 0 MB stacks, 0 MB globals, 12 P
gc 1522 @6.828s 12%: 0.18+1.1+0.046 ms clock, 2.1+1.1/1.6/0+0.55 ms cpu, 55->64->38 MB, 63 MB goal, 0 MB stacks, 0 MB globals, 12 P
gc 1523 @6.831s 12%: 0.37+1.1+0.064 ms clock, 4.4+0.84/1.0/0+0.77 ms cpu, 66->74->35 MB, 77 MB goal, 0 MB stacks, 0 MB globals, 12 P
gc 1524 @6.834s 12%: 0.19+1.3+0.069 ms clock, 2.3+0.99/1.9/0+0.83 ms cpu, 61->72->37 MB, 71 MB goal, 0 MB stacks, 0 MB globals, 12 P
gc 1525 @6.838s 12%: 0.28+1.6+0.096 ms clock, 3.3+1.2/0.99/0+1.1 ms cpu, 65->79->44 MB, 75 MB goal, 0 MB stacks, 0 MB globals, 12 P
gc 1526 @6.843s 12%: 0.36+1.2+0.21 ms clock, 4.4+1.1/1.7/0+2.5 ms cpu, 81->89->37 MB, 89 MB goal, 0 MB stacks, 0 MB globals, 12 P
gc 1527 @6.846s 12%: 0.14+1.8+0.033 ms clock, 1.7+1.2/1.3/0+0.39 ms cpu, 64->77->43 MB, 75 MB goal, 0 MB stacks, 0 MB globals, 12 P
gc 1528 @6.851s 12%: 0.39+1.2+0.063 ms clock, 4.6+1.5/0.93/0+0.76 ms cpu, 79->89->39 MB, 87 MB goal, 0 MB stacks, 0 MB globals, 12 P
gc 1529 @6.855s 12%: 0.30+1.2+0.067 ms clock, 3.6+1.0/1.5/0+0.81 ms cpu, 68->80->42 MB, 79 MB goal, 0 MB stacks, 0 MB globals, 12 P
gc 1530 @6.859s 12%: 0.21+1.5+0.042 ms clock, 2.5+1.4/1.4/0+0.50 ms cpu, 74->87->37 MB, 85 MB goal, 0 MB stacks, 0 MB globals, 12 P
gc 1531 @6.862s 12%: 0.21+0.93+0.027 ms clock, 2.6+1.2/1.3/0+0.32 ms cpu, 67->73->35 MB, 75 MB goal, 0 MB stacks, 0 MB globals, 12 P
gc 1532 @6.865s 12%: 0.19+1.0+0.083 ms clock, 2.3+1.5/1.2/0+0.99 ms cpu, 62->69->34 MB, 71 MB goal, 0 MB stacks, 0 MB globals, 12 P
gc 1533 @6.868s 12%: 0.20+1.2+0.067 ms clock, 2.4+1.2/1.4/0+0.80 ms cpu, 60->65->32 MB, 69 MB goal, 0 MB stacks, 0 MB globals, 12 P
gc 1534 @6.871s 12%: 0.39+1.6+0.097 ms clock, 4.6+1.2/1.4/0+1.1 ms cpu, 56->70->40 MB, 65 MB goal, 0 MB stacks, 0 MB globals, 12 P
gc 1535 @6.875s 12%: 0.24+2.0+0.081 ms clock, 2.9+0.96/1.8/0+0.97 ms cpu, 70->85->42 MB, 81 MB goal, 0 MB stacks, 0 MB globals, 12 P
gc 1536 @6.880s 12%: 0.25+1.2+0.10 ms clock, 3.1+1.4/2.1/0.018+1.2 ms cpu, 79->86->37 MB, 85 MB goal, 0 MB stacks, 0 MB globals, 12 P
gc 1537 @6.884s 12%: 0.35+1.3+0.058 ms clock, 4.2+1.4/1.2/0+0.70 ms cpu, 68->79->39 MB, 75 MB goal, 0 MB stacks, 0 MB globals, 12 P
gc 1538 @6.888s 12%: 0.24+1.1+0.087 ms clock, 2.9+1.2/1.4/0+1.0 ms cpu, 69->81->40 MB, 79 MB goal, 0 MB stacks, 0 MB globals, 12 P
gc 1539 @6.894s 12%: 0.21+1.0+0.071 ms clock, 2.6+1.1/1.5/0.018+0.85 ms cpu, 92->96->64 MB, 92 MB goal, 0 MB stacks, 0 MB globals, 12 P
gc 1540 @6.898s 12%: 0.44+2.4+0.087 ms clock, 5.3+0.95/1.1/0+1.0 ms cpu, 113->125->42 MB, 128 MB goal, 0 MB stacks, 0 MB globals, 12 P
gc 1541 @6.904s 12%: 0.35+0.70+0.078 ms clock, 4.2+1.3/0.95/0+0.93 ms cpu, 72->79->47 MB, 85 MB goal, 0 MB stacks, 0 MB globals, 12 P
gc 1542 @6.908s 12%: 0.21+1.4+0.11 ms clock, 2.6+1.4/1.4/0+1.4 ms cpu, 82->94->37 MB, 94 MB goal, 0 MB stacks, 0 MB globals, 12 P
gc 1543 @6.912s 12%: 0.21+1.4+0.064 ms clock, 2.5+1.8/1.9/0+0.77 ms cpu, 68->78->40 MB, 75 MB goal, 0 MB stacks, 0 MB globals, 12 P
gc 1544 @6.916s 12%: 0.28+1.5+0.059 ms clock, 3.4+1.7/1.3/0+0.71 ms cpu, 73->85->41 MB, 81 MB goal, 0 MB stacks, 0 MB globals, 12 P
gc 1545 @6.920s 12%: 0.24+1.3+0.033 ms clock, 2.9+0.92/0.91/0+0.40 ms cpu, 72->85->36 MB, 83 MB goal, 0 MB stacks, 0 MB globals, 12 P
gc 1546 @6.924s 12%: 0.31+1.1+0.042 ms clock, 3.7+0.93/1.8/0+0.51 ms cpu, 64->74->41 MB, 73 MB goal, 0 MB stacks, 0 MB globals, 12 P
gc 1547 @6.927s 12%: 0.31+1.5+0.012 ms clock, 3.8+0.51/1.5/0+0.15 ms cpu, 72->81->42 MB, 83 MB goal, 0 MB stacks, 0 MB globals, 12 P
gc 1548 @6.932s 12%: 0.25+1.3+0.11 ms clock, 3.0+1.0/1.0/0+1.3 ms cpu, 76->89->42 MB, 85 MB goal, 0 MB stacks, 0 MB globals, 12 P
gc 1549 @6.936s 12%: 0.46+0.74+0.073 ms clock, 5.6+1.1/1.1/0+0.88 ms cpu, 74->84->36 MB, 85 MB goal, 0 MB stacks, 0 MB globals, 12 P
gc 1550 @6.939s 12%: 0.45+1.1+0.076 ms clock, 5.4+1.0/1.2/0+0.91 ms cpu, 65->75->36 MB, 73 MB goal, 0 MB stacks, 0 MB globals, 12 P
gc 1551 @6.943s 12%: 0.20+1.2+0.063 ms clock, 2.4+1.1/1.7/0+0.76 ms cpu, 64->73->39 MB, 73 MB goal, 0 MB stacks, 0 MB globals, 12 P
gc 1552 @6.947s 12%: 0.29+1.6+0.13 ms clock, 3.4+1.1/1.5/0.004+1.6 ms cpu, 69->85->42 MB, 79 MB goal, 0 MB stacks, 0 MB globals, 12 P
gc 1553 @6.951s 12%: 0.30+1.3+0.035 ms clock, 3.6+1.2/1.8/0+0.42 ms cpu, 74->84->39 MB, 85 MB goal, 0 MB stacks, 0 MB globals, 12 P
gc 1554 @6.955s 12%: 0.34+1.5+0.070 ms clock, 4.0+1.3/1.3/0+0.85 ms cpu, 67->81->40 MB, 79 MB goal, 0 MB stacks, 0 MB globals, 12 P
gc 1555 @6.959s 12%: 0.17+1.1+0.064 ms clock, 2.1+1.4/0.97/0+0.77 ms cpu, 71->79->36 MB, 81 MB goal, 0 MB stacks, 0 MB globals, 12 P
gc 1556 @6.963s 12%: 0.25+0.95+0.086 ms clock, 3.1+1.1/1.0/0+1.0 ms cpu, 64->74->38 MB, 73 MB goal, 0 MB stacks, 0 MB globals, 12 P
gc 1557 @6.966s 12%: 0.21+1.5+0.090 ms clock, 2.5+1.2/1.4/0+1.0 ms cpu, 68->80->41 MB, 77 MB goal, 0 MB stacks, 0 MB globals, 12 P
gc 1558 @6.970s 12%: 0.33+1.6+0.030 ms clock, 4.0+1.0/1.2/0+0.36 ms cpu, 72->85->44 MB, 83 MB goal, 0 MB stacks, 0 MB globals, 12 P
gc 1559 @6.974s 12%: 0.20+1.6+0.10 ms clock, 2.4+1.4/2.4/0+1.2 ms cpu, 77->90->42 MB, 89 MB goal, 0 MB stacks, 0 MB globals, 12 P
gc 1560 @6.979s 12%: 0.42+1.1+0.066 ms clock, 5.0+1.4/1.8/0+0.79 ms cpu, 76->85->38 MB, 85 MB goal, 0 MB stacks, 0 MB globals, 12 P
gc 1561 @6.983s 12%: 0.15+1.1+0.028 ms clock, 1.8+1.1/1.0/0+0.34 ms cpu, 66->77->34 MB, 77 MB goal, 0 MB stacks, 0 MB globals, 12 P
gc 1562 @6.986s 12%: 0.19+1.0+0.043 ms clock, 2.3+1.2/1.3/0+0.52 ms cpu, 60->68->37 MB, 69 MB goal, 0 MB stacks, 0 MB globals, 12 P
gc 1563 @6.989s 12%: 0.45+1.0+0.064 ms clock, 5.5+1.4/1.7/0+0.77 ms cpu, 67->74->35 MB, 75 MB goal, 0 MB stacks, 0 MB globals, 12 P
gc 1564 @6.993s 12%: 0.21+1.0+0.048 ms clock, 2.5+1.3/1.2/0.005+0.57 ms cpu, 61->69->32 MB, 71 MB goal, 0 MB stacks, 0 MB globals, 12 P
gc 1565 @6.995s 12%: 0.18+1.1+0.053 ms clock, 2.2+1.3/1.5/0+0.63 ms cpu, 57->62->31 MB, 65 MB goal, 0 MB stacks, 0 MB globals, 12 P
gc 1566 @6.998s 12%: 0.17+0.89+0.065 ms clock, 2.1+1.2/1.4/0+0.79 ms cpu, 54->61->33 MB, 63 MB goal, 0 MB stacks, 0 MB globals, 12 P
gc 1567 @7.001s 12%: 0.21+1.2+0.10 ms clock, 2.6+1.4/1.9/0+1.3 ms cpu, 58->68->38 MB, 67 MB goal, 0 MB stacks, 0 MB globals, 12 P
gc 1568 @7.005s 12%: 0.28+1.0+0.095 ms clock, 3.4+0.97/1.4/0+1.1 ms cpu, 71->77->47 MB, 77 MB goal, 0 MB stacks, 0 MB globals, 12 P
gc 1569 @7.008s 12%: 0.48+1.1+0.13 ms clock, 5.8+1.1/1.2/0+1.6 ms cpu, 81->93->38 MB, 94 MB goal, 0 MB stacks, 0 MB globals, 12 P
gc 1570 @7.012s 12%: 0.32+1.4+0.075 ms clock, 3.9+1.5/1.2/0+0.90 ms cpu, 67->80->41 MB, 77 MB goal, 0 MB stacks, 0 MB globals, 12 P
gc 1571 @7.017s 12%: 0.31+1.2+0.16 ms clock, 3.8+1.2/1.1/0+2.0 ms cpu, 72->83->37 MB, 83 MB goal, 0 MB stacks, 0 MB globals, 12 P
gc 1572 @7.020s 12%: 0.26+2.2+0.098 ms clock, 3.2+1.7/2.6/0+1.1 ms cpu, 65->84->46 MB, 75 MB goal, 0 MB stacks, 0 MB globals, 12 P
gc 1573 @7.025s 12%: 0.29+1.8+0.077 ms clock, 3.5+1.2/1.8/0+0.92 ms cpu, 82->95->42 MB, 93 MB goal, 0 MB stacks, 0 MB globals, 12 P
gc 1574 @7.030s 12%: 0.21+1.0+0.068 ms clock, 2.5+1.2/1.1/0+0.82 ms cpu, 74->82->38 MB, 85 MB goal, 0 MB stacks, 0 MB globals, 12 P
gc 1575 @7.033s 12%: 0.50+0.88+0.097 ms clock, 6.0+0.98/0.89/0+1.1 ms cpu, 67->76->37 MB, 77 MB goal, 0 MB stacks, 0 MB globals, 12 P
gc 1576 @7.037s 12%: 0.33+1.2+0.005 ms clock, 4.0+1.3/1.3/0.046+0.063 ms cpu, 67->75->33 MB, 75 MB goal, 0 MB stacks, 0 MB globals, 12 P
gc 1577 @7.040s 12%: 0.33+1.5+0.092 ms clock, 3.9+1.3/1.2/0+1.1 ms cpu, 57->71->39 MB, 67 MB goal, 0 MB stacks, 0 MB globals, 12 P
gc 1578 @7.044s 12%: 0.24+1.3+0.13 ms clock, 2.9+0.82/1.0/0+1.6 ms cpu, 69->80->41 MB, 79 MB goal, 0 MB stacks, 0 MB globals, 12 P
gc 1579 @7.048s 12%: 0.36+1.0+0.070 ms clock, 4.4+0.26/1.4/0+0.84 ms cpu, 72->77->37 MB, 83 MB goal, 0 MB stacks, 0 MB globals, 12 P
gc 1580 @7.052s 12%: 0.52+1.5+0.031 ms clock, 6.3+1.9/1.0/0+0.37 ms cpu, 64->78->41 MB, 75 MB goal, 0 MB stacks, 0 MB globals, 12 P
gc 1581 @7.056s 12%: 0.43+1.0+0.11 ms clock, 5.2+0.97/1.6/0.030+1.3 ms cpu, 73->85->37 MB, 83 MB goal, 0 MB stacks, 0 MB globals, 12 P
gc 1582 @7.060s 12%: 0.51+1.2+0.20 ms clock, 6.1+1.0/1.1/0+2.4 ms cpu, 67->80->36 MB, 75 MB goal, 0 MB stacks, 0 MB globals, 12 P
gc 1583 @7.064s 12%: 0.24+2.0+0.087 ms clock, 2.8+1.3/1.5/0+1.0 ms cpu, 62->78->44 MB, 73 MB goal, 0 MB stacks, 0 MB globals, 12 P
gc 1584 @7.069s 12%: 0.34+1.6+0.11 ms clock, 4.1+1.3/1.3/0+1.3 ms cpu, 77->93->41 MB, 89 MB goal, 0 MB stacks, 0 MB globals, 12 P
gc 1585 @7.073s 12%: 0.27+1.2+0.030 ms clock, 3.2+1.1/2.1/0+0.36 ms cpu, 74->81->34 MB, 83 MB goal, 0 MB stacks, 0 MB globals, 12 P
gc 1586 @7.076s 12%: 0.43+1.3+0.065 ms clock, 5.1+0.96/2.0/0+0.78 ms cpu, 60->71->36 MB, 69 MB goal, 0 MB stacks, 0 MB globals, 12 P
gc 1587 @7.080s 13%: 0.24+1.0+0.057 ms clock, 2.9+1.1/1.2/0+0.68 ms cpu, 65->72->34 MB, 73 MB goal, 0 MB stacks, 0 MB globals, 12 P
gc 1588 @7.083s 13%: 0.25+0.88+0.082 ms clock, 3.0+1.3/0.95/0+0.98 ms cpu, 60->69->36 MB, 69 MB goal, 0 MB stacks, 0 MB globals, 12 P
gc 1589 @7.086s 13%: 0.38+0.69+0.13 ms clock, 4.6+0.12/0.70/0+1.6 ms cpu, 63->75->43 MB, 73 MB goal, 0 MB stacks, 0 MB globals, 12 P
gc 1590 @7.090s 13%: 0.42+0.94+0.17 ms clock, 5.0+1.1/0.74/0+2.0 ms cpu, 78->89->40 MB, 87 MB goal, 0 MB stacks, 0 MB globals, 12 P
gc 1591 @7.095s 13%: 0.27+1.2+0.044 ms clock, 3.2+1.5/1.3/0+0.53 ms cpu, 72->81->40 MB, 81 MB goal, 0 MB stacks, 0 MB globals, 12 P
gc 1592 @7.098s 13%: 0.35+1.4+0.054 ms clock, 4.2+1.6/1.3/0+0.65 ms cpu, 71->83->37 MB, 81 MB goal, 0 MB stacks, 0 MB globals, 12 P
gc 1593 @7.102s 13%: 0.29+0.99+0.009 ms clock, 3.5+1.2/0.97/0+0.11 ms cpu, 68->73->34 MB, 75 MB goal, 0 MB stacks, 0 MB globals, 12 P
gc 1594 @7.105s 13%: 0.22+1.2+0.13 ms clock, 2.7+1.7/1.6/0+1.5 ms cpu, 59->71->37 MB, 69 MB goal, 0 MB stacks, 0 MB globals, 12 P
gc 1595 @7.109s 13%: 0.26+1.0+0.089 ms clock, 3.2+1.3/1.2/0+1.0 ms cpu, 66->72->37 MB, 75 MB goal, 0 MB stacks, 0 MB globals, 12 P
gc 1596 @7.113s 13%: 0.34+0.92+0.010 ms clock, 4.0+1.4/1.2/0+0.12 ms cpu, 68->72->35 MB, 75 MB goal, 0 MB stacks, 0 MB globals, 12 P
gc 1597 @7.116s 13%: 0.20+1.4+0.12 ms clock, 2.5+1.2/1.0/0+1.4 ms cpu, 63->77->42 MB, 71 MB goal, 0 MB stacks, 0 MB globals, 12 P
gc 1598 @7.120s 13%: 0.15+1.5+0.11 ms clock, 1.9+0.92/1.5/0+1.3 ms cpu, 73->86->42 MB, 85 MB goal, 0 MB stacks, 0 MB globals, 12 P
gc 1599 @7.124s 13%: 0.43+1.1+0.11 ms clock, 5.2+1.3/1.5/0+1.3 ms cpu, 74->83->50 MB, 85 MB goal, 0 MB stacks, 0 MB globals, 12 P
gc 1600 @7.129s 13%: 0.53+1.5+0.11 ms clock, 6.4+1.0/2.0/0+1.3 ms cpu, 90->105->46 MB, 100 MB goal, 0 MB stacks, 0 MB globals, 12 P
gc 1601 @7.134s 13%: 0.30+1.0+0.095 ms clock, 3.6+1.1/1.3/0+1.1 ms cpu, 79->89->38 MB, 93 MB goal, 0 MB stacks, 0 MB globals, 12 P
gc 1602 @7.137s 13%: 0.29+0.87+0.098 ms clock, 3.5+0.96/1.2/0+1.1 ms cpu, 68->75->33 MB, 77 MB goal, 0 MB stacks, 0 MB globals, 12 P
gc 1603 @7.140s 13%: 0.15+1.1+0.065 ms clock, 1.8+1.0/1.0/0+0.78 ms cpu, 57->66->36 MB, 67 MB goal, 0 MB stacks, 0 MB globals, 12 P
gc 1604 @7.144s 13%: 0.25+1.0+0.099 ms clock, 3.0+1.2/1.4/0+1.1 ms cpu, 64->74->38 MB, 73 MB goal, 0 MB stacks, 0 MB globals, 12 P
gc 1605 @7.148s 13%: 0.25+1.3+0.10 ms clock, 3.0+1.5/0.85/0+1.2 ms cpu, 67->80->42 MB, 77 MB goal, 0 MB stacks, 0 MB globals, 12 P
gc 1606 @7.152s 13%: 0.43+1.2+0.13 ms clock, 5.2+0.93/1.7/0+1.5 ms cpu, 73->86->43 MB, 85 MB goal, 0 MB stacks, 0 MB globals, 12 P
gc 1607 @7.156s 13%: 0.21+1.1+0.076 ms clock, 2.5+1.4/1.1/0+0.91 ms cpu, 78->87->41 MB, 87 MB goal, 0 MB stacks, 0 MB globals, 12 P
gc 1608 @7.160s 13%: 0.29+1.0+0.072 ms clock, 3.5+0.94/1.1/0.002+0.87 ms cpu, 73->82->37 MB, 83 MB goal, 0 MB stacks, 0 MB globals, 12 P
gc 1609 @7.164s 13%: 0.14+1.6+0.003 ms clock, 1.7+1.3/2.3/0+0.046 ms cpu, 66->78->38 MB, 75 MB goal, 0 MB stacks, 0 MB globals, 12 P
gc 1610 @7.167s 13%: 0.26+1.6+0.11 ms clock, 3.1+1.2/1.3/0+1.4 ms cpu, 66->81->42 MB, 77 MB goal, 0 MB stacks, 0 MB globals, 12 P
gc 1611 @7.172s 13%: 0.35+1.3+0.11 ms clock, 4.2+1.6/1.5/0+1.4 ms cpu, 75->85->38 MB, 85 MB goal, 0 MB stacks, 0 MB globals, 12 P
gc 1612 @7.176s 13%: 0.45+1.1+0.045 ms clock, 5.4+1.0/0.91/0+0.54 ms cpu, 70->79->40 MB, 77 MB goal, 0 MB stacks, 0 MB globals, 12 P
gc 1613 @7.179s 13%: 0.41+0.98+0.11 ms clock, 4.9+1.1/1.2/0+1.3 ms cpu, 71->81->37 MB, 81 MB goal, 0 MB stacks, 0 MB globals, 12 P
gc 1614 @7.183s 13%: 0.33+0.97+0.074 ms clock, 4.0+1.3/1.3/0+0.89 ms cpu, 64->73->37 MB, 75 MB goal, 0 MB stacks, 0 MB globals, 12 P
gc 1615 @7.187s 13%: 0.74+0.79+0.11 ms clock, 8.9+0.85/0.86/0+1.3 ms cpu, 64->74->34 MB, 75 MB goal, 0 MB stacks, 0 MB globals, 12 P
gc 1616 @7.190s 13%: 0.23+1.0+0.055 ms clock, 2.8+1.1/1.1/0+0.67 ms cpu, 60->68->37 MB, 69 MB goal, 0 MB stacks, 0 MB globals, 12 P
gc 1617 @7.193s 13%: 0.22+1.2+0.096 ms clock, 2.6+2.0/1.4/0+1.1 ms cpu, 68->76->36 MB, 75 MB goal, 0 MB stacks, 0 MB globals, 12 P
gc 1618 @7.196s 13%: 0.45+1.5+0.025 ms clock, 5.4+1.0/1.6/0+0.30 ms cpu, 62->75->39 MB, 73 MB goal, 0 MB stacks, 0 MB globals, 12 P
gc 1619 @7.200s 13%: 0.37+1.2+0.10 ms clock, 4.5+1.0/0.93/0+1.2 ms cpu, 67->79->40 MB, 79 MB goal, 0 MB stacks, 0 MB globals, 12 P
gc 1620 @7.204s 13%: 0.23+1.1+0.11 ms clock, 2.8+1.3/0.94/0+1.4 ms cpu, 69->82->51 MB, 81 MB goal, 0 MB stacks, 0 MB globals, 12 P
gc 1621 @7.208s 13%: 0.41+1.6+0.012 ms clock, 5.0+1.0/1.9/0+0.14 ms cpu, 90->101->39 MB, 102 MB goal, 0 MB stacks, 0 MB globals, 12 P
gc 1622 @7.213s 13%: 0.33+0.88+0.048 ms clock, 4.0+1.4/1.4/0+0.58 ms cpu, 70->77->33 MB, 79 MB goal, 0 MB stacks, 0 MB globals, 12 P
gc 1623 @7.217s 13%: 0.30+0.66+0.042 ms clock, 3.6+1.5/1.0/0+0.51 ms cpu, 67->70->36 MB, 68 MB goal, 0 MB stacks, 0 MB globals, 12 P
gc 1624 @7.219s 13%: 0.33+0.94+0.009 ms clock, 3.9+1.0/1.4/0+0.11 ms cpu, 65->70->30 MB, 73 MB goal, 0 MB stacks, 0 MB globals, 12 P
gc 1625 @7.222s 13%: 0.29+0.97+0.058 ms clock, 3.4+2.2/1.2/0+0.70 ms cpu, 54->63->36 MB, 61 MB goal, 0 MB stacks, 0 MB globals, 12 P
gc 1626 @7.226s 13%: 0.22+0.98+0.15 ms clock, 2.6+1.3/1.2/0+1.8 ms cpu, 62->74->37 MB, 73 MB goal, 0 MB stacks, 0 MB globals, 12 P
gc 1627 @7.229s 13%: 0.42+1.3+0.10 ms clock, 5.1+1.5/1.5/0+1.2 ms cpu, 66->78->39 MB, 75 MB goal, 0 MB stacks, 0 MB globals, 12 P
gc 1628 @7.233s 13%: 0.19+0.87+0.074 ms clock, 2.3+1.3/0.99/0+0.89 ms cpu, 67->76->35 MB, 79 MB goal, 0 MB stacks, 0 MB globals, 12 P
gc 1629 @7.236s 13%: 0.26+1.3+0.016 ms clock, 3.2+1.0/1.5/0+0.19 ms cpu, 62->72->40 MB, 71 MB goal, 0 MB stacks, 0 MB globals, 12 P
gc 1630 @7.240s 13%: 0.37+1.3+0.10 ms clock, 4.5+0.72/1.5/0+1.2 ms cpu, 69->80->40 MB, 81 MB goal, 0 MB stacks, 0 MB globals, 12 P
gc 1631 @7.244s 13%: 0.23+0.88+0.079 ms clock, 2.8+1.1/0.87/0+0.95 ms cpu, 74->80->37 MB, 81 MB goal, 0 MB stacks, 0 MB globals, 12 P
gc 1632 @7.247s 13%: 0.20+1.3+0.069 ms clock, 2.4+1.4/1.4/0+0.82 ms cpu, 65->78->40 MB, 75 MB goal, 0 MB stacks, 0 MB globals, 12 P
gc 1633 @7.251s 13%: 0.27+1.2+0.11 ms clock, 3.2+1.0/0.93/0+1.3 ms cpu, 70->83->38 MB, 81 MB goal, 0 MB stacks, 0 MB globals, 12 P
gc 1634 @7.255s 13%: 0.21+1.7+0.043 ms clock, 2.5+1.3/1.8/0+0.51 ms cpu, 68->83->45 MB, 77 MB goal, 0 MB stacks, 0 MB globals, 12 P
gc 1635 @7.260s 13%: 0.34+1.3+0.10 ms clock, 4.0+0.95/2.0/0.028+1.2 ms cpu, 81->90->36 MB, 91 MB goal, 0 MB stacks, 0 MB globals, 12 P
gc 1636 @7.264s 13%: 0.14+1.5+0.014 ms clock, 1.7+1.5/1.2/0+0.17 ms cpu, 63->72->36 MB, 73 MB goal, 0 MB stacks, 0 MB globals, 12 P
gc 1637 @7.267s 13%: 0.17+1.0+0.059 ms clock, 2.0+0.90/0.89/0+0.71 ms cpu, 62->71->35 MB, 73 MB goal, 0 MB stacks, 0 MB globals, 12 P
gc 1638 @7.270s 13%: 0.34+0.91+0.062 ms clock, 4.1+1.1/1.0/0+0.74 ms cpu, 63->70->36 MB, 71 MB goal, 0 MB stacks, 0 MB globals, 12 P
gc 1639 @7.273s 13%: 0.41+1.4+0.10 ms clock, 4.9+1.6/1.3/0+1.3 ms cpu, 63->75->40 MB, 73 MB goal, 0 MB stacks, 0 MB globals, 12 P
gc 1640 @7.277s 13%: 0.40+1.7+0.011 ms clock, 4.9+1.8/1.2/0+0.13 ms cpu, 73->84->41 MB, 81 MB goal, 0 MB stacks, 0 MB globals, 12 P
gc 1641 @7.282s 13%: 0.18+1.3+0.094 ms clock, 2.1+1.3/1.6/0+1.1 ms cpu, 75->85->39 MB, 83 MB goal, 0 MB stacks, 0 MB globals, 12 P
gc 1642 @7.286s 13%: 0.47+1.5+0.10 ms clock, 5.7+1.6/1.2/0+1.2 ms cpu, 70->85->42 MB, 79 MB goal, 0 MB stacks, 0 MB globals, 12 P
gc 1643 @7.290s 13%: 0.48+1.2+0.11 ms clock, 5.8+1.3/1.2/0+1.4 ms cpu, 75->89->41 MB, 85 MB goal, 0 MB stacks, 0 MB globals, 12 P
gc 1644 @7.294s 13%: 0.20+1.2+0.095 ms clock, 2.4+1.2/1.9/0+1.1 ms cpu, 71->82->39 MB, 83 MB goal, 0 MB stacks, 0 MB globals, 12 P
gc 1645 @7.298s 13%: 0.31+1.1+0.043 ms clock, 3.7+0.80/1.2/0+0.52 ms cpu, 67->77->37 MB, 79 MB goal, 0 MB stacks, 0 MB globals, 12 P
gc 1646 @7.302s 13%: 0.20+1.1+0.050 ms clock, 2.4+1.3/1.5/0+0.61 ms cpu, 66->75->38 MB, 75 MB goal, 0 MB stacks, 0 MB globals, 12 P
gc 1647 @7.305s 13%: 0.27+1.3+0.046 ms clock, 3.3+0.86/1.6/0+0.56 ms cpu, 66->76->39 MB, 77 MB goal, 0 MB stacks, 0 MB globals, 12 P
gc 1648 @7.309s 13%: 0.18+1.7+0.11 ms clock, 2.2+2.1/1.6/0+1.3 ms cpu, 69->83->43 MB, 79 MB goal, 0 MB stacks, 0 MB globals, 12 P
gc 1649 @7.313s 13%: 0.23+1.4+0.10 ms clock, 2.7+1.1/1.3/0+1.2 ms cpu, 74->86->39 MB, 87 MB goal, 0 MB stacks, 0 MB globals, 12 P
gc 1650 @7.317s 13%: 0.19+1.6+0.047 ms clock, 2.3+1.7/1.5/0+0.56 ms cpu, 67->81->38 MB, 79 MB goal, 0 MB stacks, 0 MB globals, 12 P
gc 1651 @7.321s 13%: 0.24+0.90+0.031 ms clock, 2.8+1.3/1.3/0+0.37 ms cpu, 68->74->33 MB, 77 MB goal, 0 MB stacks, 0 MB globals, 12 P
gc 1652 @7.324s 13%: 0.22+1.2+0.026 ms clock, 2.6+1.5/1.7/0+0.31 ms cpu, 58->66->36 MB, 67 MB goal, 0 MB stacks, 0 MB globals, 12 P
gc 1653 @7.327s 13%: 0.20+1.1+0.14 ms clock, 2.4+1.2/1.1/0+1.7 ms cpu, 63->75->40 MB, 73 MB goal, 0 MB stacks, 0 MB globals, 12 P
gc 1654 @7.331s 13%: 0.32+1.0+0.093 ms clock, 3.8+1.4/1.0/0+1.1 ms cpu, 71->78->37 MB, 81 MB goal, 0 MB stacks, 0 MB globals, 12 P
gc 1655 @7.335s 13%: 0.30+1.0+0.096 ms clock, 3.6+1.2/1.2/0+1.1 ms cpu, 67->76->35 MB, 75 MB goal, 0 MB stacks, 0 MB globals, 12 P
gc 1656 @7.339s 13%: 0.23+0.91+0.069 ms clock, 2.8+1.1/1.3/0+0.82 ms cpu, 63->71->35 MB, 71 MB goal, 0 MB stacks, 0 MB globals, 12 P
gc 1657 @7.342s 13%: 0.22+1.2+0.015 ms clock, 2.6+1.3/1.4/0+0.18 ms cpu, 62->70->34 MB, 71 MB goal, 0 MB stacks, 0 MB globals, 12 P
gc 1658 @7.345s 13%: 0.27+1.5+0.010 ms clock, 3.3+1.0/1.0/0+0.13 ms cpu, 60->72->39 MB, 69 MB goal, 0 MB stacks, 0 MB globals, 12 P
gc 1659 @7.349s 13%: 0.37+2.1+0.092 ms clock, 4.5+1.5/2.7/0+1.1 ms cpu, 68->86->43 MB, 79 MB goal, 0 MB stacks, 0 MB globals, 12 P
gc 1660 @7.353s 13%: 0.61+1.1+0.067 ms clock, 7.3+1.1/0.84/0+0.80 ms cpu, 74->85->42 MB, 87 MB goal, 0 MB stacks, 0 MB globals, 12 P
gc 1661 @7.357s 13%: 0.27+1.3+0.16 ms clock, 3.3+1.3/0.89/0+1.9 ms cpu, 73->90->47 MB, 85 MB goal, 0 MB stacks, 0 MB globals, 12 P
gc 1662 @7.363s 13%: 0.31+0.86+0.11 ms clock, 3.7+1.3/0.87/0+1.3 ms cpu, 90->96->37 MB, 95 MB goal, 0 MB stacks, 0 MB globals, 12 P
gc 1663 @7.366s 13%: 0.20+1.2+0.12 ms clock, 2.5+0.98/1.3/0+1.5 ms cpu, 68->78->42 MB, 75 MB goal, 0 MB stacks, 0 MB globals, 12 P
gc 1664 @7.371s 13%: 0.29+0.98+0.086 ms clock, 3.5+1.1/1.5/0+1.0 ms cpu, 76->84->36 MB, 85 MB goal, 0 MB stacks, 0 MB globals, 12 P
gc 1665 @7.374s 13%: 0.33+1.2+0.053 ms clock, 4.0+0.86/1.3/0+0.63 ms cpu, 67->77->40 MB, 73 MB goal, 0 MB stacks, 0 MB globals, 12 P
gc 1666 @7.378s 13%: 0.29+0.97+0.036 ms clock, 3.5+1.2/1.8/0+0.44 ms cpu, 74->78->33 MB, 81 MB goal, 0 MB stacks, 0 MB globals, 12 P
gc 1667 @7.381s 13%: 0.26+0.82+0.055 ms clock, 3.1+0.95/1.2/0+0.66 ms cpu, 59->65->33 MB, 67 MB goal, 0 MB stacks, 0 MB globals, 12 P
gc 1668 @7.384s 13%: 0.22+1.1+0.11 ms clock, 2.7+1.2/1.0/0+1.3 ms cpu, 59->69->37 MB, 67 MB goal, 0 MB stacks, 0 MB globals, 12 P
gc 1669 @7.387s 13%: 0.23+1.0+0.092 ms clock, 2.8+1.3/1.7/0+1.1 ms cpu, 67->73->36 MB, 75 MB goal, 0 MB stacks, 0 MB globals, 12 P
gc 1670 @7.390s 13%: 0.20+1.6+0.11 ms clock, 2.4+1.7/1.6/0+1.4 ms cpu, 64->79->42 MB, 73 MB goal, 0 MB stacks, 0 MB globals, 12 P
gc 1671 @7.395s 13%: 0.31+1.7+0.087 ms clock, 3.7+1.1/1.8/0+1.0 ms cpu, 75->88->45 MB, 85 MB goal, 0 MB stacks, 0 MB globals, 12 P
gc 1672 @7.399s 13%: 0.36+0.97+0.035 ms clock, 4.3+1.1/0.99/0+0.43 ms cpu, 80->87->36 MB, 91 MB goal, 0 MB stacks, 0 MB globals, 12 P
gc 1673 @7.402s 13%: 0.36+1.0+0.058 ms clock, 4.4+1.2/1.3/0+0.70 ms cpu, 63->73->38 MB, 73 MB goal, 0 MB stacks, 0 MB globals, 12 P
gc 1674 @7.406s 13%: 0.53+0.96+0.062 ms clock, 6.3+0.93/1.5/0+0.75 ms cpu, 68->76->37 MB, 77 MB goal, 0 MB stacks, 0 MB globals, 12 P
gc 1675 @7.409s 13%: 0.33+1.3+0.10 ms clock, 3.9+1.3/1.1/0+1.2 ms cpu, 64->77->43 MB, 75 MB goal, 0 MB stacks, 0 MB globals, 12 P
gc 1676 @7.413s 13%: 0.28+1.8+0.029 ms clock, 3.4+2.0/2.0/0+0.34 ms cpu, 77->90->42 MB, 87 MB goal, 0 MB stacks, 0 MB globals, 12 P
gc 1677 @7.418s 13%: 0.40+1.6+0.098 ms clock, 4.8+2.2/1.3/0+1.1 ms cpu, 77->91->40 MB, 85 MB goal, 0 MB stacks, 0 MB globals, 12 P
gc 1678 @7.422s 13%: 0.43+1.6+0.009 ms clock, 5.2+1.0/1.1/0+0.11 ms cpu, 70->84->43 MB, 81 MB goal, 0 MB stacks, 0 MB globals, 12 P
gc 1679 @7.426s 13%: 0.20+1.2+0.060 ms clock, 2.5+1.1/1.3/0+0.72 ms cpu, 75->85->36 MB, 87 MB goal, 0 MB stacks, 0 MB globals, 12 P
gc 1680 @7.430s 13%: 0.32+1.0+0.011 ms clock, 3.8+1.1/1.2/0+0.13 ms cpu, 63->71->34 MB, 73 MB goal, 0 MB stacks, 0 MB globals, 12 P
gc 1681 @7.433s 13%: 0.32+1.6+0.011 ms clock, 3.9+1.7/1.1/0+0.13 ms cpu, 59->73->41 MB, 69 MB goal, 0 MB stacks, 0 MB globals, 12 P
gc 1682 @7.437s 13%: 0.23+0.95+0.11 ms clock, 2.8+1.4/1.0/0+1.3 ms cpu, 72->81->37 MB, 83 MB goal, 0 MB stacks, 0 MB globals, 12 P
gc 1683 @7.440s 13%: 0.22+1.2+0.084 ms clock, 2.6+1.2/1.4/0+1.0 ms cpu, 65->76->37 MB, 75 MB goal, 0 MB stacks, 0 MB globals, 12 P
gc 1684 @7.444s 13%: 0.31+1.0+0.16 ms clock, 3.8+1.1/1.0/0+1.9 ms cpu, 64->75->40 MB, 75 MB goal, 0 MB stacks, 0 MB globals, 12 P
gc 1685 @7.448s 13%: 0.15+1.1+0.11 ms clock, 1.8+1.1/1.1/0+1.4 ms cpu, 71->82->41 MB, 81 MB goal, 0 MB stacks, 0 MB globals, 12 P
gc 1686 @7.452s 13%: 0.33+0.95+0.10 ms clock, 4.0+1.3/1.0/0+1.3 ms cpu, 73->81->38 MB, 83 MB goal, 0 MB stacks, 0 MB globals, 12 P
gc 1687 @7.455s 13%: 0.35+1.0+0.066 ms clock, 4.2+1.0/1.1/0+0.80 ms cpu, 68->76->38 MB, 77 MB goal, 0 MB stacks, 0 MB globals, 12 P
gc 1688 @7.459s 13%: 0.36+1.0+0.078 ms clock, 4.3+1.1/1.0/0+0.93 ms cpu, 68->79->39 MB, 77 MB goal, 0 MB stacks, 0 MB globals, 12 P
gc 1689 @7.462s 13%: 0.19+1.5+0.084 ms clock, 2.3+1.2/1.7/0+1.0 ms cpu, 67->79->39 MB, 79 MB goal, 0 MB stacks, 0 MB globals, 12 P
gc 1690 @7.466s 13%: 0.17+1.3+0.046 ms clock, 2.1+0.57/1.1/0+0.55 ms cpu, 69->79->36 MB, 79 MB goal, 0 MB stacks, 0 MB globals, 12 P
gc 1691 @7.470s 13%: 0.14+0.89+0.098 ms clock, 1.7+1.5/0.76/0+1.1 ms cpu, 63->71->46 MB, 73 MB goal, 0 MB stacks, 0 MB globals, 12 P
gc 1692 @7.474s 13%: 0.36+0.98+0.096 ms clock, 4.3+1.3/1.1/0+1.1 ms cpu, 81->91->38 MB, 94 MB goal, 0 MB stacks, 0 MB globals, 12 P
gc 1693 @7.477s 13%: 0.39+1.4+0.11 ms clock, 4.6+1.2/2.1/0+1.3 ms cpu, 68->80->41 MB, 77 MB goal, 0 MB stacks, 0 MB globals, 12 P
gc 1694 @7.481s 13%: 0.29+1.4+0.089 ms clock, 3.5+1.0/1.4/0+1.0 ms cpu, 71->83->43 MB, 83 MB goal, 0 MB stacks, 0 MB globals, 12 P
gc 1695 @7.485s 13%: 0.27+1.2+0.11 ms clock, 3.2+1.3/1.6/0+1.4 ms cpu, 77->86->40 MB, 87 MB goal, 0 MB stacks, 0 MB globals, 12 P
gc 1696 @7.489s 13%: 0.40+0.92+0.068 ms clock, 4.8+0.90/1.2/0+0.81 ms cpu, 70->78->34 MB, 81 MB goal, 0 MB stacks, 0 MB globals, 12 P
gc 1697 @7.493s 13%: 0.18+0.85+0.047 ms clock, 2.2+1.2/1.4/0+0.56 ms cpu, 62->68->35 MB, 69 MB goal, 0 MB stacks, 0 MB globals, 12 P
gc 1698 @7.495s 13%: 0.25+1.0+0.057 ms clock, 3.0+1.0/1.5/0+0.68 ms cpu, 61->69->51 MB, 71 MB goal, 0 MB stacks, 0 MB globals, 12 P
gc 1699 @7.499s 13%: 0.22+1.4+0.006 ms clock, 2.6+1.2/1.0/0+0.081 ms cpu, 88->98->37 MB, 102 MB goal, 0 MB stacks, 0 MB globals, 12 P
gc 1700 @7.503s 13%: 0.31+1.2+0.032 ms clock, 3.8+1.0/1.2/0+0.39 ms cpu, 65->77->39 MB, 75 MB goal, 0 MB stacks, 0 MB globals, 12 P
gc 1701 @7.506s 13%: 0.21+1.1+0.12 ms clock, 2.5+1.1/1.0/0+1.5 ms cpu, 68->79->39 MB, 79 MB goal, 0 MB stacks, 0 MB globals, 12 P
gc 1702 @7.511s 13%: 0.28+1.4+0.061 ms clock, 3.4+1.8/1.5/0+0.74 ms cpu, 70->81->38 MB, 79 MB goal, 0 MB stacks, 0 MB globals, 12 P
gc 1703 @7.514s 13%: 0.29+1.2+0.009 ms clock, 3.4+1.0/1.5/0+0.11 ms cpu, 66->74->34 MB, 77 MB goal, 0 MB stacks, 0 MB globals, 12 P
gc 1704 @7.518s 13%: 0.17+0.78+0.040 ms clock, 2.0+1.1/1.0/0+0.48 ms cpu, 62->66->30 MB, 69 MB goal, 0 MB stacks, 0 MB globals, 12 P
gc 1705 @7.521s 13%: 0.21+0.97+0.073 ms clock, 2.5+1.0/1.2/0+0.87 ms cpu, 55->58->32 MB, 61 MB goal, 0 MB stacks, 0 MB globals, 12 P
gc 1706 @7.523s 13%: 0.25+1.4+0.12 ms clock, 3.0+1.2/1.2/0+1.4 ms cpu, 56->71->42 MB, 65 MB goal, 0 MB stacks, 0 MB globals, 12 P
gc 1707 @7.527s 13%: 0.29+0.91+0.29 ms clock, 3.5+1.3/1.1/0+3.4 ms cpu, 74->83->36 MB, 85 MB goal, 0 MB stacks, 0 MB globals, 12 P
gc 1708 @7.531s 13%: 0.32+1.1+0.038 ms clock, 3.8+1.3/1.4/0+0.46 ms cpu, 62->73->37 MB, 73 MB goal, 0 MB stacks, 0 MB globals, 12 P
gc 1709 @7.534s 13%: 0.32+1.1+0.083 ms clock, 3.8+1.2/1.4/0+1.0 ms cpu, 67->75->48 MB, 75 MB goal, 0 MB stacks, 0 MB globals, 12 P
gc 1710 @7.538s 13%: 0.18+0.90+0.14 ms clock, 2.1+0.99/1.4/0+1.6 ms cpu, 83->90->35 MB, 96 MB goal, 0 MB stacks, 0 MB globals, 12 P
gc 1711 @7.541s 13%: 0.21+1.2+0.13 ms clock, 2.5+1.2/1.7/0.021+1.6 ms cpu, 62->72->36 MB, 71 MB goal, 0 MB stacks, 0 MB globals, 12 P
gc 1712 @7.545s 13%: 0.17+1.1+0.046 ms clock, 2.1+1.4/1.6/0+0.55 ms cpu, 64->72->35 MB, 73 MB goal, 0 MB stacks, 0 MB globals, 12 P
gc 1713 @7.548s 13%: 0.40+1.2+0.004 ms clock, 4.8+1.3/1.5/0+0.048 ms cpu, 62->70->35 MB, 71 MB goal, 0 MB stacks, 0 MB globals, 12 P
gc 1714 @7.551s 13%: 0.18+0.93+0.053 ms clock, 2.2+1.2/1.3/0+0.63 ms cpu, 61->67->34 MB, 71 MB goal, 0 MB stacks, 0 MB globals, 12 P
gc 1715 @7.554s 13%: 0.18+1.2+0.092 ms clock, 2.2+0.65/1.5/0+1.1 ms cpu, 59->69->38 MB, 69 MB goal, 0 MB stacks, 0 MB globals, 12 P
gc 1716 @7.557s 13%: 0.19+2.0+0.11 ms clock, 2.3+2.6/1.8/0+1.4 ms cpu, 67->83->43 MB, 77 MB goal, 0 MB stacks, 0 MB globals, 12 P
gc 1717 @7.562s 13%: 0.32+1.2+0.10 ms clock, 3.8+0.99/1.2/0+1.2 ms cpu, 75->86->39 MB, 87 MB goal, 0 MB stacks, 0 MB globals, 12 P
gc 1718 @7.566s 13%: 0.30+1.1+0.059 ms clock, 3.7+1.5/1.4/0+0.71 ms cpu, 70->79->39 MB, 79 MB goal, 0 MB stacks, 0 MB globals, 12 P
gc 1719 @7.569s 13%: 0.49+0.96+0.084 ms clock, 5.8+1.1/1.5/0+1.0 ms cpu, 70->78->37 MB, 79 MB goal, 0 MB stacks, 0 MB globals, 12 P
gc 1720 @7.573s 13%: 0.21+1.2+0.063 ms clock, 2.5+1.4/1.9/0+0.76 ms cpu, 67->76->36 MB, 75 MB goal, 0 MB stacks, 0 MB globals, 12 P
gc 1721 @7.576s 13%: 0.29+1.4+0.085 ms clock, 3.5+0.89/0.87/0+1.0 ms cpu, 63->76->38 MB, 73 MB goal, 0 MB stacks, 0 MB globals, 12 P
gc 1722 @7.580s 13%: 0.26+1.2+0.062 ms clock, 3.1+0.93/1.4/0+0.75 ms cpu, 66->76->40 MB, 77 MB goal, 0 MB stacks, 0 MB globals, 12 P
gc 1723 @7.584s 13%: 0.39+1.4+0.083 ms clock, 4.7+1.3/1.1/0+1.0 ms cpu, 70->83->40 MB, 81 MB goal, 0 MB stacks, 0 MB globals, 12 P
gc 1724 @7.588s 13%: 0.28+0.91+0.019 ms clock, 3.3+1.4/1.1/0+0.23 ms cpu, 69->75->34 MB, 81 MB goal, 0 MB stacks, 0 MB globals, 12 P
gc 1725 @7.591s 13%: 0.22+0.91+0.069 ms clock, 2.7+1.3/1.2/0+0.83 ms cpu, 63->69->33 MB, 69 MB goal, 0 MB stacks, 0 MB globals, 12 P
gc 1726 @7.594s 13%: 0.31+1.5+0.093 ms clock, 3.8+2.1/1.5/0+1.1 ms cpu, 59->72->41 MB, 67 MB goal, 0 MB stacks, 0 MB globals, 12 P
gc 1727 @7.598s 13%: 0.46+1.5+0.012 ms clock, 5.6+1.1/1.0/0+0.14 ms cpu, 71->85->38 MB, 83 MB goal, 0 MB stacks, 0 MB globals, 12 P
gc 1728 @7.602s 13%: 0.24+1.2+0.044 ms clock, 2.9+1.2/1.2/0+0.52 ms cpu, 69->80->41 MB, 77 MB goal, 0 MB stacks, 0 MB globals, 12 P
gc 1729 @7.606s 13%: 0.26+1.4+0.044 ms clock, 3.1+1.2/1.9/0+0.53 ms cpu, 73->83->38 MB, 83 MB goal, 0 MB stacks, 0 MB globals, 12 P
gc 1730 @7.610s 13%: 0.15+1.0+0.046 ms clock, 1.8+1.3/1.8/0+0.55 ms cpu, 67->76->36 MB, 77 MB goal, 0 MB stacks, 0 MB globals, 12 P
gc 1731 @7.613s 13%: 0.27+1.5+0.11 ms clock, 3.3+1.4/1.1/0+1.4 ms cpu, 64->77->38 MB, 73 MB goal, 0 MB stacks, 0 MB globals, 12 P
gc 1732 @7.617s 13%: 0.29+1.2+0.050 ms clock, 3.5+1.3/1.5/0+0.60 ms cpu, 67->76->39 MB, 77 MB goal, 0 MB stacks, 0 MB globals, 12 P
gc 1733 @7.620s 13%: 0.27+1.2+0.071 ms clock, 3.3+1.2/2.2/0+0.85 ms cpu, 69->79->36 MB, 79 MB goal, 0 MB stacks, 0 MB globals, 12 P
gc 1734 @7.624s 13%: 0.22+1.2+0.030 ms clock, 2.7+1.1/1.6/0+0.36 ms cpu, 62->74->38 MB, 73 MB goal, 0 MB stacks, 0 MB globals, 12 P
gc 1735 @7.628s 13%: 0.24+1.2+0.045 ms clock, 2.9+1.2/1.3/0+0.54 ms cpu, 68->77->35 MB, 77 MB goal, 0 MB stacks, 0 MB globals, 12 P
gc 1736 @7.631s 13%: 0.18+1.3+0.035 ms clock, 2.2+1.3/1.2/0+0.42 ms cpu, 61->71->40 MB, 71 MB goal, 0 MB stacks, 0 MB globals, 12 P
gc 1737 @7.634s 13%: 0.33+1.0+0.072 ms clock, 4.0+1.0/0.97/0+0.86 ms cpu, 71->80->39 MB, 81 MB goal, 0 MB stacks, 0 MB globals, 12 P
gc 1738 @7.638s 13%: 0.30+1.3+0.091 ms clock, 3.6+1.3/1.5/0+1.0 ms cpu, 69->81->37 MB, 79 MB goal, 0 MB stacks, 0 MB globals, 12 P
gc 1739 @7.642s 13%: 0.33+0.81+0.066 ms clock, 4.0+0.89/1.5/0+0.79 ms cpu, 69->74->37 MB, 75 MB goal, 0 MB stacks, 0 MB globals, 12 P
gc 1740 @7.645s 13%: 0.24+1.2+0.11 ms clock, 2.9+1.0/1.1/0+1.3 ms cpu, 64->78->39 MB, 75 MB goal, 0 MB stacks, 0 MB globals, 12 P
gc 1741 @7.649s 13%: 0.28+0.98+0.025 ms clock, 3.3+1.1/1.2/0+0.31 ms cpu, 71->77->36 MB, 79 MB goal, 0 MB stacks, 0 MB globals, 12 P
gc 1742 @7.652s 13%: 0.25+2.3+0.12 ms clock, 3.0+0.63/2.1/0+1.5 ms cpu, 62->84->50 MB, 73 MB goal, 0 MB stacks, 0 MB globals, 12 P
gc 1743 @7.657s 13%: 0.17+1.4+0.086 ms clock, 2.1+1.2/0.81/0+1.0 ms cpu, 87->98->40 MB, 101 MB goal, 0 MB stacks, 0 MB globals, 12 P
gc 1744 @7.661s 13%: 0.31+1.6+0.092 ms clock, 3.7+1.2/1.6/0+1.1 ms cpu, 71->87->44 MB, 81 MB goal, 0 MB stacks, 0 MB globals, 12 P
gc 1745 @7.666s 13%: 0.50+1.4+0.077 ms clock, 6.0+1.4/1.1/0+0.92 ms cpu, 79->93->40 MB, 89 MB goal, 0 MB stacks, 0 MB globals, 12 P
gc 1746 @7.670s 13%: 0.27+1.5+0.051 ms clock, 3.3+0.16/1.4/0+0.61 ms cpu, 70->82->42 MB, 81 MB goal, 0 MB stacks, 0 MB globals, 12 P
gc 1747 @7.674s 13%: 0.27+1.7+0.030 ms clock, 3.3+1.4/1.2/0+0.36 ms cpu, 72->88->43 MB, 85 MB goal, 0 MB stacks, 0 MB globals, 12 P
gc 1748 @7.678s 13%: 0.37+1.2+0.078 ms clock, 4.5+1.1/1.2/0+0.93 ms cpu, 74->86->37 MB, 87 MB goal, 0 MB stacks, 0 MB globals, 12 P
gc 1749 @7.682s 13%: 0.34+1.0+0.083 ms clock, 4.1+1.3/0.85/0+0.99 ms cpu, 65->77->37 MB, 75 MB goal, 0 MB stacks, 0 MB globals, 12 P
gc 1750 @7.686s 13%: 0.22+1.0+0.009 ms clock, 2.7+1.3/0.98/0+0.11 ms cpu, 69->76->37 MB, 75 MB goal, 0 MB stacks, 0 MB globals, 12 P
gc 1751 @7.689s 13%: 0.29+0.76+0.047 ms clock, 3.5+0.93/1.1/0.014+0.56 ms cpu, 66->71->30 MB, 75 MB goal, 0 MB stacks, 0 MB globals, 12 P
gc 1752 @7.692s 13%: 0.33+0.63+0.038 ms clock, 4.0+0.88/1.1/0+0.46 ms cpu, 55->59->33 MB, 61 MB goal, 0 MB stacks, 0 MB globals, 12 P
gc 1753 @7.695s 13%: 0.17+1.1+0.054 ms clock, 2.0+1.1/0.97/0+0.65 ms cpu, 58->70->39 MB, 67 MB goal, 0 MB stacks, 0 MB globals, 12 P
gc 1754 @7.698s 13%: 0.23+0.79+0.17 ms clock, 2.7+1.4/0.74/0+2.1 ms cpu, 67->81->39 MB, 79 MB goal, 0 MB stacks, 0 MB globals, 12 P
gc 1755 @7.702s 13%: 0.31+1.0+0.069 ms clock, 3.7+0.89/1.3/0+0.82 ms cpu, 67->76->35 MB, 79 MB goal, 0 MB stacks, 0 MB globals, 12 P
gc 1756 @7.705s 13%: 0.25+1.4+0.013 ms clock, 3.0+1.5/1.0/0+0.16 ms cpu, 62->74->40 MB, 71 MB goal, 0 MB stacks, 0 MB globals, 12 P
gc 1757 @7.709s 13%: 0.26+1.3+0.11 ms clock, 3.2+1.8/2.0/0+1.3 ms cpu, 73->83->40 MB, 81 MB goal, 0 MB stacks, 0 MB globals, 12 P
gc 1758 @7.712s 13%: 0.28+1.9+0.10 ms clock, 3.4+1.0/2.6/0+1.2 ms cpu, 69->86->43 MB, 81 MB goal, 0 MB stacks, 0 MB globals, 12 P
gc 1759 @7.718s 13%: 0.15+0.81+0.043 ms clock, 1.8+0.78/1.4/0+0.52 ms cpu, 80->86->42 MB, 87 MB goal, 0 MB stacks, 0 MB globals, 12 P
gc 1760 @7.721s 13%: 0.50+0.88+0.074 ms clock, 6.0+0.95/0.98/0+0.89 ms cpu, 73->84->33 MB, 85 MB goal, 0 MB stacks, 0 MB globals, 12 P
gc 1761 @7.724s 13%: 0.14+1.0+0.043 ms clock, 1.7+1.2/1.4/0+0.51 ms cpu, 59->68->36 MB, 67 MB goal, 0 MB stacks, 0 MB globals, 12 P
gc 1762 @7.727s 13%: 0.24+1.0+0.064 ms clock, 2.9+0.74/1.5/0+0.77 ms cpu, 63->72->37 MB, 73 MB goal, 0 MB stacks, 0 MB globals, 12 P
gc 1763 @7.731s 13%: 0.19+1.2+0.006 ms clock, 2.3+0.93/1.2/0+0.075 ms cpu, 67->75->37 MB, 75 MB goal, 0 MB stacks, 0 MB globals, 12 P
gc 1764 @7.734s 13%: 0.30+1.5+0.058 ms clock, 3.7+1.4/1.7/0+0.70 ms cpu, 65->77->39 MB, 75 MB goal, 0 MB stacks, 0 MB globals, 12 P
gc 1765 @7.738s 13%: 0.21+1.1+0.037 ms clock, 2.5+1.3/1.7/0.064+0.45 ms cpu, 70->78->40 MB, 79 MB goal, 0 MB stacks, 0 MB globals, 12 P
gc 1766 @7.741s 13%: 0.23+1.1+0.066 ms clock, 2.7+1.5/1.4/0+0.79 ms cpu, 70->78->33 MB, 81 MB goal, 0 MB stacks, 0 MB globals, 12 P
gc 1767 @7.744s 13%: 0.22+1.2+0.053 ms clock, 2.6+1.4/1.4/0+0.64 ms cpu, 58->68->38 MB, 67 MB goal, 0 MB stacks, 0 MB globals, 12 P
gc 1768 @7.748s 13%: 0.28+1.2+0.15 ms clock, 3.4+1.3/1.2/0+1.8 ms cpu, 66->80->38 MB, 77 MB goal, 0 MB stacks, 0 MB globals, 12 P
gc 1769 @7.751s 13%: 0.30+1.3+0.053 ms clock, 3.6+1.3/1.6/0+0.64 ms cpu, 69->79->39 MB, 77 MB goal, 0 MB stacks, 0 MB globals, 12 P
gc 1770 @7.755s 13%: 0.26+0.98+0.068 ms clock, 3.1+1.1/1.4/0+0.82 ms cpu, 70->79->38 MB, 79 MB goal, 0 MB stacks, 0 MB globals, 12 P
gc 1771 @7.759s 13%: 0.41+0.91+0.15 ms clock, 4.9+1.1/0.90/0+1.8 ms cpu, 66->77->38 MB, 77 MB goal, 0 MB stacks, 0 MB globals, 12 P
gc 1772 @7.762s 13%: 0.36+1.2+0.013 ms clock, 4.3+1.0/1.7/0+0.16 ms cpu, 70->78->36 MB, 77 MB goal, 0 MB stacks, 0 MB globals, 12 P
gc 1773 @7.766s 13%: 0.22+1.1+0.13 ms clock, 2.7+1.4/1.1/0+1.6 ms cpu, 66->79->42 MB, 73 MB goal, 0 MB stacks, 0 MB globals, 12 P
gc 1774 @7.770s 13%: 0.36+1.2+0.11 ms clock, 4.3+1.1/1.3/0+1.4 ms cpu, 75->86->39 MB, 85 MB goal, 0 MB stacks, 0 MB globals, 12 P
gc 1775 @7.774s 13%: 0.29+2.2+0.13 ms clock, 3.5+1.1/1.3/0+1.5 ms cpu, 69->93->52 MB, 79 MB goal, 0 MB stacks, 0 MB globals, 12 P
gc 1776 @7.780s 13%: 0.54+1.1+0.23 ms clock, 6.5+1.1/0.92/0+2.8 ms cpu, 89->102->41 MB, 105 MB goal, 0 MB stacks, 0 MB globals, 12 P
gc 1777 @7.784s 13%: 0.27+1.0+0.12 ms clock, 3.3+1.6/1.3/0+1.4 ms cpu, 73->83->38 MB, 83 MB goal, 0 MB stacks, 0 MB globals, 12 P
gc 1778 @7.787s 13%: 0.29+1.5+0.003 ms clock, 3.5+0.74/1.4/0+0.038 ms cpu, 67->80->44 MB, 77 MB goal, 0 MB stacks, 0 MB globals, 12 P
gc 1779 @7.792s 13%: 0.46+1.2+0.12 ms clock, 5.6+1.5/1.8/0+1.5 ms cpu, 79->88->38 MB, 89 MB goal, 0 MB stacks, 0 MB globals, 12 P
gc 1780 @7.796s 13%: 0.25+1.2+0.068 ms clock, 3.0+1.1/1.0/0+0.82 ms cpu, 68->78->40 MB, 77 MB goal, 0 MB stacks, 0 MB globals, 12 P
gc 1781 @7.800s 13%: 0.33+1.2+0.046 ms clock, 3.9+1.2/1.4/0+0.55 ms cpu, 70->81->35 MB, 81 MB goal, 0 MB stacks, 0 MB globals, 12 P
gc 1782 @7.803s 13%: 0.21+1.0+0.076 ms clock, 2.5+1.1/1.3/0+0.91 ms cpu, 63->73->41 MB, 71 MB goal, 0 MB stacks, 0 MB globals, 12 P
gc 1783 @7.807s 13%: 0.33+0.78+0.061 ms clock, 4.0+0.92/0.97/0+0.73 ms cpu, 71->78->36 MB, 83 MB goal, 0 MB stacks, 0 MB globals, 12 P
gc 1784 @7.810s 13%: 0.30+1.0+0.064 ms clock, 3.6+1.1/1.6/0+0.77 ms cpu, 66->74->51 MB, 73 MB goal, 0 MB stacks, 0 MB globals, 12 P
gc 1785 @7.815s 13%: 0.32+1.3+0.15 ms clock, 3.9+1.2/1.2/0+1.9 ms cpu, 91->104->38 MB, 102 MB goal, 0 MB stacks, 0 MB globals, 12 P
gc 1786 @7.819s 13%: 0.30+1.2+0.048 ms clock, 3.6+1.4/2.4/0+0.58 ms cpu, 69->78->35 MB, 77 MB goal, 0 MB stacks, 0 MB globals, 12 P
gc 1787 @7.822s 13%: 0.23+1.3+0.057 ms clock, 2.8+1.3/1.5/0+0.69 ms cpu, 64->72->37 MB, 71 MB goal, 0 MB stacks, 0 MB globals, 12 P
gc 1788 @7.826s 13%: 0.17+1.2+0.078 ms clock, 2.0+1.3/1.4/0+0.94 ms cpu, 65->73->33 MB, 75 MB goal, 0 MB stacks, 0 MB globals, 12 P
gc 1789 @7.829s 13%: 0.19+1.3+0.045 ms clock, 2.3+1.0/2.2/0+0.54 ms cpu, 57->67->36 MB, 67 MB goal, 0 MB stacks, 0 MB globals, 12 P
gc 1790 @7.832s 13%: 0.31+1.3+0.059 ms clock, 3.7+0.66/1.7/0+0.71 ms cpu, 62->73->36 MB, 73 MB goal, 0 MB stacks, 0 MB globals, 12 P
gc 1791 @7.836s 13%: 0.19+0.79+0.011 ms clock, 2.3+1.1/1.0/0.030+0.13 ms cpu, 64->69->31 MB, 73 MB goal, 0 MB stacks, 0 MB globals, 12 P
gc 1792 @7.838s 13%: 0.26+0.74+0.11 ms clock, 3.2+0.59/0.78/0+1.3 ms cpu, 54->64->39 MB, 63 MB goal, 0 MB stacks, 0 MB globals, 12 P
gc 1793 @7.842s 13%: 0.23+1.6+0.10 ms clock, 2.8+1.1/1.5/0+1.2 ms cpu, 69->80->39 MB, 79 MB goal, 0 MB stacks, 0 MB globals, 12 P
gc 1794 @7.846s 13%: 0.39+1.9+0.14 ms clock, 4.6+1.1/2.8/0+1.6 ms cpu, 69->87->47 MB, 79 MB goal, 0 MB stacks, 0 MB globals, 12 P
gc 1795 @7.850s 13%: 0.36+1.1+0.10 ms clock, 4.3+1.3/1.5/0+1.2 ms cpu, 83->93->40 MB, 95 MB goal, 0 MB stacks, 0 MB globals, 12 P
gc 1796 @7.855s 13%: 0.29+1.3+0.051 ms clock, 3.5+1.3/2.1/0+0.62 ms cpu, 73->84->37 MB, 81 MB goal, 0 MB stacks, 0 MB globals, 12 P
gc 1797 @7.858s 13%: 0.27+1.3+0.075 ms clock, 3.3+0.84/0.90/0+0.90 ms cpu, 64->75->52 MB, 75 MB goal, 0 MB stacks, 0 MB globals, 12 P
gc 1798 @7.862s 13%: 0.39+1.3+0.085 ms clock, 4.7+1.3/1.2/0+1.0 ms cpu, 89->99->37 MB, 104 MB goal, 0 MB stacks, 0 MB globals, 12 P
gc 1799 @7.866s 13%: 0.29+1.3+0.14 ms clock, 3.5+1.3/1.0/0+1.7 ms cpu, 64->81->42 MB, 75 MB goal, 0 MB stacks, 0 MB globals, 12 P
gc 1800 @7.871s 13%: 0.22+0.76+0.062 ms clock, 2.7+1.3/1.1/0+0.75 ms cpu, 82->85->38 MB, 85 MB goal, 0 MB stacks, 0 MB globals, 12 P
gc 1801 @7.874s 13%: 0.29+1.2+0.052 ms clock, 3.4+0.98/1.0/0+0.62 ms cpu, 67->78->39 MB, 77 MB goal, 0 MB stacks, 0 MB globals, 12 P
gc 1802 @7.878s 13%: 0.30+0.91+0.055 ms clock, 3.6+1.4/1.5/0+0.66 ms cpu, 70->78->35 MB, 79 MB goal, 0 MB stacks, 0 MB globals, 12 P
gc 1803 @7.881s 13%: 0.28+0.91+0.087 ms clock, 3.4+1.3/1.5/0.002+1.0 ms cpu, 63->69->33 MB, 71 MB goal, 0 MB stacks, 0 MB globals, 12 P
gc 1804 @7.884s 13%: 0.30+0.92+0.11 ms clock, 3.7+1.5/1.2/0+1.3 ms cpu, 59->66->35 MB, 67 MB goal, 0 MB stacks, 0 MB globals, 12 P
gc 1805 @7.887s 13%: 0.33+0.85+0.10 ms clock, 3.9+1.0/1.3/0+1.2 ms cpu, 62->69->36 MB, 71 MB goal, 0 MB stacks, 0 MB globals, 12 P
gc 1806 @7.890s 13%: 0.33+1.0+0.10 ms clock, 3.9+1.3/1.5/0+1.2 ms cpu, 65->72->49 MB, 73 MB goal, 0 MB stacks, 0 MB globals, 12 P
gc 1807 @7.895s 13%: 0.28+1.2+0.088 ms clock, 3.3+1.1/0.88/0+1.0 ms cpu, 89->100->38 MB, 98 MB goal, 0 MB stacks, 0 MB globals, 12 P
gc 1808 @7.899s 13%: 0.16+1.0+0.059 ms clock, 2.0+1.1/1.1/0+0.71 ms cpu, 67->76->39 MB, 77 MB goal, 0 MB stacks, 0 MB globals, 12 P
gc 1809 @7.902s 13%: 0.31+1.1+0.26 ms clock, 3.7+1.1/1.0/0+3.1 ms cpu, 68->81->40 MB, 79 MB goal, 0 MB stacks, 0 MB globals, 12 P
gc 1810 @7.906s 13%: 0.19+1.3+0.091 ms clock, 2.3+0.39/1.4/0+1.0 ms cpu, 70->81->40 MB, 81 MB goal, 0 MB stacks, 0 MB globals, 12 P
gc 1811 @7.910s 13%: 0.33+1.1+0.078 ms clock, 4.0+1.2/1.0/0+0.94 ms cpu, 70->81->39 MB, 81 MB goal, 0 MB stacks, 0 MB globals, 12 P
gc 1812 @7.914s 13%: 0.20+1.3+0.008 ms clock, 2.5+1.9/1.8/0+0.10 ms cpu, 72->80->38 MB, 79 MB goal, 0 MB stacks, 0 MB globals, 12 P
gc 1813 @7.917s 13%: 0.23+1.2+0.033 ms clock, 2.8+1.2/1.0/0+0.40 ms cpu, 67->79->38 MB, 77 MB goal, 0 MB stacks, 0 MB globals, 12 P
gc 1814 @7.921s 13%: 0.19+1.0+0.036 ms clock, 2.3+1.3/2.1/0+0.43 ms cpu, 69->77->38 MB, 77 MB goal, 0 MB stacks, 0 MB globals, 12 P
gc 1815 @7.924s 13%: 0.41+0.94+0.044 ms clock, 4.9+1.2/1.6/0+0.53 ms cpu, 66->74->36 MB, 77 MB goal, 0 MB stacks, 0 MB globals, 12 P
gc 1816 @7.927s 13%: 0.16+1.4+0.12 ms clock, 2.0+1.0/1.6/0+1.4 ms cpu, 63->75->42 MB, 73 MB goal, 0 MB stacks, 0 MB globals, 12 P
gc 1817 @7.931s 13%: 0.22+1.1+0.18 ms clock, 2.7+1.4/1.0/0+2.1 ms cpu, 74->85->38 MB, 85 MB goal, 0 MB stacks, 0 MB globals, 12 P
gc 1818 @7.935s 13%: 0.23+0.94+0.044 ms clock, 2.8+1.3/1.4/0+0.53 ms cpu, 67->75->36 MB, 77 MB goal, 0 MB stacks, 0 MB globals, 12 P
gc 1819 @7.938s 13%: 0.21+1.0+0.094 ms clock, 2.6+1.1/1.6/0+1.1 ms cpu, 63->71->34 MB, 73 MB goal, 0 MB stacks, 0 MB globals, 12 P
gc 1820 @7.941s 13%: 0.29+1.1+0.057 ms clock, 3.5+1.2/1.2/0+0.69 ms cpu, 60->69->35 MB, 69 MB goal, 0 MB stacks, 0 MB globals, 12 P
gc 1821 @7.944s 13%: 0.18+1.1+0.11 ms clock, 2.2+0.60/1.8/0+1.4 ms cpu, 60->70->48 MB, 71 MB goal, 0 MB stacks, 0 MB globals, 12 P
gc 1822 @7.948s 13%: 0.25+1.2+0.11 ms clock, 3.0+1.4/1.7/0+1.4 ms cpu, 83->92->38 MB, 96 MB goal, 0 MB stacks, 0 MB globals, 12 P
gc 1823 @7.952s 13%: 0.38+1.1+0.062 ms clock, 4.6+1.3/1.5/0+0.75 ms cpu, 68->78->48 MB, 77 MB goal, 0 MB stacks, 0 MB globals, 12 P
gc 1824 @7.956s 13%: 0.37+2.1+0.015 ms clock, 4.4+1.9/0.81/0+0.18 ms cpu, 84->103->58 MB, 96 MB goal, 0 MB stacks, 0 MB globals, 12 P
gc 1825 @7.962s 13%: 0.28+1.4+0.12 ms clock, 3.3+1.2/1.8/0+1.4 ms cpu, 102->113->38 MB, 116 MB goal, 0 MB stacks, 0 MB globals, 12 P
gc 1826 @7.966s 13%: 0.23+1.3+0.098 ms clock, 2.8+0.42/1.5/0+1.1 ms cpu, 68->80->41 MB, 77 MB goal, 0 MB stacks, 0 MB globals, 12 P
gc 1827 @7.970s 13%: 0.24+1.0+0.11 ms clock, 2.9+1.3/1.1/0+1.3 ms cpu, 71->81->36 MB, 83 MB goal, 0 MB stacks, 0 MB globals, 12 P
gc 1828 @7.974s 13%: 0.44+1.0+0.088 ms clock, 5.2+1.4/1.7/0+1.0 ms cpu, 65->74->37 MB, 73 MB goal, 0 MB stacks, 0 MB globals, 12 P
gc 1829 @7.977s 13%: 0.40+0.91+0.061 ms clock, 4.8+1.0/1.2/0+0.74 ms cpu, 66->74->34 MB, 75 MB goal, 0 MB stacks, 0 MB globals, 12 P
gc 1830 @7.980s 13%: 0.24+0.96+0.061 ms clock, 2.9+1.0/1.1/0+0.73 ms cpu, 59->68->34 MB, 69 MB goal, 0 MB stacks, 0 MB globals, 12 P
gc 1831 @7.983s 13%: 0.18+0.98+0.050 ms clock, 2.2+1.0/1.5/0.006+0.60 ms cpu, 61->67->34 MB, 69 MB goal, 0 MB stacks, 0 MB globals, 12 P
gc 1832 @7.986s 13%: 0.15+1.0+0.011 ms clock, 1.8+1.2/1.6/0+0.13 ms cpu, 59->66->34 MB, 69 MB goal, 0 MB stacks, 0 MB globals, 12 P
gc 1833 @7.989s 13%: 0.23+0.90+0.077 ms clock, 2.8+1.4/1.5/0+0.93 ms cpu, 59->68->37 MB, 69 MB goal, 0 MB stacks, 0 MB globals, 12 P
gc 1834 @7.992s 13%: 0.23+0.95+0.083 ms clock, 2.8+1.2/1.3/0.007+0.99 ms cpu, 69->74->32 MB, 75 MB goal, 0 MB stacks, 0 MB globals, 12 P
gc 1835 @7.995s 13%: 0.26+0.93+0.18 ms clock, 3.1+1.3/1.1/0+2.2 ms cpu, 56->65->35 MB, 65 MB goal, 0 MB stacks, 0 MB globals, 12 P
gc 1836 @7.998s 13%: 0.24+1.1+0.073 ms clock, 2.9+1.2/1.6/0+0.88 ms cpu, 62->72->38 MB, 71 MB goal, 0 MB stacks, 0 MB globals, 12 P
gc 1837 @8.002s 13%: 0.16+1.0+0.12 ms clock, 1.9+1.2/1.5/0.003+1.5 ms cpu, 70->79->37 MB, 77 MB goal, 0 MB stacks, 0 MB globals, 12 P
gc 1838 @8.005s 13%: 0.39+1.4+0.010 ms clock, 4.7+0.91/1.3/0+0.13 ms cpu, 66->77->41 MB, 75 MB goal, 0 MB stacks, 0 MB globals, 12 P
gc 1839 @8.009s 13%: 0.34+1.3+0.077 ms clock, 4.1+1.0/1.5/0+0.93 ms cpu, 71->82->39 MB, 83 MB goal, 0 MB stacks, 0 MB globals, 12 P
gc 1840 @8.013s 13%: 0.17+1.1+0.099 ms clock, 2.0+1.2/1.7/0+1.1 ms cpu, 68->77->34 MB, 79 MB goal, 0 MB stacks, 0 MB globals, 12 P
gc 1841 @8.016s 13%: 0.18+1.3+0.10 ms clock, 2.2+1.3/1.5/0+1.2 ms cpu, 60->70->38 MB, 69 MB goal, 0 MB stacks, 0 MB globals, 12 P
gc 1842 @8.020s 13%: 0.24+1.5+0.076 ms clock, 2.9+1.5/1.8/0+0.91 ms cpu, 67->80->43 MB, 77 MB goal, 0 MB stacks, 0 MB globals, 12 P
gc 1843 @8.024s 13%: 0.24+1.1+0.10 ms clock, 2.9+1.5/1.1/0+1.2 ms cpu, 74->86->36 MB, 87 MB goal, 0 MB stacks, 0 MB globals, 12 P
gc 1844 @8.028s 13%: 0.22+1.1+0.048 ms clock, 2.6+1.1/1.2/0+0.58 ms cpu, 63->73->36 MB, 73 MB goal, 0 MB stacks, 0 MB globals, 12 P
gc 1845 @8.031s 13%: 0.22+1.1+0.14 ms clock, 2.7+0.78/1.6/0+1.7 ms cpu, 64->74->40 MB, 73 MB goal, 0 MB stacks, 0 MB globals, 12 P
gc 1846 @8.035s 13%: 0.26+1.5+0.009 ms clock, 3.1+1.3/1.8/0.029+0.11 ms cpu, 72->81->38 MB, 81 MB goal, 0 MB stacks, 0 MB globals, 12 P
gc 1847 @8.039s 13%: 0.30+1.0+0.013 ms clock, 3.6+1.4/1.8/0+0.15 ms cpu, 70->75->36 MB, 77 MB goal, 0 MB stacks, 0 MB globals, 12 P
gc 1848 @8.042s 13%: 0.23+1.3+0.010 ms clock, 2.7+1.2/1.9/0+0.12 ms cpu, 64->72->35 MB, 73 MB goal, 0 MB stacks, 0 MB globals, 12 P
gc 1849 @8.045s 13%: 0.25+1.0+0.037 ms clock, 3.0+1.1/1.4/0+0.44 ms cpu, 63->70->33 MB, 71 MB goal, 0 MB stacks, 0 MB globals, 12 P
gc 1850 @8.048s 13%: 0.14+1.1+0.012 ms clock, 1.6+1.0/1.5/0+0.14 ms cpu, 60->66->33 MB, 67 MB goal, 0 MB stacks, 0 MB globals, 12 P
gc 1851 @8.051s 13%: 0.25+1.0+0.010 ms clock, 3.0+1.4/2.0/0+0.12 ms cpu, 62->66->32 MB, 67 MB goal, 0 MB stacks, 0 MB globals, 12 P
gc 1852 @8.054s 13%: 0.24+1.1+0.082 ms clock, 2.9+1.1/1.4/0+0.99 ms cpu, 57->66->33 MB, 65 MB goal, 0 MB stacks, 0 MB globals, 12 P
gc 1853 @8.058s 13%: 0.20+1.3+0.020 ms clock, 2.4+1.5/1.5/0+0.24 ms cpu, 59->68->37 MB, 67 MB goal, 0 MB stacks, 0 MB globals, 12 P
gc 1854 @8.061s 13%: 0.26+1.1+0.098 ms clock, 3.2+1.1/1.4/0.015+1.1 ms cpu, 67->76->36 MB, 75 MB goal, 0 MB stacks, 0 MB globals, 12 P
gc 1855 @8.064s 13%: 0.39+1.2+0.032 ms clock, 4.7+1.0/2.1/0+0.38 ms cpu, 65->73->37 MB, 73 MB goal, 0 MB stacks, 0 MB globals, 12 P
gc 1856 @8.068s 13%: 0.28+1.0+0.12 ms clock, 3.4+1.1/1.3/0+1.4 ms cpu, 64->72->35 MB, 75 MB goal, 0 MB stacks, 0 MB globals, 12 P
gc 1857 @8.071s 13%: 0.24+0.97+0.021 ms clock, 2.9+0.85/1.0/0+0.25 ms cpu, 63->69->34 MB, 71 MB goal, 0 MB stacks, 0 MB globals, 12 P
gc 1858 @8.074s 13%: 0.24+1.1+0.10 ms clock, 2.9+0.77/1.7/0+1.2 ms cpu, 61->71->39 MB, 69 MB goal, 0 MB stacks, 0 MB globals, 12 P
gc 1859 @8.078s 13%: 0.42+1.3+0.13 ms clock, 5.0+0.91/1.1/0+1.6 ms cpu, 67->79->40 MB, 79 MB goal, 0 MB stacks, 0 MB globals, 12 P
gc 1860 @8.082s 13%: 0.27+1.1+0.078 ms clock, 3.2+1.3/1.3/0+0.94 ms cpu, 75->81->37 MB, 81 MB goal, 0 MB stacks, 0 MB globals, 12 P
gc 1861 @8.086s 13%: 0.41+1.2+0.059 ms clock, 4.9+1.1/1.3/0+0.71 ms cpu, 65->77->40 MB, 75 MB goal, 0 MB stacks, 0 MB globals, 12 P
gc 1862 @8.090s 13%: 0.30+1.2+0.020 ms clock, 3.6+1.3/1.7/0.035+0.24 ms cpu, 71->81->40 MB, 81 MB goal, 0 MB stacks, 0 MB globals, 12 P
gc 1863 @8.093s 13%: 0.45+1.2+0.035 ms clock, 5.4+1.2/1.2/0+0.42 ms cpu, 70->80->37 MB, 81 MB goal, 0 MB stacks, 0 MB globals, 12 P
gc 1864 @8.097s 13%: 0.25+0.84+0.20 ms clock, 3.0+0.95/0.97/0+2.4 ms cpu, 67->74->37 MB, 75 MB goal, 0 MB stacks, 0 MB globals, 12 P
gc 1865 @8.101s 13%: 0.24+0.87+0.068 ms clock, 2.9+1.1/1.0/0+0.81 ms cpu, 68->75->35 MB, 75 MB goal, 0 MB stacks, 0 MB globals, 12 P
gc 1866 @8.103s 13%: 0.36+1.0+0.063 ms clock, 4.4+1.0/1.1/0+0.76 ms cpu, 61->69->35 MB, 71 MB goal, 0 MB stacks, 0 MB globals, 12 P
gc 1867 @8.107s 13%: 0.21+1.0+0.013 ms clock, 2.5+1.2/1.7/0+0.16 ms cpu, 63->69->33 MB, 71 MB goal, 0 MB stacks, 0 MB globals, 12 P
gc 1868 @8.110s 13%: 0.17+1.0+0.050 ms clock, 2.0+1.4/1.7/0+0.60 ms cpu, 61->66->33 MB, 67 MB goal, 0 MB stacks, 0 MB globals, 12 P
gc 1869 @8.113s 13%: 0.26+1.0+0.081 ms clock, 3.2+1.1/1.6/0+0.97 ms cpu, 58->67->35 MB, 67 MB goal, 0 MB stacks, 0 MB globals, 12 P
gc 1870 @8.116s 13%: 0.24+1.1+0.019 ms clock, 2.8+1.3/1.4/0+0.23 ms cpu, 62->69->35 MB, 71 MB goal, 0 MB stacks, 0 MB globals, 12 P
gc 1871 @8.119s 13%: 0.32+1.0+0.037 ms clock, 3.8+0.97/1.3/0+0.44 ms cpu, 61->70->34 MB, 71 MB goal, 0 MB stacks, 0 MB globals, 12 P
gc 1872 @8.122s 13%: 0.24+1.1+0.066 ms clock, 2.9+1.0/1.0/0+0.80 ms cpu, 59->69->36 MB, 69 MB goal, 0 MB stacks, 0 MB globals, 12 P
gc 1873 @8.126s 13%: 0.078+1.1+0.093 ms clock, 0.93+1.0/0.74/0+1.1 ms cpu, 62->73->34 MB, 73 MB goal, 0 MB stacks, 0 MB globals, 12 P
gc 1874 @8.129s 13%: 0.16+1.0+0.19 ms clock, 1.9+1.1/1.4/0+2.3 ms cpu, 60->69->34 MB, 69 MB goal, 0 MB stacks, 0 MB globals, 12 P
gc 1875 @8.132s 13%: 0.21+1.0+0.015 ms clock, 2.6+1.4/1.7/0+0.18 ms cpu, 62->67->33 MB, 69 MB goal, 0 MB stacks, 0 MB globals, 12 P
gc 1876 @8.135s 13%: 0.22+0.86+0.11 ms clock, 2.6+1.2/1.3/0+1.4 ms cpu, 62->67->33 MB, 67 MB goal, 0 MB stacks, 0 MB globals, 12 P
gc 1877 @8.138s 13%: 0.21+1.0+0.011 ms clock, 2.6+1.1/1.3/0+0.13 ms cpu, 58->65->33 MB, 67 MB goal, 0 MB stacks, 0 MB globals, 12 P
gc 1878 @8.141s 13%: 0.24+1.1+0.10 ms clock, 2.9+1.3/1.2/0+1.2 ms cpu, 59->70->39 MB, 67 MB goal, 0 MB stacks, 0 MB globals, 12 P
gc 1879 @8.145s 13%: 0.20+1.6+0.086 ms clock, 2.4+0.88/1.2/0+1.0 ms cpu, 69->81->39 MB, 79 MB goal, 0 MB stacks, 0 MB globals, 12 P
gc 1880 @8.149s 13%: 0.14+0.94+0.15 ms clock, 1.7+1.0/0.70/0+1.8 ms cpu, 67->79->38 MB, 79 MB goal, 0 MB stacks, 0 MB globals, 12 P
gc 1881 @8.152s 13%: 0.49+1.0+0.022 ms clock, 5.9+0.73/1.5/0+0.26 ms cpu, 68->74->36 MB, 77 MB goal, 0 MB stacks, 0 MB globals, 12 P
gc 1882 @8.155s 13%: 0.22+1.1+0.051 ms clock, 2.7+0.94/1.7/0+0.61 ms cpu, 65->73->37 MB, 73 MB goal, 0 MB stacks, 0 MB globals, 12 P
gc 1883 @8.159s 13%: 0.30+1.2+0.085 ms clock, 3.6+1.8/1.4/0+1.0 ms cpu, 66->77->39 MB, 75 MB goal, 0 MB stacks, 0 MB globals, 12 P
gc 1884 @8.163s 13%: 0.42+1.2+0.087 ms clock, 5.1+1.1/0.85/0+1.0 ms cpu, 67->78->39 MB, 79 MB goal, 0 MB stacks, 0 MB globals, 12 P
gc 1885 @8.167s 13%: 0.22+1.1+0.070 ms clock, 2.7+1.4/2.0/0+0.84 ms cpu, 69->78->38 MB, 79 MB goal, 0 MB stacks, 0 MB globals, 12 P
gc 1886 @8.170s 13%: 0.28+1.0+0.007 ms clock, 3.4+1.3/1.5/0+0.095 ms cpu, 68->73->35 MB, 77 MB goal, 0 MB stacks, 0 MB globals, 12 P
gc 1887 @8.173s 13%: 0.30+0.99+0.12 ms clock, 3.6+1.1/1.3/0+1.5 ms cpu, 61->72->39 MB, 71 MB goal, 0 MB stacks, 0 MB globals, 12 P
gc 1888 @8.177s 13%: 0.45+1.2+0.10 ms clock, 5.4+1.2/1.6/0+1.2 ms cpu, 68->79->40 MB, 79 MB goal, 0 MB stacks, 0 MB globals, 12 P
gc 1889 @8.181s 13%: 0.21+1.2+0.27 ms clock, 2.6+1.3/1.7/0+3.3 ms cpu, 69->84->56 MB, 81 MB goal, 0 MB stacks, 0 MB globals, 12 P
gc 1890 @8.186s 13%: 0.35+1.3+0.090 ms clock, 4.2+1.3/1.2/0+1.0 ms cpu, 96->106->37 MB, 112 MB goal, 0 MB stacks, 0 MB globals, 12 P
gc 1891 @8.189s 13%: 0.36+0.88+0.098 ms clock, 4.3+0.93/1.1/0+1.1 ms cpu, 67->74->33 MB, 75 MB goal, 0 MB stacks, 0 MB globals, 12 P
gc 1892 @8.192s 13%: 0.27+1.1+0.10 ms clock, 3.2+1.2/1.1/0+1.2 ms cpu, 58->71->36 MB, 67 MB goal, 0 MB stacks, 0 MB globals, 12 P
gc 1893 @8.196s 13%: 0.33+0.76+0.076 ms clock, 3.9+1.5/1.1/0+0.91 ms cpu, 62->69->32 MB, 73 MB goal, 0 MB stacks, 0 MB globals, 12 P
gc 1894 @8.198s 13%: 0.24+1.0+0.10 ms clock, 2.9+1.1/1.5/0+1.2 ms cpu, 56->66->36 MB, 65 MB goal, 0 MB stacks, 0 MB globals, 12 P
gc 1895 @8.202s 13%: 0.24+1.5+0.028 ms clock, 2.8+0.88/1.7/0+0.34 ms cpu, 64->76->39 MB, 73 MB goal, 0 MB stacks, 0 MB globals, 12 P
gc 1896 @8.206s 13%: 0.19+0.93+0.10 ms clock, 2.3+0.98/1.6/0+1.3 ms cpu, 70->77->34 MB, 79 MB goal, 0 MB stacks, 0 MB globals, 12 P
gc 1897 @8.209s 13%: 0.31+0.81+0.055 ms clock, 3.8+1.1/1.1/0+0.67 ms cpu, 60->68->35 MB, 69 MB goal, 0 MB stacks, 0 MB globals, 12 P
gc 1898 @8.212s 13%: 0.26+1.1+0.054 ms clock, 3.1+1.2/1.1/0+0.65 ms cpu, 61->72->34 MB, 71 MB goal, 0 MB stacks, 0 MB globals, 12 P
gc 1899 @8.215s 13%: 0.18+1.0+0.045 ms clock, 2.2+0.70/0.95/0+0.54 ms cpu, 62->68->49 MB, 69 MB goal, 0 MB stacks, 0 MB globals, 12 P
gc 1900 @8.219s 13%: 0.21+1.3+0.18 ms clock, 2.6+0.93/1.5/0+2.1 ms cpu, 84->96->39 MB, 98 MB goal, 0 MB stacks, 0 MB globals, 12 P
gc 1901 @8.223s 13%: 0.16+0.93+0.024 ms clock, 1.9+1.3/1.8/0+0.29 ms cpu, 71->75->31 MB, 79 MB goal, 0 MB stacks, 0 MB globals, 12 P
gc 1902 @8.226s 13%: 0.19+0.97+0.017 ms clock, 2.3+1.3/1.6/0.024+0.20 ms cpu, 60->64->34 MB, 63 MB goal, 0 MB stacks, 0 MB globals, 12 P
gc 1903 @8.228s 13%: 0.36+1.1+0.12 ms clock, 4.3+1.1/1.0/0+1.5 ms cpu, 59->71->36 MB, 69 MB goal, 0 MB stacks, 0 MB globals, 12 P
gc 1904 @8.232s 13%: 0.22+1.0+0.068 ms clock, 2.7+1.9/1.9/0+0.81 ms cpu, 65->75->38 MB, 73 MB goal, 0 MB stacks, 0 MB globals, 12 P
gc 1905 @8.235s 13%: 0.25+1.4+0.085 ms clock, 3.0+1.3/1.4/0+1.0 ms cpu, 68->80->35 MB, 77 MB goal, 0 MB stacks, 0 MB globals, 12 P
gc 1906 @8.239s 13%: 0.18+1.3+0.014 ms clock, 2.2+1.4/1.4/0+0.17 ms cpu, 62->73->37 MB, 71 MB goal, 0 MB stacks, 0 MB globals, 12 P
gc 1907 @8.243s 13%: 0.20+1.1+0.049 ms clock, 2.5+1.3/1.5/0+0.59 ms cpu, 64->75->36 MB, 75 MB goal, 0 MB stacks, 0 MB globals, 12 P
gc 1908 @8.246s 13%: 0.40+0.99+0.15 ms clock, 4.8+1.1/1.1/0+1.8 ms cpu, 62->71->36 MB, 73 MB goal, 0 MB stacks, 0 MB globals, 12 P
gc 1909 @8.249s 13%: 0.28+2.1+0.028 ms clock, 3.4+1.0/2.0/0+0.34 ms cpu, 64->80->55 MB, 73 MB goal, 0 MB stacks, 0 MB globals, 12 P
gc 1910 @8.255s 13%: 0.53+1.7+0.10 ms clock, 6.4+1.7/1.8/0+1.2 ms cpu, 98->112->42 MB, 110 MB goal, 0 MB stacks, 0 MB globals, 12 P
gc 1911 @8.260s 13%: 0.38+0.85+0.065 ms clock, 4.5+1.1/1.9/0+0.78 ms cpu, 75->81->35 MB, 85 MB goal, 0 MB stacks, 0 MB globals, 12 P
gc 1912 @8.263s 13%: 0.33+1.0+0.085 ms clock, 3.9+0.81/1.2/0+1.0 ms cpu, 64->72->36 MB, 71 MB goal, 0 MB stacks, 0 MB globals, 12 P
gc 1913 @8.266s 13%: 0.21+1.4+0.082 ms clock, 2.5+1.0/1.7/0+0.98 ms cpu, 62->74->39 MB, 73 MB goal, 0 MB stacks, 0 MB globals, 12 P
gc 1914 @8.270s 13%: 0.26+1.1+0.042 ms clock, 3.1+1.4/1.4/0+0.51 ms cpu, 69->77->35 MB, 79 MB goal, 0 MB stacks, 0 MB globals, 12 P
gc 1915 @8.273s 13%: 0.24+1.0+0.11 ms clock, 2.9+1.3/1.3/0+1.3 ms cpu, 62->73->36 MB, 71 MB goal, 0 MB stacks, 0 MB globals, 12 P
gc 1916 @8.277s 13%: 0.24+1.0+0.10 ms clock, 2.9+1.5/1.0/0+1.2 ms cpu, 63->74->35 MB, 73 MB goal, 0 MB stacks, 0 MB globals, 12 P
gc 1917 @8.280s 13%: 0.24+0.87+0.042 ms clock, 2.9+1.5/2.0/0.005+0.50 ms cpu, 66->70->34 MB, 71 MB goal, 0 MB stacks, 0 MB globals, 12 P
gc 1918 @8.283s 13%: 0.25+1.0+0.012 ms clock, 3.0+1.1/1.5/0+0.14 ms cpu, 61->67->33 MB, 69 MB goal, 0 MB stacks, 0 MB globals, 12 P
gc 1919 @8.286s 13%: 0.19+1.2+0.046 ms clock, 2.3+1.1/1.5/0+0.55 ms cpu, 57->69->36 MB, 67 MB goal, 0 MB stacks, 0 MB globals, 12 P
gc 1920 @8.289s 13%: 0.21+1.3+0.11 ms clock, 2.5+1.2/1.5/0+1.3 ms cpu, 62->74->36 MB, 73 MB goal, 0 MB stacks, 0 MB globals, 12 P
gc 1921 @8.293s 13%: 0.22+1.4+0.14 ms clock, 2.6+1.3/1.4/0+1.7 ms cpu, 63->79->43 MB, 73 MB goal, 0 MB stacks, 0 MB globals, 12 P
gc 1922 @8.297s 13%: 0.27+1.1+0.11 ms clock, 3.2+1.2/1.4/0+1.3 ms cpu, 75->85->35 MB, 87 MB goal, 0 MB stacks, 0 MB globals, 12 P
gc 1923 @8.300s 13%: 0.20+1.6+0.033 ms clock, 2.4+1.7/1.9/0+0.39 ms cpu, 61->75->43 MB, 71 MB goal, 0 MB stacks, 0 MB globals, 12 P
gc 1924 @8.304s 13%: 0.43+0.86+0.21 ms clock, 5.2+1.1/1.5/0+2.5 ms cpu, 77->86->33 MB, 87 MB goal, 0 MB stacks, 0 MB globals, 12 P
gc 1925 @8.308s 13%: 0.21+1.0+0.087 ms clock, 2.5+0.60/1.0/0+1.0 ms cpu, 58->68->36 MB, 67 MB goal, 0 MB stacks, 0 MB globals, 12 P
gc 1926 @8.311s 13%: 0.35+1.4+0.002 ms clock, 4.2+1.4/1.7/0+0.035 ms cpu, 66->75->38 MB, 73 MB goal, 0 MB stacks, 0 MB globals, 12 P
gc 1927 @8.314s 13%: 0.18+1.7+0.009 ms clock, 2.2+1.3/1.8/0+0.11 ms cpu, 67->79->41 MB, 77 MB goal, 0 MB stacks, 0 MB globals, 12 P
gc 1928 @8.318s 13%: 0.36+1.2+0.078 ms clock, 4.4+1.0/2.0/0+0.94 ms cpu, 72->84->40 MB, 83 MB goal, 0 MB stacks, 0 MB globals, 12 P
gc 1929 @8.322s 13%: 0.46+1.0+0.13 ms clock, 5.6+1.4/1.2/0+1.5 ms cpu, 70->81->39 MB, 81 MB goal, 0 MB stacks, 0 MB globals, 12 P
gc 1930 @8.326s 13%: 0.22+0.99+0.085 ms clock, 2.7+1.4/1.3/0+1.0 ms cpu, 67->74->33 MB, 79 MB goal, 0 MB stacks, 0 MB globals, 12 P
gc 1931 @8.329s 13%: 0.23+1.2+0.072 ms clock, 2.7+1.4/1.9/0+0.87 ms cpu, 58->67->35 MB, 67 MB goal, 0 MB stacks, 0 MB globals, 12 P
gc 1932 @8.332s 13%: 0.24+1.0+0.039 ms clock, 2.9+1.3/1.3/0+0.47 ms cpu, 62->71->36 MB, 71 MB goal, 0 MB stacks, 0 MB globals, 12 P
gc 1933 @8.336s 13%: 0.33+1.5+0.12 ms clock, 4.0+1.6/1.6/0+1.4 ms cpu, 65->80->41 MB, 73 MB goal, 0 MB stacks, 0 MB globals, 12 P
gc 1934 @8.340s 13%: 0.22+0.95+0.12 ms clock, 2.6+1.1/1.0/0+1.5 ms cpu, 71->81->37 MB, 83 MB goal, 0 MB stacks, 0 MB globals, 12 P
gc 1935 @8.344s 13%: 0.25+0.96+0.015 ms clock, 3.0+1.1/1.6/0+0.18 ms cpu, 66->71->32 MB, 75 MB goal, 0 MB stacks, 0 MB globals, 12 P
gc 1936 @8.346s 13%: 0.33+0.91+0.061 ms clock, 4.0+1.1/1.4/0+0.73 ms cpu, 57->63->31 MB, 65 MB goal, 0 MB stacks, 0 MB globals, 12 P
gc 1937 @8.349s 13%: 0.23+0.93+0.094 ms clock, 2.8+1.1/1.2/0+1.1 ms cpu, 55->59->31 MB, 63 MB goal, 0 MB stacks, 0 MB globals, 12 P
gc 1938 @8.352s 13%: 0.18+0.91+0.074 ms clock, 2.2+1.3/1.2/0+0.89 ms cpu, 56->62->35 MB, 63 MB goal, 0 MB stacks, 0 MB globals, 12 P
gc 1939 @8.355s 13%: 0.26+1.1+0.11 ms clock, 3.1+1.4/1.7/0+1.3 ms cpu, 62->69->34 MB, 71 MB goal, 0 MB stacks, 0 MB globals, 12 P
gc 1940 @8.358s 13%: 0.31+1.3+0.10 ms clock, 3.7+1.3/2.2/0+1.2 ms cpu, 60->72->39 MB, 69 MB goal, 0 MB stacks, 0 MB globals, 12 P
gc 1941 @8.362s 13%: 0.16+1.8+0.073 ms clock, 1.9+2.5/1.6/0+0.87 ms cpu, 67->82->42 MB, 79 MB goal, 0 MB stacks, 0 MB globals, 12 P
gc 1942 @8.367s 13%: 0.31+0.71+0.005 ms clock, 3.7+1.7/0.89/0+0.061 ms cpu, 85->85->52 MB, 85 MB goal, 0 MB stacks, 0 MB globals, 12 P
gc 1943 @8.371s 13%: 0.29+1.5+0.15 ms clock, 3.5+1.6/2.3/0+1.8 ms cpu, 91->108->43 MB, 106 MB goal, 0 MB stacks, 0 MB globals, 12 P
gc 1944 @8.376s 13%: 0.46+0.98+0.090 ms clock, 5.6+1.4/1.6/0+1.0 ms cpu, 76->85->37 MB, 87 MB goal, 0 MB stacks, 0 MB globals, 12 P
gc 1945 @8.379s 13%: 0.18+1.4+0.075 ms clock, 2.2+1.2/1.5/0+0.91 ms cpu, 66->82->41 MB, 75 MB goal, 0 MB stacks, 0 MB globals, 12 P
gc 1946 @8.383s 13%: 0.27+1.1+0.009 ms clock, 3.3+0.76/1.1/0+0.11 ms cpu, 73->82->38 MB, 83 MB goal, 0 MB stacks, 0 MB globals, 12 P
gc 1947 @8.387s 13%: 0.33+1.2+0.098 ms clock, 4.0+1.0/1.1/0+1.1 ms cpu, 68->80->38 MB, 77 MB goal, 0 MB stacks, 0 MB globals, 12 P
gc 1948 @8.391s 13%: 0.21+1.1+0.096 ms clock, 2.6+1.4/1.3/0+1.1 ms cpu, 66->77->36 MB, 77 MB goal, 0 MB stacks, 0 MB globals, 12 P
gc 1949 @8.394s 13%: 0.22+1.3+0.060 ms clock, 2.6+1.0/0.77/0+0.72 ms cpu, 64->76->39 MB, 73 MB goal, 0 MB stacks, 0 MB globals, 12 P
gc 1950 @8.398s 13%: 0.37+0.96+0.032 ms clock, 4.5+1.4/1.8/0+0.38 ms cpu, 72->77->37 MB, 79 MB goal, 0 MB stacks, 0 MB globals, 12 P
gc 1951 @8.401s 13%: 0.26+0.92+0.066 ms clock, 3.1+1.1/1.6/0+0.79 ms cpu, 69->75->34 MB, 75 MB goal, 0 MB stacks, 0 MB globals, 12 P
gc 1952 @8.404s 13%: 0.45+1.2+0.069 ms clock, 5.4+0.99/1.1/0.039+0.82 ms cpu, 59->71->37 MB, 69 MB goal, 0 MB stacks, 0 MB globals, 12 P
gc 1953 @8.408s 13%: 0.23+0.99+0.065 ms clock, 2.8+1.3/1.5/0.016+0.78 ms cpu, 66->72->35 MB, 75 MB goal, 0 MB stacks, 0 MB globals, 12 P
gc 1954 @8.411s 13%: 0.30+0.93+0.060 ms clock, 3.7+1.2/1.6/0+0.72 ms cpu, 62->69->33 MB, 71 MB goal, 0 MB stacks, 0 MB globals, 12 P
gc 1955 @8.414s 13%: 0.17+1.2+0.086 ms clock, 2.0+1.4/1.1/0+1.0 ms cpu, 58->66->38 MB, 67 MB goal, 0 MB stacks, 0 MB globals, 12 P
gc 1956 @8.417s 13%: 0.25+1.1+0.10 ms clock, 3.0+1.4/1.3/0+1.2 ms cpu, 69->75->36 MB, 77 MB goal, 0 MB stacks, 0 MB globals, 12 P
gc 1957 @8.421s 13%: 0.24+0.89+0.077 ms clock, 2.9+1.3/1.2/0+0.93 ms cpu, 63->70->31 MB, 73 MB goal, 0 MB stacks, 0 MB globals, 12 P
gc 1958 @8.424s 13%: 0.26+0.81+0.076 ms clock, 3.1+1.2/1.3/0+0.91 ms cpu, 57->64->33 MB, 63 MB goal, 0 MB stacks, 0 MB globals, 12 P
gc 1959 @8.426s 13%: 0.22+1.1+0.095 ms clock, 2.7+1.2/1.5/0+1.1 ms cpu, 58->66->37 MB, 67 MB goal, 0 MB stacks, 0 MB globals, 12 P
gc 1960 @8.430s 13%: 0.20+1.1+0.15 ms clock, 2.4+1.4/1.3/0+1.8 ms cpu, 66->77->39 MB, 75 MB goal, 0 MB stacks, 0 MB globals, 12 P
gc 1961 @8.433s 13%: 0.26+1.4+0.10 ms clock, 3.1+1.0/1.0/0+1.3 ms cpu, 69->82->45 MB, 79 MB goal, 0 MB stacks, 0 MB globals, 12 P
gc 1962 @8.438s 13%: 0.31+1.3+0.14 ms clock, 3.7+1.1/1.8/0+1.7 ms cpu, 81->92->39 MB, 91 MB goal, 0 MB stacks, 0 MB globals, 12 P
gc 1963 @8.442s 13%: 0.22+1.5+0.020 ms clock, 2.6+1.1/1.9/0+0.24 ms cpu, 71->85->42 MB, 79 MB goal, 0 MB stacks, 0 MB globals, 12 P
gc 1964 @8.446s 13%: 0.61+1.1+0.041 ms clock, 7.4+1.0/0.71/0+0.49 ms cpu, 75->86->40 MB, 85 MB goal, 0 MB stacks, 0 MB globals, 12 P
gc 1965 @8.450s 13%: 0.33+1.4+0.029 ms clock, 4.0+2.5/1.8/0+0.35 ms cpu, 71->83->54 MB, 81 MB goal, 0 MB stacks, 0 MB globals, 12 P
gc 1966 @8.454s 13%: 0.32+1.6+0.096 ms clock, 3.9+0.18/1.2/0+1.1 ms cpu, 93->105->40 MB, 108 MB goal, 0 MB stacks, 0 MB globals, 12 P
gc 1967 @8.459s 13%: 0.35+0.96+0.060 ms clock, 4.2+1.2/1.6/0+0.72 ms cpu, 72->80->37 MB, 81 MB goal, 0 MB stacks, 0 MB globals, 12 P
gc 1968 @8.462s 13%: 0.33+1.0+0.11 ms clock, 3.9+1.4/1.5/0.004+1.3 ms cpu, 65->75->35 MB, 75 MB goal, 0 MB stacks, 0 MB globals, 12 P
gc 1969 @8.466s 13%: 0.25+1.0+0.050 ms clock, 3.0+0.63/1.4/0+0.60 ms cpu, 64->69->32 MB, 71 MB goal, 0 MB stacks, 0 MB globals, 12 P
gc 1970 @8.468s 13%: 0.31+1.0+0.049 ms clock, 3.7+1.0/1.0/0.001+0.59 ms cpu, 57->65->35 MB, 65 MB goal, 0 MB stacks, 0 MB globals, 12 P
gc 1971 @8.472s 13%: 0.21+1.0+0.10 ms clock, 2.6+1.0/1.2/0+1.2 ms cpu, 63->74->38 MB, 71 MB goal, 0 MB stacks, 0 MB globals, 12 P
gc 1972 @8.476s 13%: 0.38+1.0+0.081 ms clock, 4.5+1.2/1.1/0+0.98 ms cpu, 68->75->38 MB, 77 MB goal, 0 MB stacks, 0 MB globals, 12 P
gc 1973 @8.479s 13%: 0.15+0.86+0.007 ms clock, 1.8+1.1/1.6/0.001+0.085 ms cpu, 69->75->29 MB, 77 MB goal, 0 MB stacks, 0 MB globals, 12 P
gc 1974 @8.482s 13%: 0.24+1.0+0.032 ms clock, 2.9+1.1/1.4/0+0.39 ms cpu, 52->58->30 MB, 59 MB goal, 0 MB stacks, 0 MB globals, 12 P
gc 1975 @8.484s 13%: 0.19+1.1+0.012 ms clock, 2.3+1.1/1.4/0+0.14 ms cpu, 53->59->35 MB, 61 MB goal, 0 MB stacks, 0 MB globals, 12 P
gc 1976 @8.487s 13%: 0.20+0.98+0.10 ms clock, 2.4+1.2/1.0/0+1.2 ms cpu, 64->70->35 MB, 71 MB goal, 0 MB stacks, 0 MB globals, 12 P
gc 1977 @8.490s 13%: 0.20+0.96+0.018 ms clock, 2.4+1.0/1.5/0.005+0.21 ms cpu, 62->68->33 MB, 71 MB goal, 0 MB stacks, 0 MB globals, 12 P
gc 1978 @8.493s 13%: 0.21+1.0+0.063 ms clock, 2.5+1.0/1.4/0+0.76 ms cpu, 61->68->37 MB, 67 MB goal, 0 MB stacks, 0 MB globals, 12 P
gc 1979 @8.497s 13%: 0.27+0.92+0.095 ms clock, 3.2+0.81/1.3/0+1.1 ms cpu, 68->72->33 MB, 75 MB goal, 0 MB stacks, 0 MB globals, 12 P
gc 1980 @8.500s 13%: 0.26+1.7+0.11 ms clock, 3.1+1.8/1.4/0+1.3 ms cpu, 58->74->41 MB, 67 MB goal, 0 MB stacks, 0 MB globals, 12 P
gc 1981 @8.504s 13%: 0.18+1.3+0.073 ms clock, 2.1+1.1/0.86/0+0.88 ms cpu, 71->81->39 MB, 83 MB goal, 0 MB stacks, 0 MB globals, 12 P
gc 1982 @8.508s 13%: 0.21+1.6+0.10 ms clock, 2.5+1.1/1.6/0.037+1.2 ms cpu, 67->82->56 MB, 79 MB goal, 0 MB stacks, 0 MB globals, 12 P
gc 1983 @8.513s 13%: 0.27+2.1+0.013 ms clock, 3.3+1.0/0.97/0+0.16 ms cpu, 97->111->44 MB, 112 MB goal, 0 MB stacks, 0 MB globals, 12 P
gc 1984 @8.517s 13%: 0.21+1.5+0.064 ms clock, 2.6+1.5/1.7/0+0.77 ms cpu, 78->91->39 MB, 89 MB goal, 0 MB stacks, 0 MB globals, 12 P
gc 1985 @8.521s 13%: 0.27+1.4+0.028 ms clock, 3.2+1.0/1.2/0+0.33 ms cpu, 69->78->40 MB, 79 MB goal, 0 MB stacks, 0 MB globals, 12 P
gc 1986 @8.525s 13%: 0.31+1.1+0.15 ms clock, 3.7+0.46/1.6/0+1.8 ms cpu, 71->82->41 MB, 81 MB goal, 0 MB stacks, 0 MB globals, 12 P
gc 1987 @8.529s 13%: 0.26+1.3+0.047 ms clock, 3.1+1.2/1.8/0+0.56 ms cpu, 72->82->37 MB, 83 MB goal, 0 MB stacks, 0 MB globals, 12 P
gc 1988 @8.532s 13%: 0.43+0.94+0.074 ms clock, 5.2+0.99/0.98/0+0.88 ms cpu, 65->73->34 MB, 75 MB goal, 0 MB stacks, 0 MB globals, 12 P
gc 1989 @8.536s 13%: 0.23+1.0+0.096 ms clock, 2.7+1.4/1.1/0+1.1 ms cpu, 60->69->34 MB, 69 MB goal, 0 MB stacks, 0 MB globals, 12 P
gc 1990 @8.539s 13%: 0.20+1.0+0.061 ms clock, 2.4+0.99/1.3/0+0.74 ms cpu, 59->68->35 MB, 69 MB goal, 0 MB stacks, 0 MB globals, 12 P
gc 1991 @8.542s 13%: 0.18+0.95+0.067 ms clock, 2.2+0.68/1.2/0+0.81 ms cpu, 62->69->37 MB, 71 MB goal, 0 MB stacks, 0 MB globals, 12 P
gc 1992 @8.545s 13%: 0.23+1.1+0.11 ms clock, 2.8+1.2/1.0/0+1.4 ms cpu, 66->77->40 MB, 75 MB goal, 0 MB stacks, 0 MB globals, 12 P
gc 1993 @8.549s 13%: 0.43+1.5+0.085 ms clock, 5.1+1.6/1.2/0.090+1.0 ms cpu, 73->84->38 MB, 81 MB goal, 0 MB stacks, 0 MB globals, 12 P
gc 1994 @8.552s 13%: 0.42+1.9+0.045 ms clock, 5.0+1.0/1.8/0+0.54 ms cpu, 67->84->46 MB, 77 MB goal, 0 MB stacks, 0 MB globals, 12 P
gc 1995 @8.557s 13%: 0.22+1.5+0.092 ms clock, 2.7+1.2/1.2/0+1.1 ms cpu, 80->93->38 MB, 93 MB goal, 0 MB stacks, 0 MB globals, 12 P
gc 1996 @8.561s 13%: 0.34+1.4+0.053 ms clock, 4.1+1.4/1.1/0+0.63 ms cpu, 68->80->41 MB, 77 MB goal, 0 MB stacks, 0 MB globals, 12 P
gc 1997 @8.565s 13%: 0.31+1.4+0.044 ms clock, 3.7+1.2/1.3/0+0.53 ms cpu, 71->82->38 MB, 83 MB goal, 0 MB stacks, 0 MB globals, 12 P
gc 1998 @8.568s 13%: 0.26+1.6+0.076 ms clock, 3.1+1.1/1.9/0+0.91 ms cpu, 66->80->42 MB, 77 MB goal, 0 MB stacks, 0 MB globals, 12 P
gc 1999 @8.573s 13%: 0.31+1.3+0.15 ms clock, 3.8+1.1/1.3/0+1.8 ms cpu, 73->86->39 MB, 85 MB goal, 0 MB stacks, 0 MB globals, 12 P
gc 2000 @8.577s 13%: 0.26+1.2+0.073 ms clock, 3.2+1.2/1.2/0+0.88 ms cpu, 68->79->37 MB, 79 MB goal, 0 MB stacks, 0 MB globals, 12 P
gc 2001 @8.580s 13%: 0.45+1.6+0.063 ms clock, 5.4+0.88/1.6/0+0.75 ms cpu, 65->79->42 MB, 75 MB goal, 0 MB stacks, 0 MB globals, 12 P
gc 2002 @8.585s 13%: 0.24+1.4+0.091 ms clock, 2.9+1.2/1.5/0+1.1 ms cpu, 74->85->39 MB, 85 MB goal, 0 MB stacks, 0 MB globals, 12 P
gc 2003 @8.589s 13%: 0.37+1.6+0.11 ms clock, 4.4+1.3/2.2/0+1.4 ms cpu, 68->87->47 MB, 79 MB goal, 0 MB stacks, 0 MB globals, 12 P
gc 2004 @8.593s 13%: 0.38+1.2+0.079 ms clock, 4.5+1.2/1.6/0+0.94 ms cpu, 86->94->39 MB, 95 MB goal, 0 MB stacks, 0 MB globals, 12 P
gc 2005 @8.597s 13%: 0.21+0.83+0.087 ms clock, 2.5+1.3/1.3/0+1.0 ms cpu, 71->77->35 MB, 79 MB goal, 0 MB stacks, 0 MB globals, 12 P
gc 2006 @8.600s 13%: 0.17+1.7+0.011 ms clock, 2.1+1.8/1.9/0+0.14 ms cpu, 62->74->39 MB, 71 MB goal, 0 MB stacks, 0 MB globals, 12 P
gc 2007 @8.604s 13%: 0.28+1.0+0.048 ms clock, 3.4+1.3/1.3/0+0.58 ms cpu, 71->81->39 MB, 79 MB goal, 0 MB stacks, 0 MB globals, 12 P
gc 2008 @8.608s 13%: 0.26+1.4+0.035 ms clock, 3.1+1.0/2.1/0.020+0.42 ms cpu, 70->81->39 MB, 79 MB goal, 0 MB stacks, 0 MB globals, 12 P
gc 2009 @8.612s 13%: 0.19+1.1+0.013 ms clock, 2.3+1.6/1.6/0+0.16 ms cpu, 71->77->30 MB, 79 MB goal, 0 MB stacks, 0 MB globals, 12 P
gc 2010 @8.614s 13%: 0.44+0.79+0.042 ms clock, 5.3+0.86/1.1/0+0.50 ms cpu, 52->59->33 MB, 61 MB goal, 0 MB stacks, 0 MB globals, 12 P
gc 2011 @8.617s 13%: 0.20+0.82+0.063 ms clock, 2.5+0.98/1.1/0+0.76 ms cpu, 58->65->34 MB, 67 MB goal, 0 MB stacks, 0 MB globals, 12 P
gc 2012 @8.620s 13%: 0.30+1.0+0.007 ms clock, 3.6+1.1/1.2/0+0.088 ms cpu, 62->69->34 MB, 69 MB goal, 0 MB stacks, 0 MB globals, 12 P
gc 2013 @8.623s 13%: 0.25+1.6+0.11 ms clock, 3.0+1.5/1.6/0+1.4 ms cpu, 60->75->43 MB, 69 MB goal, 0 MB stacks, 0 MB globals, 12 P
gc 2014 @8.628s 13%: 0.17+0.79+0.14 ms clock, 2.1+1.0/1.1/0+1.7 ms cpu, 77->86->40 MB, 87 MB goal, 0 MB stacks, 0 MB globals, 12 P
gc 2015 @8.631s 13%: 0.41+1.1+0.027 ms clock, 4.9+1.0/0.99/0+0.32 ms cpu, 71->80->36 MB, 81 MB goal, 0 MB stacks, 0 MB globals, 12 P
gc 2016 @8.635s 13%: 0.18+2.2+0.15 ms clock, 2.2+1.1/1.5/0+1.9 ms cpu, 64->86->48 MB, 73 MB goal, 0 MB stacks, 0 MB globals, 12 P
gc 2017 @8.640s 13%: 0.48+1.4+0.012 ms clock, 5.7+0.93/1.0/0+0.14 ms cpu, 84->95->41 MB, 97 MB goal, 0 MB stacks, 0 MB globals, 12 P
gc 2018 @8.644s 13%: 0.20+1.0+0.069 ms clock, 2.5+1.3/1.3/0+0.82 ms cpu, 72->81->36 MB, 83 MB goal, 0 MB stacks, 0 MB globals, 12 P
gc 2019 @8.647s 13%: 0.30+1.8+0.022 ms clock, 3.6+1.1/1.5/0+0.26 ms cpu, 63->77->44 MB, 73 MB goal, 0 MB stacks, 0 MB globals, 12 P
gc 2020 @8.652s 13%: 0.28+1.2+0.11 ms clock, 3.4+1.2/1.1/0+1.3 ms cpu, 76->86->36 MB, 89 MB goal, 0 MB stacks, 0 MB globals, 12 P
gc 2021 @8.655s 13%: 0.40+1.6+0.014 ms clock, 4.8+0.60/2.5/0+0.17 ms cpu, 63->77->43 MB, 73 MB goal, 0 MB stacks, 0 MB globals, 12 P
gc 2022 @8.660s 13%: 0.42+1.3+0.10 ms clock, 5.0+1.2/1.5/0+1.2 ms cpu, 76->90->41 MB, 87 MB goal, 0 MB stacks, 0 MB globals, 12 P
gc 2023 @8.664s 13%: 0.38+0.89+0.081 ms clock, 4.6+0.75/1.1/0.033+0.98 ms cpu, 72->79->34 MB, 83 MB goal, 0 MB stacks, 0 MB globals, 12 P
gc 2024 @8.667s 13%: 0.17+1.1+0.011 ms clock, 2.0+1.3/2.4/0.011+0.13 ms cpu, 63->68->38 MB, 69 MB goal, 0 MB stacks, 0 MB globals, 12 P
gc 2025 @8.671s 13%: 0.20+0.92+0.19 ms clock, 2.4+1.0/1.0/0+2.3 ms cpu, 69->76->32 MB, 77 MB goal, 0 MB stacks, 0 MB globals, 12 P
gc 2026 @8.674s 13%: 0.18+1.2+0.029 ms clock, 2.2+0.97/1.4/0+0.35 ms cpu, 56->65->35 MB, 65 MB goal, 0 MB stacks, 0 MB globals, 12 P
gc 2027 @8.677s 13%: 0.23+1.3+0.055 ms clock, 2.8+1.2/1.3/0+0.67 ms cpu, 63->73->37 MB, 71 MB goal, 0 MB stacks, 0 MB globals, 12 P
gc 2028 @8.681s 13%: 0.23+1.0+0.076 ms clock, 2.7+1.1/1.5/0+0.92 ms cpu, 67->74->38 MB, 75 MB goal, 0 MB stacks, 0 MB globals, 12 P
gc 2029 @8.684s 13%: 0.19+1.0+0.041 ms clock, 2.2+0.99/1.3/0.009+0.49 ms cpu, 67->76->36 MB, 77 MB goal, 0 MB stacks, 0 MB globals, 12 P
gc 2030 @8.687s 13%: 0.24+1.3+0.056 ms clock, 2.8+1.4/1.1/0+0.67 ms cpu, 63->75->38 MB, 73 MB goal, 0 MB stacks, 0 MB globals, 12 P
gc 2031 @8.691s 13%: 0.20+0.95+0.037 ms clock, 2.4+1.2/1.1/0+0.45 ms cpu, 69->75->39 MB, 77 MB goal, 0 MB stacks, 0 MB globals, 12 P
gc 2032 @8.694s 13%: 0.23+1.6+0.10 ms clock, 2.8+1.4/1.8/0+1.2 ms cpu, 68->83->42 MB, 79 MB goal, 0 MB stacks, 0 MB globals, 12 P
gc 2033 @8.698s 13%: 0.31+1.0+0.050 ms clock, 3.7+0.90/0.94/0+0.60 ms cpu, 72->79->37 MB, 85 MB goal, 0 MB stacks, 0 MB globals, 12 P
gc 2034 @8.702s 13%: 0.24+1.2+0.11 ms clock, 2.9+1.4/1.3/0+1.4 ms cpu, 65->78->41 MB, 75 MB goal, 0 MB stacks, 0 MB globals, 12 P
gc 2035 @8.705s 13%: 0.22+1.1+0.077 ms clock, 2.7+1.0/1.2/0+0.92 ms cpu, 72->83->40 MB, 83 MB goal, 0 MB stacks, 0 MB globals, 12 P
gc 2036 @8.709s 13%: 0.30+1.0+0.087 ms clock, 3.7+1.3/1.3/0+1.0 ms cpu, 70->80->36 MB, 81 MB goal, 0 MB stacks, 0 MB globals, 12 P
gc 2037 @8.713s 13%: 0.22+1.1+0.089 ms clock, 2.6+1.4/1.4/0+1.0 ms cpu, 62->74->38 MB, 73 MB goal, 0 MB stacks, 0 MB globals, 12 P
gc 2038 @8.716s 13%: 0.22+1.3+0.095 ms clock, 2.7+2.2/1.4/0+1.1 ms cpu, 69->79->35 MB, 77 MB goal, 0 MB stacks, 0 MB globals, 12 P
gc 2039 @8.720s 13%: 0.33+1.0+0.074 ms clock, 4.0+1.0/0.85/0+0.88 ms cpu, 61->71->33 MB, 71 MB goal, 0 MB stacks, 0 MB globals, 12 P
gc 2040 @8.723s 13%: 0.22+1.2+0.038 ms clock, 2.7+1.0/0.95/0+0.46 ms cpu, 57->68->34 MB, 67 MB goal, 0 MB stacks, 0 MB globals, 12 P
gc 2041 @8.726s 13%: 0.23+1.1+0.064 ms clock, 2.8+1.3/2.0/0+0.76 ms cpu, 61->68->36 MB, 69 MB goal, 0 MB stacks, 0 MB globals, 12 P
gc 2042 @8.730s 13%: 0.18+1.5+0.050 ms clock, 2.2+1.1/1.0/0+0.60 ms cpu, 62->77->39 MB, 73 MB goal, 0 MB stacks, 0 MB globals, 12 P
gc 2043 @8.733s 13%: 0.42+1.6+0.014 ms clock, 5.0+1.9/1.2/0+0.16 ms cpu, 68->83->41 MB, 79 MB goal, 0 MB stacks, 0 MB globals, 12 P
gc 2044 @8.738s 13%: 0.30+0.97+0.20 ms clock, 3.6+1.1/1.2/0+2.5 ms cpu, 71->85->42 MB, 83 MB goal, 0 MB stacks, 0 MB globals, 12 P
gc 2045 @8.742s 13%: 0.16+1.1+0.036 ms clock, 1.9+1.3/1.8/0+0.43 ms cpu, 77->83->34 MB, 85 MB goal, 0 MB stacks, 0 MB globals, 12 P
gc 2046 @8.745s 13%: 0.22+1.0+0.010 ms clock, 2.7+1.3/1.9/0+0.13 ms cpu, 63->68->31 MB, 69 MB goal, 0 MB stacks, 0 MB globals, 12 P
gc 2047 @8.748s 13%: 0.21+1.2+0.084 ms clock, 2.5+1.1/1.5/0+1.0 ms cpu, 55->62->35 MB, 63 MB goal, 0 MB stacks, 0 MB globals, 12 P
gc 2048 @8.751s 13%: 0.22+1.4+0.031 ms clock, 2.7+1.0/1.0/0+0.37 ms cpu, 62->74->40 MB, 71 MB goal, 0 MB stacks, 0 MB globals, 12 P
gc 2049 @8.755s 13%: 0.17+1.1+0.14 ms clock, 2.0+1.1/1.1/0+1.6 ms cpu, 69->80->38 MB, 81 MB goal, 0 MB stacks, 0 MB globals, 12 P
gc 2050 @8.759s 13%: 0.33+1.0+0.046 ms clock, 3.9+1.5/1.8/0+0.55 ms cpu, 69->75->30 MB, 77 MB goal, 0 MB stacks, 0 MB globals, 12 P
gc 2051 @8.762s 13%: 0.34+1.0+0.071 ms clock, 4.0+1.0/1.5/0+0.85 ms cpu, 52->61->36 MB, 61 MB goal, 0 MB stacks, 0 MB globals, 12 P
gc 2052 @8.765s 13%: 0.22+1.1+0.098 ms clock, 2.6+1.2/0.71/0+1.1 ms cpu, 62->74->38 MB, 73 MB goal, 0 MB stacks, 0 MB globals, 12 P
gc 2053 @8.769s 13%: 0.17+1.7+0.024 ms clock, 2.1+1.4/1.1/0+0.29 ms cpu, 65->80->42 MB, 77 MB goal, 0 MB stacks, 0 MB globals, 12 P
gc 2054 @8.773s 13%: 0.25+1.0+0.097 ms clock, 3.0+0.91/1.3/0+1.1 ms cpu, 75->82->34 MB, 85 MB goal, 0 MB stacks, 0 MB globals, 12 P
gc 2055 @8.776s 13%: 0.16+0.97+0.013 ms clock, 1.9+1.0/1.3/0+0.15 ms cpu, 59->67->35 MB, 69 MB goal, 0 MB stacks, 0 MB globals, 12 P
gc 2056 @8.779s 13%: 0.23+1.0+0.048 ms clock, 2.8+1.0/1.7/0+0.57 ms cpu, 63->70->36 MB, 71 MB goal, 0 MB stacks, 0 MB globals, 12 P
gc 2057 @8.782s 13%: 0.22+1.1+0.055 ms clock, 2.6+1.2/1.3/0+0.66 ms cpu, 65->73->40 MB, 73 MB goal, 0 MB stacks, 0 MB globals, 12 P
gc 2058 @8.786s 13%: 0.32+1.4+0.016 ms clock, 3.8+1.1/1.7/0+0.20 ms cpu, 72->82->39 MB, 81 MB goal, 0 MB stacks, 0 MB globals, 12 P
gc 2059 @8.790s 13%: 0.26+1.3+0.043 ms clock, 3.1+1.3/1.0/0+0.51 ms cpu, 69->79->39 MB, 79 MB goal, 0 MB stacks, 0 MB globals, 12 P
gc 2060 @8.794s 13%: 0.26+1.3+0.008 ms clock, 3.1+1.4/1.1/0+0.10 ms cpu, 70->81->52 MB, 79 MB goal, 0 MB stacks, 0 MB globals, 12 P
gc 2061 @8.799s 13%: 0.21+1.1+0.12 ms clock, 2.5+1.2/1.4/0+1.5 ms cpu, 92->104->40 MB, 104 MB goal, 0 MB stacks, 0 MB globals, 12 P
gc 2062 @8.802s 13%: 0.32+1.5+0.035 ms clock, 3.8+1.8/1.1/0+0.42 ms cpu, 70->85->45 MB, 81 MB goal, 0 MB stacks, 0 MB globals, 12 P
gc 2063 @8.807s 13%: 0.46+0.98+0.043 ms clock, 5.6+0.91/1.6/0+0.52 ms cpu, 81->88->35 MB, 91 MB goal, 0 MB stacks, 0 MB globals, 12 P
gc 2064 @8.810s 13%: 0.23+1.6+0.055 ms clock, 2.8+1.7/1.5/0+0.66 ms cpu, 60->76->41 MB, 71 MB goal, 0 MB stacks, 0 MB globals, 12 P
gc 2065 @8.814s 13%: 0.20+1.5+0.041 ms clock, 2.5+1.1/1.8/0+0.49 ms cpu, 74->85->39 MB, 83 MB goal, 0 MB stacks, 0 MB globals, 12 P
gc 2066 @8.818s 13%: 0.35+1.4+0.058 ms clock, 4.2+1.1/1.6/0+0.69 ms cpu, 69->82->41 MB, 79 MB goal, 0 MB stacks, 0 MB globals, 12 P
gc 2067 @8.822s 13%: 0.29+1.1+0.008 ms clock, 3.5+0.76/1.2/0+0.10 ms cpu, 72->79->35 MB, 83 MB goal, 0 MB stacks, 0 MB globals, 12 P
gc 2068 @8.825s 13%: 0.18+1.2+0.067 ms clock, 2.2+0.65/1.6/0.007+0.80 ms cpu, 62->71->37 MB, 71 MB goal, 0 MB stacks, 0 MB globals, 12 P
gc 2069 @8.829s 13%: 0.27+1.8+0.011 ms clock, 3.3+1.2/1.6/0+0.13 ms cpu, 65->78->44 MB, 75 MB goal, 0 MB stacks, 0 MB globals, 12 P
gc 2070 @8.833s 13%: 0.35+1.1+0.13 ms clock, 4.2+1.1/1.1/0+1.5 ms cpu, 80->89->39 MB, 89 MB goal, 0 MB stacks, 0 MB globals, 12 P
gc 2071 @8.837s 13%: 0.51+1.0+0.074 ms clock, 6.2+1.0/1.7/0+0.89 ms cpu, 69->77->51 MB, 79 MB goal, 0 MB stacks, 0 MB globals, 12 P
gc 2072 @8.841s 13%: 0.48+0.97+0.075 ms clock, 5.7+1.1/1.0/0+0.90 ms cpu, 90->98->36 MB, 102 MB goal, 0 MB stacks, 0 MB globals, 12 P
gc 2073 @8.845s 13%: 0.14+1.4+0.057 ms clock, 1.7+1.4/0.87/0+0.69 ms cpu, 62->77->44 MB, 73 MB goal, 0 MB stacks, 0 MB globals, 12 P
gc 2074 @8.849s 13%: 0.25+2.0+0.025 ms clock, 3.0+1.4/2.1/0+0.30 ms cpu, 78->94->41 MB, 89 MB goal, 0 MB stacks, 0 MB globals, 12 P
gc 2075 @8.853s 13%: 0.27+1.5+0.051 ms clock, 3.3+1.6/1.5/0+0.61 ms cpu, 72->86->37 MB, 83 MB goal, 0 MB stacks, 0 MB globals, 12 P
gc 2076 @8.857s 13%: 0.16+1.3+0.087 ms clock, 2.0+0.96/1.2/0+1.0 ms cpu, 64->74->37 MB, 75 MB goal, 0 MB stacks, 0 MB globals, 12 P
gc 2077 @8.860s 13%: 0.22+1.0+0.084 ms clock, 2.6+0.95/1.6/0+1.0 ms cpu, 64->73->34 MB, 75 MB goal, 0 MB stacks, 0 MB globals, 12 P
gc 2078 @8.863s 13%: 0.27+1.1+0.057 ms clock, 3.3+1.0/1.5/0+0.68 ms cpu, 60->68->34 MB, 69 MB goal, 0 MB stacks, 0 MB globals, 12 P
gc 2079 @8.867s 13%: 0.19+0.97+0.10 ms clock, 2.2+1.3/1.4/0+1.3 ms cpu, 61->70->39 MB, 69 MB goal, 0 MB stacks, 0 MB globals, 12 P
gc 2080 @8.870s 13%: 0.23+1.2+0.14 ms clock, 2.8+1.0/1.3/0+1.7 ms cpu, 70->79->39 MB, 79 MB goal, 0 MB stacks, 0 MB globals, 12 P
gc 2081 @8.874s 13%: 0.30+2.0+0.10 ms clock, 3.6+1.6/2.7/0+1.2 ms cpu, 67->84->46 MB, 79 MB goal, 0 MB stacks, 0 MB globals, 12 P
gc 2082 @8.879s 13%: 0.40+0.99+0.14 ms clock, 4.8+1.4/1.0/0+1.7 ms cpu, 83->95->45 MB, 93 MB goal, 0 MB stacks, 0 MB globals, 12 P
gc 2083 @8.883s 13%: 0.17+1.1+0.013 ms clock, 2.1+0.81/1.4/0+0.15 ms cpu, 84->88->34 MB, 91 MB goal, 0 MB stacks, 0 MB globals, 12 P
gc 2084 @8.886s 13%: 0.27+1.5+0.009 ms clock, 3.2+1.2/2.3/0+0.11 ms cpu, 60->73->40 MB, 69 MB goal, 0 MB stacks, 0 MB globals, 12 P
gc 2085 @8.890s 13%: 0.15+1.1+0.087 ms clock, 1.8+1.3/1.3/0+1.0 ms cpu, 69->78->35 MB, 81 MB goal, 0 MB stacks, 0 MB globals, 12 P
gc 2086 @8.894s 13%: 0.19+1.5+0.004 ms clock, 2.3+1.1/1.4/0+0.059 ms cpu, 60->71->38 MB, 71 MB goal, 0 MB stacks, 0 MB globals, 12 P
gc 2087 @8.898s 13%: 0.30+1.0+0.003 ms clock, 3.7+1.2/1.3/0+0.036 ms cpu, 74->77->37 MB, 77 MB goal, 0 MB stacks, 0 MB globals, 12 P
gc 2088 @8.901s 13%: 0.21+1.2+0.062 ms clock, 2.5+1.2/1.4/0.008+0.75 ms cpu, 65->75->33 MB, 75 MB goal, 0 MB stacks, 0 MB globals, 12 P
gc 2089 @8.904s 13%: 0.30+1.0+0.048 ms clock, 3.6+1.4/1.2/0+0.58 ms cpu, 59->66->51 MB, 67 MB goal, 0 MB stacks, 0 MB globals, 12 P
gc 2090 @8.909s 13%: 0.36+0.93+0.29 ms clock, 4.3+0.81/0.94/0+3.5 ms cpu, 94->102->40 MB, 102 MB goal, 0 MB stacks, 0 MB globals, 12 P
gc 2091 @8.912s 13%: 0.41+1.6+0.014 ms clock, 5.0+1.2/1.4/0+0.17 ms cpu, 71->83->42 MB, 81 MB goal, 0 MB stacks, 0 MB globals, 12 P
gc 2092 @8.917s 13%: 0.21+1.1+0.068 ms clock, 2.5+1.3/2.0/0+0.81 ms cpu, 74->83->38 MB, 85 MB goal, 0 MB stacks, 0 MB globals, 12 P
gc 2093 @8.920s 13%: 0.28+1.3+0.044 ms clock, 3.4+0.89/1.4/0+0.53 ms cpu, 66->79->41 MB, 77 MB goal, 0 MB stacks, 0 MB globals, 12 P
gc 2094 @8.924s 13%: 0.31+1.1+0.10 ms clock, 3.7+1.1/1.1/0+1.2 ms cpu, 78->84->36 MB, 83 MB goal, 0 MB stacks, 0 MB globals, 12 P
gc 2095 @8.928s 13%: 0.29+0.93+0.10 ms clock, 3.5+0.85/1.1/0+1.3 ms cpu, 63->75->42 MB, 73 MB goal, 0 MB stacks, 0 MB globals, 12 P
gc 2096 @8.931s 13%: 0.39+1.4+0.091 ms clock, 4.7+0.38/2.1/0+1.1 ms cpu, 73->85->42 MB, 85 MB goal, 0 MB stacks, 0 MB globals, 12 P
gc 2097 @8.936s 13%: 0.20+1.7+0.049 ms clock, 2.4+1.3/1.3/0+0.59 ms cpu, 72->87->46 MB, 85 MB goal, 0 MB stacks, 0 MB globals, 12 P
gc 2098 @8.940s 13%: 0.27+1.2+0.10 ms clock, 3.3+1.0/1.4/0+1.2 ms cpu, 82->92->38 MB, 93 MB goal, 0 MB stacks, 0 MB globals, 12 P
gc 2099 @8.944s 13%: 0.47+1.4+0.027 ms clock, 5.6+0.76/1.5/0+0.32 ms cpu, 65->78->41 MB, 77 MB goal, 0 MB stacks, 0 MB globals, 12 P
gc 2100 @8.948s 13%: 0.29+1.2+0.085 ms clock, 3.5+1.2/1.3/0+1.0 ms cpu, 71->82->39 MB, 83 MB goal, 0 MB stacks, 0 MB globals, 12 P
gc 2101 @8.952s 13%: 0.34+1.2+0.069 ms clock, 4.0+1.0/1.1/0+0.83 ms cpu, 69->81->36 MB, 79 MB goal, 0 MB stacks, 0 MB globals, 12 P
gc 2102 @8.955s 13%: 0.18+1.3+0.026 ms clock, 2.1+1.2/1.5/0+0.31 ms cpu, 64->73->39 MB, 73 MB goal, 0 MB stacks, 0 MB globals, 12 P
gc 2103 @8.958s 13%: 0.38+1.7+0.10 ms clock, 4.5+2.4/1.8/0+1.2 ms cpu, 67->84->46 MB, 79 MB goal, 0 MB stacks, 0 MB globals, 12 P
gc 2104 @8.963s 13%: 0.37+1.5+0.053 ms clock, 4.5+1.0/1.5/0+0.64 ms cpu, 81->92->43 MB, 93 MB goal, 0 MB stacks, 0 MB globals, 12 P
gc 2105 @8.967s 13%: 0.23+1.2+0.063 ms clock, 2.8+1.3/1.9/0+0.76 ms cpu, 80->87->37 MB, 87 MB goal, 0 MB stacks, 0 MB globals, 12 P
gc 2106 @8.971s 13%: 0.38+1.7+0.094 ms clock, 4.6+1.4/2.7/0.010+1.1 ms cpu, 66->81->56 MB, 75 MB goal, 0 MB stacks, 0 MB globals, 12 P
gc 2107 @8.976s 13%: 0.40+1.7+0.089 ms clock, 4.8+1.4/2.0/0+1.0 ms cpu, 99->111->44 MB, 112 MB goal, 0 MB stacks, 0 MB globals, 12 P
gc 2108 @8.981s 13%: 0.31+1.2+0.062 ms clock, 3.7+1.7/2.1/0+0.75 ms cpu, 79->89->37 MB, 89 MB goal, 0 MB stacks, 0 MB globals, 12 P
gc 2109 @8.984s 13%: 0.18+1.1+0.11 ms clock, 2.2+1.0/1.3/0+1.3 ms cpu, 66->76->37 MB, 75 MB goal, 0 MB stacks, 0 MB globals, 12 P
gc 2110 @8.988s 13%: 0.28+1.2+0.13 ms clock, 3.3+1.2/0.96/0+1.5 ms cpu, 67->78->40 MB, 75 MB goal, 0 MB stacks, 0 MB globals, 12 P
gc 2111 @8.992s 13%: 0.33+1.2+0.12 ms clock, 3.9+0.92/1.8/0+1.4 ms cpu, 69->82->42 MB, 81 MB goal, 0 MB stacks, 0 MB globals, 12 P
gc 2112 @8.996s 13%: 0.43+1.1+0.055 ms clock, 5.2+1.0/1.1/0+0.67 ms cpu, 74->84->39 MB, 85 MB goal, 0 MB stacks, 0 MB globals, 12 P
gc 2113 @9.000s 13%: 0.14+1.1+0.11 ms clock, 1.7+1.3/0.98/0+1.3 ms cpu, 68->80->37 MB, 79 MB goal, 0 MB stacks, 0 MB globals, 12 P
gc 2114 @9.003s 13%: 0.22+1.2+0.14 ms clock, 2.6+1.4/1.3/0.096+1.7 ms cpu, 64->79->39 MB, 75 MB goal, 0 MB stacks, 0 MB globals, 12 P
gc 2115 @9.007s 13%: 0.29+0.97+0.051 ms clock, 3.5+1.3/1.4/0+0.61 ms cpu, 71->79->37 MB, 79 MB goal, 0 MB stacks, 0 MB globals, 12 P
gc 2116 @9.010s 13%: 0.13+1.0+0.064 ms clock, 1.6+0.97/1.5/0+0.77 ms cpu, 67->75->38 MB, 75 MB goal, 0 MB stacks, 0 MB globals, 12 P
gc 2117 @9.014s 13%: 0.23+1.8+0.090 ms clock, 2.8+1.9/1.6/0+1.0 ms cpu, 66->82->43 MB, 77 MB goal, 0 MB stacks, 0 MB globals, 12 P
gc 2118 @9.018s 13%: 0.50+1.4+0.10 ms clock, 6.0+1.2/1.1/0+1.2 ms cpu, 77->90->40 MB, 87 MB goal, 0 MB stacks, 0 MB globals, 12 P
gc 2119 @9.022s 13%: 0.27+1.5+0.12 ms clock, 3.3+1.3/2.0/0+1.5 ms cpu, 72->86->43 MB, 81 MB goal, 0 MB stacks, 0 MB globals, 12 P
gc 2120 @9.027s 13%: 0.30+1.0+0.004 ms clock, 3.6+0.86/1.4/0+0.051 ms cpu, 75->83->37 MB, 87 MB goal, 0 MB stacks, 0 MB globals, 12 P
gc 2121 @9.030s 13%: 0.25+1.2+0.074 ms clock, 3.0+1.4/1.0/0+0.89 ms cpu, 67->79->39 MB, 75 MB goal, 0 MB stacks, 0 MB globals, 12 P
gc 2122 @9.034s 13%: 0.22+0.94+0.063 ms clock, 2.7+1.3/1.1/0+0.75 ms cpu, 71->76->32 MB, 79 MB goal, 0 MB stacks, 0 MB globals, 12 P
gc 2123 @9.037s 13%: 0.26+0.69+0.076 ms clock, 3.1+0.96/1.0/0+0.91 ms cpu, 58->65->33 MB, 65 MB goal, 0 MB stacks, 0 MB globals, 12 P
gc 2124 @9.040s 13%: 0.21+1.2+0.004 ms clock, 2.6+1.1/1.9/0+0.055 ms cpu, 59->66->33 MB, 67 MB goal, 0 MB stacks, 0 MB globals, 12 P
gc 2125 @9.043s 13%: 0.46+1.6+0.093 ms clock, 5.5+1.3/1.2/0+1.1 ms cpu, 58->74->43 MB, 67 MB goal, 0 MB stacks, 0 MB globals, 12 P
gc 2126 @9.048s 13%: 0.41+1.0+0.18 ms clock, 4.9+1.0/0.87/0+2.2 ms cpu, 77->89->41 MB, 87 MB goal, 0 MB stacks, 0 MB globals, 12 P
gc 2127 @9.052s 13%: 0.40+1.0+0.060 ms clock, 4.8+1.2/1.1/0+0.72 ms cpu, 74->83->38 MB, 83 MB goal, 0 MB stacks, 0 MB globals, 12 P
gc 2128 @9.056s 13%: 0.22+0.90+0.13 ms clock, 2.6+1.1/0.85/0+1.6 ms cpu, 66->76->34 MB, 77 MB goal, 0 MB stacks, 0 MB globals, 12 P
gc 2129 @9.059s 13%: 0.33+1.2+0.008 ms clock, 3.9+1.2/1.9/0+0.10 ms cpu, 61->68->35 MB, 69 MB goal, 0 MB stacks, 0 MB globals, 12 P
gc 2130 @9.062s 13%: 0.27+1.1+0.079 ms clock, 3.3+1.2/1.3/0+0.94 ms cpu, 61->72->40 MB, 71 MB goal, 0 MB stacks, 0 MB globals, 12 P
gc 2131 @9.066s 13%: 0.24+1.1+0.13 ms clock, 2.8+1.1/1.5/0+1.5 ms cpu, 71->82->40 MB, 81 MB goal, 0 MB stacks, 0 MB globals, 12 P
gc 2132 @9.069s 13%: 0.22+1.3+0.065 ms clock, 2.6+1.2/1.1/0+0.78 ms cpu, 69->81->40 MB, 81 MB goal, 0 MB stacks, 0 MB globals, 12 P
gc 2133 @9.073s 13%: 0.25+1.0+0.024 ms clock, 3.0+1.1/0.93/0+0.29 ms cpu, 72->80->36 MB, 81 MB goal, 0 MB stacks, 0 MB globals, 12 P
gc 2134 @9.076s 13%: 0.16+1.5+0.032 ms clock, 1.9+1.5/1.4/0+0.39 ms cpu, 62->76->39 MB, 73 MB goal, 0 MB stacks, 0 MB globals, 12 P
gc 2135 @9.080s 13%: 0.31+1.0+0.048 ms clock, 3.8+1.1/1.5/0+0.58 ms cpu, 68->77->49 MB, 79 MB goal, 0 MB stacks, 0 MB globals, 12 P
gc 2136 @9.084s 13%: 0.20+1.5+0.13 ms clock, 2.4+1.2/1.0/0+1.6 ms cpu, 85->100->42 MB, 98 MB goal, 0 MB stacks, 0 MB globals, 12 P
gc 2137 @9.088s 13%: 0.25+1.0+0.004 ms clock, 3.0+1.2/1.3/0+0.049 ms cpu, 74->81->48 MB, 85 MB goal, 0 MB stacks, 0 MB globals, 12 P
gc 2138 @9.092s 13%: 0.26+0.98+0.13 ms clock, 3.1+1.4/1.2/0+1.6 ms cpu, 83->95->49 MB, 96 MB goal, 0 MB stacks, 0 MB globals, 12 P
gc 2139 @9.096s 13%: 0.46+1.0+0.11 ms clock, 5.5+1.2/1.5/0+1.3 ms cpu, 86->98->42 MB, 98 MB goal, 0 MB stacks, 0 MB globals, 12 P
gc 2140 @9.100s 13%: 0.33+1.4+0.036 ms clock, 4.0+0.74/0.96/0+0.44 ms cpu, 73->85->41 MB, 85 MB goal, 0 MB stacks, 0 MB globals, 12 P
gc 2141 @9.104s 13%: 0.40+1.3+0.062 ms clock, 4.8+0.88/1.7/0+0.74 ms cpu, 72->82->37 MB, 83 MB goal, 0 MB stacks, 0 MB globals, 12 P
gc 2142 @9.108s 13%: 0.25+1.2+0.004 ms clock, 3.0+0.93/0.99/0+0.053 ms cpu, 65->74->37 MB, 75 MB goal, 0 MB stacks, 0 MB globals, 12 P
gc 2143 @9.112s 13%: 0.43+0.84+0.095 ms clock, 5.1+1.4/1.0/0+1.1 ms cpu, 66->76->36 MB, 75 MB goal, 0 MB stacks, 0 MB globals, 12 P
gc 2144 @9.115s 13%: 0.33+0.81+0.20 ms clock, 3.9+1.2/1.1/0+2.4 ms cpu, 64->72->35 MB, 73 MB goal, 0 MB stacks, 0 MB globals, 12 P
gc 2145 @9.119s 13%: 0.33+1.0+0.074 ms clock, 3.9+1.0/1.3/0+0.89 ms cpu, 62->72->37 MB, 71 MB goal, 0 MB stacks, 0 MB globals, 12 P
gc 2146 @9.122s 13%: 0.19+0.81+0.027 ms clock, 2.3+1.3/1.5/0+0.32 ms cpu, 73->74->33 MB, 75 MB goal, 0 MB stacks, 0 MB globals, 12 P
gc 2147 @9.125s 13%: 0.25+1.2+0.062 ms clock, 3.0+1.0/1.0/0+0.75 ms cpu, 60->70->39 MB, 67 MB goal, 0 MB stacks, 0 MB globals, 12 P
gc 2148 @9.129s 13%: 0.24+1.1+0.12 ms clock, 2.9+1.3/0.88/0+1.4 ms cpu, 68->81->38 MB, 79 MB goal, 0 MB stacks, 0 MB globals, 12 P
gc 2149 @9.132s 13%: 0.19+1.3+0.051 ms clock, 2.3+1.9/1.0/0+0.61 ms cpu, 66->78->36 MB, 77 MB goal, 0 MB stacks, 0 MB globals, 12 P
gc 2150 @9.136s 13%: 0.28+1.2+0.029 ms clock, 3.3+1.4/1.2/0+0.35 ms cpu, 64->73->36 MB, 73 MB goal, 0 MB stacks, 0 MB globals, 12 P
gc 2151 @9.139s 13%: 0.28+1.3+0.042 ms clock, 3.4+0.55/1.4/0+0.50 ms cpu, 63->74->39 MB, 73 MB goal, 0 MB stacks, 0 MB globals, 12 P
gc 2152 @9.143s 13%: 0.37+1.3+0.092 ms clock, 4.4+0.94/1.0/0+1.1 ms cpu, 70->80->38 MB, 79 MB goal, 0 MB stacks, 0 MB globals, 12 P
gc 2153 @9.147s 13%: 0.22+0.87+0.083 ms clock, 2.7+1.0/0.83/0+0.99 ms cpu, 67->77->36 MB, 77 MB goal, 0 MB stacks, 0 MB globals, 12 P
gc 2154 @9.150s 13%: 0.25+0.98+0.058 ms clock, 3.0+1.0/1.3/0+0.69 ms cpu, 64->74->39 MB, 73 MB goal, 0 MB stacks, 0 MB globals, 12 P
gc 2155 @9.153s 13%: 0.35+1.0+0.13 ms clock, 4.2+1.2/1.1/0+1.6 ms cpu, 67->80->39 MB, 79 MB goal, 0 MB stacks, 0 MB globals, 12 P
gc 2156 @9.157s 13%: 0.21+1.4+0.089 ms clock, 2.6+1.9/1.8/0+1.0 ms cpu, 68->82->43 MB, 79 MB goal, 0 MB stacks, 0 MB globals, 12 P
gc 2157 @9.161s 13%: 0.53+1.1+0.098 ms clock, 6.3+1.2/0.77/0+1.1 ms cpu, 76->86->37 MB, 87 MB goal, 0 MB stacks, 0 MB globals, 12 P
gc 2158 @9.165s 13%: 0.30+1.1+0.043 ms clock, 3.6+1.0/1.3/0+0.52 ms cpu, 66->75->37 MB, 75 MB goal, 0 MB stacks, 0 MB globals, 12 P
gc 2159 @9.168s 13%: 0.42+1.3+0.11 ms clock, 5.1+0.73/1.1/0+1.3 ms cpu, 64->78->42 MB, 75 MB goal, 0 MB stacks, 0 MB globals, 12 P
gc 2160 @9.173s 13%: 0.22+1.7+0.098 ms clock, 2.7+1.3/1.8/0+1.1 ms cpu, 73->87->41 MB, 85 MB goal, 0 MB stacks, 0 MB globals, 12 P
gc 2161 @9.177s 13%: 0.23+0.94+0.093 ms clock, 2.8+1.4/1.0/0+1.1 ms cpu, 71->80->38 MB, 83 MB goal, 0 MB stacks, 0 MB globals, 12 P
gc 2162 @9.181s 13%: 0.25+1.2+0.14 ms clock, 3.0+1.4/1.2/0+1.7 ms cpu, 67->81->54 MB, 77 MB goal, 0 MB stacks, 0 MB globals, 12 P
gc 2163 @9.185s 13%: 0.43+1.5+0.17 ms clock, 5.2+1.7/1.4/0+2.1 ms cpu, 95->111->45 MB, 108 MB goal, 0 MB stacks, 0 MB globals, 12 P
gc 2164 @9.191s 13%: 0.28+1.0+0.12 ms clock, 3.4+1.1/1.4/0+1.4 ms cpu, 83->91->37 MB, 91 MB goal, 0 MB stacks, 0 MB globals, 12 P
gc 2165 @9.194s 13%: 0.16+1.4+0.10 ms clock, 1.9+1.4/0.98/0+1.2 ms cpu, 64->77->38 MB, 75 MB goal, 0 MB stacks, 0 MB globals, 12 P
gc 2166 @9.199s 13%: 0.13+0.71+0.010 ms clock, 1.6+1.2/1.3/0+0.12 ms cpu, 74->76->38 MB, 77 MB goal, 0 MB stacks, 0 MB globals, 12 P
gc 2167 @9.202s 13%: 0.22+1.1+0.037 ms clock, 2.7+1.5/1.6/0+0.45 ms cpu, 69->77->35 MB, 77 MB goal, 0 MB stacks, 0 MB globals, 12 P
gc 2168 @9.205s 13%: 0.23+1.0+0.049 ms clock, 2.8+1.1/1.1/0+0.59 ms cpu, 65->72->35 MB, 71 MB goal, 0 MB stacks, 0 MB globals, 12 P
gc 2169 @9.208s 13%: 0.22+1.0+0.039 ms clock, 2.7+1.1/1.1/0+0.46 ms cpu, 64->71->35 MB, 71 MB goal, 0 MB stacks, 0 MB globals, 12 P
gc 2170 @9.211s 13%: 0.32+1.0+0.042 ms clock, 3.8+1.2/1.1/0+0.51 ms cpu, 61->71->35 MB, 71 MB goal, 0 MB stacks, 0 MB globals, 12 P
gc 2171 @9.214s 13%: 0.27+1.7+0.012 ms clock, 3.3+1.2/1.1/0+0.15 ms cpu, 60->76->39 MB, 71 MB goal, 0 MB stacks, 0 MB globals, 12 P
gc 2172 @9.219s 13%: 0.26+1.0+0.10 ms clock, 3.1+1.0/1.0/0+1.3 ms cpu, 67->78->37 MB, 79 MB goal, 0 MB stacks, 0 MB globals, 12 P
gc 2173 @9.222s 13%: 0.13+1.2+0.058 ms clock, 1.6+1.2/1.8/0+0.69 ms cpu, 65->74->37 MB, 75 MB goal, 0 MB stacks, 0 MB globals, 12 P
gc 2174 @9.226s 13%: 0.30+0.84+0.004 ms clock, 3.6+1.4/1.4/0+0.058 ms cpu, 67->72->37 MB, 75 MB goal, 0 MB stacks, 0 MB globals, 12 P
gc 2175 @9.229s 13%: 0.27+1.0+0.12 ms clock, 3.3+1.2/1.2/0+1.4 ms cpu, 64->75->36 MB, 75 MB goal, 0 MB stacks, 0 MB globals, 12 P
gc 2176 @9.232s 13%: 0.26+0.89+0.060 ms clock, 3.2+1.2/1.2/0+0.72 ms cpu, 65->73->31 MB, 73 MB goal, 0 MB stacks, 0 MB globals, 12 P
gc 2177 @9.235s 13%: 0.26+1.5+0.089 ms clock, 3.1+1.1/1.2/0+1.0 ms cpu, 56->66->51 MB, 63 MB goal, 0 MB stacks, 0 MB globals, 12 P
gc 2178 @9.240s 13%: 0.21+1.5+0.11 ms clock, 2.5+1.0/1.1/0+1.3 ms cpu, 90->104->42 MB, 102 MB goal, 0 MB stacks, 0 MB globals, 12 P
gc 2179 @9.244s 13%: 0.26+1.0+0.035 ms clock, 3.2+1.2/1.4/0.002+0.42 ms cpu, 76->82->33 MB, 85 MB goal, 0 MB stacks, 0 MB globals, 12 P
gc 2180 @9.247s 13%: 0.15+1.0+0.067 ms clock, 1.8+0.78/1.7/0+0.81 ms cpu, 59->64->32 MB, 67 MB goal, 0 MB stacks, 0 MB globals, 12 P
gc 2181 @9.250s 13%: 0.31+1.3+0.097 ms clock, 3.7+1.7/1.2/0+1.1 ms cpu, 56->68->41 MB, 65 MB goal, 0 MB stacks, 0 MB globals, 12 P
gc 2182 @9.254s 13%: 0.35+1.1+0.069 ms clock, 4.2+0.87/1.1/0+0.83 ms cpu, 73->84->38 MB, 83 MB goal, 0 MB stacks, 0 MB globals, 12 P
gc 2183 @9.258s 13%: 0.25+1.0+0.055 ms clock, 3.0+1.1/1.1/0+0.66 ms cpu, 67->76->37 MB, 77 MB goal, 0 MB stacks, 0 MB globals, 12 P
gc 2184 @9.261s 13%: 0.20+1.4+0.011 ms clock, 2.4+1.2/1.2/0+0.14 ms cpu, 67->77->40 MB, 75 MB goal, 0 MB stacks, 0 MB globals, 12 P
gc 2185 @9.265s 13%: 0.47+0.81+0.052 ms clock, 5.6+1.0/1.2/0+0.63 ms cpu, 71->80->37 MB, 81 MB goal, 0 MB stacks, 0 MB globals, 12 P
gc 2186 @9.269s 13%: 0.28+1.1+0.084 ms clock, 3.4+2.1/1.6/0+1.0 ms cpu, 70->79->38 MB, 75 MB goal, 0 MB stacks, 0 MB globals, 12 P
gc 2187 @9.273s 13%: 0.44+1.0+0.063 ms clock, 5.2+1.0/1.1/0+0.75 ms cpu, 68->76->39 MB, 77 MB goal, 0 MB stacks, 0 MB globals, 12 P
gc 2188 @9.276s 13%: 0.45+0.73+0.086 ms clock, 5.4+1.5/0.87/0+1.0 ms cpu, 67->76->35 MB, 79 MB goal, 0 MB stacks, 0 MB globals, 12 P
gc 2189 @9.279s 13%: 0.35+1.4+0.026 ms clock, 4.2+0.74/1.1/0+0.32 ms cpu, 60->72->40 MB, 71 MB goal, 0 MB stacks, 0 MB globals, 12 P
gc 2190 @9.283s 13%: 0.25+1.1+0.11 ms clock, 3.0+0.90/1.6/0+1.3 ms cpu, 72->83->40 MB, 81 MB goal, 0 MB stacks, 0 MB globals, 12 P
gc 2191 @9.287s 13%: 0.35+1.3+0.014 ms clock, 4.3+0.98/0.93/0+0.17 ms cpu, 70->81->40 MB, 81 MB goal, 0 MB stacks, 0 MB globals, 12 P
gc 2192 @9.290s 13%: 0.24+1.7+0.10 ms clock, 2.9+1.5/1.9/0+1.2 ms cpu, 70->87->44 MB, 81 MB goal, 0 MB stacks, 0 MB globals, 12 P
gc 2193 @9.295s 13%: 0.27+1.2+0.10 ms clock, 3.3+0.92/0.97/0+1.2 ms cpu, 80->92->37 MB, 89 MB goal, 0 MB stacks, 0 MB globals, 12 P
gc 2194 @9.299s 13%: 0.25+1.2+0.026 ms clock, 3.0+0.94/1.3/0+0.31 ms cpu, 66->74->38 MB, 75 MB goal, 0 MB stacks, 0 MB globals, 12 P
gc 2195 @9.302s 13%: 0.26+1.3+0.003 ms clock, 3.2+1.3/1.7/0+0.043 ms cpu, 68->74->35 MB, 77 MB goal, 0 MB stacks, 0 MB globals, 12 P
gc 2196 @9.306s 13%: 0.26+1.2+0.048 ms clock, 3.1+1.2/1.4/0+0.58 ms cpu, 65->73->37 MB, 71 MB goal, 0 MB stacks, 0 MB globals, 12 P
gc 2197 @9.309s 13%: 0.25+0.96+0.094 ms clock, 3.0+0.87/1.0/0+1.1 ms cpu, 64->73->39 MB, 75 MB goal, 0 MB stacks, 0 MB globals, 12 P
gc 2198 @9.313s 13%: 0.28+1.3+0.10 ms clock, 3.3+1.0/1.3/0+1.2 ms cpu, 67->78->38 MB, 79 MB goal, 0 MB stacks, 0 MB globals, 12 P
gc 2199 @9.316s 13%: 0.22+1.2+0.091 ms clock, 2.6+1.2/1.1/0+1.0 ms cpu, 68->77->38 MB, 77 MB goal, 0 MB stacks, 0 MB globals, 12 P
gc 2200 @9.320s 13%: 0.27+1.1+0.029 ms clock, 3.3+0.92/1.7/0+0.35 ms cpu, 67->75->37 MB, 77 MB goal, 0 MB stacks, 0 MB globals, 12 P
gc 2201 @9.324s 13%: 0.24+1.2+0.012 ms clock, 2.9+1.7/1.5/0+0.14 ms cpu, 66->76->38 MB, 75 MB goal, 0 MB stacks, 0 MB globals, 12 P
gc 2202 @9.327s 13%: 0.24+1.4+0.10 ms clock, 2.9+1.5/1.9/0+1.2 ms cpu, 67->80->43 MB, 77 MB goal, 0 MB stacks, 0 MB globals, 12 P
gc 2203 @9.331s 13%: 0.17+0.78+0.10 ms clock, 2.1+1.5/0.92/0+1.2 ms cpu, 77->84->33 MB, 87 MB goal, 0 MB stacks, 0 MB globals, 12 P
gc 2204 @9.334s 13%: 0.29+0.85+0.029 ms clock, 3.5+1.0/1.5/0+0.35 ms cpu, 63->67->34 MB, 67 MB goal, 0 MB stacks, 0 MB globals, 12 P
gc 2205 @9.337s 13%: 0.15+1.1+0.064 ms clock, 1.8+1.2/1.3/0+0.77 ms cpu, 60->69->35 MB, 69 MB goal, 0 MB stacks, 0 MB globals, 12 P
gc 2206 @9.340s 13%: 0.21+1.0+0.18 ms clock, 2.5+1.1/1.0/0+2.1 ms cpu, 62->76->43 MB, 71 MB goal, 0 MB stacks, 0 MB globals, 12 P
gc 2207 @9.344s 13%: 0.46+0.74+0.15 ms clock, 5.6+0.98/1.1/0+1.8 ms cpu, 78->86->39 MB, 87 MB goal, 0 MB stacks, 0 MB globals, 12 P
gc 2208 @9.348s 13%: 0.34+1.8+0.070 ms clock, 4.1+2.0/1.6/0+0.84 ms cpu, 68->85->45 MB, 79 MB goal, 0 MB stacks, 0 MB globals, 12 P
gc 2209 @9.353s 13%: 0.19+1.1+0.15 ms clock, 2.3+1.3/1.0/0+1.8 ms cpu, 79->93->38 MB, 91 MB goal, 0 MB stacks, 0 MB globals, 12 P
gc 2210 @9.356s 13%: 0.30+1.0+0.032 ms clock, 3.6+1.2/1.3/0+0.39 ms cpu, 68->76->37 MB, 77 MB goal, 0 MB stacks, 0 MB globals, 12 P
gc 2211 @9.360s 13%: 0.18+1.2+0.11 ms clock, 2.2+1.2/1.2/0+1.3 ms cpu, 64->76->38 MB, 75 MB goal, 0 MB stacks, 0 MB globals, 12 P
gc 2212 @9.363s 13%: 0.33+0.79+0.039 ms clock, 3.9+0.92/1.5/0+0.47 ms cpu, 69->71->29 MB, 77 MB goal, 0 MB stacks, 0 MB globals, 12 P
gc 2213 @9.366s 13%: 0.25+1.5+0.013 ms clock, 3.1+1.2/1.9/0+0.16 ms cpu, 50->63->38 MB, 59 MB goal, 0 MB stacks, 0 MB globals, 12 P
gc 2214 @9.370s 13%: 0.19+1.5+0.072 ms clock, 2.3+1.5/1.0/0+0.86 ms cpu, 68->80->37 MB, 77 MB goal, 0 MB stacks, 0 MB globals, 12 P
gc 2215 @9.373s 13%: 0.27+1.5+0.011 ms clock, 3.2+1.3/1.3/0+0.14 ms cpu, 66->77->40 MB, 75 MB goal, 0 MB stacks, 0 MB globals, 12 P
gc 2216 @9.377s 13%: 0.25+1.2+0.017 ms clock, 3.1+1.3/1.6/0+0.21 ms cpu, 73->82->37 MB, 81 MB goal, 0 MB stacks, 0 MB globals, 12 P
gc 2217 @9.381s 13%: 0.23+0.89+0.041 ms clock, 2.8+1.2/0.92/0+0.49 ms cpu, 68->75->38 MB, 75 MB goal, 0 MB stacks, 0 MB globals, 12 P
gc 2218 @9.384s 13%: 0.21+1.4+0.076 ms clock, 2.5+1.4/1.5/0+0.92 ms cpu, 67->79->37 MB, 77 MB goal, 0 MB stacks, 0 MB globals, 12 P
gc 2219 @9.388s 13%: 0.25+0.98+0.044 ms clock, 3.0+1.3/1.2/0+0.53 ms cpu, 70->75->36 MB, 75 MB goal, 0 MB stacks, 0 MB globals, 12 P
gc 2220 @9.391s 13%: 0.17+1.0+0.089 ms clock, 2.0+1.3/1.6/0+1.0 ms cpu, 64->73->37 MB, 73 MB goal, 0 MB stacks, 0 MB globals, 12 P
gc 2221 @9.394s 13%: 0.24+1.1+0.069 ms clock, 2.9+1.1/1.8/0+0.82 ms cpu, 65->74->35 MB, 75 MB goal, 0 MB stacks, 0 MB globals, 12 P
gc 2222 @9.398s 13%: 0.22+0.82+0.077 ms clock, 2.7+1.1/1.4/0+0.92 ms cpu, 66->71->32 MB, 71 MB goal, 0 MB stacks, 0 MB globals, 12 P
gc 2223 @9.400s 13%: 0.22+1.5+0.004 ms clock, 2.6+0.42/0.74/0+0.057 ms cpu, 55->68->41 MB, 65 MB goal, 0 MB stacks, 0 MB globals, 12 P
gc 2224 @9.404s 13%: 0.34+0.97+0.16 ms clock, 4.1+1.0/1.1/0+1.9 ms cpu, 72->83->40 MB, 83 MB goal, 0 MB stacks, 0 MB globals, 12 P
gc 2225 @9.408s 13%: 0.48+0.81+0.043 ms clock, 5.7+1.0/1.0/0+0.51 ms cpu, 71->77->34 MB, 81 MB goal, 0 MB stacks, 0 MB globals, 12 P
gc 2226 @9.411s 13%: 0.47+0.89+0.10 ms clock, 5.7+1.0/1.2/0+1.2 ms cpu, 59->68->36 MB, 69 MB goal, 0 MB stacks, 0 MB globals, 12 P
gc 2227 @9.414s 13%: 0.31+1.0+0.096 ms clock, 3.7+1.0/1.2/0+1.1 ms cpu, 65->70->34 MB, 73 MB goal, 0 MB stacks, 0 MB globals, 12 P
gc 2228 @9.418s 13%: 0.21+0.87+0.007 ms clock, 2.5+1.1/1.2/0+0.084 ms cpu, 65->68->34 MB, 69 MB goal, 0 MB stacks, 0 MB globals, 12 P
gc 2229 @9.421s 13%: 0.27+0.78+0.082 ms clock, 3.2+1.5/1.0/0+0.98 ms cpu, 61->69->34 MB, 69 MB goal, 0 MB stacks, 0 MB globals, 12 P
gc 2230 @9.424s 13%: 0.19+1.0+0.078 ms clock, 2.3+1.1/1.3/0+0.93 ms cpu, 62->69->36 MB, 69 MB goal, 0 MB stacks, 0 MB globals, 12 P
gc 2231 @9.427s 13%: 0.26+0.98+0.082 ms clock, 3.1+1.2/1.6/0+0.99 ms cpu, 63->72->39 MB, 73 MB goal, 0 MB stacks, 0 MB globals, 12 P
gc 2232 @9.431s 13%: 0.13+1.0+0.13 ms clock, 1.6+0.81/1.0/0+1.6 ms cpu, 67->79->36 MB, 79 MB goal, 0 MB stacks, 0 MB globals, 12 P
gc 2233 @9.434s 13%: 0.30+1.4+0.077 ms clock, 3.6+1.3/1.9/0.055+0.92 ms cpu, 63->74->36 MB, 73 MB goal, 0 MB stacks, 0 MB globals, 12 P
gc 2234 @9.438s 13%: 0.33+1.4+0.018 ms clock, 4.0+0.74/1.2/0+0.21 ms cpu, 62->73->38 MB, 73 MB goal, 0 MB stacks, 0 MB globals, 12 P
gc 2235 @9.441s 13%: 0.31+1.4+0.048 ms clock, 3.7+0.95/1.6/0+0.57 ms cpu, 66->78->37 MB, 77 MB goal, 0 MB stacks, 0 MB globals, 12 P
gc 2236 @9.445s 13%: 0.22+1.2+0.009 ms clock, 2.7+1.7/1.5/0+0.11 ms cpu, 65->74->37 MB, 75 MB goal, 0 MB stacks, 0 MB globals, 12 P
gc 2237 @9.448s 13%: 0.32+0.93+0.067 ms clock, 3.8+1.2/1.1/0+0.81 ms cpu, 64->71->32 MB, 75 MB goal, 0 MB stacks, 0 MB globals, 12 P
gc 2238 @9.451s 13%: 0.38+1.3+0.017 ms clock, 4.6+0.93/1.4/0+0.21 ms cpu, 56->67->37 MB, 65 MB goal, 0 MB stacks, 0 MB globals, 12 P
gc 2239 @9.455s 13%: 0.34+1.4+0.095 ms clock, 4.1+1.2/1.3/0+1.1 ms cpu, 65->78->40 MB, 75 MB goal, 0 MB stacks, 0 MB globals, 12 P
gc 2240 @9.459s 13%: 0.21+1.0+0.084 ms clock, 2.5+1.2/1.1/0+1.0 ms cpu, 72->80->35 MB, 81 MB goal, 0 MB stacks, 0 MB globals, 12 P
gc 2241 @9.462s 13%: 0.18+0.70+0.14 ms clock, 2.2+1.6/1.4/0+1.7 ms cpu, 61->67->31 MB, 71 MB goal, 0 MB stacks, 0 MB globals, 12 P
gc 2242 @9.464s 13%: 0.29+1.6+0.073 ms clock, 3.5+1.4/1.3/0+0.88 ms cpu, 55->69->44 MB, 63 MB goal, 0 MB stacks, 0 MB globals, 12 P
gc 2243 @9.469s 13%: 0.44+2.0+0.098 ms clock, 5.3+0.87/1.5/0+1.1 ms cpu, 77->92->45 MB, 89 MB goal, 0 MB stacks, 0 MB globals, 12 P
gc 2244 @9.473s 13%: 0.35+1.2+0.087 ms clock, 4.2+1.2/1.6/0+1.0 ms cpu, 79->90->39 MB, 91 MB goal, 0 MB stacks, 0 MB globals, 12 P
gc 2245 @9.477s 13%: 0.34+1.7+0.047 ms clock, 4.1+1.2/1.3/0+0.56 ms cpu, 68->81->39 MB, 79 MB goal, 0 MB stacks, 0 MB globals, 12 P
gc 2246 @9.481s 13%: 0.39+1.3+0.029 ms clock, 4.6+1.3/1.3/0+0.35 ms cpu, 67->80->39 MB, 79 MB goal, 0 MB stacks, 0 MB globals, 12 P
gc 2247 @9.485s 13%: 0.19+1.3+0.023 ms clock, 2.3+1.3/1.7/0.047+0.27 ms cpu, 69->78->39 MB, 79 MB goal, 0 MB stacks, 0 MB globals, 12 P
gc 2248 @9.489s 13%: 0.33+1.4+0.036 ms clock, 3.9+0.86/1.3/0+0.43 ms cpu, 68->82->40 MB, 79 MB goal, 0 MB stacks, 0 MB globals, 12 P
gc 2249 @9.492s 13%: 0.26+1.0+0.081 ms clock, 3.2+0.93/1.2/0+0.98 ms cpu, 69->80->35 MB, 81 MB goal, 0 MB stacks, 0 MB globals, 12 P
gc 2250 @9.496s 13%: 0.25+0.77+0.026 ms clock, 3.0+1.0/1.1/0+0.32 ms cpu, 66->70->35 MB, 71 MB goal, 0 MB stacks, 0 MB globals, 12 P
gc 2251 @9.499s 13%: 0.23+1.5+0.025 ms clock, 2.8+1.4/1.3/0+0.30 ms cpu, 61->74->37 MB, 71 MB goal, 0 MB stacks, 0 MB globals, 12 P
gc 2252 @9.502s 13%: 0.17+1.9+0.026 ms clock, 2.1+1.6/1.7/0+0.31 ms cpu, 64->80->44 MB, 75 MB goal, 0 MB stacks, 0 MB globals, 12 P
gc 2253 @9.507s 13%: 0.35+1.4+0.13 ms clock, 4.3+1.3/0.95/0.022+1.5 ms cpu, 76->90->40 MB, 89 MB goal, 0 MB stacks, 0 MB globals, 12 P
gc 2254 @9.511s 13%: 0.26+1.1+0.033 ms clock, 3.2+0.90/1.4/0+0.40 ms cpu, 72->80->39 MB, 81 MB goal, 0 MB stacks, 0 MB globals, 12 P
gc 2255 @9.515s 13%: 0.36+0.87+0.12 ms clock, 4.4+1.3/1.1/0+1.4 ms cpu, 71->79->38 MB, 79 MB goal, 0 MB stacks, 0 MB globals, 12 P
gc 2256 @9.518s 13%: 0.16+1.0+0.11 ms clock, 1.9+1.3/1.4/0+1.3 ms cpu, 67->78->38 MB, 77 MB goal, 0 MB stacks, 0 MB globals, 12 P
gc 2257 @9.522s 13%: 0.26+1.0+0.050 ms clock, 3.1+1.1/1.2/0+0.60 ms cpu, 67->74->32 MB, 77 MB goal, 0 MB stacks, 0 MB globals, 12 P
gc 2258 @9.524s 13%: 0.15+1.1+0.041 ms clock, 1.8+1.1/1.7/0+0.49 ms cpu, 56->64->50 MB, 65 MB goal, 0 MB stacks, 0 MB globals, 12 P
gc 2259 @9.528s 13%: 0.31+1.3+0.17 ms clock, 3.7+1.1/1.5/0+2.1 ms cpu, 86->100->38 MB, 100 MB goal, 0 MB stacks, 0 MB globals, 12 P
gc 2260 @9.532s 13%: 0.23+1.2+0.008 ms clock, 2.7+1.2/0.99/0+0.10 ms cpu, 68->79->36 MB, 77 MB goal, 0 MB stacks, 0 MB globals, 12 P
gc 2261 @9.536s 13%: 0.41+0.73+0.12 ms clock, 4.9+1.2/1.0/0+1.4 ms cpu, 64->71->32 MB, 73 MB goal, 0 MB stacks, 0 MB globals, 12 P
gc 2262 @9.538s 13%: 0.24+1.0+0.14 ms clock, 2.9+0.68/1.6/0+1.6 ms cpu, 56->62->36 MB, 65 MB goal, 0 MB stacks, 0 MB globals, 12 P
gc 2263 @9.541s 13%: 0.34+1.4+0.094 ms clock, 4.1+0.49/1.4/0+1.1 ms cpu, 62->74->42 MB, 73 MB goal, 0 MB stacks, 0 MB globals, 12 P
gc 2264 @9.546s 13%: 0.34+1.1+0.10 ms clock, 4.1+1.0/1.2/0+1.2 ms cpu, 75->84->39 MB, 85 MB goal, 0 MB stacks, 0 MB globals, 12 P
gc 2265 @9.549s 13%: 0.23+1.0+0.095 ms clock, 2.7+1.4/1.5/0+1.1 ms cpu, 69->77->34 MB, 79 MB goal, 0 MB stacks, 0 MB globals, 12 P
gc 2266 @9.553s 13%: 0.11+1.1+0.18 ms clock, 1.4+1.4/1.4/0+2.1 ms cpu, 59->71->38 MB, 69 MB goal, 0 MB stacks, 0 MB globals, 12 P
gc 2267 @9.556s 13%: 0.44+1.2+0.012 ms clock, 5.2+2.1/1.4/0+0.15 ms cpu, 66->78->38 MB, 77 MB goal, 0 MB stacks, 0 MB globals, 12 P
gc 2268 @9.560s 13%: 0.48+1.1+0.036 ms clock, 5.8+1.2/0.96/0+0.44 ms cpu, 67->77->35 MB, 77 MB goal, 0 MB stacks, 0 MB globals, 12 P
gc 2269 @9.563s 13%: 0.30+1.6+0.038 ms clock, 3.6+1.2/1.1/0+0.46 ms cpu, 63->75->41 MB, 71 MB goal, 0 MB stacks, 0 MB globals, 12 P
gc 2270 @9.567s 13%: 0.26+1.4+0.13 ms clock, 3.1+0.63/2.4/0+1.6 ms cpu, 71->84->39 MB, 83 MB goal, 0 MB stacks, 0 MB globals, 12 P
gc 2271 @9.571s 13%: 0.27+1.0+0.085 ms clock, 3.2+1.3/1.1/0+1.0 ms cpu, 68->79->42 MB, 79 MB goal, 0 MB stacks, 0 MB globals, 12 P
gc 2272 @9.575s 13%: 0.16+0.88+0.057 ms clock, 2.0+1.2/1.2/0+0.68 ms cpu, 78->84->38 MB, 85 MB goal, 0 MB stacks, 0 MB globals, 12 P
gc 2273 @9.578s 13%: 0.19+1.2+0.072 ms clock, 2.3+1.0/1.4/0+0.87 ms cpu, 69->79->35 MB, 77 MB goal, 0 MB stacks, 0 MB globals, 12 P
gc 2274 @9.581s 13%: 0.32+0.97+0.034 ms clock, 3.9+0.40/1.8/0+0.40 ms cpu, 63->68->37 MB, 71 MB goal, 0 MB stacks, 0 MB globals, 12 P
gc 2275 @9.585s 13%: 0.19+1.7+0.097 ms clock, 2.3+1.4/1.3/0+1.1 ms cpu, 64->78->40 MB, 75 MB goal, 0 MB stacks, 0 MB globals, 12 P
gc 2276 @9.589s 13%: 0.21+1.3+0.056 ms clock, 2.6+1.5/1.0/0+0.67 ms cpu, 70->81->36 MB, 81 MB goal, 0 MB stacks, 0 MB globals, 12 P
gc 2277 @9.592s 13%: 0.22+1.5+0.028 ms clock, 2.7+1.1/2.0/0+0.33 ms cpu, 62->72->38 MB, 73 MB goal, 0 MB stacks, 0 MB globals, 12 P
gc 2278 @9.596s 13%: 0.38+1.0+0.14 ms clock, 4.6+1.2/1.1/0+1.7 ms cpu, 66->78->37 MB, 77 MB goal, 0 MB stacks, 0 MB globals, 12 P
gc 2279 @9.600s 13%: 0.28+0.91+0.068 ms clock, 3.4+1.4/1.1/0+0.82 ms cpu, 67->74->34 MB, 75 MB goal, 0 MB stacks, 0 MB globals, 12 P
gc 2280 @9.602s 13%: 0.48+1.3+0.16 ms clock, 5.7+1.5/2.2/0+1.9 ms cpu, 61->71->41 MB, 69 MB goal, 0 MB stacks, 0 MB globals, 12 P
gc 2281 @9.607s 13%: 0.38+1.0+0.13 ms clock, 4.5+1.2/1.0/0+1.5 ms cpu, 73->82->39 MB, 83 MB goal, 0 MB stacks, 0 MB globals, 12 P
gc 2282 @9.611s 13%: 0.24+1.2+0.034 ms clock, 2.9+1.6/1.8/0+0.41 ms cpu, 71->78->39 MB, 79 MB goal, 0 MB stacks, 0 MB globals, 12 P
gc 2283 @9.614s 13%: 0.30+1.3+0.16 ms clock, 3.6+1.3/1.3/0+1.9 ms cpu, 68->83->41 MB, 79 MB goal, 0 MB stacks, 0 MB globals, 12 P
gc 2284 @9.618s 13%: 0.24+1.2+0.18 ms clock, 2.9+1.5/1.0/0+2.1 ms cpu, 71->87->43 MB, 83 MB goal, 0 MB stacks, 0 MB globals, 12 P
gc 2285 @9.622s 13%: 0.26+1.6+0.082 ms clock, 3.1+1.5/1.4/0+0.98 ms cpu, 75->88->39 MB, 87 MB goal, 0 MB stacks, 0 MB globals, 12 P
gc 2286 @9.626s 13%: 0.41+0.97+0.093 ms clock, 4.9+1.1/1.1/0+1.1 ms cpu, 69->79->38 MB, 79 MB goal, 0 MB stacks, 0 MB globals, 12 P
gc 2287 @9.630s 13%: 0.11+1.2+0.036 ms clock, 1.4+1.0/1.4/0+0.43 ms cpu, 67->75->37 MB, 77 MB goal, 0 MB stacks, 0 MB globals, 12 P
gc 2288 @9.633s 13%: 0.25+0.99+0.12 ms clock, 3.0+1.2/1.5/0+1.4 ms cpu, 66->77->38 MB, 75 MB goal, 0 MB stacks, 0 MB globals, 12 P
gc 2289 @9.637s 13%: 0.23+1.3+0.12 ms clock, 2.7+1.5/1.2/0+1.5 ms cpu, 66->79->41 MB, 77 MB goal, 0 MB stacks, 0 MB globals, 12 P
gc 2290 @9.640s 13%: 0.31+1.1+0.096 ms clock, 3.8+1.1/1.5/0+1.1 ms cpu, 74->82->40 MB, 83 MB goal, 0 MB stacks, 0 MB globals, 12 P
gc 2291 @9.644s 13%: 0.23+1.1+0.053 ms clock, 2.8+1.2/1.0/0+0.64 ms cpu, 72->83->52 MB, 81 MB goal, 0 MB stacks, 0 MB globals, 12 P
gc 2292 @9.648s 13%: 0.38+1.6+0.051 ms clock, 4.6+1.3/1.2/0+0.61 ms cpu, 90->103->44 MB, 104 MB goal, 0 MB stacks, 0 MB globals, 12 P
gc 2293 @9.653s 13%: 0.29+1.2+0.062 ms clock, 3.5+1.2/0.93/0+0.75 ms cpu, 79->90->42 MB, 89 MB goal, 0 MB stacks, 0 MB globals, 12 P
gc 2294 @9.657s 13%: 0.41+1.2+0.025 ms clock, 4.9+1.3/1.0/0+0.30 ms cpu, 74->84->39 MB, 85 MB goal, 0 MB stacks, 0 MB globals, 12 P
gc 2295 @9.661s 13%: 0.30+1.0+0.056 ms clock, 3.6+0.96/1.7/0+0.68 ms cpu, 70->77->38 MB, 79 MB goal, 0 MB stacks, 0 MB globals, 12 P
gc 2296 @9.664s 13%: 0.34+1.0+0.041 ms clock, 4.1+0.75/1.9/0.10+0.49 ms cpu, 69->76->50 MB, 77 MB goal, 0 MB stacks, 0 MB globals, 12 P
gc 2297 @9.668s 13%: 0.25+2.0+0.032 ms clock, 3.0+1.2/2.1/0+0.39 ms cpu, 87->105->49 MB, 100 MB goal, 0 MB stacks, 0 MB globals, 12 P
gc 2298 @9.673s 13%: 0.25+1.1+0.15 ms clock, 3.0+1.2/1.4/0+1.8 ms cpu, 86->102->44 MB, 99 MB goal, 0 MB stacks, 0 MB globals, 12 P
gc 2299 @9.677s 13%: 0.21+1.3+0.042 ms clock, 2.6+1.4/1.0/0+0.51 ms cpu, 77->87->40 MB, 89 MB goal, 0 MB stacks, 0 MB globals, 12 P
gc 2300 @9.681s 13%: 0.23+1.6+0.079 ms clock, 2.7+2.3/1.4/0+0.94 ms cpu, 69->85->40 MB, 81 MB goal, 0 MB stacks, 0 MB globals, 12 P
gc 2301 @9.685s 13%: 0.26+1.3+0.018 ms clock, 3.1+1.5/1.0/0+0.21 ms cpu, 70->79->53 MB, 81 MB goal, 0 MB stacks, 0 MB globals, 12 P
gc 2302 @9.689s 13%: 0.44+1.0+0.17 ms clock, 5.3+1.1/1.3/0+2.1 ms cpu, 92->105->42 MB, 106 MB goal, 0 MB stacks, 0 MB globals, 12 P
gc 2303 @9.693s 13%: 0.21+0.91+0.12 ms clock, 2.6+1.2/0.97/0+1.4 ms cpu, 72->85->38 MB, 85 MB goal, 0 MB stacks, 0 MB globals, 12 P
gc 2304 @9.697s 13%: 0.26+0.86+0.024 ms clock, 3.1+0.88/1.5/0+0.29 ms cpu, 72->76->34 MB, 77 MB goal, 0 MB stacks, 0 MB globals, 12 P
gc 2305 @9.700s 13%: 0.20+1.1+0.095 ms clock, 2.4+1.3/1.0/0+1.1 ms cpu, 60->68->35 MB, 69 MB goal, 0 MB stacks, 0 MB globals, 12 P
gc 2306 @9.703s 13%: 0.32+1.3+0.043 ms clock, 3.8+1.0/1.1/0+0.52 ms cpu, 62->73->37 MB, 71 MB goal, 0 MB stacks, 0 MB globals, 12 P
gc 2307 @9.707s 13%: 0.31+0.89+0.064 ms clock, 3.8+1.4/1.1/0+0.77 ms cpu, 70->75->33 MB, 75 MB goal, 0 MB stacks, 0 MB globals, 12 P
gc 2308 @9.710s 13%: 0.21+1.3+0.065 ms clock, 2.5+0.87/1.5/0+0.79 ms cpu, 57->69->41 MB, 67 MB goal, 0 MB stacks, 0 MB globals, 12 P
gc 2309 @9.714s 13%: 0.27+1.3+0.10 ms clock, 3.3+0.78/1.2/0+1.2 ms cpu, 72->84->39 MB, 83 MB goal, 0 MB stacks, 0 MB globals, 12 P
gc 2310 @9.718s 13%: 0.29+1.7+0.051 ms clock, 3.5+1.1/1.5/0+0.61 ms cpu, 67->84->44 MB, 79 MB goal, 0 MB stacks, 0 MB globals, 12 P
gc 2311 @9.722s 13%: 0.43+1.3+0.089 ms clock, 5.2+1.1/1.2/0+1.0 ms cpu, 79->89->37 MB, 89 MB goal, 0 MB stacks, 0 MB globals, 12 P
gc 2312 @9.726s 13%: 0.39+1.0+0.066 ms clock, 4.6+0.10/0.81/0+0.79 ms cpu, 65->75->40 MB, 75 MB goal, 0 MB stacks, 0 MB globals, 12 P
gc 2313 @9.730s 13%: 0.19+1.1+0.044 ms clock, 2.3+1.4/1.3/0+0.53 ms cpu, 71->81->37 MB, 81 MB goal, 0 MB stacks, 0 MB globals, 12 P
gc 2314 @9.733s 13%: 0.20+1.4+0.099 ms clock, 2.4+1.3/1.0/0+1.1 ms cpu, 64->81->44 MB, 75 MB goal, 0 MB stacks, 0 MB globals, 12 P
gc 2315 @9.738s 13%: 0.31+1.5+0.010 ms clock, 3.7+0.79/1.6/0+0.13 ms cpu, 79->88->37 MB, 89 MB goal, 0 MB stacks, 0 MB globals, 12 P
gc 2316 @9.741s 13%: 0.20+0.68+0.15 ms clock, 2.4+1.1/1.0/0+1.8 ms cpu, 64->73->33 MB, 75 MB goal, 0 MB stacks, 0 MB globals, 12 P
gc 2317 @9.744s 13%: 0.24+1.2+0.031 ms clock, 2.8+1.2/1.0/0+0.37 ms cpu, 57->69->38 MB, 67 MB goal, 0 MB stacks, 0 MB globals, 12 P
gc 2318 @9.748s 13%: 0.15+1.0+0.11 ms clock, 1.8+1.4/1.6/0.047+1.3 ms cpu, 68->76->36 MB, 77 MB goal, 0 MB stacks, 0 MB globals, 12 P
gc 2319 @9.751s 13%: 0.24+0.76+0.13 ms clock, 2.8+0.95/1.2/0+1.6 ms cpu, 63->69->35 MB, 73 MB goal, 0 MB stacks, 0 MB globals, 12 P
gc 2320 @9.754s 13%: 0.31+1.4+0.12 ms clock, 3.8+1.1/1.6/0+1.4 ms cpu, 60->72->40 MB, 71 MB goal, 0 MB stacks, 0 MB globals, 12 P
gc 2321 @9.758s 13%: 0.30+1.2+0.012 ms clock, 3.6+0.88/0.91/0+0.14 ms cpu, 69->80->37 MB, 81 MB goal, 0 MB stacks, 0 MB globals, 12 P
gc 2322 @9.761s 13%: 0.26+1.0+0.060 ms clock, 3.1+0.95/1.7/0+0.72 ms cpu, 66->73->34 MB, 75 MB goal, 0 MB stacks, 0 MB globals, 12 P
gc 2323 @9.764s 13%: 0.37+1.2+0.088 ms clock, 4.5+1.0/1.5/0+1.0 ms cpu, 61->70->34 MB, 69 MB goal, 0 MB stacks, 0 MB globals, 12 P
gc 2324 @9.768s 13%: 0.14+0.94+0.032 ms clock, 1.7+1.5/1.5/0+0.39 ms cpu, 62->67->33 MB, 69 MB goal, 0 MB stacks, 0 MB globals, 12 P
gc 2325 @9.770s 13%: 0.50+1.0+0.010 ms clock, 6.0+1.5/1.3/0+0.12 ms cpu, 60->65->36 MB, 67 MB goal, 0 MB stacks, 0 MB globals, 12 P
gc 2326 @9.773s 13%: 0.18+0.85+0.28 ms clock, 2.1+1.0/0.68/0+3.3 ms cpu, 62->75->40 MB, 73 MB goal, 0 MB stacks, 0 MB globals, 12 P
gc 2327 @9.777s 13%: 0.27+0.68+0.11 ms clock, 3.2+1.2/1.0/0+1.3 ms cpu, 69->78->37 MB, 81 MB goal, 0 MB stacks, 0 MB globals, 12 P
gc 2328 @9.780s 13%: 0.19+1.4+0.088 ms clock, 2.3+1.1/0.89/0+1.0 ms cpu, 67->79->37 MB, 75 MB goal, 0 MB stacks, 0 MB globals, 12 P
gc 2329 @9.784s 13%: 0.30+1.2+0.049 ms clock, 3.6+1.1/1.2/0+0.58 ms cpu, 66->77->37 MB, 75 MB goal, 0 MB stacks, 0 MB globals, 12 P
gc 2330 @9.787s 13%: 0.26+1.7+0.078 ms clock, 3.1+2.0/1.6/0+0.94 ms cpu, 64->80->43 MB, 75 MB goal, 0 MB stacks, 0 MB globals, 12 P
gc 2331 @9.792s 13%: 0.49+1.3+0.071 ms clock, 5.9+1.3/1.1/0+0.85 ms cpu, 77->88->40 MB, 87 MB goal, 0 MB stacks, 0 MB globals, 12 P
gc 2332 @9.796s 13%: 0.21+1.5+0.064 ms clock, 2.5+1.1/1.4/0+0.77 ms cpu, 70->82->38 MB, 81 MB goal, 0 MB stacks, 0 MB globals, 12 P
gc 2333 @9.800s 13%: 0.19+1.7+0.12 ms clock, 2.3+1.2/1.8/0+1.5 ms cpu, 68->82->44 MB, 77 MB goal, 0 MB stacks, 0 MB globals, 12 P
gc 2334 @9.804s 13%: 0.29+1.1+0.016 ms clock, 3.4+1.1/1.0/0+0.19 ms cpu, 78->86->38 MB, 89 MB goal, 0 MB stacks, 0 MB globals, 12 P
gc 2335 @9.808s 13%: 0.18+1.0+0.12 ms clock, 2.2+1.3/1.0/0+1.5 ms cpu, 67->78->38 MB, 77 MB goal, 0 MB stacks, 0 MB globals, 12 P
gc 2336 @9.812s 13%: 0.22+0.97+0.059 ms clock, 2.6+1.2/1.3/0+0.71 ms cpu, 68->76->34 MB, 77 MB goal, 0 MB stacks, 0 MB globals, 12 P
gc 2337 @9.814s 13%: 0.38+0.89+0.13 ms clock, 4.6+0.63/1.6/0+1.6 ms cpu, 59->65->33 MB, 69 MB goal, 0 MB stacks, 0 MB globals, 12 P
gc 2338 @9.817s 13%: 0.40+1.0+0.042 ms clock, 4.8+1.1/1.9/0+0.51 ms cpu, 58->66->35 MB, 67 MB goal, 0 MB stacks, 0 MB globals, 12 P
gc 2339 @9.821s 13%: 0.18+1.3+0.13 ms clock, 2.2+1.5/1.1/0+1.6 ms cpu, 61->76->43 MB, 71 MB goal, 0 MB stacks, 0 MB globals, 12 P
gc 2340 @9.825s 13%: 0.24+1.6+0.10 ms clock, 2.8+0.93/1.5/0+1.3 ms cpu, 79->91->42 MB, 87 MB goal, 0 MB stacks, 0 MB globals, 12 P
gc 2341 @9.830s 13%: 0.35+1.3+0.036 ms clock, 4.2+1.1/0.88/0+0.43 ms cpu, 74->86->38 MB, 85 MB goal, 0 MB stacks, 0 MB globals, 12 P
gc 2342 @9.833s 13%: 0.22+1.5+0.10 ms clock, 2.6+0.75/1.7/0+1.2 ms cpu, 67->78->40 MB, 77 MB goal, 0 MB stacks, 0 MB globals, 12 P
gc 2343 @9.837s 13%: 0.42+1.3+0.075 ms clock, 5.1+1.0/1.2/0+0.90 ms cpu, 69->82->39 MB, 81 MB goal, 0 MB stacks, 0 MB globals, 12 P
gc 2344 @9.841s 13%: 0.29+1.6+0.053 ms clock, 3.4+1.4/1.1/0+0.63 ms cpu, 69->85->44 MB, 79 MB goal, 0 MB stacks, 0 MB globals, 12 P
gc 2345 @9.846s 13%: 0.31+1.0+0.030 ms clock, 3.8+1.4/1.1/0+0.36 ms cpu, 78->86->39 MB, 89 MB goal, 0 MB stacks, 0 MB globals, 12 P
gc 2346 @9.849s 13%: 0.18+1.0+0.047 ms clock, 2.2+1.1/1.6/0+0.56 ms cpu, 71->80->38 MB, 79 MB goal, 0 MB stacks, 0 MB globals, 12 P
gc 2347 @9.853s 13%: 0.32+0.88+0.077 ms clock, 3.8+0.98/1.2/0+0.92 ms cpu, 68->76->32 MB, 77 MB goal, 0 MB stacks, 0 MB globals, 12 P
gc 2348 @9.856s 13%: 0.19+1.6+0.037 ms clock, 2.3+1.4/2.0/0+0.45 ms cpu, 55->67->39 MB, 65 MB goal, 0 MB stacks, 0 MB globals, 12 P
gc 2349 @9.859s 13%: 0.25+1.3+0.059 ms clock, 3.0+0.85/1.9/0+0.70 ms cpu, 69->78->37 MB, 79 MB goal, 0 MB stacks, 0 MB globals, 12 P
gc 2350 @9.863s 13%: 0.33+1.5+0.018 ms clock, 3.9+1.3/1.2/0+0.22 ms cpu, 67->79->42 MB, 75 MB goal, 0 MB stacks, 0 MB globals, 12 P
gc 2351 @9.867s 13%: 0.35+1.4+0.11 ms clock, 4.2+1.4/1.6/0+1.3 ms cpu, 75->88->44 MB, 85 MB goal, 0 MB stacks, 0 MB globals, 12 P
gc 2352 @9.872s 13%: 0.21+1.0+0.055 ms clock, 2.6+1.0/1.1/0+0.66 ms cpu, 79->88->36 MB, 89 MB goal, 0 MB stacks, 0 MB globals, 12 P
gc 2353 @9.875s 13%: 0.24+0.88+0.073 ms clock, 2.9+1.3/1.2/0+0.87 ms cpu, 62->73->34 MB, 73 MB goal, 0 MB stacks, 0 MB globals, 12 P
gc 2354 @9.878s 13%: 0.18+2.2+0.10 ms clock, 2.2+0.81/1.6/0+1.2 ms cpu, 60->80->50 MB, 69 MB goal, 0 MB stacks, 0 MB globals, 12 P
gc 2355 @9.884s 13%: 0.38+1.1+0.21 ms clock, 4.6+0.57/1.6/0+2.6 ms cpu, 89->97->39 MB, 101 MB goal, 0 MB stacks, 0 MB globals, 12 P
gc 2356 @9.887s 13%: 0.29+1.3+0.011 ms clock, 3.5+0.40/1.3/0+0.13 ms cpu, 67->76->40 MB, 79 MB goal, 0 MB stacks, 0 MB globals, 12 P
gc 2357 @9.891s 13%: 0.26+1.1+0.088 ms clock, 3.1+0.81/1.8/0.050+1.0 ms cpu, 73->80->36 MB, 81 MB goal, 0 MB stacks, 0 MB globals, 12 P
gc 2358 @9.895s 13%: 0.49+1.1+0.012 ms clock, 5.9+1.2/1.8/0+0.15 ms cpu, 64->71->36 MB, 73 MB goal, 0 MB stacks, 0 MB globals, 12 P
gc 2359 @9.898s 13%: 0.22+1.2+0.013 ms clock, 2.7+1.0/1.4/0+0.16 ms cpu, 63->71->33 MB, 73 MB goal, 0 MB stacks, 0 MB globals, 12 P
gc 2360 @9.901s 13%: 0.29+1.5+0.003 ms clock, 3.5+1.5/1.7/0+0.046 ms cpu, 58->70->41 MB, 67 MB goal, 0 MB stacks, 0 MB globals, 12 P
gc 2361 @9.905s 13%: 0.27+1.5+0.082 ms clock, 3.2+0.81/1.7/0+0.99 ms cpu, 73->83->40 MB, 83 MB goal, 0 MB stacks, 0 MB globals, 12 P
gc 2362 @9.909s 13%: 0.40+1.0+0.026 ms clock, 4.8+1.0/1.8/0+0.31 ms cpu, 73->79->35 MB, 81 MB goal, 0 MB stacks, 0 MB globals, 12 P
gc 2363 @9.912s 13%: 0.29+1.4+0.20 ms clock, 3.4+0.68/1.2/0+2.4 ms cpu, 61->76->42 MB, 71 MB goal, 0 MB stacks, 0 MB globals, 12 P
gc 2364 @9.917s 13%: 0.37+1.1+0.039 ms clock, 4.5+1.1/1.1/0+0.47 ms cpu, 72->83->38 MB, 85 MB goal, 0 MB stacks, 0 MB globals, 12 P
gc 2365 @9.920s 13%: 0.42+1.1+0.11 ms clock, 5.0+1.0/1.5/0+1.3 ms cpu, 68->78->39 MB, 77 MB goal, 0 MB stacks, 0 MB globals, 12 P
gc 2366 @9.924s 13%: 0.29+1.0+0.083 ms clock, 3.5+0.88/1.1/0+1.0 ms cpu, 68->77->38 MB, 79 MB goal, 0 MB stacks, 0 MB globals, 12 P
gc 2367 @9.928s 13%: 0.23+1.3+0.11 ms clock, 2.7+1.1/1.5/0+1.3 ms cpu, 70->82->40 MB, 77 MB goal, 0 MB stacks, 0 MB globals, 12 P
gc 2368 @9.932s 13%: 0.42+1.2+0.16 ms clock, 5.0+1.3/1.2/0+1.9 ms cpu, 71->82->37 MB, 81 MB goal, 0 MB stacks, 0 MB globals, 12 P
gc 2369 @9.935s 13%: 0.26+1.3+0.060 ms clock, 3.2+1.0/2.2/0+0.72 ms cpu, 64->74->38 MB, 75 MB goal, 0 MB stacks, 0 MB globals, 12 P
gc 2370 @9.939s 13%: 0.27+0.95+0.052 ms clock, 3.2+1.2/1.2/0+0.63 ms cpu, 70->75->35 MB, 77 MB goal, 0 MB stacks, 0 MB globals, 12 P
gc 2371 @9.942s 13%: 0.18+1.0+0.061 ms clock, 2.2+1.0/1.8/0+0.73 ms cpu, 63->69->36 MB, 71 MB goal, 0 MB stacks, 0 MB globals, 12 P
gc 2372 @9.945s 13%: 0.22+1.1+0.092 ms clock, 2.7+1.3/1.1/0+1.1 ms cpu, 62->71->36 MB, 73 MB goal, 0 MB stacks, 0 MB globals, 12 P
gc 2373 @9.949s 13%: 0.23+1.3+0.032 ms clock, 2.8+1.6/1.6/0+0.39 ms cpu, 63->74->36 MB, 73 MB goal, 0 MB stacks, 0 MB globals, 12 P
gc 2374 @9.952s 13%: 0.26+1.1+0.091 ms clock, 3.1+1.4/1.5/0+1.0 ms cpu, 62->73->39 MB, 73 MB goal, 0 MB stacks, 0 MB globals, 12 P
gc 2375 @9.956s 13%: 0.20+1.1+0.005 ms clock, 2.4+1.5/1.7/0+0.063 ms cpu, 69->76->32 MB, 79 MB goal, 0 MB stacks, 0 MB globals, 12 P
gc 2376 @9.958s 13%: 0.32+0.88+0.051 ms clock, 3.8+0.93/1.4/0+0.62 ms cpu, 55->62->33 MB, 65 MB goal, 0 MB stacks, 0 MB globals, 12 P
gc 2377 @9.961s 13%: 0.17+1.1+0.088 ms clock, 2.0+0.99/1.4/0+1.0 ms cpu, 57->65->37 MB, 67 MB goal, 0 MB stacks, 0 MB globals, 12 P
gc 2378 @9.964s 13%: 0.34+1.4+0.031 ms clock, 4.1+0.99/1.7/0+0.38 ms cpu, 66->76->38 MB, 75 MB goal, 0 MB stacks, 0 MB globals, 12 P
gc 2379 @9.968s 13%: 0.23+1.3+0.088 ms clock, 2.7+1.2/1.2/0+1.0 ms cpu, 66->78->36 MB, 77 MB goal, 0 MB stacks, 0 MB globals, 12 P
gc 2380 @9.972s 13%: 0.21+1.5+0.013 ms clock, 2.5+1.3/0.98/0+0.16 ms cpu, 62->77->39 MB, 73 MB goal, 0 MB stacks, 0 MB globals, 12 P
gc 2381 @9.976s 13%: 0.34+1.2+0.070 ms clock, 4.1+1.3/1.7/0+0.84 ms cpu, 69->78->38 MB, 79 MB goal, 0 MB stacks, 0 MB globals, 12 P
gc 2382 @9.980s 13%: 0.35+0.99+0.025 ms clock, 4.2+1.4/1.1/0+0.30 ms cpu, 69->76->36 MB, 77 MB goal, 0 MB stacks, 0 MB globals, 12 P
gc 2383 @9.983s 13%: 0.37+1.2+0.079 ms clock, 4.5+0.82/1.9/0+0.95 ms cpu, 62->74->41 MB, 73 MB goal, 0 MB stacks, 0 MB globals, 12 P
gc 2384 @9.987s 13%: 0.30+1.0+0.10 ms clock, 3.7+0.90/1.3/0+1.2 ms cpu, 72->82->37 MB, 83 MB goal, 0 MB stacks, 0 MB globals, 12 P
gc 2385 @9.990s 13%: 0.20+1.4+0.14 ms clock, 2.4+1.1/1.6/0+1.7 ms cpu, 65->77->54 MB, 75 MB goal, 0 MB stacks, 0 MB globals, 12 P
gc 2386 @9.995s 13%: 0.41+1.6+0.12 ms clock, 4.9+0.65/2.0/0+1.4 ms cpu, 96->108->40 MB, 108 MB goal, 0 MB stacks, 0 MB globals, 12 P
gc 2387 @9.999s 13%: 0.38+1.2+0.039 ms clock, 4.5+0.86/1.6/0+0.47 ms cpu, 69->78->39 MB, 81 MB goal, 0 MB stacks, 0 MB globals, 12 P
gc 2388 @10.003s 13%: 0.13+1.6+0.10 ms clock, 1.6+1.5/1.1/0+1.2 ms cpu, 67->81->41 MB, 79 MB goal, 0 MB stacks, 0 MB globals, 12 P
gc 2389 @10.007s 13%: 0.29+1.0+0.057 ms clock, 3.4+1.4/1.6/0+0.69 ms cpu, 74->81->34 MB, 83 MB goal, 0 MB stacks, 0 MB globals, 12 P
gc 2390 @10.010s 13%: 0.29+1.0+0.10 ms clock, 3.5+0.97/1.3/0+1.2 ms cpu, 61->67->34 MB, 69 MB goal, 0 MB stacks, 0 MB globals, 12 P
gc 2391 @10.013s 13%: 0.33+1.3+0.017 ms clock, 3.9+0.98/1.1/0+0.20 ms cpu, 59->69->36 MB, 69 MB goal, 0 MB stacks, 0 MB globals, 12 P
gc 2392 @10.017s 13%: 0.24+0.87+0.032 ms clock, 2.9+1.2/1.2/0+0.38 ms cpu, 65->71->32 MB, 73 MB goal, 0 MB stacks, 0 MB globals, 12 P
gc 2393 @10.020s 13%: 0.29+0.89+0.050 ms clock, 3.5+1.1/1.1/0+0.60 ms cpu, 55->65->35 MB, 65 MB goal, 0 MB stacks, 0 MB globals, 12 P
gc 2394 @10.023s 13%: 0.39+1.1+0.037 ms clock, 4.7+1.3/1.3/0+0.44 ms cpu, 63->71->34 MB, 71 MB goal, 0 MB stacks, 0 MB globals, 12 P
gc 2395 @10.027s 13%: 0.18+0.95+0.006 ms clock, 2.2+1.3/1.2/0+0.074 ms cpu, 61->67->36 MB, 69 MB goal, 0 MB stacks, 0 MB globals, 12 P
gc 2396 @10.030s 13%: 0.19+0.92+0.11 ms clock, 2.3+1.5/0.98/0+1.3 ms cpu, 62->73->48 MB, 73 MB goal, 0 MB stacks, 0 MB globals, 12 P
gc 2397 @10.033s 13%: 0.40+1.1+0.12 ms clock, 4.8+0.78/1.9/0+1.4 ms cpu, 84->92->36 MB, 96 MB goal, 0 MB stacks, 0 MB globals, 12 P
gc 2398 @10.038s 13%: 0.14+0.90+0.029 ms clock, 1.7+1.1/1.1/0+0.35 ms cpu, 67->74->39 MB, 73 MB goal, 0 MB stacks, 0 MB globals, 12 P
gc 2399 @10.041s 13%: 0.23+0.99+0.067 ms clock, 2.8+1.0/1.5/0+0.81 ms cpu, 69->75->36 MB, 79 MB goal, 0 MB stacks, 0 MB globals, 12 P
gc 2400 @10.044s 13%: 0.28+0.96+0.018 ms clock, 3.3+1.4/1.3/0+0.22 ms cpu, 64->73->37 MB, 73 MB goal, 0 MB stacks, 0 MB globals, 12 P
gc 2401 @10.048s 13%: 0.26+0.95+0.11 ms clock, 3.2+1.0/1.2/0+1.4 ms cpu, 65->78->53 MB, 75 MB goal, 0 MB stacks, 0 MB globals, 12 P
gc 2402 @10.052s 13%: 0.19+1.2+0.14 ms clock, 2.2+1.3/0.93/0+1.7 ms cpu, 92->103->40 MB, 106 MB goal, 0 MB stacks, 0 MB globals, 12 P
gc 2403 @10.056s 13%: 0.26+1.4+0.061 ms clock, 3.1+1.1/1.4/0+0.73 ms cpu, 69->84->44 MB, 81 MB goal, 0 MB stacks, 0 MB globals, 12 P
gc 2404 @10.060s 13%: 0.53+1.1+0.056 ms clock, 6.4+0.88/1.8/0+0.67 ms cpu, 78->87->39 MB, 89 MB goal, 0 MB stacks, 0 MB globals, 12 P
gc 2405 @10.064s 13%: 0.38+1.5+0.064 ms clock, 4.5+0.77/1.2/0+0.77 ms cpu, 67->81->57 MB, 79 MB goal, 0 MB stacks, 0 MB globals, 12 P
gc 2406 @10.069s 13%: 0.23+1.2+0.19 ms clock, 2.7+1.2/1.4/0+2.3 ms cpu, 98->109->40 MB, 114 MB goal, 0 MB stacks, 0 MB globals, 12 P
gc 2407 @10.073s 13%: 0.25+1.0+0.094 ms clock, 3.1+1.3/1.4/0+1.1 ms cpu, 72->81->38 MB, 81 MB goal, 0 MB stacks, 0 MB globals, 12 P
gc 2408 @10.077s 13%: 0.22+1.1+0.13 ms clock, 2.6+1.4/0.99/0+1.6 ms cpu, 67->77->39 MB, 77 MB goal, 0 MB stacks, 0 MB globals, 12 P
gc 2409 @10.081s 13%: 0.40+1.8+0.11 ms clock, 4.8+1.6/1.3/0+1.4 ms cpu, 72->88->44 MB, 79 MB goal, 0 MB stacks, 0 MB globals, 12 P
gc 2410 @10.085s 13%: 0.20+1.2+0.060 ms clock, 2.4+1.2/1.6/0+0.72 ms cpu, 78->86->38 MB, 89 MB goal, 0 MB stacks, 0 MB globals, 12 P
gc 2411 @10.089s 13%: 0.43+2.0+0.11 ms clock, 5.2+3.2/1.6/0+1.3 ms cpu, 69->90->47 MB, 77 MB goal, 0 MB stacks, 0 MB globals, 12 P
gc 2412 @10.095s 13%: 0.26+1.2+0.11 ms clock, 3.2+1.1/1.4/0+1.3 ms cpu, 82->94->39 MB, 95 MB goal, 0 MB stacks, 0 MB globals, 12 P
gc 2413 @10.099s 13%: 0.34+1.0+0.036 ms clock, 4.1+0.91/1.4/0+0.44 ms cpu, 67->79->39 MB, 79 MB goal, 0 MB stacks, 0 MB globals, 12 P
gc 2414 @10.102s 13%: 0.27+0.97+0.082 ms clock, 3.3+1.1/1.3/0.009+0.98 ms cpu, 70->79->38 MB, 79 MB goal, 0 MB stacks, 0 MB globals, 12 P
gc 2415 @10.105s 13%: 0.26+0.70+0.091 ms clock, 3.1+1.2/1.2/0+1.1 ms cpu, 66->75->36 MB, 77 MB goal, 0 MB stacks, 0 MB globals, 12 P
gc 2416 @10.109s 13%: 0.24+1.4+0.013 ms clock, 2.9+2.5/1.0/0+0.16 ms cpu, 65->77->40 MB, 73 MB goal, 0 MB stacks, 0 MB globals, 12 P
gc 2417 @10.112s 13%: 0.31+0.89+0.020 ms clock, 3.8+0.81/1.1/0.028+0.24 ms cpu, 71->76->37 MB, 81 MB goal, 0 MB stacks, 0 MB globals, 12 P
gc 2418 @10.116s 13%: 0.28+0.73+0.070 ms clock, 3.4+0.84/0.91/0+0.84 ms cpu, 64->70->32 MB, 75 MB goal, 0 MB stacks, 0 MB globals, 12 P
gc 2419 @10.119s 13%: 0.26+0.83+0.073 ms clock, 3.1+1.0/1.0/0+0.87 ms cpu, 58->64->32 MB, 65 MB goal, 0 MB stacks, 0 MB globals, 12 P
gc 2420 @10.122s 13%: 0.29+1.1+0.038 ms clock, 3.4+1.4/1.0/0+0.46 ms cpu, 56->66->34 MB, 65 MB goal, 0 MB stacks, 0 MB globals, 12 P
gc 2421 @10.125s 13%: 0.41+0.82+0.004 ms clock, 4.9+1.0/1.1/0+0.048 ms cpu, 62->67->31 MB, 69 MB goal, 0 MB stacks, 0 MB globals, 12 P
gc 2422 @10.128s 13%: 0.24+1.3+0.047 ms clock, 2.9+1.1/1.7/0+0.57 ms cpu, 55->64->36 MB, 63 MB goal, 0 MB stacks, 0 MB globals, 12 P
gc 2423 @10.131s 13%: 0.18+1.8+0.10 ms clock, 2.2+1.9/1.7/0+1.2 ms cpu, 64->78->56 MB, 73 MB goal, 0 MB stacks, 0 MB globals, 12 P
gc 2424 @10.136s 13%: 0.24+2.8+0.51 ms clock, 2.8+1.1/2.2/0+6.1 ms cpu, 96->121->55 MB, 112 MB goal, 0 MB stacks, 0 MB globals, 12 P
gc 2425 @10.143s 13%: 0.47+1.9+0.018 ms clock, 5.7+1.1/1.5/0+0.21 ms cpu, 97->110->39 MB, 111 MB goal, 0 MB stacks, 0 MB globals, 12 P
gc 2426 @10.148s 13%: 0.23+1.0+0.19 ms clock, 2.8+1.3/1.5/0+2.3 ms cpu, 69->79->38 MB, 79 MB goal, 0 MB stacks, 0 MB globals, 12 P
gc 2427 @10.151s 13%: 0.27+1.6+0.051 ms clock, 3.3+2.4/0.83/0+0.62 ms cpu, 67->82->45 MB, 77 MB goal, 0 MB stacks, 0 MB globals, 12 P
gc 2428 @10.156s 13%: 0.39+1.2+0.041 ms clock, 4.6+1.0/0.92/0+0.49 ms cpu, 80->90->39 MB, 91 MB goal, 0 MB stacks, 0 MB globals, 12 P
gc 2429 @10.160s 13%: 0.24+1.3+0.021 ms clock, 2.9+1.0/0.94/0+0.25 ms cpu, 69->79->38 MB, 79 MB goal, 0 MB stacks, 0 MB globals, 12 P
gc 2430 @10.163s 13%: 0.36+1.1+0.014 ms clock, 4.3+1.7/2.1/0+0.17 ms cpu, 71->76->35 MB, 77 MB goal, 0 MB stacks, 0 MB globals, 12 P
gc 2431 @10.167s 13%: 0.44+1.5+0.084 ms clock, 5.2+1.1/0.87/0+1.0 ms cpu, 62->74->41 MB, 71 MB goal, 0 MB stacks, 0 MB globals, 12 P
gc 2432 @10.171s 13%: 0.44+0.92+0.30 ms clock, 5.3+1.1/1.3/0+3.7 ms cpu, 71->83->38 MB, 83 MB goal, 0 MB stacks, 0 MB globals, 12 P
gc 2433 @10.175s 13%: 0.15+1.0+0.080 ms clock, 1.9+1.2/1.1/0+0.96 ms cpu, 66->75->32 MB, 77 MB goal, 0 MB stacks, 0 MB globals, 12 P
gc 2434 @10.178s 13%: 0.26+0.72+0.027 ms clock, 3.1+0.87/1.0/0+0.33 ms cpu, 59->64->33 MB, 65 MB goal, 0 MB stacks, 0 MB globals, 12 P
gc 2435 @10.181s 13%: 0.25+1.7+0.11 ms clock, 3.0+1.4/1.4/0+1.3 ms cpu, 57->74->43 MB, 67 MB goal, 0 MB stacks, 0 MB globals, 12 P
gc 2436 @10.185s 13%: 0.26+1.1+0.17 ms clock, 3.1+1.3/1.2/0+2.0 ms cpu, 77->88->42 MB, 87 MB goal, 0 MB stacks, 0 MB globals, 12 P
gc 2437 @10.189s 13%: 0.29+2.1+0.11 ms clock, 3.5+0.96/1.7/0+1.3 ms cpu, 72->92->46 MB, 85 MB goal, 0 MB stacks, 0 MB globals, 12 P
gc 2438 @10.195s 13%: 0.41+1.0+0.054 ms clock, 4.9+1.3/1.0/0+0.64 ms cpu, 82->89->38 MB, 93 MB goal, 0 MB stacks, 0 MB globals, 12 P
gc 2439 @10.198s 13%: 0.22+1.1+0.053 ms clock, 2.7+1.9/1.2/0+0.64 ms cpu, 66->76->48 MB, 77 MB goal, 0 MB stacks, 0 MB globals, 12 P
gc 2440 @10.202s 13%: 0.43+1.1+0.088 ms clock, 5.2+0.84/1.1/0+1.0 ms cpu, 84->92->36 MB, 98 MB goal, 0 MB stacks, 0 MB globals, 12 P
gc 2441 @10.205s 13%: 0.23+1.0+0.11 ms clock, 2.8+1.2/0.82/0+1.3 ms cpu, 64->74->39 MB, 73 MB goal, 0 MB stacks, 0 MB globals, 12 P
gc 2442 @10.209s 13%: 0.50+1.3+0.015 ms clock, 6.1+1.3/0.94/0+0.19 ms cpu, 67->80->41 MB, 79 MB goal, 0 MB stacks, 0 MB globals, 12 P
gc 2443 @10.213s 13%: 0.43+1.1+0.13 ms clock, 5.2+1.0/1.0/0+1.5 ms cpu, 71->82->39 MB, 83 MB goal, 0 MB stacks, 0 MB globals, 12 P
gc 2444 @10.216s 13%: 0.22+1.1+0.12 ms clock, 2.7+1.3/1.1/0+1.5 ms cpu, 68->80->42 MB, 79 MB goal, 0 MB stacks, 0 MB globals, 12 P
gc 2445 @10.221s 13%: 0.27+1.6+0.011 ms clock, 3.3+1.4/1.2/0+0.14 ms cpu, 77->90->41 MB, 85 MB goal, 0 MB stacks, 0 MB globals, 12 P
gc 2446 @10.225s 13%: 0.18+1.1+0.057 ms clock, 2.2+1.0/1.7/0+0.69 ms cpu, 73->80->33 MB, 83 MB goal, 0 MB stacks, 0 MB globals, 12 P
gc 2447 @10.228s 13%: 0.23+1.4+0.076 ms clock, 2.8+1.2/1.7/0+0.91 ms cpu, 60->70->40 MB, 67 MB goal, 0 MB stacks, 0 MB globals, 12 P
gc 2448 @10.232s 13%: 0.49+1.0+0.13 ms clock, 5.9+1.2/1.3/0+1.6 ms cpu, 69->80->37 MB, 81 MB goal, 0 MB stacks, 0 MB globals, 12 P
gc 2449 @10.236s 13%: 0.28+1.0+0.031 ms clock, 3.4+1.2/1.0/0+0.37 ms cpu, 64->75->37 MB, 75 MB goal, 0 MB stacks, 0 MB globals, 12 P
gc 2450 @10.239s 13%: 0.28+1.1+0.046 ms clock, 3.4+1.3/2.1/0+0.55 ms cpu, 67->73->34 MB, 75 MB goal, 0 MB stacks, 0 MB globals, 12 P
gc 2451 @10.242s 13%: 0.34+1.2+0.059 ms clock, 4.1+1.1/1.2/0+0.71 ms cpu, 61->72->36 MB, 69 MB goal, 0 MB stacks, 0 MB globals, 12 P
gc 2452 @10.246s 13%: 0.25+1.3+0.11 ms clock, 3.1+1.3/1.4/0+1.3 ms cpu, 62->75->36 MB, 73 MB goal, 0 MB stacks, 0 MB globals, 12 P
gc 2453 @10.250s 13%: 0.26+1.3+0.023 ms clock, 3.1+0.84/2.0/0+0.28 ms cpu, 63->73->40 MB, 73 MB goal, 0 MB stacks, 0 MB globals, 12 P
gc 2454 @10.253s 13%: 0.38+1.6+0.011 ms clock, 4.6+2.1/1.8/0+0.13 ms cpu, 72->86->40 MB, 81 MB goal, 0 MB stacks, 0 MB globals, 12 P
gc 2455 @10.258s 13%: 0.15+1.6+0.015 ms clock, 1.9+0.92/1.2/0+0.18 ms cpu, 70->83->56 MB, 81 MB goal, 0 MB stacks, 0 MB globals, 12 P
gc 2456 @10.262s 13%: 0.40+1.6+0.065 ms clock, 4.8+1.0/1.7/0+0.78 ms cpu, 97->107->41 MB, 112 MB goal, 0 MB stacks, 0 MB globals, 12 P
gc 2457 @10.267s 13%: 0.21+1.3+0.033 ms clock, 2.5+1.6/1.5/0+0.39 ms cpu, 73->81->36 MB, 83 MB goal, 0 MB stacks, 0 MB globals, 12 P
gc 2458 @10.270s 13%: 0.22+1.4+0.11 ms clock, 2.6+1.1/0.99/0+1.3 ms cpu, 65->77->41 MB, 73 MB goal, 0 MB stacks, 0 MB globals, 12 P
gc 2459 @10.274s 13%: 0.31+1.1+0.11 ms clock, 3.7+1.3/1.2/0+1.4 ms cpu, 73->82->36 MB, 83 MB goal, 0 MB stacks, 0 MB globals, 12 P
gc 2460 @10.278s 13%: 0.26+1.2+0.036 ms clock, 3.1+1.2/1.7/0+0.43 ms cpu, 63->71->34 MB, 73 MB goal, 0 MB stacks, 0 MB globals, 12 P
gc 2461 @10.281s 13%: 0.21+1.1+0.038 ms clock, 2.6+1.1/0.83/0+0.45 ms cpu, 60->69->37 MB, 69 MB goal, 0 MB stacks, 0 MB globals, 12 P
gc 2462 @10.284s 13%: 0.22+1.5+0.13 ms clock, 2.6+1.6/1.9/0+1.6 ms cpu, 65->79->41 MB, 75 MB goal, 0 MB stacks, 0 MB globals, 12 P
gc 2463 @10.289s 13%: 0.34+1.1+0.12 ms clock, 4.0+1.3/1.3/0+1.5 ms cpu, 72->84->39 MB, 83 MB goal, 0 MB stacks, 0 MB globals, 12 P
gc 2464 @10.292s 13%: 0.30+1.5+0.030 ms clock, 3.6+0.96/0.91/0+0.36 ms cpu, 68->81->41 MB, 79 MB goal, 0 MB stacks, 0 MB globals, 12 P
gc 2465 @10.297s 13%: 0.35+1.1+0.083 ms clock, 4.3+1.1/1.3/0+1.0 ms cpu, 74->85->40 MB, 83 MB goal, 0 MB stacks, 0 MB globals, 12 P
gc 2466 @10.300s 13%: 0.27+1.1+0.012 ms clock, 3.3+1.3/1.4/0+0.15 ms cpu, 69->79->50 MB, 81 MB goal, 0 MB stacks, 0 MB globals, 12 P
gc 2467 @10.305s 13%: 0.33+1.6+0.098 ms clock, 4.0+1.6/1.3/0+1.1 ms cpu, 88->104->42 MB, 100 MB goal, 0 MB stacks, 0 MB globals, 12 P
gc 2468 @10.309s 13%: 0.19+1.6+0.034 ms clock, 2.3+1.3/1.1/0+0.41 ms cpu, 74->87->44 MB, 85 MB goal, 0 MB stacks, 0 MB globals, 12 P
gc 2469 @10.313s 13%: 0.37+1.1+0.096 ms clock, 4.4+1.1/1.3/0+1.1 ms cpu, 77->88->37 MB, 89 MB goal, 0 MB stacks, 0 MB globals, 12 P
gc 2470 @10.317s 13%: 0.23+0.81+0.082 ms clock, 2.7+1.4/1.1/0+0.99 ms cpu, 65->72->34 MB, 75 MB goal, 0 MB stacks, 0 MB globals, 12 P
gc 2471 @10.320s 13%: 0.19+0.99+0.099 ms clock, 2.3+1.4/1.4/0+1.1 ms cpu, 59->69->35 MB, 69 MB goal, 0 MB stacks, 0 MB globals, 12 P
gc 2472 @10.323s 13%: 0.36+1.0+0.021 ms clock, 4.4+0.90/1.4/0+0.25 ms cpu, 61->69->35 MB, 71 MB goal, 0 MB stacks, 0 MB globals, 12 P
gc 2473 @10.326s 13%: 0.31+1.2+0.17 ms clock, 3.8+1.3/1.3/0+2.0 ms cpu, 61->72->37 MB, 71 MB goal, 0 MB stacks, 0 MB globals, 12 P
gc 2474 @10.330s 13%: 0.23+1.3+0.083 ms clock, 2.8+1.1/1.7/0+0.99 ms cpu, 66->76->37 MB, 75 MB goal, 0 MB stacks, 0 MB globals, 12 P
gc 2475 @10.333s 13%: 0.22+0.96+0.037 ms clock, 2.7+0.75/1.4/0+0.45 ms cpu, 67->73->35 MB, 75 MB goal, 0 MB stacks, 0 MB globals, 12 P
gc 2476 @10.337s 13%: 0.19+0.99+0.042 ms clock, 2.3+1.2/0.72/0+0.50 ms cpu, 60->70->35 MB, 71 MB goal, 0 MB stacks, 0 MB globals, 12 P
gc 2477 @10.340s 13%: 0.19+1.1+0.031 ms clock, 2.3+1.7/1.6/0+0.37 ms cpu, 63->72->37 MB, 71 MB goal, 0 MB stacks, 0 MB globals, 12 P
gc 2478 @10.343s 13%: 0.39+1.1+0.10 ms clock, 4.6+1.7/0.98/0+1.2 ms cpu, 65->76->37 MB, 75 MB goal, 0 MB stacks, 0 MB globals, 12 P
gc 2479 @10.347s 13%: 0.25+1.0+0.037 ms clock, 3.0+1.4/1.5/0+0.45 ms cpu, 68->73->33 MB, 75 MB goal, 0 MB stacks, 0 MB globals, 12 P
gc 2480 @10.349s 13%: 0.28+1.5+0.042 ms clock, 3.4+1.1/1.9/0+0.50 ms cpu, 59->70->40 MB, 67 MB goal, 0 MB stacks, 0 MB globals, 12 P
gc 2481 @10.353s 13%: 0.28+1.0+0.10 ms clock, 3.4+0.73/1.8/0+1.2 ms cpu, 73->78->35 MB, 81 MB goal, 0 MB stacks, 0 MB globals, 12 P
gc 2482 @10.356s 13%: 0.21+2.5+0.093 ms clock, 2.5+1.0/1.2/0+1.1 ms cpu, 61->86->53 MB, 71 MB goal, 0 MB stacks, 0 MB globals, 12 P
gc 2483 @10.362s 13%: 0.27+1.3+0.12 ms clock, 3.3+1.5/0.86/0+1.5 ms cpu, 91->103->54 MB, 107 MB goal, 0 MB stacks, 0 MB globals, 12 P
gc 2484 @10.367s 13%: 0.29+1.2+0.14 ms clock, 3.5+1.0/1.3/0+1.7 ms cpu, 98->110->42 MB, 108 MB goal, 0 MB stacks, 0 MB globals, 12 P
gc 2485 @10.371s 13%: 0.34+1.4+0.10 ms clock, 4.1+1.3/1.1/0+1.2 ms cpu, 73->87->41 MB, 85 MB goal, 0 MB stacks, 0 MB globals, 12 P
gc 2486 @10.375s 13%: 0.25+1.1+0.048 ms clock, 3.0+1.0/1.0/0+0.58 ms cpu, 74->83->39 MB, 83 MB goal, 0 MB stacks, 0 MB globals, 12 P
gc 2487 @10.379s 13%: 0.33+1.1+0.033 ms clock, 3.9+1.1/1.5/0+0.39 ms cpu, 67->77->37 MB, 79 MB goal, 0 MB stacks, 0 MB globals, 12 P
gc 2488 @10.382s 13%: 0.34+1.5+0.005 ms clock, 4.0+0.80/1.4/0+0.062 ms cpu, 64->77->39 MB, 75 MB goal, 0 MB stacks, 0 MB globals, 12 P
gc 2489 @10.386s 13%: 0.19+1.0+0.048 ms clock, 2.3+1.2/1.1/0+0.58 ms cpu, 68->76->36 MB, 79 MB goal, 0 MB stacks, 0 MB globals, 12 P
gc 2490 @10.389s 13%: 0.18+1.0+0.048 ms clock, 2.2+1.4/1.9/0+0.58 ms cpu, 65->72->34 MB, 73 MB goal, 0 MB stacks, 0 MB globals, 12 P
gc 2491 @10.392s 13%: 0.29+0.90+0.16 ms clock, 3.5+0.88/1.6/0+1.9 ms cpu, 60->67->35 MB, 69 MB goal, 0 MB stacks, 0 MB globals, 12 P
gc 2492 @10.396s 13%: 0.17+1.1+0.16 ms clock, 2.0+1.4/1.1/0+1.9 ms cpu, 62->71->40 MB, 71 MB goal, 0 MB stacks, 0 MB globals, 12 P
gc 2493 @10.399s 13%: 0.35+1.2+0.094 ms clock, 4.2+1.0/1.4/0+1.1 ms cpu, 73->81->39 MB, 81 MB goal, 0 MB stacks, 0 MB globals, 12 P
gc 2494 @10.403s 13%: 0.23+1.5+0.18 ms clock, 2.8+1.4/1.2/0+2.2 ms cpu, 67->83->45 MB, 79 MB goal, 0 MB stacks, 0 MB globals, 12 P
gc 2495 @10.407s 13%: 0.39+1.4+0.11 ms clock, 4.7+1.2/1.2/0+1.3 ms cpu, 78->90->39 MB, 91 MB goal, 0 MB stacks, 0 MB globals, 12 P
gc 2496 @10.411s 13%: 0.17+1.2+0.069 ms clock, 2.1+1.3/1.3/0+0.83 ms cpu, 67->77->34 MB, 79 MB goal, 0 MB stacks, 0 MB globals, 12 P
gc 2497 @10.414s 13%: 0.31+1.3+0.053 ms clock, 3.7+1.3/2.1/0+0.64 ms cpu, 60->68->36 MB, 69 MB goal, 0 MB stacks, 0 MB globals, 12 P
gc 2498 @10.418s 13%: 0.17+1.0+0.078 ms clock, 2.0+1.3/1.4/0+0.94 ms cpu, 64->72->36 MB, 73 MB goal, 0 MB stacks, 0 MB globals, 12 P
gc 2499 @10.421s 13%: 0.19+1.2+0.039 ms clock, 2.3+1.0/1.6/0+0.47 ms cpu, 62->72->35 MB, 73 MB goal, 0 MB stacks, 0 MB globals, 12 P
gc 2500 @10.424s 13%: 0.25+1.1+0.072 ms clock, 3.0+1.4/1.7/0+0.87 ms cpu, 64->71->37 MB, 71 MB goal, 0 MB stacks, 0 MB globals, 12 P
gc 2501 @10.427s 13%: 0.19+1.6+0.15 ms clock, 2.2+1.2/1.5/0+1.8 ms cpu, 64->78->40 MB, 75 MB goal, 0 MB stacks, 0 MB globals, 12 P
gc 2502 @10.431s 13%: 0.17+1.2+0.10 ms clock, 2.1+1.3/1.3/0+1.2 ms cpu, 69->80->35 MB, 81 MB goal, 0 MB stacks, 0 MB globals, 12 P
gc 2503 @10.435s 13%: 0.29+1.4+0.058 ms clock, 3.5+1.3/1.3/0+0.70 ms cpu, 63->75->37 MB, 71 MB goal, 0 MB stacks, 0 MB globals, 12 P
gc 2504 @10.439s 13%: 0.37+1.2+0.052 ms clock, 4.5+1.0/0.87/0+0.63 ms cpu, 66->77->38 MB, 75 MB goal, 0 MB stacks, 0 MB globals, 12 P
gc 2505 @10.443s 13%: 0.32+0.81+0.077 ms clock, 3.9+1.2/1.3/0+0.92 ms cpu, 67->76->35 MB, 77 MB goal, 0 MB stacks, 0 MB globals, 12 P
gc 2506 @10.446s 13%: 0.19+1.3+0.074 ms clock, 2.2+1.5/1.6/0+0.89 ms cpu, 60->72->39 MB, 71 MB goal, 0 MB stacks, 0 MB globals, 12 P
gc 2507 @10.449s 13%: 0.34+1.1+0.12 ms clock, 4.1+1.1/1.5/0+1.5 ms cpu, 67->80->41 MB, 79 MB goal, 0 MB stacks, 0 MB globals, 12 P
gc 2508 @10.453s 13%: 0.36+1.2+0.071 ms clock, 4.4+0.71/2.0/0+0.85 ms cpu, 71->80->38 MB, 83 MB goal, 0 MB stacks, 0 MB globals, 12 P
gc 2509 @10.457s 13%: 0.19+1.1+0.050 ms clock, 2.3+1.3/1.1/0.040+0.60 ms cpu, 70->78->39 MB, 77 MB goal, 0 MB stacks, 0 MB globals, 12 P
gc 2510 @10.461s 13%: 0.20+1.4+0.12 ms clock, 2.5+1.6/1.5/0+1.5 ms cpu, 72->82->40 MB, 79 MB goal, 0 MB stacks, 0 MB globals, 12 P
gc 2511 @10.464s 13%: 0.31+1.1+0.089 ms clock, 3.7+0.99/1.5/0+1.0 ms cpu, 69->80->37 MB, 81 MB goal, 0 MB stacks, 0 MB globals, 12 P
gc 2512 @10.468s 13%: 0.35+0.74+0.073 ms clock, 4.2+1.1/1.0/0+0.88 ms cpu, 66->72->35 MB, 75 MB goal, 0 MB stacks, 0 MB globals, 12 P
gc 2513 @10.471s 13%: 0.27+1.4+0.11 ms clock, 3.3+1.0/1.5/0+1.4 ms cpu, 60->72->40 MB, 71 MB goal, 0 MB stacks, 0 MB globals, 12 P
gc 2514 @10.475s 13%: 0.41+1.1+0.11 ms clock, 4.9+1.1/0.92/0+1.3 ms cpu, 70->81->39 MB, 81 MB goal, 0 MB stacks, 0 MB globals, 12 P
gc 2515 @10.478s 13%: 0.21+1.6+0.035 ms clock, 2.6+1.3/1.9/0+0.43 ms cpu, 67->81->40 MB, 79 MB goal, 0 MB stacks, 0 MB globals, 12 P
gc 2516 @10.482s 13%: 0.35+0.98+0.079 ms clock, 4.2+1.3/0.82/0+0.94 ms cpu, 71->81->40 MB, 81 MB goal, 0 MB stacks, 0 MB globals, 12 P
gc 2517 @10.486s 13%: 0.25+0.99+0.062 ms clock, 3.0+1.6/1.2/0+0.75 ms cpu, 70->78->34 MB, 81 MB goal, 0 MB stacks, 0 MB globals, 12 P
gc 2518 @10.489s 13%: 0.23+1.2+0.11 ms clock, 2.8+1.1/1.0/0+1.3 ms cpu, 61->72->39 MB, 69 MB goal, 0 MB stacks, 0 MB globals, 12 P
gc 2519 @10.493s 13%: 0.23+1.4+0.11 ms clock, 2.7+1.3/1.5/0+1.3 ms cpu, 67->80->40 MB, 79 MB goal, 0 MB stacks, 0 MB globals, 12 P
gc 2520 @10.497s 13%: 0.38+0.87+0.093 ms clock, 4.6+1.0/1.0/0+1.1 ms cpu, 69->78->36 MB, 81 MB goal, 0 MB stacks, 0 MB globals, 12 P
gc 2521 @10.500s 13%: 0.28+1.1+0.10 ms clock, 3.3+1.7/1.6/0+1.2 ms cpu, 64->73->35 MB, 73 MB goal, 0 MB stacks, 0 MB globals, 12 P
gc 2522 @10.503s 13%: 0.20+1.3+0.058 ms clock, 2.4+1.2/0.93/0+0.70 ms cpu, 60->71->40 MB, 71 MB goal, 0 MB stacks, 0 MB globals, 12 P
gc 2523 @10.507s 13%: 0.22+1.1+0.084 ms clock, 2.7+1.0/1.4/0+1.0 ms cpu, 69->79->40 MB, 81 MB goal, 0 MB stacks, 0 MB globals, 12 P
gc 2524 @10.510s 13%: 0.21+1.4+0.094 ms clock, 2.6+1.0/2.2/0+1.1 ms cpu, 69->82->39 MB, 81 MB goal, 0 MB stacks, 0 MB globals, 12 P
gc 2525 @10.514s 13%: 0.25+1.5+0.038 ms clock, 3.0+1.0/0.83/0+0.46 ms cpu, 67->79->43 MB, 79 MB goal, 0 MB stacks, 0 MB globals, 12 P
gc 2526 @10.518s 13%: 0.21+1.2+0.090 ms clock, 2.6+1.1/1.2/0+1.0 ms cpu, 76->86->40 MB, 87 MB goal, 0 MB stacks, 0 MB globals, 12 P
gc 2527 @10.522s 13%: 0.33+1.4+0.068 ms clock, 4.0+1.2/1.1/0+0.82 ms cpu, 70->83->39 MB, 81 MB goal, 0 MB stacks, 0 MB globals, 12 P
gc 2528 @10.526s 13%: 0.31+0.93+0.071 ms clock, 3.7+1.0/1.0/0+0.86 ms cpu, 67->76->45 MB, 79 MB goal, 0 MB stacks, 0 MB globals, 12 P
gc 2529 @10.530s 13%: 0.27+1.0+0.083 ms clock, 3.3+1.5/1.9/0+1.0 ms cpu, 81->88->36 MB, 90 MB goal, 0 MB stacks, 0 MB globals, 12 P
gc 2530 @10.533s 13%: 0.42+1.0+0.002 ms clock, 5.1+1.1/1.0/0+0.035 ms cpu, 64->73->37 MB, 73 MB goal, 0 MB stacks, 0 MB globals, 12 P
gc 2531 @10.536s 13%: 0.32+1.3+0.008 ms clock, 3.9+1.0/1.0/0+0.099 ms cpu, 64->75->35 MB, 75 MB goal, 0 MB stacks, 0 MB globals, 12 P
gc 2532 @10.540s 13%: 0.34+0.89+0.075 ms clock, 4.0+1.2/0.86/0+0.91 ms cpu, 61->70->46 MB, 71 MB goal, 0 MB stacks, 0 MB globals, 12 P
gc 2533 @10.543s 13%: 0.28+1.1+0.15 ms clock, 3.4+1.1/1.5/0+1.9 ms cpu, 84->96->43 MB, 94 MB goal, 0 MB stacks, 0 MB globals, 12 P
gc 2534 @10.547s 13%: 0.26+1.3+0.11 ms clock, 3.1+1.2/1.9/0+1.3 ms cpu, 75->88->39 MB, 87 MB goal, 0 MB stacks, 0 MB globals, 12 P
gc 2535 @10.551s 13%: 0.28+1.2+0.055 ms clock, 3.4+1.6/1.1/0+0.66 ms cpu, 69->78->36 MB, 79 MB goal, 0 MB stacks, 0 MB globals, 12 P
gc 2536 @10.555s 13%: 0.37+1.2+0.024 ms clock, 4.4+0.99/1.6/0+0.29 ms cpu, 65->73->33 MB, 73 MB goal, 0 MB stacks, 0 MB globals, 12 P
gc 2537 @10.558s 13%: 0.19+1.1+0.14 ms clock, 2.3+1.0/1.8/0+1.6 ms cpu, 58->67->36 MB, 67 MB goal, 0 MB stacks, 0 MB globals, 12 P
gc 2538 @10.562s 13%: 0.19+0.78+0.060 ms clock, 2.3+1.8/1.2/0+0.72 ms cpu, 70->73->36 MB, 73 MB goal, 0 MB stacks, 0 MB globals, 12 P
gc 2539 @10.565s 13%: 0.45+0.73+0.087 ms clock, 5.4+1.1/1.0/0+1.0 ms cpu, 64->73->37 MB, 73 MB goal, 0 MB stacks, 0 MB globals, 12 P
gc 2540 @10.568s 13%: 0.25+1.2+0.13 ms clock, 3.0+1.4/1.4/0+1.5 ms cpu, 66->77->37 MB, 75 MB goal, 0 MB stacks, 0 MB globals, 12 P
gc 2541 @10.572s 13%: 0.33+0.93+0.041 ms clock, 4.0+0.71/1.2/0+0.49 ms cpu, 65->73->37 MB, 75 MB goal, 0 MB stacks, 0 MB globals, 12 P
gc 2542 @10.575s 13%: 0.17+1.3+0.015 ms clock, 2.1+0.67/2.2/0+0.18 ms cpu, 65->73->38 MB, 75 MB goal, 0 MB stacks, 0 MB globals, 12 P
gc 2543 @10.579s 13%: 0.24+0.83+0.054 ms clock, 2.8+1.1/1.3/0.011+0.65 ms cpu, 70->76->38 MB, 77 MB goal, 0 MB stacks, 0 MB globals, 12 P
gc 2544 @10.582s 13%: 0.24+1.3+0.087 ms clock, 2.9+1.2/1.1/0+1.0 ms cpu, 66->78->42 MB, 77 MB goal, 0 MB stacks, 0 MB globals, 12 P
gc 2545 @10.586s 13%: 0.17+1.0+0.097 ms clock, 2.1+1.1/0.84/0+1.1 ms cpu, 73->83->36 MB, 85 MB goal, 0 MB stacks, 0 MB globals, 12 P
gc 2546 @10.590s 13%: 0.24+1.2+0.035 ms clock, 2.8+1.4/1.2/0+0.42 ms cpu, 63->72->36 MB, 73 MB goal, 0 MB stacks, 0 MB globals, 12 P
gc 2547 @10.593s 13%: 0.25+1.3+0.096 ms clock, 3.0+1.1/1.7/0+1.1 ms cpu, 66->76->42 MB, 73 MB goal, 0 MB stacks, 0 MB globals, 12 P
gc 2548 @10.597s 13%: 0.21+1.3+0.096 ms clock, 2.5+1.1/1.6/0+1.1 ms cpu, 73->84->36 MB, 85 MB goal, 0 MB stacks, 0 MB globals, 12 P
gc 2549 @10.601s 13%: 0.29+1.1+0.098 ms clock, 3.5+1.3/1.0/0+1.1 ms cpu, 66->78->40 MB, 73 MB goal, 0 MB stacks, 0 MB globals, 12 P
gc 2550 @10.604s 13%: 0.23+1.6+0.088 ms clock, 2.7+1.5/2.4/0+1.0 ms cpu, 70->83->40 MB, 81 MB goal, 0 MB stacks, 0 MB globals, 12 P
gc 2551 @10.608s 13%: 0.36+1.3+0.12 ms clock, 4.3+1.2/1.5/0+1.5 ms cpu, 69->81->40 MB, 81 MB goal, 0 MB stacks, 0 MB globals, 12 P
gc 2552 @10.612s 13%: 0.21+1.3+0.036 ms clock, 2.6+1.1/2.0/0+0.43 ms cpu, 71->81->36 MB, 81 MB goal, 0 MB stacks, 0 MB globals, 12 P
gc 2553 @10.616s 13%: 0.17+1.1+0.039 ms clock, 2.0+1.2/1.8/0+0.46 ms cpu, 63->71->34 MB, 73 MB goal, 0 MB stacks, 0 MB globals, 12 P
gc 2554 @10.619s 13%: 0.31+1.5+0.082 ms clock, 3.7+1.0/1.2/0+0.99 ms cpu, 60->72->41 MB, 69 MB goal, 0 MB stacks, 0 MB globals, 12 P
gc 2555 @10.623s 13%: 0.26+1.3+0.099 ms clock, 3.1+1.3/1.1/0+1.1 ms cpu, 75->86->39 MB, 83 MB goal, 0 MB stacks, 0 MB globals, 12 P
gc 2556 @10.627s 13%: 0.17+1.1+0.15 ms clock, 2.0+1.3/1.0/0+1.8 ms cpu, 68->82->39 MB, 79 MB goal, 0 MB stacks, 0 MB globals, 12 P
gc 2557 @10.630s 13%: 0.24+1.5+0.031 ms clock, 2.9+2.0/1.2/0+0.37 ms cpu, 67->80->43 MB, 79 MB goal, 0 MB stacks, 0 MB globals, 12 P
gc 2558 @10.635s 13%: 0.41+1.5+0.094 ms clock, 4.9+1.9/1.2/0+1.1 ms cpu, 78->88->39 MB, 87 MB goal, 0 MB stacks, 0 MB globals, 12 P
gc 2559 @10.639s 13%: 0.28+1.2+0.075 ms clock, 3.4+0.79/1.6/0+0.90 ms cpu, 72->80->41 MB, 79 MB goal, 0 MB stacks, 0 MB globals, 12 P
gc 2560 @10.643s 13%: 0.39+1.1+0.055 ms clock, 4.7+1.2/1.8/0+0.67 ms cpu, 76->82->38 MB, 83 MB goal, 0 MB stacks, 0 MB globals, 12 P
gc 2561 @10.647s 13%: 0.42+1.1+0.035 ms clock, 5.0+1.2/1.1/0+0.42 ms cpu, 67->77->38 MB, 77 MB goal, 0 MB stacks, 0 MB globals, 12 P
gc 2562 @10.650s 13%: 0.22+1.1+0.014 ms clock, 2.6+1.5/1.9/0+0.17 ms cpu, 68->74->35 MB, 77 MB goal, 0 MB stacks, 0 MB globals, 12 P
gc 2563 @10.653s 13%: 0.22+0.91+0.088 ms clock, 2.7+1.2/1.0/0+1.0 ms cpu, 61->69->33 MB, 71 MB goal, 0 MB stacks, 0 MB globals, 12 P
gc 2564 @10.656s 13%: 0.35+1.1+0.10 ms clock, 4.2+1.1/1.3/0+1.2 ms cpu, 59->64->33 MB, 67 MB goal, 0 MB stacks, 0 MB globals, 12 P
gc 2565 @10.659s 13%: 0.29+1.4+0.095 ms clock, 3.4+1.7/1.8/0+1.1 ms cpu, 60->71->37 MB, 67 MB goal, 0 MB stacks, 0 MB globals, 12 P
gc 2566 @10.663s 13%: 0.49+0.71+0.069 ms clock, 5.9+0.89/1.0/0+0.83 ms cpu, 64->70->33 MB, 75 MB goal, 0 MB stacks, 0 MB globals, 12 P
gc 2567 @10.666s 13%: 0.26+0.82+0.055 ms clock, 3.2+1.1/0.98/0+0.66 ms cpu, 58->65->30 MB, 67 MB goal, 0 MB stacks, 0 MB globals, 12 P
gc 2568 @10.669s 13%: 0.16+0.94+0.092 ms clock, 2.0+1.1/1.0/0+1.1 ms cpu, 53->63->34 MB, 61 MB goal, 0 MB stacks, 0 MB globals, 12 P
gc 2569 @10.672s 13%: 0.41+0.92+0.094 ms clock, 4.9+1.3/1.2/0+1.1 ms cpu, 60->67->32 MB, 69 MB goal, 0 MB stacks, 0 MB globals, 12 P
gc 2570 @10.675s 13%: 0.17+0.94+0.096 ms clock, 2.1+0.75/1.1/0+1.1 ms cpu, 56->66->36 MB, 65 MB goal, 0 MB stacks, 0 MB globals, 12 P
gc 2571 @10.678s 13%: 0.24+1.1+0.11 ms clock, 2.9+1.2/1.4/0.017+1.3 ms cpu, 62->73->39 MB, 73 MB goal, 0 MB stacks, 0 MB globals, 12 P
gc 2572 @10.681s 13%: 0.27+1.8+0.11 ms clock, 3.3+1.2/2.5/0+1.4 ms cpu, 67->85->44 MB, 79 MB goal, 0 MB stacks, 0 MB globals, 12 P
gc 2573 @10.686s 13%: 0.22+1.8+0.034 ms clock, 2.7+1.0/1.8/0+0.41 ms cpu, 76->90->42 MB, 89 MB goal, 0 MB stacks, 0 MB globals, 12 P
gc 2574 @10.690s 13%: 0.33+1.2+0.068 ms clock, 3.9+1.3/1.1/0+0.82 ms cpu, 73->82->35 MB, 85 MB goal, 0 MB stacks, 0 MB globals, 12 P
gc 2575 @10.693s 13%: 0.25+0.92+0.093 ms clock, 3.0+1.4/1.6/0+1.1 ms cpu, 62->71->37 MB, 71 MB goal, 0 MB stacks, 0 MB globals, 12 P
gc 2576 @10.697s 13%: 0.21+1.6+0.047 ms clock, 2.5+1.5/0.97/0+0.57 ms cpu, 66->80->53 MB, 75 MB goal, 0 MB stacks, 0 MB globals, 12 P
gc 2577 @10.701s 13%: 0.34+1.4+0.12 ms clock, 4.1+0.99/1.3/0+1.5 ms cpu, 93->106->40 MB, 106 MB goal, 0 MB stacks, 0 MB globals, 12 P
gc 2578 @10.705s 13%: 0.28+1.0+0.055 ms clock, 3.3+1.8/1.4/0.010+0.66 ms cpu, 71->78->38 MB, 81 MB goal, 0 MB stacks, 0 MB globals, 12 P
gc 2579 @10.709s 13%: 0.35+1.1+0.10 ms clock, 4.2+1.2/1.2/0+1.2 ms cpu, 66->77->37 MB, 77 MB goal, 0 MB stacks, 0 MB globals, 12 P
gc 2580 @10.712s 13%: 0.32+1.2+0.032 ms clock, 3.8+1.0/1.1/0+0.38 ms cpu, 65->74->33 MB, 75 MB goal, 0 MB stacks, 0 MB globals, 12 P
gc 2581 @10.716s 13%: 0.21+0.86+0.10 ms clock, 2.5+1.3/1.0/0+1.3 ms cpu, 63->68->38 MB, 67 MB goal, 0 MB stacks, 0 MB globals, 12 P
gc 2582 @10.719s 13%: 0.31+1.2+0.12 ms clock, 3.7+1.5/1.7/0+1.4 ms cpu, 69->79->38 MB, 77 MB goal, 0 MB stacks, 0 MB globals, 12 P
gc 2583 @10.723s 13%: 0.19+1.7+0.11 ms clock, 2.3+1.4/1.1/0+1.3 ms cpu, 67->84->44 MB, 77 MB goal, 0 MB stacks, 0 MB globals, 12 P
gc 2584 @10.728s 13%: 0.22+1.3+0.11 ms clock, 2.7+1.2/1.4/0+1.3 ms cpu, 78->88->38 MB, 89 MB goal, 0 MB stacks, 0 MB globals, 12 P
gc 2585 @10.731s 13%: 0.24+1.3+0.14 ms clock, 2.9+1.3/0.95/0+1.7 ms cpu, 67->80->39 MB, 77 MB goal, 0 MB stacks, 0 MB globals, 12 P
gc 2586 @10.735s 13%: 0.40+0.87+0.070 ms clock, 4.8+1.2/1.1/0+0.84 ms cpu, 70->78->33 MB, 79 MB goal, 0 MB stacks, 0 MB globals, 12 P
gc 2587 @10.738s 13%: 0.19+1.2+0.041 ms clock, 2.3+0.64/2.2/0+0.49 ms cpu, 59->66->37 MB, 67 MB goal, 0 MB stacks, 0 MB globals, 12 P
gc 2588 @10.742s 13%: 0.22+1.0+0.046 ms clock, 2.6+1.3/1.3/0+0.55 ms cpu, 66->73->34 MB, 75 MB goal, 0 MB stacks, 0 MB globals, 12 P
gc 2589 @10.745s 13%: 0.25+1.1+0.061 ms clock, 3.0+1.2/1.3/0+0.74 ms cpu, 61->72->42 MB, 69 MB goal, 0 MB stacks, 0 MB globals, 12 P
gc 2590 @10.749s 13%: 0.33+1.5+0.013 ms clock, 4.0+1.0/1.5/0+0.15 ms cpu, 74->85->39 MB, 85 MB goal, 0 MB stacks, 0 MB globals, 12 P
gc 2591 @10.753s 13%: 0.35+1.4+0.042 ms clock, 4.2+0.99/1.0/0+0.50 ms cpu, 68->82->39 MB, 79 MB goal, 0 MB stacks, 0 MB globals, 12 P
gc 2592 @10.756s 13%: 0.22+1.3+0.061 ms clock, 2.6+1.2/1.4/0+0.73 ms cpu, 68->79->37 MB, 79 MB goal, 0 MB stacks, 0 MB globals, 12 P
gc 2593 @10.760s 13%: 0.23+1.4+0.074 ms clock, 2.7+1.4/1.8/0+0.89 ms cpu, 64->75->40 MB, 75 MB goal, 0 MB stacks, 0 MB globals, 12 P
gc 2594 @10.764s 13%: 0.17+1.1+0.089 ms clock, 2.0+1.2/0.71/0+1.0 ms cpu, 72->81->37 MB, 81 MB goal, 0 MB stacks, 0 MB globals, 12 P
gc 2595 @10.767s 13%: 0.46+0.97+0.055 ms clock, 5.5+1.3/1.2/0+0.66 ms cpu, 65->73->36 MB, 75 MB goal, 0 MB stacks, 0 MB globals, 12 P
gc 2596 @10.771s 13%: 0.28+1.7+0.088 ms clock, 3.4+1.2/1.3/0+1.0 ms cpu, 65->81->43 MB, 73 MB goal, 0 MB stacks, 0 MB globals, 12 P
gc 2597 @10.775s 13%: 0.19+1.1+0.087 ms clock, 2.2+1.3/2.0/0+1.0 ms cpu, 79->84->37 MB, 87 MB goal, 0 MB stacks, 0 MB globals, 12 P
gc 2598 @10.779s 13%: 0.23+1.0+0.16 ms clock, 2.8+1.3/0.98/0+1.9 ms cpu, 65->76->38 MB, 75 MB goal, 0 MB stacks, 0 MB globals, 12 P
gc 2599 @10.782s 13%: 0.40+1.0+0.011 ms clock, 4.8+1.3/2.0/0+0.14 ms cpu, 69->78->37 MB, 77 MB goal, 0 MB stacks, 0 MB globals, 12 P
gc 2600 @10.786s 13%: 0.30+1.4+0.075 ms clock, 3.6+1.4/0.83/0+0.90 ms cpu, 64->80->41 MB, 75 MB goal, 0 MB stacks, 0 MB globals, 12 P
gc 2601 @10.790s 13%: 0.28+1.1+0.011 ms clock, 3.3+1.0/0.75/0+0.14 ms cpu, 71->82->36 MB, 83 MB goal, 0 MB stacks, 0 MB globals, 12 P
gc 2602 @10.793s 13%: 0.24+1.2+0.16 ms clock, 2.9+1.4/1.2/0+1.9 ms cpu, 62->76->39 MB, 73 MB goal, 0 MB stacks, 0 MB globals, 12 P
gc 2603 @10.797s 13%: 0.25+1.4+0.10 ms clock, 3.0+1.3/1.5/0+1.2 ms cpu, 71->81->39 MB, 79 MB goal, 0 MB stacks, 0 MB globals, 12 P
gc 2604 @10.801s 13%: 0.43+1.1+0.081 ms clock, 5.1+1.1/2.0/0+0.97 ms cpu, 70->81->35 MB, 79 MB goal, 0 MB stacks, 0 MB globals, 12 P
gc 2605 @10.805s 13%: 0.26+0.90+0.15 ms clock, 3.1+1.3/1.0/0+1.9 ms cpu, 61->67->34 MB, 71 MB goal, 0 MB stacks, 0 MB globals, 12 P
gc 2606 @10.808s 13%: 0.27+1.3+0.092 ms clock, 3.3+1.5/2.1/0+1.1 ms cpu, 61->70->35 MB, 69 MB goal, 0 MB stacks, 0 MB globals, 12 P
gc 2607 @10.811s 13%: 0.24+1.8+0.029 ms clock, 2.9+1.2/1.5/0+0.35 ms cpu, 62->75->40 MB, 71 MB goal, 0 MB stacks, 0 MB globals, 12 P
gc 2608 @10.816s 13%: 0.25+1.5+0.070 ms clock, 3.0+1.2/1.5/0+0.84 ms cpu, 69->82->40 MB, 81 MB goal, 0 MB stacks, 0 MB globals, 12 P
gc 2609 @10.820s 13%: 0.24+1.2+0.044 ms clock, 2.9+1.2/1.0/0+0.53 ms cpu, 70->80->53 MB, 81 MB goal, 0 MB stacks, 0 MB globals, 12 P
gc 2610 @10.824s 13%: 0.48+1.8+0.083 ms clock, 5.7+0.75/2.1/0+0.99 ms cpu, 94->107->53 MB, 106 MB goal, 0 MB stacks, 0 MB globals, 12 P
gc 2611 @10.830s 13%: 0.36+1.3+0.041 ms clock, 4.3+1.2/0.89/0+0.49 ms cpu, 92->104->42 MB, 106 MB goal, 0 MB stacks, 0 MB globals, 12 P
gc 2612 @10.834s 13%: 0.25+1.3+0.072 ms clock, 3.0+1.1/1.3/0+0.86 ms cpu, 76->86->40 MB, 85 MB goal, 0 MB stacks, 0 MB globals, 12 P
gc 2613 @10.838s 13%: 0.22+1.1+0.028 ms clock, 2.7+1.3/1.2/0+0.34 ms cpu, 74->80->35 MB, 81 MB goal, 0 MB stacks, 0 MB globals, 12 P
gc 2614 @10.841s 13%: 0.25+1.5+0.10 ms clock, 3.0+1.1/1.2/0+1.2 ms cpu, 62->74->41 MB, 71 MB goal, 0 MB stacks, 0 MB globals, 12 P
gc 2615 @10.845s 13%: 0.28+1.2+0.10 ms clock, 3.3+1.4/1.3/0+1.2 ms cpu, 74->84->40 MB, 83 MB goal, 0 MB stacks, 0 MB globals, 12 P
gc 2616 @10.849s 13%: 0.39+1.2+0.036 ms clock, 4.7+1.1/1.2/0+0.43 ms cpu, 71->81->36 MB, 81 MB goal, 0 MB stacks, 0 MB globals, 12 P
gc 2617 @10.852s 13%: 0.25+1.3+0.10 ms clock, 3.0+1.2/1.2/0+1.3 ms cpu, 62->75->40 MB, 73 MB goal, 0 MB stacks, 0 MB globals, 12 P
gc 2618 @10.856s 13%: 0.27+2.1+0.083 ms clock, 3.2+1.6/1.8/0+1.0 ms cpu, 72->88->43 MB, 81 MB goal, 0 MB stacks, 0 MB globals, 12 P
gc 2619 @10.861s 13%: 0.19+1.0+0.073 ms clock, 2.3+1.0/1.4/0+0.87 ms cpu, 76->85->39 MB, 87 MB goal, 0 MB stacks, 0 MB globals, 12 P
gc 2620 @10.865s 13%: 0.27+1.0+0.077 ms clock, 3.3+1.0/1.5/0+0.92 ms cpu, 72->79->35 MB, 79 MB goal, 0 MB stacks, 0 MB globals, 12 P
gc 2621 @10.868s 13%: 0.23+0.93+0.035 ms clock, 2.8+1.1/1.4/0+0.43 ms cpu, 63->67->32 MB, 71 MB goal, 0 MB stacks, 0 MB globals, 12 P
gc 2622 @10.871s 13%: 0.27+1.1+0.064 ms clock, 3.3+1.6/1.5/0+0.76 ms cpu, 58->66->35 MB, 65 MB goal, 0 MB stacks, 0 MB globals, 12 P
gc 2623 @10.875s 13%: 0.21+1.1+0.019 ms clock, 2.5+1.1/1.3/0+0.23 ms cpu, 61->71->34 MB, 71 MB goal, 0 MB stacks, 0 MB globals, 12 P
gc 2624 @10.878s 13%: 0.29+1.0+0.012 ms clock, 3.5+1.1/1.6/0+0.15 ms cpu, 61->68->35 MB, 69 MB goal, 0 MB stacks, 0 MB globals, 12 P
gc 2625 @10.881s 13%: 0.20+1.0+0.058 ms clock, 2.4+1.0/1.2/0+0.70 ms cpu, 62->68->33 MB, 71 MB goal, 0 MB stacks, 0 MB globals, 12 P
gc 2626 @10.884s 13%: 0.32+1.1+0.042 ms clock, 3.8+0.98/1.6/0+0.51 ms cpu, 59->68->37 MB, 67 MB goal, 0 MB stacks, 0 MB globals, 12 P
gc 2627 @10.887s 13%: 0.29+1.1+0.14 ms clock, 3.4+1.3/1.3/0+1.6 ms cpu, 66->76->37 MB, 75 MB goal, 0 MB stacks, 0 MB globals, 12 P
gc 2628 @10.891s 13%: 0.22+1.2+0.060 ms clock, 2.7+0.98/1.5/0+0.73 ms cpu, 66->75->40 MB, 75 MB goal, 0 MB stacks, 0 MB globals, 12 P
gc 2629 @10.895s 13%: 0.25+1.9+0.097 ms clock, 3.1+1.2/1.1/0+1.1 ms cpu, 71->88->44 MB, 81 MB goal, 0 MB stacks, 0 MB globals, 12 P
gc 2630 @10.900s 13%: 0.24+1.2+0.10 ms clock, 2.9+1.2/1.7/0+1.3 ms cpu, 79->89->35 MB, 89 MB goal, 0 MB stacks, 0 MB globals, 12 P
gc 2631 @10.903s 13%: 0.18+1.2+0.080 ms clock, 2.1+1.2/1.3/0+0.96 ms cpu, 61->70->37 MB, 71 MB goal, 0 MB stacks, 0 MB globals, 12 P
gc 2632 @10.906s 13%: 0.17+1.4+0.010 ms clock, 2.1+1.0/1.1/0+0.12 ms cpu, 65->74->38 MB, 75 MB goal, 0 MB stacks, 0 MB globals, 12 P
gc 2633 @10.910s 13%: 0.32+0.78+0.064 ms clock, 3.8+1.7/1.0/0+0.77 ms cpu, 71->77->36 MB, 77 MB goal, 0 MB stacks, 0 MB globals, 12 P
gc 2634 @10.913s 13%: 0.24+0.98+0.21 ms clock, 2.9+1.2/0.87/0+2.5 ms cpu, 63->73->38 MB, 73 MB goal, 0 MB stacks, 0 MB globals, 12 P
gc 2635 @10.917s 13%: 0.33+1.3+0.11 ms clock, 3.9+1.1/1.1/0+1.4 ms cpu, 67->81->39 MB, 77 MB goal, 0 MB stacks, 0 MB globals, 12 P
gc 2636 @10.921s 13%: 0.33+1.0+0.091 ms clock, 4.0+1.3/1.7/0+1.1 ms cpu, 70->79->36 MB, 79 MB goal, 0 MB stacks, 0 MB globals, 12 P
gc 2637 @10.924s 14%: 0.34+1.2+0.10 ms clock, 4.1+1.0/1.2/0+1.2 ms cpu, 62->73->40 MB, 73 MB goal, 0 MB stacks, 0 MB globals, 12 P
gc 2638 @10.928s 14%: 0.38+1.3+0.010 ms clock, 4.6+1.0/1.6/0+0.12 ms cpu, 70->81->37 MB, 81 MB goal, 0 MB stacks, 0 MB globals, 12 P
gc 2639 @10.931s 14%: 0.18+0.99+0.008 ms clock, 2.2+0.97/1.3/0+0.10 ms cpu, 67->72->33 MB, 75 MB goal, 0 MB stacks, 0 MB globals, 12 P
gc 2640 @10.934s 14%: 0.18+0.97+0.091 ms clock, 2.1+1.1/1.3/0.001+1.0 ms cpu, 59->65->35 MB, 67 MB goal, 0 MB stacks, 0 MB globals, 12 P
gc 2641 @10.937s 14%: 0.24+0.82+0.032 ms clock, 2.9+1.5/1.5/0+0.39 ms cpu, 61->64->31 MB, 71 MB goal, 0 MB stacks, 0 MB globals, 12 P
gc 2642 @10.939s 14%: 0.29+1.0+0.12 ms clock, 3.5+0.96/1.3/0+1.4 ms cpu, 55->66->39 MB, 63 MB goal, 0 MB stacks, 0 MB globals, 12 P
gc 2643 @10.943s 14%: 0.37+1.3+0.078 ms clock, 4.4+0.69/1.6/0+0.94 ms cpu, 68->78->38 MB, 79 MB goal, 0 MB stacks, 0 MB globals, 12 P
gc 2644 @10.946s 14%: 0.20+1.5+0.20 ms clock, 2.4+2.1/1.4/0+2.4 ms cpu, 67->81->41 MB, 77 MB goal, 0 MB stacks, 0 MB globals, 12 P
gc 2645 @10.950s 14%: 0.24+1.0+0.064 ms clock, 2.9+1.2/1.1/0+0.77 ms cpu, 72->81->40 MB, 83 MB goal, 0 MB stacks, 0 MB globals, 12 P
gc 2646 @10.954s 14%: 0.18+0.75+0.070 ms clock, 2.2+1.0/1.1/0+0.84 ms cpu, 72->78->32 MB, 81 MB goal, 0 MB stacks, 0 MB globals, 12 P
gc 2647 @10.957s 14%: 0.27+1.3+0.040 ms clock, 3.3+1.0/1.8/0+0.48 ms cpu, 56->66->37 MB, 65 MB goal, 0 MB stacks, 0 MB globals, 12 P
gc 2648 @10.960s 14%: 0.22+1.0+0.12 ms clock, 2.7+1.1/1.0/0+1.5 ms cpu, 65->75->37 MB, 75 MB goal, 0 MB stacks, 0 MB globals, 12 P
gc 2649 @10.964s 14%: 0.37+1.4+0.11 ms clock, 4.5+1.1/1.3/0+1.3 ms cpu, 64->79->56 MB, 75 MB goal, 0 MB stacks, 0 MB globals, 12 P
gc 2650 @10.969s 14%: 0.32+1.5+0.11 ms clock, 3.8+1.2/0.92/0+1.3 ms cpu, 98->113->44 MB, 112 MB goal, 0 MB stacks, 0 MB globals, 12 P
gc 2651 @10.973s 14%: 0.35+1.4+0.057 ms clock, 4.3+0.82/1.7/0+0.69 ms cpu, 77->88->39 MB, 89 MB goal, 0 MB stacks, 0 MB globals, 12 P
gc 2652 @10.977s 14%: 0.27+1.0+0.091 ms clock, 3.3+1.3/1.3/0+1.1 ms cpu, 70->77->30 MB, 79 MB goal, 0 MB stacks, 0 MB globals, 12 P
gc 2653 @10.980s 14%: 0.28+0.78+0.056 ms clock, 3.4+0.61/1.1/0+0.67 ms cpu, 53->59->35 MB, 61 MB goal, 0 MB stacks, 0 MB globals, 12 P
gc 2654 @10.983s 14%: 0.23+1.2+0.13 ms clock, 2.7+0.82/0.97/0+1.6 ms cpu, 63->73->53 MB, 71 MB goal, 0 MB stacks, 0 MB globals, 12 P
gc 2655 @10.988s 14%: 0.27+1.1+0.16 ms clock, 3.2+0.99/1.6/0+1.9 ms cpu, 92->104->42 MB, 106 MB goal, 0 MB stacks, 0 MB globals, 12 P
gc 2656 @10.992s 14%: 0.28+1.8+0.13 ms clock, 3.4+1.7/1.6/0.10+1.6 ms cpu, 74->92->42 MB, 85 MB goal, 0 MB stacks, 0 MB globals, 12 P
gc 2657 @10.996s 14%: 0.36+1.0+0.053 ms clock, 4.4+0.78/1.0/0+0.63 ms cpu, 74->84->38 MB, 85 MB goal, 0 MB stacks, 0 MB globals, 12 P
gc 2658 @11.000s 14%: 0.25+1.0+0.063 ms clock, 3.1+1.3/1.2/0+0.75 ms cpu, 68->78->38 MB, 77 MB goal, 0 MB stacks, 0 MB globals, 12 P
gc 2659 @11.004s 14%: 0.23+1.1+0.044 ms clock, 2.7+1.2/1.3/0+0.53 ms cpu, 66->76->38 MB, 77 MB goal, 0 MB stacks, 0 MB globals, 12 P
gc 2660 @11.007s 14%: 0.22+1.1+0.007 ms clock, 2.6+1.2/0.98/0+0.090 ms cpu, 66->74->37 MB, 77 MB goal, 0 MB stacks, 0 MB globals, 12 P
gc 2661 @11.010s 14%: 0.25+1.0+0.056 ms clock, 3.0+1.3/1.6/0.033+0.68 ms cpu, 64->74->36 MB, 75 MB goal, 0 MB stacks, 0 MB globals, 12 P
gc 2662 @11.013s 14%: 0.22+1.2+0.084 ms clock, 2.6+1.2/1.0/0+1.0 ms cpu, 63->72->38 MB, 73 MB goal, 0 MB stacks, 0 MB globals, 12 P
gc 2663 @11.017s 14%: 0.25+0.73+0.075 ms clock, 3.0+1.2/1.2/0+0.90 ms cpu, 70->72->33 MB, 77 MB goal, 0 MB stacks, 0 MB globals, 12 P
gc 2664 @11.019s 14%: 0.20+1.2+0.013 ms clock, 2.4+1.2/1.2/0+0.16 ms cpu, 58->68->34 MB, 67 MB goal, 0 MB stacks, 0 MB globals, 12 P
gc 2665 @11.023s 14%: 0.25+1.1+0.061 ms clock, 3.0+1.4/1.7/0+0.73 ms cpu, 61->71->37 MB, 69 MB goal, 0 MB stacks, 0 MB globals, 12 P
gc 2666 @11.026s 14%: 0.22+1.2+0.093 ms clock, 2.7+1.0/1.6/0+1.1 ms cpu, 67->75->39 MB, 75 MB goal, 0 MB stacks, 0 MB globals, 12 P
gc 2667 @11.030s 14%: 0.22+1.2+0.16 ms clock, 2.6+1.4/1.1/0+1.9 ms cpu, 69->83->38 MB, 79 MB goal, 0 MB stacks, 0 MB globals, 12 P
gc 2668 @11.034s 14%: 0.19+1.2+0.033 ms clock, 2.3+1.1/1.1/0+0.39 ms cpu, 67->77->41 MB, 77 MB goal, 0 MB stacks, 0 MB globals, 12 P
gc 2669 @11.037s 14%: 0.26+1.5+0.10 ms clock, 3.2+1.8/1.2/0+1.2 ms cpu, 75->85->39 MB, 83 MB goal, 0 MB stacks, 0 MB globals, 12 P
gc 2670 @11.041s 14%: 0.38+1.6+0.031 ms clock, 4.6+1.1/0.79/0+0.37 ms cpu, 68->84->44 MB, 79 MB goal, 0 MB stacks, 0 MB globals, 12 P
gc 2671 @11.046s 14%: 0.46+0.80+0.074 ms clock, 5.5+1.1/1.1/0+0.88 ms cpu, 76->84->36 MB, 89 MB goal, 0 MB stacks, 0 MB globals, 12 P
gc 2672 @11.049s 14%: 0.25+1.4+0.18 ms clock, 3.1+1.4/1.6/0+2.1 ms cpu, 63->78->43 MB, 73 MB goal, 0 MB stacks, 0 MB globals, 12 P
gc 2673 @11.054s 14%: 0.19+1.0+0.031 ms clock, 2.3+1.6/1.4/0+0.37 ms cpu, 75->84->31 MB, 87 MB goal, 0 MB stacks, 0 MB globals, 12 P
gc 2674 @11.056s 14%: 0.19+0.96+0.061 ms clock, 2.3+1.2/1.7/0+0.73 ms cpu, 56->61->35 MB, 63 MB goal, 0 MB stacks, 0 MB globals, 12 P
gc 2675 @11.060s 14%: 0.26+0.85+0.14 ms clock, 3.1+1.2/1.2/0+1.6 ms cpu, 62->73->37 MB, 71 MB goal, 0 MB stacks, 0 MB globals, 12 P
gc 2676 @11.063s 14%: 0.32+1.6+0.11 ms clock, 3.9+1.2/1.3/0+1.3 ms cpu, 64->80->40 MB, 75 MB goal, 0 MB stacks, 0 MB globals, 12 P
gc 2677 @11.067s 14%: 0.21+0.83+0.059 ms clock, 2.5+1.0/1.2/0+0.70 ms cpu, 72->77->33 MB, 81 MB goal, 0 MB stacks, 0 MB globals, 12 P
gc 2678 @11.070s 14%: 0.18+1.0+0.058 ms clock, 2.1+1.2/1.8/0+0.69 ms cpu, 58->67->34 MB, 67 MB goal, 0 MB stacks, 0 MB globals, 12 P
gc 2679 @11.073s 14%: 0.28+0.82+0.049 ms clock, 3.3+1.4/1.0/0+0.59 ms cpu, 62->68->33 MB, 69 MB goal, 0 MB stacks, 0 MB globals, 12 P
gc 2680 @11.076s 14%: 0.19+0.69+0.065 ms clock, 2.3+1.4/1.0/0+0.78 ms cpu, 59->63->31 MB, 67 MB goal, 0 MB stacks, 0 MB globals, 12 P
gc 2681 @11.079s 14%: 0.22+1.2+0.039 ms clock, 2.7+1.1/1.6/0+0.46 ms cpu, 54->64->38 MB, 63 MB goal, 0 MB stacks, 0 MB globals, 12 P
gc 2682 @11.082s 14%: 0.41+1.2+0.013 ms clock, 5.0+1.1/1.0/0+0.16 ms cpu, 70->78->34 MB, 77 MB goal, 0 MB stacks, 0 MB globals, 12 P
gc 2683 @11.086s 14%: 0.31+1.0+0.098 ms clock, 3.8+1.2/1.5/0+1.1 ms cpu, 61->70->37 MB, 69 MB goal, 0 MB stacks, 0 MB globals, 12 P
gc 2684 @11.089s 14%: 0.25+1.0+0.080 ms clock, 3.0+1.1/1.7/0+0.96 ms cpu, 65->73->37 MB, 75 MB goal, 0 MB stacks, 0 MB globals, 12 P
gc 2685 @11.093s 14%: 0.19+1.3+0.093 ms clock, 2.3+1.6/2.0/0+1.1 ms cpu, 66->75->38 MB, 75 MB goal, 0 MB stacks, 0 MB globals, 12 P
gc 2686 @11.097s 14%: 0.27+1.1+0.088 ms clock, 3.2+1.2/1.0/0+1.0 ms cpu, 72->79->39 MB, 77 MB goal, 0 MB stacks, 0 MB globals, 12 P
gc 2687 @11.101s 14%: 0.16+1.4+0.10 ms clock, 2.0+1.6/1.1/0+1.2 ms cpu, 69->83->38 MB, 79 MB goal, 0 MB stacks, 0 MB globals, 12 P
gc 2688 @11.105s 14%: 0.37+1.0+0.033 ms clock, 4.5+1.6/1.6/0+0.39 ms cpu, 67->75->35 MB, 77 MB goal, 0 MB stacks, 0 MB globals, 12 P
gc 2689 @11.108s 14%: 0.22+0.70+0.062 ms clock, 2.7+1.1/1.1/0+0.75 ms cpu, 62->67->33 MB, 71 MB goal, 0 MB stacks, 0 MB globals, 12 P
gc 2690 @11.111s 14%: 0.17+1.4+0.019 ms clock, 2.1+0.99/1.7/0+0.23 ms cpu, 57->68->37 MB, 67 MB goal, 0 MB stacks, 0 MB globals, 12 P
gc 2691 @11.114s 14%: 0.26+1.3+0.12 ms clock, 3.2+1.4/1.7/0+1.5 ms cpu, 64->76->41 MB, 75 MB goal, 0 MB stacks, 0 MB globals, 12 P
gc 2692 @11.118s 14%: 0.34+1.8+0.10 ms clock, 4.1+1.2/2.7/0+1.2 ms cpu, 72->87->46 MB, 83 MB goal, 0 MB stacks, 0 MB globals, 12 P
gc 2693 @11.123s 14%: 0.32+1.2+0.004 ms clock, 3.9+1.1/2.4/0+0.048 ms cpu, 79->87->35 MB, 93 MB goal, 0 MB stacks, 0 MB globals, 12 P
gc 2694 @11.126s 14%: 0.37+1.2+0.060 ms clock, 4.5+1.0/0.81/0+0.73 ms cpu, 62->74->37 MB, 71 MB goal, 0 MB stacks, 0 MB globals, 12 P
gc 2695 @11.129s 14%: 0.47+1.3+0.049 ms clock, 5.7+1.1/0.94/0+0.58 ms cpu, 65->79->52 MB, 75 MB goal, 0 MB stacks, 0 MB globals, 12 P
gc 2696 @11.134s 14%: 0.32+1.3+0.13 ms clock, 3.8+1.1/1.1/0+1.6 ms cpu, 94->106->56 MB, 104 MB goal, 0 MB stacks, 0 MB globals, 12 P
gc 2697 @11.140s 14%: 0.24+1.7+0.096 ms clock, 2.9+1.2/2.1/0+1.1 ms cpu, 105->117->47 MB, 114 MB goal, 0 MB stacks, 0 MB globals, 12 P
gc 2698 @11.144s 14%: 0.36+1.6+0.028 ms clock, 4.4+1.8/1.0/0+0.34 ms cpu, 83->98->43 MB, 95 MB goal, 0 MB stacks, 0 MB globals, 12 P
gc 2699 @11.149s 14%: 0.28+1.2+0.059 ms clock, 3.3+1.0/1.0/0+0.71 ms cpu, 75->84->37 MB, 87 MB goal, 0 MB stacks, 0 MB globals, 12 P
gc 2700 @11.152s 14%: 0.15+1.5+0.011 ms clock, 1.8+1.1/0.97/0+0.13 ms cpu, 66->76->39 MB, 75 MB goal, 0 MB stacks, 0 MB globals, 12 P
gc 2701 @11.156s 14%: 0.56+1.0+0.037 ms clock, 6.7+1.7/1.0/0+0.45 ms cpu, 69->80->37 MB, 79 MB goal, 0 MB stacks, 0 MB globals, 12 P
gc 2702 @11.159s 14%: 0.42+1.2+0.050 ms clock, 5.0+1.0/1.3/0+0.60 ms cpu, 65->76->40 MB, 75 MB goal, 0 MB stacks, 0 MB globals, 12 P
gc 2703 @11.163s 14%: 0.30+1.8+0.006 ms clock, 3.6+1.7/1.8/0+0.072 ms cpu, 71->85->40 MB, 81 MB goal, 0 MB stacks, 0 MB globals, 12 P
gc 2704 @11.167s 14%: 0.17+1.1+0.052 ms clock, 2.1+1.0/0.89/0+0.63 ms cpu, 71->80->38 MB, 81 MB goal, 0 MB stacks, 0 MB globals, 12 P
gc 2705 @11.171s 14%: 0.24+1.1+0.10 ms clock, 2.8+1.1/1.1/0+1.2 ms cpu, 67->81->40 MB, 77 MB goal, 0 MB stacks, 0 MB globals, 12 P
gc 2706 @11.175s 14%: 0.21+0.92+0.067 ms clock, 2.5+0.74/1.3/0+0.80 ms cpu, 71->79->35 MB, 81 MB goal, 0 MB stacks, 0 MB globals, 12 P
gc 2707 @11.178s 14%: 0.20+1.4+0.086 ms clock, 2.5+1.1/0.91/0+1.0 ms cpu, 61->76->39 MB, 71 MB goal, 0 MB stacks, 0 MB globals, 12 P
gc 2708 @11.182s 14%: 0.26+0.95+0.12 ms clock, 3.2+1.3/0.90/0+1.4 ms cpu, 71->79->39 MB, 79 MB goal, 0 MB stacks, 0 MB globals, 12 P
gc 2709 @11.185s 14%: 0.39+1.6+0.076 ms clock, 4.7+1.3/2.4/0+0.91 ms cpu, 67->80->41 MB, 79 MB goal, 0 MB stacks, 0 MB globals, 12 P
gc 2710 @11.190s 14%: 0.27+1.3+0.10 ms clock, 3.3+1.6/1.2/0+1.2 ms cpu, 71->84->40 MB, 83 MB goal, 0 MB stacks, 0 MB globals, 12 P
gc 2711 @11.193s 14%: 0.25+1.1+0.14 ms clock, 3.0+0.87/1.0/0+1.7 ms cpu, 69->82->42 MB, 81 MB goal, 0 MB stacks, 0 MB globals, 12 P
gc 2712 @11.197s 14%: 0.24+1.5+0.096 ms clock, 2.9+1.7/1.6/0+1.1 ms cpu, 75->88->39 MB, 85 MB goal, 0 MB stacks, 0 MB globals, 12 P
gc 2713 @11.201s 14%: 0.17+1.3+0.032 ms clock, 2.0+1.7/2.0/0+0.38 ms cpu, 69->78->36 MB, 79 MB goal, 0 MB stacks, 0 MB globals, 12 P
gc 2714 @11.205s 14%: 0.25+0.88+0.020 ms clock, 3.0+1.3/1.3/0+0.24 ms cpu, 62->68->32 MB, 73 MB goal, 0 MB stacks, 0 MB globals, 12 P
gc 2715 @11.207s 14%: 0.33+0.78+0.058 ms clock, 3.9+0.91/1.4/0+0.69 ms cpu, 58->62->31 MB, 65 MB goal, 0 MB stacks, 0 MB globals, 12 P
gc 2716 @11.210s 14%: 0.29+1.0+0.010 ms clock, 3.5+0.93/1.3/0+0.13 ms cpu, 56->63->36 MB, 63 MB goal, 0 MB stacks, 0 MB globals, 12 P
gc 2717 @11.213s 14%: 0.21+1.0+0.10 ms clock, 2.6+1.5/1.6/0+1.2 ms cpu, 66->70->31 MB, 73 MB goal, 0 MB stacks, 0 MB globals, 12 P
gc 2718 @11.216s 14%: 0.14+1.3+0.009 ms clock, 1.7+0.94/2.4/0+0.11 ms cpu, 56->64->36 MB, 63 MB goal, 0 MB stacks, 0 MB globals, 12 P
gc 2719 @11.220s 14%: 0.34+1.0+0.093 ms clock, 4.1+0.91/1.1/0+1.1 ms cpu, 64->72->36 MB, 73 MB goal, 0 MB stacks, 0 MB globals, 12 P
gc 2720 @11.223s 14%: 0.35+1.0+0.12 ms clock, 4.2+1.2/1.4/0+1.4 ms cpu, 63->73->39 MB, 73 MB goal, 0 MB stacks, 0 MB globals, 12 P
gc 2721 @11.227s 14%: 0.24+1.2+0.091 ms clock, 2.9+1.1/1.3/0+1.1 ms cpu, 67->77->35 MB, 79 MB goal, 0 MB stacks, 0 MB globals, 12 P
gc 2722 @11.230s 14%: 0.25+1.1+0.072 ms clock, 3.0+1.2/2.0/0+0.86 ms cpu, 64->69->34 MB, 71 MB goal, 0 MB stacks, 0 MB globals, 12 P
gc 2723 @11.233s 14%: 0.37+1.1+0.009 ms clock, 4.4+1.0/1.4/0+0.11 ms cpu, 60->68->36 MB, 69 MB goal, 0 MB stacks, 0 MB globals, 12 P
gc 2724 @11.237s 14%: 0.25+1.6+0.081 ms clock, 3.0+1.4/2.0/0+0.97 ms cpu, 63->78->41 MB, 73 MB goal, 0 MB stacks, 0 MB globals, 12 P
gc 2725 @11.241s 14%: 0.32+1.5+0.10 ms clock, 3.9+1.2/1.5/0+1.2 ms cpu, 74->85->41 MB, 83 MB goal, 0 MB stacks, 0 MB globals, 12 P
gc 2726 @11.245s 14%: 0.26+1.4+0.076 ms clock, 3.1+1.8/1.6/0+0.92 ms cpu, 73->86->39 MB, 83 MB goal, 0 MB stacks, 0 MB globals, 12 P
gc 2727 @11.249s 14%: 0.23+1.1+0.028 ms clock, 2.7+1.1/1.1/0+0.34 ms cpu, 69->79->37 MB, 79 MB goal, 0 MB stacks, 0 MB globals, 12 P
gc 2728 @11.253s 14%: 0.23+1.0+0.092 ms clock, 2.8+1.1/1.1/0+1.1 ms cpu, 65->75->50 MB, 75 MB goal, 0 MB stacks, 0 MB globals, 12 P
gc 2729 @11.257s 14%: 0.24+1.4+0.10 ms clock, 2.9+1.4/1.3/0+1.2 ms cpu, 86->98->39 MB, 100 MB goal, 0 MB stacks, 0 MB globals, 12 P
gc 2730 @11.260s 14%: 0.23+1.1+0.013 ms clock, 2.8+0.65/1.1/0+0.16 ms cpu, 67->77->38 MB, 79 MB goal, 0 MB stacks, 0 MB globals, 12 P
gc 2731 @11.264s 14%: 0.26+1.9+0.044 ms clock, 3.1+1.6/1.8/0+0.53 ms cpu, 67->82->39 MB, 77 MB goal, 0 MB stacks, 0 MB globals, 12 P
gc 2732 @11.268s 14%: 0.33+1.3+0.030 ms clock, 4.0+1.2/1.0/0+0.36 ms cpu, 71->81->39 MB, 79 MB goal, 0 MB stacks, 0 MB globals, 12 P
gc 2733 @11.272s 14%: 0.46+0.91+0.15 ms clock, 5.6+1.2/1.1/0+1.8 ms cpu, 68->79->37 MB, 79 MB goal, 0 MB stacks, 0 MB globals, 12 P
gc 2734 @11.276s 14%: 0.23+1.7+0.065 ms clock, 2.8+1.4/1.2/0+0.78 ms cpu, 64->81->43 MB, 75 MB goal, 0 MB stacks, 0 MB globals, 12 P
gc 2735 @11.280s 14%: 0.24+1.5+0.057 ms clock, 2.8+1.2/2.0/0+0.69 ms cpu, 75->88->40 MB, 87 MB goal, 0 MB stacks, 0 MB globals, 12 P
gc 2736 @11.284s 14%: 0.19+1.2+0.090 ms clock, 2.3+1.6/1.7/0+1.0 ms cpu, 70->83->40 MB, 81 MB goal, 0 MB stacks, 0 MB globals, 12 P
gc 2737 @11.288s 14%: 0.28+1.2+0.083 ms clock, 3.3+1.5/1.3/0+1.0 ms cpu, 71->83->37 MB, 81 MB goal, 0 MB stacks, 0 MB globals, 12 P
gc 2738 @11.292s 14%: 0.24+0.96+0.088 ms clock, 2.9+1.3/1.4/0+1.0 ms cpu, 66->75->34 MB, 75 MB goal, 0 MB stacks, 0 MB globals, 12 P
gc 2739 @11.295s 14%: 0.23+1.4+0.050 ms clock, 2.8+1.3/1.4/0+0.61 ms cpu, 60->71->37 MB, 69 MB goal, 0 MB stacks, 0 MB globals, 12 P
gc 2740 @11.299s 14%: 0.25+0.73+0.035 ms clock, 3.0+1.3/1.0/0+0.42 ms cpu, 65->70->32 MB, 75 MB goal, 0 MB stacks, 0 MB globals, 12 P
gc 2741 @11.301s 14%: 0.18+1.1+0.010 ms clock, 2.2+0.92/1.7/0+0.12 ms cpu, 56->61->31 MB, 65 MB goal, 0 MB stacks, 0 MB globals, 12 P
signal: interrupt
