gc 1 @0.006s 1%: 0.078+0.40+0.011 ms clock, 0.94+0.078/0.54/0+0.13 ms cpu, 3->4->0 MB, 4 MB goal, 0 MB stacks, 0 MB globals, 12 P
gc 2 @0.008s 2%: 0.029+0.38+0.034 ms clock, 0.34+0.092/0.55/0+0.41 ms cpu, 3->4->1 MB, 4 MB goal, 0 MB stacks, 0 MB globals, 12 P
gc 3 @0.009s 4%: 0.061+0.33+0.080 ms clock, 0.74+0.48/0.49/0+0.97 ms cpu, 3->3->1 MB, 4 MB goal, 0 MB stacks, 0 MB globals, 12 P
gc 4 @0.010s 7%: 0.19+1.7+0.046 ms clock, 2.3+1.1/0.89/0+0.56 ms cpu, 3->6->2 MB, 4 MB goal, 0 MB stacks, 0 MB globals, 12 P
gc 5 @0.012s 6%: 0.044+1.9+0.039 ms clock, 0.53+0.27/0.53/0+0.46 ms cpu, 4->7->2 MB, 5 MB goal, 0 MB stacks, 0 MB globals, 12 P
gc 6 @0.015s 7%: 0.051+0.71+0.065 ms clock, 0.61+0.75/0.66/0+0.78 ms cpu, 4->5->1 MB, 5 MB goal, 0 MB stacks, 0 MB globals, 12 P
gc 7 @0.017s 9%: 0.26+1.2+0.056 ms clock, 3.1+0.68/1.3/0+0.67 ms cpu, 3->5->2 MB, 4 MB goal, 0 MB stacks, 0 MB globals, 12 P
gc 8 @0.019s 10%: 0.070+0.85+0.032 ms clock, 0.84+1.0/1.5/0+0.39 ms cpu, 3->5->1 MB, 4 MB goal, 0 MB stacks, 0 MB globals, 12 P
gc 9 @0.020s 10%: 0.059+1.3+0.072 ms clock, 0.71+1.2/1.2/0+0.87 ms cpu, 3->5->2 MB, 4 MB goal, 0 MB stacks, 0 MB globals, 12 P
gc 10 @0.022s 11%: 0.054+0.69+0.051 ms clock, 0.65+0.80/1.1/0.003+0.61 ms cpu, 3->5->1 MB, 4 MB goal, 0 MB stacks, 0 MB globals, 12 P
gc 11 @0.024s 12%: 0.22+0.91+0.017 ms clock, 2.7+0.68/1.1/0+0.20 ms cpu, 3->5->2 MB, 4 MB goal, 0 MB stacks, 0 MB globals, 12 P
gc 12 @0.025s 12%: 0.032+0.91+0.053 ms clock, 0.39+0.40/0.70/0+0.64 ms cpu, 4->6->2 MB, 5 MB goal, 0 MB stacks, 0 MB globals, 12 P
gc 13 @0.027s 12%: 0.078+1.3+0.037 ms clock, 0.94+0.89/1.0/0+0.44 ms cpu, 5->7->3 MB, 5 MB goal, 0 MB stacks, 0 MB globals, 12 P
gc 14 @0.029s 12%: 0.057+1.2+0.031 ms clock, 0.69+0.68/1.4/0+0.37 ms cpu, 6->8->3 MB, 7 MB goal, 0 MB stacks, 0 MB globals, 12 P
gc 15 @0.031s 12%: 0.049+1.2+0.066 ms clock, 0.59+0.98/1.1/0.009+0.79 ms cpu, 6->8->3 MB, 7 MB goal, 0 MB stacks, 0 MB globals, 12 P
gc 16 @0.033s 12%: 0.045+0.49+0.024 ms clock, 0.54+0.50/1.1/0.33+0.29 ms cpu, 6->6->2 MB, 7 MB goal, 0 MB stacks, 0 MB globals, 12 P
gc 17 @0.034s 12%: 0.037+0.52+0.025 ms clock, 0.44+0.67/1.3/0.35+0.30 ms cpu, 4->5->2 MB, 5 MB goal, 0 MB stacks, 0 MB globals, 12 P
gc 18 @0.036s 12%: 0.026+0.24+0.012 ms clock, 0.31+0.33/0.58/0.67+0.14 ms cpu, 4->5->2 MB, 5 MB goal, 0 MB stacks, 0 MB globals, 12 P
gc 19 @0.037s 12%: 0.018+0.28+0.012 ms clock, 0.22+0.22/0.68/0.66+0.14 ms cpu, 4->4->2 MB, 4 MB goal, 0 MB stacks, 0 MB globals, 12 P
gc 20 @0.038s 12%: 0.017+0.34+0.009 ms clock, 0.21+0.35/0.66/0.32+0.11 ms cpu, 4->5->2 MB, 4 MB goal, 0 MB stacks, 0 MB globals, 12 P
gc 21 @0.039s 12%: 0.024+0.31+0.005 ms clock, 0.29+0.040/0.69/0.59+0.066 ms cpu, 4->4->2 MB, 5 MB goal, 0 MB stacks, 0 MB globals, 12 P
gc 22 @0.041s 11%: 0.017+0.29+0.008 ms clock, 0.21+0.042/0.62/0.83+0.10 ms cpu, 3->3->2 MB, 4 MB goal, 0 MB stacks, 0 MB globals, 12 P
gc 23 @0.043s 11%: 0.019+0.27+0.008 ms clock, 0.23+0.040/0.61/0.66+0.10 ms cpu, 3->3->1 MB, 4 MB goal, 0 MB stacks, 0 MB globals, 12 P
gc 24 @0.044s 11%: 0.024+0.31+0.010 ms clock, 0.29+0.12/0.78/0.25+0.12 ms cpu, 3->3->2 MB, 4 MB goal, 0 MB stacks, 0 MB globals, 12 P
gc 25 @0.045s 11%: 0.040+0.51+0.039 ms clock, 0.48+0.28/0.80/0.11+0.47 ms cpu, 3->5->2 MB, 4 MB goal, 0 MB stacks, 0 MB globals, 12 P
gc 26 @0.046s 12%: 0.041+0.47+0.022 ms clock, 0.49+2.3/1.1/0+0.26 ms cpu, 4->4->2 MB, 4 MB goal, 0 MB stacks, 0 MB globals, 12 P
gc 27 @0.048s 12%: 0.063+0.71+0.064 ms clock, 0.75+0.37/1.2/0.31+0.77 ms cpu, 4->5->2 MB, 5 MB goal, 0 MB stacks, 0 MB globals, 12 P
gc 28 @0.052s 6%: 0.10+48+0.041 ms clock, 1.2+0.58/2.8/0.029+0.50 ms cpu, 5->6->3 MB, 6 MB goal, 0 MB stacks, 0 MB globals, 12 P
gc 29 @0.102s 6%: 0.24+4.7+0.023 ms clock, 2.9+0.88/8.0/0+0.28 ms cpu, 6->7->3 MB, 7 MB goal, 0 MB stacks, 0 MB globals, 12 P
gc 30 @0.121s 7%: 0.13+9.4+1.4 ms clock, 1.5+1.2/6.9/0+17 ms cpu, 7->8->4 MB, 8 MB goal, 0 MB stacks, 0 MB globals, 12 P
gc 31 @0.173s 6%: 1.2+4.4+0.39 ms clock, 14+0.47/5.4/0.026+4.7 ms cpu, 7->8->3 MB, 9 MB goal, 0 MB stacks, 0 MB globals, 12 P
gc 32 @0.183s 6%: 0.045+0.75+0.003 ms clock, 0.54+0.12/1.9/1.9+0.042 ms cpu, 6->7->3 MB, 8 MB goal, 0 MB stacks, 0 MB globals, 12 P
gc 33 @0.247s 4%: 0.030+0.68+0.010 ms clock, 0.36+0.069/1.7/0.67+0.12 ms cpu, 6->7->3 MB, 8 MB goal, 0 MB stacks, 0 MB globals, 12 P
gc 34 @0.249s 4%: 0.026+0.65+0.007 ms clock, 0.31+0.094/1.5/1.1+0.094 ms cpu, 6->7->3 MB, 8 MB goal, 0 MB stacks, 0 MB globals, 12 P
# runtime
gc 1 @0.090s 1%: 0.018+5.6+0.010 ms clock, 0.22+0.067/13/22+0.12 ms cpu, 61->62->34 MB, 64 MB goal, 0 MB stacks, 0 MB globals, 12 P
gc 2 @0.149s 1%: 0.014+7.1+0.012 ms clock, 0.17+1.6/15/30+0.15 ms cpu, 66->70->40 MB, 70 MB goal, 0 MB stacks, 0 MB globals, 12 P
gc 3 @0.186s 1%: 0.021+2.7+0.014 ms clock, 0.25+0.19/7.3/16+0.17 ms cpu, 71->72->16 MB, 82 MB goal, 0 MB stacks, 0 MB globals, 12 P
gc 4 @0.214s 1%: 0.018+3.2+0.013 ms clock, 0.22+0.16/7.9/16+0.15 ms cpu, 29->29->22 MB, 33 MB goal, 0 MB stacks, 0 MB globals, 12 P
gc 5 @0.249s 1%: 0.017+3.8+0.012 ms clock, 0.21+0.072/10/21+0.14 ms cpu, 39->41->30 MB, 46 MB goal, 0 MB stacks, 0 MB globals, 12 P
gc 6 @0.292s 1%: 0.018+4.4+0.009 ms clock, 0.21+0.083/12/27+0.10 ms cpu, 53->54->38 MB, 62 MB goal, 0 MB stacks, 0 MB globals, 12 P
gc 7 @0.369s 1%: 0.017+5.0+0.010 ms clock, 0.20+0.13/14/35+0.12 ms cpu, 65->66->45 MB, 77 MB goal, 0 MB stacks, 0 MB globals, 12 P
gc 8 @0.449s 2%: 0.071+9.2+0.043 ms clock, 0.85+0.16/26/42+0.51 ms cpu, 85->89->62 MB, 92 MB goal, 0 MB stacks, 0 MB globals, 12 P
gc 9 @0.556s 2%: 0.092+12+0.017 ms clock, 1.1+0.14/36/54+0.20 ms cpu, 115->120->75 MB, 125 MB goal, 0 MB stacks, 0 MB globals, 12 P
gc 10 @0.686s 2%: 0.17+14+0.017 ms clock, 2.0+0.72/42/68+0.21 ms cpu, 139->144->88 MB, 151 MB goal, 0 MB stacks, 0 MB globals, 12 P
gc 11 @0.831s 2%: 0.025+11+0.013 ms clock, 0.30+0.086/34/88+0.16 ms cpu, 165->167->98 MB, 178 MB goal, 0 MB stacks, 0 MB globals, 12 P
gc 35 @1.274s 0%: 0.052+0.77+0.010 ms clock, 0.63+0.24/1.5/0.83+0.12 ms cpu, 6->7->3 MB, 7 MB goal, 0 MB stacks, 0 MB globals, 12 P
gc 36 @1.347s 0%: 0.017+0.69+0.003 ms clock, 0.20+0.094/1.4/1.4+0.042 ms cpu, 6->6->3 MB, 7 MB goal, 0 MB stacks, 0 MB globals, 12 P
gc 37 @1.366s 0%: 0.042+2.3+0.044 ms clock, 0.50+0.41/4.7/0.58+0.53 ms cpu, 6->6->3 MB, 7 MB goal, 0 MB stacks, 0 MB globals, 12 P
gc 38 @1.413s 0%: 0.072+4.2+0.016 ms clock, 0.86+0.34/2.7/0.030+0.19 ms cpu, 6->7->4 MB, 7 MB goal, 0 MB stacks, 0 MB globals, 12 P
gc 39 @1.509s 0%: 0.56+11+0.49 ms clock, 6.7+0.20/5.2/0+5.9 ms cpu, 7->7->3 MB, 8 MB goal, 0 MB stacks, 0 MB globals, 12 P
# syscall
gc 1 @0.170s 1%: 1.1+12+0.049 ms clock, 13+0.15/17/0+0.59 ms cpu, 61->62->17 MB, 64 MB goal, 0 MB stacks, 0 MB globals, 12 P
gc 40 @1.657s 0%: 0.028+1.4+0.014 ms clock, 0.34+0.18/2.6/0+0.17 ms cpu, 6->7->3 MB, 7 MB goal, 0 MB stacks, 0 MB globals, 12 P
# crypto/internal/nistec/fiat
gc 1 @0.241s 0%: 0.018+8.0+0.19 ms clock, 0.21+0.091/11/0.12+2.3 ms cpu, 61->65->18 MB, 64 MB goal, 0 MB stacks, 0 MB globals, 12 P
# time
gc 1 @0.106s 1%: 0.021+5.4+0.017 ms clock, 0.26+0.31/15/0+0.21 ms cpu, 61->63->20 MB, 64 MB goal, 0 MB stacks, 0 MB globals, 12 P
gc 41 @1.807s 0%: 0.047+0.93+0.005 ms clock, 0.57+0.034/2.2/1.2+0.062 ms cpu, 6->6->3 MB, 8 MB goal, 0 MB stacks, 0 MB globals, 12 P
gc 42 @1.905s 0%: 0.028+0.61+0.004 ms clock, 0.34+0.046/1.3/1.5+0.054 ms cpu, 6->6->3 MB, 7 MB goal, 0 MB stacks, 0 MB globals, 12 P
# reflect
gc 1 @0.225s 0%: 0.041+10+0.017 ms clock, 0.50+0.26/20/6.4+0.20 ms cpu, 61->66->23 MB, 64 MB goal, 0 MB stacks, 0 MB globals, 12 P
gc 2 @0.288s 1%: 0.064+5.7+0.025 ms clock, 0.77+0.40/16/12+0.31 ms cpu, 56->58->29 MB, 63 MB goal, 0 MB stacks, 0 MB globals, 12 P
gc 3 @0.331s 1%: 0.077+11+0.019 ms clock, 0.93+0.37/22/14+0.23 ms cpu, 51->56->35 MB, 59 MB goal, 0 MB stacks, 0 MB globals, 12 P
gc 43 @1.975s 0%: 0.12+2.0+0.016 ms clock, 1.4+0.36/2.7/0.004+0.19 ms cpu, 6->7->4 MB, 7 MB goal, 0 MB stacks, 0 MB globals, 12 P
gc 44 @2.016s 0%: 0.12+1.2+0.012 ms clock, 1.4+0.30/3.1/0.37+0.15 ms cpu, 7->8->4 MB, 8 MB goal, 0 MB stacks, 0 MB globals, 12 P
gc 45 @2.041s 0%: 0.082+5.0+0.084 ms clock, 0.98+0.26/2.4/0+1.0 ms cpu, 7->8->4 MB, 9 MB goal, 0 MB stacks, 0 MB globals, 12 P
# crypto/sha1
gc 1 @0.009s 1%: 0.067+2.0+0.019 ms clock, 0.80+0/0.74/0+0.22 ms cpu, 3->3->0 MB, 4 MB goal, 0 MB stacks, 0 MB globals, 12 P
# crypto/sha1
gc 1 @0.010s 1%: 0.062+0.54+0.017 ms clock, 0.75+0/0.61/0+0.20 ms cpu, 3->3->1 MB, 4 MB goal, 0 MB stacks, 0 MB globals, 12 P
# crypto/sha256
gc 1 @0.006s 1%: 0.038+1.3+0.005 ms clock, 0.45+0.48/0/0+0.067 ms cpu, 3->4->0 MB, 4 MB goal, 0 MB stacks, 0 MB globals, 12 P
# crypto/sha256
gc 1 @0.007s 0%: 0.008+0.30+0.007 ms clock, 0.10+0.066/0.53/0+0.089 ms cpu, 3->3->1 MB, 4 MB goal, 0 MB stacks, 0 MB globals, 12 P
gc 46 @2.129s 0%: 0.036+0.66+0.004 ms clock, 0.44+0/1.7/1.2+0.054 ms cpu, 7->7->3 MB, 8 MB goal, 0 MB stacks, 0 MB globals, 12 P
# vendor/golang.org/x/crypto/chacha20poly1305
gc 1 @0.008s 0%: 0.013+0.53+0.009 ms clock, 0.16+0.073/0.72/0.10+0.11 ms cpu, 3->4->1 MB, 4 MB goal, 0 MB stacks, 0 MB globals, 12 P
gc 47 @2.168s 0%: 0.13+5.6+0.024 ms clock, 1.6+0.15/3.2/0+0.28 ms cpu, 6->8->4 MB, 7 MB goal, 0 MB stacks, 0 MB globals, 12 P
gc 48 @2.383s 0%: 0.034+5.2+0.023 ms clock, 0.41+0/2.8/0.73+0.28 ms cpu, 8->9->3 MB, 10 MB goal, 0 MB stacks, 0 MB globals, 12 P
# encoding/json
gc 1 @0.190s 2%: 4.2+7.2+0.015 ms clock, 50+0.14/20/0+0.18 ms cpu, 61->61->18 MB, 64 MB goal, 0 MB stacks, 0 MB globals, 12 P
# vendor/golang.org/x/text/unicode/norm
gc 1 @0.172s 3%: 5.8+7.7+0.18 ms clock, 69+0.22/13/0.50+2.2 ms cpu, 61->61->17 MB, 64 MB goal, 0 MB stacks, 0 MB globals, 12 P
# math/big
gc 1 @0.172s 1%: 0.95+15+0.022 ms clock, 11+0.082/23/0.16+0.27 ms cpu, 61->63->19 MB, 64 MB goal, 0 MB stacks, 0 MB globals, 12 P
gc 49 @2.472s 0%: 0.75+5.6+0.67 ms clock, 9.0+0.17/3.4/0+8.0 ms cpu, 6->6->3 MB, 7 MB goal, 0 MB stacks, 0 MB globals, 12 P
# internal/profile
gc 1 @0.198s 0%: 0.58+7.8+0.020 ms clock, 7.0+0.21/9.4/10+0.24 ms cpu, 61->61->17 MB, 64 MB goal, 0 MB stacks, 0 MB globals, 12 P
# vendor/golang.org/x/net/idna
gc 1 @0.138s 0%: 0.051+2.6+0.021 ms clock, 0.61+0.72/7.4/6.6+0.25 ms cpu, 61->61->17 MB, 64 MB goal, 0 MB stacks, 0 MB globals, 12 P
gc 50 @2.634s 0%: 0.016+0.76+0.002 ms clock, 0.19+0.034/1.6/1.3+0.029 ms cpu, 6->6->3 MB, 7 MB goal, 0 MB stacks, 0 MB globals, 12 P
# net
gc 1 @0.246s 0%: 0.018+0.16+0.020 ms clock, 0.22+0.056/0.28/0+0.24 ms cpu, 3->3->0 MB, 4 MB goal, 0 MB stacks, 0 MB globals, 12 P
# net
gc 1 @0.080s 0%: 0.14+2.0+0.010 ms clock, 1.6+0.15/5.2/10+0.12 ms cpu, 61->61->17 MB, 64 MB goal, 0 MB stacks, 0 MB globals, 12 P
gc 2 @0.169s 0%: 0.043+4.3+0.016 ms clock, 0.51+0.37/12/17+0.20 ms cpu, 61->63->31 MB, 63 MB goal, 0 MB stacks, 0 MB globals, 12 P
gc 3 @0.217s 1%: 0.043+5.5+0.020 ms clock, 0.52+0.32/15/23+0.24 ms cpu, 59->61->36 MB, 64 MB goal, 0 MB stacks, 0 MB globals, 12 P
gc 4 @0.266s 1%: 0.073+6.3+0.014 ms clock, 0.88+0.25/17/25+0.17 ms cpu, 67->70->42 MB, 73 MB goal, 0 MB stacks, 0 MB globals, 12 P
gc 51 @3.101s 0%: 0.029+0.65+0.003 ms clock, 0.35+0.035/1.6/1.3+0.045 ms cpu, 6->6->3 MB, 7 MB goal, 0 MB stacks, 0 MB globals, 12 P
# crypto/x509
gc 1 @0.115s 0%: 0.066+2.9+0.015 ms clock, 0.79+0.25/8.3/9.1+0.18 ms cpu, 61->62->20 MB, 64 MB goal, 0 MB stacks, 0 MB globals, 12 P
# crypto/tls
gc 1 @0.077s 0%: 0.023+1.9+0.009 ms clock, 0.28+0.21/5.3/11+0.11 ms cpu, 61->61->18 MB, 64 MB goal, 0 MB stacks, 0 MB globals, 12 P
gc 2 @0.158s 0%: 0.049+4.4+0.017 ms clock, 0.59+0.15/12/19+0.21 ms cpu, 61->63->33 MB, 63 MB goal, 0 MB stacks, 0 MB globals, 12 P
gc 3 @0.202s 1%: 0.054+5.4+0.021 ms clock, 0.65+0.11/15/22+0.26 ms cpu, 60->62->38 MB, 67 MB goal, 0 MB stacks, 0 MB globals, 12 P
gc 4 @0.253s 1%: 0.068+6.4+0.018 ms clock, 0.82+0.035/17/26+0.21 ms cpu, 70->73->44 MB, 78 MB goal, 0 MB stacks, 0 MB globals, 12 P
# net/http
gc 1 @0.078s 0%: 0.052+0.92+0.009 ms clock, 0.63+0.17/2.3/2.8+0.11 ms cpu, 61->61->8 MB, 64 MB goal, 0 MB stacks, 0 MB globals, 12 P
gc 2 @0.157s 0%: 0.016+3.4+0.007 ms clock, 0.19+0.26/9.1/19+0.093 ms cpu, 60->61->31 MB, 63 MB goal, 0 MB stacks, 0 MB globals, 12 P
gc 3 @0.226s 1%: 0.020+5.2+0.010 ms clock, 0.25+0.086/14/32+0.13 ms cpu, 59->60->42 MB, 63 MB goal, 0 MB stacks, 0 MB globals, 12 P
gc 4 @0.293s 1%: 0.049+8.1+0.066 ms clock, 0.58+0.48/23/35+0.80 ms cpu, 80->84->55 MB, 86 MB goal, 0 MB stacks, 0 MB globals, 12 P
gc 5 @0.386s 1%: 0.039+9.2+0.019 ms clock, 0.46+0.091/27/45+0.22 ms cpu, 104->108->64 MB, 112 MB goal, 0 MB stacks, 0 MB globals, 12 P
gc 6 @0.490s 1%: 0.083+11+0.015 ms clock, 1.0+0.20/31/49+0.19 ms cpu, 119->124->74 MB, 130 MB goal, 0 MB stacks, 0 MB globals, 12 P
gc 52 @4.174s 0%: 0.016+0.95+0.003 ms clock, 0.19+0.037/1.8/0.92+0.038 ms cpu, 6->6->3 MB, 7 MB goal, 0 MB stacks, 0 MB globals, 12 P
# github.com/353words/gc-latency/httpd
gc 1 @0.000s 10%: 0.056+0.28+0.009 ms clock, 0.67+0.18/0.55/0.001+0.10 ms cpu, 3->6->6 MB, 4 MB goal, 0 MB stacks, 0 MB globals, 12 P
gc 2 @0.004s 4%: 0.005+0.57+0.003 ms clock, 0.070+0.11/1.0/0.010+0.043 ms cpu, 11->11->9 MB, 12 MB goal, 0 MB stacks, 0 MB globals, 12 P
gc 3 @0.025s 1%: 0.014+1.1+0.010 ms clock, 0.17+0.10/1.6/0.30+0.12 ms cpu, 17->20->14 MB, 20 MB goal, 0 MB stacks, 0 MB globals, 12 P
gc 4 @0.064s 0%: 0.016+2.5+0.009 ms clock, 0.19+0/2.2/1.0+0.11 ms cpu, 25->26->18 MB, 29 MB goal, 0 MB stacks, 0 MB globals, 12 P
gc 1 @0.001s 12%: 0.080+1.3+0.027 ms clock, 0.96+0.034/2.5/0.94+0.32 ms cpu, 23->23->23 MB, 23 MB goal, 0 MB stacks, 0 MB globals, 12 P
gc 2 @0.087s 0%: 0.010+3.2+0.014 ms clock, 0.12+0.049/6.5/9.0+0.16 ms cpu, 45->45->38 MB, 46 MB goal, 0 MB stacks, 0 MB globals, 12 P
2023/11/08 19:58:13 info: starting server with 1000000 slice users on :8080
gc 3 @7.689s 0%: 0.69+4.0+0.010 ms clock, 8.3+14/10/9.8+0.12 ms cpu, 75->80->42 MB, 80 MB goal, 0 MB stacks, 0 MB globals, 12 P
gc 4 @7.708s 0%: 0.48+6.2+0.043 ms clock, 5.8+30/16/0.45+0.51 ms cpu, 87->104->57 MB, 95 MB goal, 0 MB stacks, 0 MB globals, 12 P
gc 5 @7.719s 0%: 1.8+6.2+0.072 ms clock, 22+21/11/1.1+0.86 ms cpu, 102->131->75 MB, 114 MB goal, 0 MB stacks, 0 MB globals, 12 P
gc 6 @7.736s 0%: 1.3+4.5+0.006 ms clock, 16+16/12/0+0.072 ms cpu, 128->150->70 MB, 150 MB goal, 0 MB stacks, 0 MB globals, 12 P
gc 7 @7.747s 0%: 0.28+12+0.008 ms clock, 3.4+13/19/1.5+0.096 ms cpu, 122->152->79 MB, 140 MB goal, 0 MB stacks, 0 MB globals, 12 P
gc 8 @7.767s 0%: 1.9+8.0+0.005 ms clock, 23+16/16/0.16+0.066 ms cpu, 138->178->86 MB, 158 MB goal, 0 MB stacks, 0 MB globals, 12 P
gc 9 @7.783s 0%: 0.66+4.6+0.011 ms clock, 7.9+18/11/0.66+0.14 ms cpu, 148->171->71 MB, 172 MB goal, 0 MB stacks, 0 MB globals, 12 P
gc 10 @7.793s 0%: 0.58+11+0.095 ms clock, 7.0+16/17/0.36+1.1 ms cpu, 122->157->81 MB, 142 MB goal, 0 MB stacks, 0 MB globals, 12 P
gc 11 @7.813s 0%: 0.90+11+0.020 ms clock, 10+17/11/0.37+0.24 ms cpu, 139->173->79 MB, 162 MB goal, 0 MB stacks, 0 MB globals, 12 P
gc 12 @7.832s 0%: 0.29+5.4+0.041 ms clock, 3.5+18/12/0.42+0.49 ms cpu, 137->171->81 MB, 158 MB goal, 0 MB stacks, 0 MB globals, 12 P
gc 13 @7.845s 0%: 0.33+5.4+1.2 ms clock, 3.9+17/10/0.24+14 ms cpu, 142->180->84 MB, 162 MB goal, 0 MB stacks, 0 MB globals, 12 P
gc 14 @7.860s 0%: 0.30+4.8+0.004 ms clock, 3.7+13/9.6/0.78+0.059 ms cpu, 144->178->81 MB, 168 MB goal, 0 MB stacks, 0 MB globals, 12 P
gc 15 @7.869s 0%: 0.41+4.1+0.006 ms clock, 4.9+12/8.0/0+0.073 ms cpu, 141->179->86 MB, 162 MB goal, 0 MB stacks, 0 MB globals, 12 P
gc 16 @7.879s 0%: 0.27+4.2+0.066 ms clock, 3.3+13/8.4/0+0.80 ms cpu, 149->188->88 MB, 172 MB goal, 0 MB stacks, 0 MB globals, 12 P
gc 17 @7.888s 0%: 0.29+4.3+0.044 ms clock, 3.5+13/9.6/0+0.52 ms cpu, 153->193->87 MB, 176 MB goal, 0 MB stacks, 0 MB globals, 12 P
gc 18 @7.897s 0%: 0.35+4.5+0.18 ms clock, 4.2+12/9.8/0.13+2.1 ms cpu, 149->189->84 MB, 174 MB goal, 0 MB stacks, 0 MB globals, 12 P
gc 19 @7.907s 0%: 0.29+3.7+0.058 ms clock, 3.5+12/8.2/0.31+0.69 ms cpu, 146->181->82 MB, 168 MB goal, 0 MB stacks, 0 MB globals, 12 P
gc 20 @7.916s 0%: 0.26+3.9+0.060 ms clock, 3.1+12/9.5/0.20+0.72 ms cpu, 140->177->85 MB, 164 MB goal, 0 MB stacks, 0 MB globals, 12 P
gc 21 @7.925s 0%: 0.33+3.8+0.042 ms clock, 4.0+11/8.5/0+0.50 ms cpu, 148->180->77 MB, 170 MB goal, 0 MB stacks, 0 MB globals, 12 P
gc 22 @7.934s 0%: 0.20+3.6+0.12 ms clock, 2.4+12/8.3/0+1.5 ms cpu, 132->169->77 MB, 154 MB goal, 0 MB stacks, 0 MB globals, 12 P
gc 23 @7.943s 0%: 0.29+3.7+0.033 ms clock, 3.5+11/7.0/0.092+0.40 ms cpu, 135->163->73 MB, 154 MB goal, 0 MB stacks, 0 MB globals, 12 P
gc 24 @7.951s 0%: 0.39+2.9+0.020 ms clock, 4.7+12/7.9/0.14+0.25 ms cpu, 125->139->61 MB, 146 MB goal, 0 MB stacks, 0 MB globals, 12 P
gc 25 @7.957s 0%: 0.22+3.7+0.006 ms clock, 2.7+18/8.4/0+0.082 ms cpu, 107->122->56 MB, 122 MB goal, 0 MB stacks, 0 MB globals, 12 P
gc 26 @7.964s 0%: 0.44+3.1+0.023 ms clock, 5.3+12/6.9/0+0.28 ms cpu, 97->121->73 MB, 112 MB goal, 0 MB stacks, 0 MB globals, 12 P
gc 27 @7.971s 0%: 0.77+10+0.24 ms clock, 9.2+9.4/14/0.091+2.9 ms cpu, 126->158->78 MB, 146 MB goal, 0 MB stacks, 0 MB globals, 12 P
gc 28 @7.988s 0%: 0.36+4.9+0.056 ms clock, 4.3+12/7.9/0.12+0.67 ms cpu, 135->167->77 MB, 156 MB goal, 0 MB stacks, 0 MB globals, 12 P
gc 29 @7.997s 0%: 0.43+4.4+0.27 ms clock, 5.2+13/8.6/0.71+3.2 ms cpu, 132->169->86 MB, 154 MB goal, 0 MB stacks, 0 MB globals, 12 P
gc 30 @8.007s 0%: 0.37+8.7+0.57 ms clock, 4.5+11/8.3/0.22+6.9 ms cpu, 147->192->92 MB, 172 MB goal, 0 MB stacks, 0 MB globals, 12 P
gc 31 @8.023s 1%: 0.22+4.3+0.21 ms clock, 2.6+14/9.9/0+2.5 ms cpu, 158->195->83 MB, 184 MB goal, 0 MB stacks, 0 MB globals, 12 P
gc 32 @8.032s 1%: 0.50+3.7+0.096 ms clock, 6.0+11/8.1/0.11+1.1 ms cpu, 143->182->85 MB, 166 MB goal, 0 MB stacks, 0 MB globals, 12 P
gc 33 @8.042s 1%: 0.22+4.2+0.070 ms clock, 2.6+14/9.0/0+0.84 ms cpu, 146->189->89 MB, 170 MB goal, 0 MB stacks, 0 MB globals, 12 P
gc 34 @8.051s 1%: 0.36+3.5+0.012 ms clock, 4.3+14/8.4/0.14+0.15 ms cpu, 156->178->70 MB, 178 MB goal, 0 MB stacks, 0 MB globals, 12 P
gc 35 @8.058s 1%: 0.48+3.9+0.067 ms clock, 5.7+11/8.1/0+0.81 ms cpu, 120->155->80 MB, 140 MB goal, 0 MB stacks, 0 MB globals, 12 P
gc 36 @8.067s 1%: 0.38+3.2+0.004 ms clock, 4.6+10/8.6/0.070+0.055 ms cpu, 139->160->68 MB, 160 MB goal, 0 MB stacks, 0 MB globals, 12 P
gc 37 @8.075s 1%: 0.25+3.6+0.015 ms clock, 3.0+10/7.7/1.5+0.18 ms cpu, 122->152->76 MB, 136 MB goal, 0 MB stacks, 0 MB globals, 12 P
gc 38 @8.083s 1%: 0.45+5.2+0.008 ms clock, 5.5+10/8.0/0.32+0.097 ms cpu, 134->169->82 MB, 152 MB goal, 0 MB stacks, 0 MB globals, 12 P
gc 39 @8.094s 1%: 0.37+5.6+0.080 ms clock, 4.4+12/9.0/0.28+0.97 ms cpu, 143->178->83 MB, 164 MB goal, 0 MB stacks, 0 MB globals, 12 P
gc 40 @8.105s 1%: 0.45+4.5+0.066 ms clock, 5.4+11/8.0/0.13+0.80 ms cpu, 142->183->87 MB, 166 MB goal, 0 MB stacks, 0 MB globals, 12 P
gc 41 @8.115s 1%: 0.38+4.6+0.006 ms clock, 4.6+11/8.6/0.27+0.073 ms cpu, 150->186->84 MB, 174 MB goal, 0 MB stacks, 0 MB globals, 12 P
gc 42 @8.125s 1%: 0.29+4.1+0.049 ms clock, 3.4+14/9.8/0.67+0.59 ms cpu, 146->184->87 MB, 168 MB goal, 0 MB stacks, 0 MB globals, 12 P
gc 43 @8.134s 1%: 0.31+3.3+0.058 ms clock, 3.7+13/8.1/0.26+0.70 ms cpu, 149->175->73 MB, 175 MB goal, 0 MB stacks, 0 MB globals, 12 P
gc 44 @8.142s 1%: 0.22+3.9+0.021 ms clock, 2.7+11/7.2/0.58+0.25 ms cpu, 126->161->82 MB, 146 MB goal, 0 MB stacks, 0 MB globals, 12 P
gc 45 @8.151s 1%: 0.43+3.3+0.024 ms clock, 5.2+14/8.0/0+0.29 ms cpu, 141->164->70 MB, 164 MB goal, 0 MB stacks, 0 MB globals, 12 P
gc 46 @8.158s 1%: 0.32+3.3+0.029 ms clock, 3.9+12/6.8/0.36+0.35 ms cpu, 120->151->79 MB, 140 MB goal, 0 MB stacks, 0 MB globals, 12 P
gc 47 @8.166s 1%: 0.27+6.0+0.011 ms clock, 3.2+12/9.3/0.26+0.13 ms cpu, 139->177->84 MB, 158 MB goal, 0 MB stacks, 0 MB globals, 12 P
gc 48 @8.178s 1%: 0.25+4.6+0.31 ms clock, 3.1+11/8.8/0.39+3.7 ms cpu, 147->182->84 MB, 168 MB goal, 0 MB stacks, 0 MB globals, 12 P
gc 49 @8.187s 1%: 0.37+4.9+0.020 ms clock, 4.5+14/10/0+0.24 ms cpu, 145->186->87 MB, 168 MB goal, 0 MB stacks, 0 MB globals, 12 P
gc 50 @8.198s 1%: 0.41+3.6+0.005 ms clock, 5.0+12/9.0/0.093+0.064 ms cpu, 149->173->74 MB, 174 MB goal, 0 MB stacks, 0 MB globals, 12 P
gc 51 @8.206s 1%: 0.20+8.0+0.005 ms clock, 2.4+9.0/11/1.1+0.064 ms cpu, 129->164->81 MB, 148 MB goal, 0 MB stacks, 0 MB globals, 12 P
gc 52 @8.219s 1%: 0.36+3.6+0.32 ms clock, 4.4+13/7.6/0.14+3.9 ms cpu, 141->177->83 MB, 162 MB goal, 0 MB stacks, 0 MB globals, 12 P
gc 53 @8.228s 1%: 0.42+3.5+0.057 ms clock, 5.0+12/8.2/0.19+0.69 ms cpu, 142->175->82 MB, 166 MB goal, 0 MB stacks, 0 MB globals, 12 P
gc 54 @8.236s 1%: 0.28+3.5+0.031 ms clock, 3.4+12/9.3/0.33+0.38 ms cpu, 140->165->74 MB, 164 MB goal, 0 MB stacks, 0 MB globals, 12 P
gc 55 @8.244s 1%: 0.20+4.1+0.11 ms clock, 2.4+10/9.2/0.38+1.3 ms cpu, 128->166->84 MB, 148 MB goal, 0 MB stacks, 0 MB globals, 12 P
gc 56 @8.254s 1%: 0.39+6.7+0.019 ms clock, 4.7+10/8.5/1.4+0.23 ms cpu, 151->187->81 MB, 168 MB goal, 0 MB stacks, 0 MB globals, 12 P
gc 57 @8.266s 1%: 0.31+3.4+0.047 ms clock, 3.7+11/6.7/0.001+0.57 ms cpu, 142->169->70 MB, 162 MB goal, 0 MB stacks, 0 MB globals, 12 P
gc 58 @8.274s 1%: 0.18+3.0+0.25 ms clock, 2.1+12/6.8/0.24+3.0 ms cpu, 125->152->77 MB, 140 MB goal, 0 MB stacks, 0 MB globals, 12 P
gc 59 @8.282s 1%: 0.34+6.9+0.021 ms clock, 4.1+9.8/8.3/0.090+0.25 ms cpu, 132->175->90 MB, 154 MB goal, 0 MB stacks, 0 MB globals, 12 P
gc 60 @8.295s 1%: 0.34+5.2+0.097 ms clock, 4.1+13/9.0/0.12+1.1 ms cpu, 156->200->91 MB, 180 MB goal, 0 MB stacks, 0 MB globals, 12 P
gc 61 @8.306s 1%: 0.32+4.0+0.045 ms clock, 3.8+11/8.9/0.61+0.55 ms cpu, 157->192->80 MB, 182 MB goal, 0 MB stacks, 0 MB globals, 12 P
gc 62 @8.315s 1%: 0.18+5.4+0.022 ms clock, 2.1+12/9.8/0.39+0.26 ms cpu, 137->176->86 MB, 161 MB goal, 0 MB stacks, 0 MB globals, 12 P
gc 63 @8.326s 1%: 0.26+3.9+0.075 ms clock, 3.1+12/8.6/0+0.90 ms cpu, 150->189->84 MB, 172 MB goal, 0 MB stacks, 0 MB globals, 12 P
gc 64 @8.335s 1%: 0.30+4.0+0.057 ms clock, 3.6+12/7.7/0+0.68 ms cpu, 146->183->80 MB, 168 MB goal, 0 MB stacks, 0 MB globals, 12 P
gc 65 @8.344s 1%: 0.34+3.5+0.084 ms clock, 4.1+14/7.9/0.14+1.0 ms cpu, 137->174->83 MB, 160 MB goal, 0 MB stacks, 0 MB globals, 12 P
gc 66 @8.353s 1%: 0.10+3.7+0.064 ms clock, 1.2+11/7.3/0.65+0.77 ms cpu, 146->184->87 MB, 166 MB goal, 0 MB stacks, 0 MB globals, 12 P
gc 67 @8.362s 1%: 0.21+4.5+0.22 ms clock, 2.6+10/9.7/0+2.7 ms cpu, 150->190->88 MB, 174 MB goal, 0 MB stacks, 0 MB globals, 12 P
gc 68 @8.372s 1%: 0.34+3.5+0.004 ms clock, 4.1+13/9.5/0.15+0.055 ms cpu, 152->175->70 MB, 176 MB goal, 0 MB stacks, 0 MB globals, 12 P
gc 69 @8.380s 1%: 0.15+3.4+0.099 ms clock, 1.9+12/7.7/0+1.1 ms cpu, 122->151->73 MB, 140 MB goal, 0 MB stacks, 0 MB globals, 12 P
gc 70 @8.388s 1%: 0.46+5.0+0.006 ms clock, 5.6+11/7.4/0+0.076 ms cpu, 128->164->86 MB, 146 MB goal, 0 MB stacks, 0 MB globals, 12 P
gc 71 @8.398s 1%: 0.46+6.4+0.33 ms clock, 5.5+13/8.8/0.25+4.0 ms cpu, 148->185->83 MB, 172 MB goal, 0 MB stacks, 0 MB globals, 12 P
gc 72 @8.410s 2%: 0.28+3.7+0.049 ms clock, 3.3+12/8.4/0.40+0.59 ms cpu, 144->182->82 MB, 166 MB goal, 0 MB stacks, 0 MB globals, 12 P
gc 73 @8.419s 2%: 0.25+3.9+0.054 ms clock, 3.0+12/7.8/0.26+0.65 ms cpu, 142->177->83 MB, 164 MB goal, 0 MB stacks, 0 MB globals, 12 P
gc 74 @8.428s 2%: 0.89+4.1+0.059 ms clock, 10+12/9.6/0.12+0.71 ms cpu, 143->182->86 MB, 166 MB goal, 0 MB stacks, 0 MB globals, 12 P
gc 75 @8.438s 2%: 0.21+3.5+0.007 ms clock, 2.6+14/8.8/0+0.088 ms cpu, 148->173->74 MB, 172 MB goal, 0 MB stacks, 0 MB globals, 12 P
gc 76 @8.446s 2%: 0.15+3.5+0.059 ms clock, 1.8+13/7.8/0+0.71 ms cpu, 132->161->79 MB, 148 MB goal, 0 MB stacks, 0 MB globals, 12 P
gc 77 @8.454s 2%: 0.16+4.2+0.18 ms clock, 2.0+11/8.3/0.24+2.1 ms cpu, 135->171->82 MB, 158 MB goal, 0 MB stacks, 0 MB globals, 12 P
gc 78 @8.464s 2%: 0.39+4.2+0.24 ms clock, 4.7+11/7.3/1.4+2.9 ms cpu, 142->179->78 MB, 164 MB goal, 0 MB stacks, 0 MB globals, 12 P
gc 79 @8.473s 2%: 0.29+4.1+0.057 ms clock, 3.5+13/9.6/0.22+0.69 ms cpu, 135->173->85 MB, 157 MB goal, 0 MB stacks, 0 MB globals, 12 P
gc 80 @8.482s 2%: 0.37+3.7+0.13 ms clock, 4.5+10/8.6/0+1.6 ms cpu, 151->180->78 MB, 171 MB goal, 0 MB stacks, 0 MB globals, 12 P
gc 81 @8.491s 2%: 0.29+4.2+0.063 ms clock, 3.5+10/9.2/0.87+0.76 ms cpu, 135->172->84 MB, 156 MB goal, 0 MB stacks, 0 MB globals, 12 P
gc 82 @8.501s 2%: 0.22+4.0+0.16 ms clock, 2.7+15/8.7/0+1.9 ms cpu, 147->180->82 MB, 168 MB goal, 0 MB stacks, 0 MB globals, 12 P
gc 83 @8.509s 2%: 0.41+4.1+0.051 ms clock, 5.0+10/8.9/0.81+0.62 ms cpu, 142->178->78 MB, 164 MB goal, 0 MB stacks, 0 MB globals, 12 P
gc 84 @8.518s 2%: 0.48+2.9+0.006 ms clock, 5.8+13/7.9/0.27+0.072 ms cpu, 134->156->66 MB, 156 MB goal, 0 MB stacks, 0 MB globals, 12 P
gc 85 @8.525s 2%: 0.50+3.0+0.083 ms clock, 6.0+10/7.2/0+1.0 ms cpu, 114->141->70 MB, 133 MB goal, 0 MB stacks, 0 MB globals, 12 P
gc 86 @8.533s 2%: 0.22+3.8+0.006 ms clock, 2.6+11/8.4/0.11+0.075 ms cpu, 121->153->79 MB, 140 MB goal, 0 MB stacks, 0 MB globals, 12 P
gc 87 @8.541s 2%: 0.30+5.3+0.35 ms clock, 3.6+11/7.7/0.39+4.2 ms cpu, 136->174->86 MB, 158 MB goal, 0 MB stacks, 0 MB globals, 12 P
gc 88 @8.552s 2%: 0.41+4.4+0.016 ms clock, 4.9+13/8.5/0.95+0.19 ms cpu, 149->185->82 MB, 172 MB goal, 0 MB stacks, 0 MB globals, 12 P
gc 89 @8.561s 2%: 0.26+4.1+0.059 ms clock, 3.1+13/9.5/0.29+0.70 ms cpu, 143->180->84 MB, 165 MB goal, 0 MB stacks, 0 MB globals, 12 P
gc 90 @8.571s 2%: 0.17+3.5+0.064 ms clock, 2.1+10/7.2/1.2+0.77 ms cpu, 149->177->71 MB, 169 MB goal, 0 MB stacks, 0 MB globals, 12 P
gc 91 @8.579s 2%: 0.32+3.6+0.033 ms clock, 3.8+10/7.8/1.1+0.40 ms cpu, 123->156->79 MB, 142 MB goal, 0 MB stacks, 0 MB globals, 12 P
gc 92 @8.587s 2%: 0.34+3.5+0.055 ms clock, 4.1+14/7.7/0.11+0.66 ms cpu, 136->166->77 MB, 158 MB goal, 0 MB stacks, 0 MB globals, 12 P
gc 93 @8.595s 2%: 0.30+3.8+0.033 ms clock, 3.6+11/9.2/1.2+0.39 ms cpu, 132->168->80 MB, 155 MB goal, 0 MB stacks, 0 MB globals, 12 P
gc 94 @8.604s 2%: 0.33+3.7+0.005 ms clock, 4.0+12/7.3/0.001+0.062 ms cpu, 137->170->78 MB, 161 MB goal, 0 MB stacks, 0 MB globals, 12 P
gc 95 @8.613s 2%: 0.20+3.8+0.099 ms clock, 2.4+11/7.6/0+1.1 ms cpu, 135->176->85 MB, 157 MB goal, 0 MB stacks, 0 MB globals, 12 P
gc 96 @8.622s 2%: 0.40+4.2+0.072 ms clock, 4.8+11/8.6/1.3+0.87 ms cpu, 146->182->80 MB, 170 MB goal, 0 MB stacks, 0 MB globals, 12 P
gc 97 @8.631s 2%: 0.28+4.2+0.085 ms clock, 3.4+10/10/2.0+1.0 ms cpu, 137->178->87 MB, 161 MB goal, 0 MB stacks, 0 MB globals, 12 P
gc 98 @8.641s 2%: 0.40+4.1+0.23 ms clock, 4.8+14/9.0/0+2.8 ms cpu, 152->191->85 MB, 175 MB goal, 0 MB stacks, 0 MB globals, 12 P
gc 99 @8.651s 2%: 0.45+3.8+0.086 ms clock, 5.5+13/9.1/0.11+1.0 ms cpu, 148->184->82 MB, 171 MB goal, 0 MB stacks, 0 MB globals, 12 P
gc 100 @8.659s 2%: 0.41+4.2+0.068 ms clock, 5.0+10/9.4/0.20+0.81 ms cpu, 142->180->86 MB, 165 MB goal, 0 MB stacks, 0 MB globals, 12 P
gc 101 @8.669s 2%: 0.53+3.8+0.16 ms clock, 6.4+11/8.6/0+2.0 ms cpu, 150->190->88 MB, 173 MB goal, 0 MB stacks, 0 MB globals, 12 P
gc 102 @8.679s 2%: 0.34+4.5+0.009 ms clock, 4.1+12/8.9/0.39+0.11 ms cpu, 154->192->87 MB, 176 MB goal, 0 MB stacks, 0 MB globals, 12 P
gc 103 @8.689s 2%: 0.34+4.0+0.049 ms clock, 4.1+10/9.6/0.23+0.59 ms cpu, 154->190->85 MB, 174 MB goal, 0 MB stacks, 0 MB globals, 12 P
gc 104 @8.698s 2%: 0.28+3.4+0.076 ms clock, 3.4+12/7.9/0.19+0.91 ms cpu, 150->179->77 MB, 170 MB goal, 0 MB stacks, 0 MB globals, 12 P
gc 105 @8.707s 2%: 0.18+3.8+0.025 ms clock, 2.1+8.2/8.3/0.075+0.30 ms cpu, 133->167->77 MB, 154 MB goal, 0 MB stacks, 0 MB globals, 12 P
gc 106 @8.715s 2%: 0.43+4.8+0.033 ms clock, 5.2+11/9.1/0.21+0.40 ms cpu, 132->176->89 MB, 154 MB goal, 0 MB stacks, 0 MB globals, 12 P
gc 107 @8.726s 2%: 0.37+5.7+0.025 ms clock, 4.5+10/8.7/1.9+0.30 ms cpu, 153->192->86 MB, 178 MB goal, 0 MB stacks, 0 MB globals, 12 P
gc 108 @8.737s 2%: 0.48+4.2+0.060 ms clock, 5.8+14/8.9/0+0.72 ms cpu, 149->192->91 MB, 173 MB goal, 0 MB stacks, 0 MB globals, 12 P
gc 109 @8.747s 2%: 0.39+3.4+0.057 ms clock, 4.7+13/8.3/0+0.69 ms cpu, 156->182->73 MB, 183 MB goal, 0 MB stacks, 0 MB globals, 12 P
gc 110 @8.754s 2%: 0.25+3.4+0.090 ms clock, 3.0+14/7.9/0+1.0 ms cpu, 126->155->75 MB, 147 MB goal, 0 MB stacks, 0 MB globals, 12 P
gc 111 @8.762s 2%: 0.35+3.8+0.043 ms clock, 4.3+14/8.0/0+0.51 ms cpu, 131->164->81 MB, 151 MB goal, 0 MB stacks, 0 MB globals, 12 P
gc 112 @8.770s 2%: 0.43+3.4+0.10 ms clock, 5.2+12/7.7/0.13+1.2 ms cpu, 141->171->79 MB, 162 MB goal, 0 MB stacks, 0 MB globals, 12 P
gc 113 @8.779s 2%: 0.17+3.7+0.093 ms clock, 2.0+9.4/8.3/0.28+1.1 ms cpu, 140->172->77 MB, 158 MB goal, 0 MB stacks, 0 MB globals, 12 P
gc 114 @8.788s 2%: 0.22+3.7+0.052 ms clock, 2.6+13/7.7/0.090+0.62 ms cpu, 133->167->79 MB, 154 MB goal, 0 MB stacks, 0 MB globals, 12 P
gc 115 @8.796s 2%: 0.54+4.7+0.019 ms clock, 6.4+11/8.4/0.58+0.23 ms cpu, 136->178->88 MB, 158 MB goal, 0 MB stacks, 0 MB globals, 12 P
gc 116 @8.806s 2%: 0.38+4.0+0.41 ms clock, 4.6+12/8.8/0.85+4.9 ms cpu, 152->190->86 MB, 176 MB goal, 0 MB stacks, 0 MB globals, 12 P
gc 117 @8.816s 3%: 0.30+3.7+0.098 ms clock, 3.6+12/8.9/0.31+1.1 ms cpu, 147->183->84 MB, 173 MB goal, 0 MB stacks, 0 MB globals, 12 P
gc 118 @8.825s 3%: 0.51+3.9+0.022 ms clock, 6.1+11/8.2/0+0.26 ms cpu, 146->179->80 MB, 169 MB goal, 0 MB stacks, 0 MB globals, 12 P
gc 119 @8.834s 3%: 0.21+3.4+0.066 ms clock, 2.5+14/8.6/0.15+0.80 ms cpu, 138->170->73 MB, 161 MB goal, 0 MB stacks, 0 MB globals, 12 P
gc 120 @8.841s 3%: 0.38+3.8+0.29 ms clock, 4.6+10/7.8/0.58+3.5 ms cpu, 127->161->83 MB, 147 MB goal, 0 MB stacks, 0 MB globals, 12 P
gc 121 @8.850s 3%: 0.43+3.8+0.089 ms clock, 5.2+11/8.6/0.15+1.0 ms cpu, 144->177->83 MB, 166 MB goal, 0 MB stacks, 0 MB globals, 12 P
gc 122 @8.860s 3%: 0.27+4.8+0.033 ms clock, 3.3+10/8.2/0.26+0.40 ms cpu, 143->186->86 MB, 166 MB goal, 0 MB stacks, 0 MB globals, 12 P
gc 123 @8.870s 3%: 0.37+3.7+0.059 ms clock, 4.4+12/8.2/0.27+0.71 ms cpu, 150->184->83 MB, 172 MB goal, 0 MB stacks, 0 MB globals, 12 P
gc 124 @8.879s 3%: 0.31+4.3+0.021 ms clock, 3.7+12/10/0.84+0.25 ms cpu, 143->182->88 MB, 167 MB goal, 0 MB stacks, 0 MB globals, 12 P
gc 125 @8.888s 3%: 0.24+4.7+0.096 ms clock, 2.9+12/9.7/0.96+1.1 ms cpu, 151->191->86 MB, 177 MB goal, 0 MB stacks, 0 MB globals, 12 P
gc 126 @8.898s 3%: 0.21+3.9+0.045 ms clock, 2.6+15/8.4/0+0.54 ms cpu, 151->185->80 MB, 173 MB goal, 0 MB stacks, 0 MB globals, 12 P
gc 127 @8.907s 3%: 0.17+3.2+0.005 ms clock, 2.0+11/7.7/0.94+0.062 ms cpu, 140->160->65 MB, 160 MB goal, 0 MB stacks, 0 MB globals, 12 P
gc 128 @8.914s 3%: 0.28+2.8+0.047 ms clock, 3.4+9.8/6.6/0+0.57 ms cpu, 117->134->65 MB, 130 MB goal, 0 MB stacks, 0 MB globals, 12 P
gc 129 @8.921s 3%: 0.15+4.5+0.27 ms clock, 1.8+9.4/7.3/2.1+3.3 ms cpu, 115->147->77 MB, 130 MB goal, 0 MB stacks, 0 MB globals, 12 P
gc 130 @8.931s 3%: 0.35+5.5+0.072 ms clock, 4.2+11/8.6/0.077+0.87 ms cpu, 132->167->81 MB, 154 MB goal, 0 MB stacks, 0 MB globals, 12 P
gc 131 @8.942s 3%: 0.29+5.0+0.044 ms clock, 3.5+11/8.7/0.63+0.52 ms cpu, 142->180->84 MB, 163 MB goal, 0 MB stacks, 0 MB globals, 12 P
gc 132 @8.952s 3%: 0.40+4.4+0.11 ms clock, 4.8+10/8.9/0.073+1.3 ms cpu, 145->186->87 MB, 169 MB goal, 0 MB stacks, 0 MB globals, 12 P
gc 133 @8.963s 3%: 0.14+3.8+0.17 ms clock, 1.7+9.5/7.9/1.9+2.1 ms cpu, 153->188->79 MB, 175 MB goal, 0 MB stacks, 0 MB globals, 12 P
gc 134 @8.971s 3%: 0.37+4.1+0.046 ms clock, 4.4+11/8.4/0.34+0.56 ms cpu, 136->174->86 MB, 158 MB goal, 0 MB stacks, 0 MB globals, 12 P
gc 135 @8.981s 3%: 0.60+3.3+0.086 ms clock, 7.2+12/7.5/0.51+1.0 ms cpu, 152->182->81 MB, 173 MB goal, 0 MB stacks, 0 MB globals, 12 P
gc 136 @8.990s 3%: 0.30+3.7+0.041 ms clock, 3.6+7.1/8.9/1.2+0.49 ms cpu, 142->176->82 MB, 162 MB goal, 0 MB stacks, 0 MB globals, 12 P
gc 137 @8.998s 3%: 0.27+4.0+0.015 ms clock, 3.2+11/9.1/1.3+0.18 ms cpu, 141->177->85 MB, 165 MB goal, 0 MB stacks, 0 MB globals, 12 P
gc 138 @9.007s 3%: 0.42+4.2+0.004 ms clock, 5.0+11/9.1/0.079+0.057 ms cpu, 146->184->85 MB, 170 MB goal, 0 MB stacks, 0 MB globals, 12 P
gc 139 @9.017s 3%: 0.36+4.1+0.080 ms clock, 4.3+17/9.0/0.15+0.96 ms cpu, 147->188->88 MB, 171 MB goal, 0 MB stacks, 0 MB globals, 12 P
gc 140 @9.026s 3%: 0.39+4.0+0.10 ms clock, 4.7+11/8.7/0.58+1.2 ms cpu, 152->192->88 MB, 177 MB goal, 0 MB stacks, 0 MB globals, 12 P
gc 141 @9.036s 3%: 0.23+4.3+0.023 ms clock, 2.8+10/9.1/1.1+0.27 ms cpu, 153->192->85 MB, 176 MB goal, 0 MB stacks, 0 MB globals, 12 P
gc 142 @9.046s 3%: 0.46+3.6+0.041 ms clock, 5.5+12/7.9/0.21+0.49 ms cpu, 148->180->80 MB, 171 MB goal, 0 MB stacks, 0 MB globals, 12 P
gc 143 @9.054s 3%: 0.22+4.5+0.055 ms clock, 2.6+13/10/0+0.66 ms cpu, 138->182->92 MB, 161 MB goal, 0 MB stacks, 0 MB globals, 12 P
gc 144 @9.065s 3%: 0.24+6.0+0.013 ms clock, 2.9+13/8.4/0+0.16 ms cpu, 164->205->87 MB, 185 MB goal, 0 MB stacks, 0 MB globals, 12 P
gc 145 @9.076s 3%: 0.40+3.1+0.047 ms clock, 4.8+11/7.7/1.5+0.57 ms cpu, 156->182->76 MB, 175 MB goal, 0 MB stacks, 0 MB globals, 12 P
gc 146 @9.084s 3%: 0.32+3.9+0.10 ms clock, 3.8+12/9.1/0.16+1.2 ms cpu, 130->168->84 MB, 153 MB goal, 0 MB stacks, 0 MB globals, 12 P
gc 147 @9.093s 3%: 0.50+5.0+0.077 ms clock, 6.0+9.1/8.7/1.8+0.92 ms cpu, 145->184->85 MB, 169 MB goal, 0 MB stacks, 0 MB globals, 12 P
gc 148 @9.103s 3%: 0.38+3.7+0.10 ms clock, 4.5+13/8.4/0.12+1.2 ms cpu, 151->188->84 MB, 171 MB goal, 0 MB stacks, 0 MB globals, 12 P
gc 149 @9.113s 3%: 0.29+3.5+0.085 ms clock, 3.5+13/7.8/0.20+1.0 ms cpu, 145->178->80 MB, 169 MB goal, 0 MB stacks, 0 MB globals, 12 P
gc 150 @9.121s 3%: 0.39+3.1+0.11 ms clock, 4.7+12/7.0/0.28+1.3 ms cpu, 139->174->81 MB, 161 MB goal, 0 MB stacks, 0 MB globals, 12 P
gc 151 @9.130s 3%: 0.22+4.3+0.016 ms clock, 2.7+9.2/9.6/0+0.19 ms cpu, 142->177->82 MB, 162 MB goal, 0 MB stacks, 0 MB globals, 12 P
gc 152 @9.139s 3%: 0.39+4.1+0.032 ms clock, 4.7+11/9.3/0.070+0.38 ms cpu, 141->179->84 MB, 165 MB goal, 0 MB stacks, 0 MB globals, 12 P
gc 153 @9.149s 3%: 0.24+3.8+0.067 ms clock, 2.9+13/8.3/0+0.80 ms cpu, 147->178->82 MB, 169 MB goal, 0 MB stacks, 0 MB globals, 12 P
gc 154 @9.157s 3%: 0.50+3.6+0.005 ms clock, 6.1+16/8.1/0.001+0.065 ms cpu, 142->175->81 MB, 165 MB goal, 0 MB stacks, 0 MB globals, 12 P
gc 155 @9.166s 3%: 0.40+3.4+0.084 ms clock, 4.8+12/7.4/0+1.0 ms cpu, 142->175->81 MB, 163 MB goal, 0 MB stacks, 0 MB globals, 12 P
gc 156 @9.175s 3%: 0.46+3.2+0.005 ms clock, 5.5+12/7.6/2.4+0.069 ms cpu, 141->161->67 MB, 162 MB goal, 0 MB stacks, 0 MB globals, 12 P
gc 157 @9.182s 3%: 0.30+2.9+0.044 ms clock, 3.6+13/7.1/0+0.53 ms cpu, 117->141->65 MB, 134 MB goal, 0 MB stacks, 0 MB globals, 12 P
gc 158 @9.189s 3%: 0.33+2.9+0.014 ms clock, 4.0+13/7.4/0+0.17 ms cpu, 114->132->62 MB, 130 MB goal, 0 MB stacks, 0 MB globals, 12 P
gc 159 @9.195s 3%: 0.31+2.8+0.014 ms clock, 3.7+11/6.6/0+0.17 ms cpu, 109->125->64 MB, 124 MB goal, 0 MB stacks, 0 MB globals, 12 P
gc 160 @9.202s 3%: 0.21+4.6+0.16 ms clock, 2.5+11/6.6/0.18+2.0 ms cpu, 111->144->77 MB, 128 MB goal, 0 MB stacks, 0 MB globals, 12 P
gc 161 @9.211s 3%: 0.21+6.5+0.089 ms clock, 2.6+13/8.1/0.10+1.0 ms cpu, 138->171->84 MB, 154 MB goal, 0 MB stacks, 0 MB globals, 12 P
gc 162 @9.223s 3%: 0.26+4.9+0.057 ms clock, 3.1+10/9.3/1.8+0.68 ms cpu, 145->182->81 MB, 168 MB goal, 0 MB stacks, 0 MB globals, 12 P
gc 163 @9.233s 3%: 0.41+3.9+0.037 ms clock, 5.0+10/7.8/1.2+0.45 ms cpu, 141->171->77 MB, 163 MB goal, 0 MB stacks, 0 MB globals, 12 P
gc 164 @9.242s 3%: 0.21+3.2+0.095 ms clock, 2.6+12/8.5/0.16+1.1 ms cpu, 132->155->67 MB, 155 MB goal, 0 MB stacks, 0 MB globals, 12 P
gc 165 @9.249s 3%: 0.20+3.2+0.040 ms clock, 2.4+11/7.1/1.1+0.48 ms cpu, 120->148->75 MB, 134 MB goal, 0 MB stacks, 0 MB globals, 12 P
gc 166 @9.258s 3%: 0.25+3.3+0.043 ms clock, 3.0+12/8.1/0.56+0.52 ms cpu, 151->167->83 MB, 151 MB goal, 0 MB stacks, 0 MB globals, 12 P
gc 167 @9.267s 3%: 0.18+4.8+0.007 ms clock, 2.2+13/7.8/0.20+0.085 ms cpu, 146->180->81 MB, 167 MB goal, 0 MB stacks, 0 MB globals, 12 P
gc 168 @9.276s 4%: 0.35+3.5+0.17 ms clock, 4.2+11/7.8/1.5+2.0 ms cpu, 139->175->80 MB, 163 MB goal, 0 MB stacks, 0 MB globals, 12 P
gc 169 @9.285s 4%: 0.20+3.6+0.32 ms clock, 2.4+12/8.4/0.31+3.9 ms cpu, 138->172->80 MB, 161 MB goal, 0 MB stacks, 0 MB globals, 12 P
gc 170 @9.294s 4%: 0.16+3.9+0.042 ms clock, 2.0+14/8.1/0.20+0.51 ms cpu, 138->171->81 MB, 160 MB goal, 0 MB stacks, 0 MB globals, 12 P
gc 171 @9.303s 4%: 0.35+4.0+0.006 ms clock, 4.2+10/9.0/1.2+0.076 ms cpu, 141->176->83 MB, 162 MB goal, 0 MB stacks, 0 MB globals, 12 P
gc 172 @9.312s 4%: 0.33+3.0+0.013 ms clock, 4.0+12/8.0/0.11+0.16 ms cpu, 145->165->70 MB, 167 MB goal, 0 MB stacks, 0 MB globals, 12 P
gc 173 @9.319s 4%: 0.17+4.1+0.12 ms clock, 2.1+12/7.0/0+1.5 ms cpu, 123->154->76 MB, 141 MB goal, 0 MB stacks, 0 MB globals, 12 P
gc 174 @9.328s 4%: 0.23+5.4+0.007 ms clock, 2.8+12/8.3/0.45+0.092 ms cpu, 130->173->89 MB, 152 MB goal, 0 MB stacks, 0 MB globals, 12 P
gc 175 @9.339s 4%: 0.57+5.2+0.014 ms clock, 6.8+11/8.6/0.36+0.17 ms cpu, 153->193->87 MB, 179 MB goal, 0 MB stacks, 0 MB globals, 12 P
gc 176 @9.350s 4%: 0.28+4.4+0.11 ms clock, 3.4+14/10/0+1.3 ms cpu, 152->194->89 MB, 175 MB goal, 0 MB stacks, 0 MB globals, 12 P
gc 177 @9.360s 4%: 0.53+4.2+0.042 ms clock, 6.4+11/7.7/0+0.51 ms cpu, 155->194->89 MB, 179 MB goal, 0 MB stacks, 0 MB globals, 12 P
gc 178 @9.370s 4%: 0.27+4.0+0.066 ms clock, 3.3+13/9.3/0.89+0.79 ms cpu, 154->190->82 MB, 179 MB goal, 0 MB stacks, 0 MB globals, 12 P
gc 179 @9.380s 4%: 0.21+3.9+0.026 ms clock, 2.6+11/8.7/0.10+0.31 ms cpu, 148->182->80 MB, 165 MB goal, 0 MB stacks, 0 MB globals, 12 P
gc 180 @9.388s 4%: 0.23+4.1+0.057 ms clock, 2.7+14/9.4/0+0.68 ms cpu, 140->177->87 MB, 161 MB goal, 0 MB stacks, 0 MB globals, 12 P
gc 181 @9.398s 4%: 0.41+4.2+0.065 ms clock, 4.9+12/9.0/0.065+0.78 ms cpu, 149->187->86 MB, 175 MB goal, 0 MB stacks, 0 MB globals, 12 P
gc 182 @9.408s 4%: 0.26+3.8+0.047 ms clock, 3.2+14/8.2/0.51+0.57 ms cpu, 150->187->81 MB, 173 MB goal, 0 MB stacks, 0 MB globals, 12 P
gc 183 @9.417s 4%: 0.48+4.3+0.066 ms clock, 5.7+12/8.9/0.31+0.79 ms cpu, 142->184->86 MB, 163 MB goal, 0 MB stacks, 0 MB globals, 12 P
gc 184 @9.426s 4%: 0.34+4.3+0.096 ms clock, 4.0+12/8.5/0.11+1.1 ms cpu, 148->193->90 MB, 173 MB goal, 0 MB stacks, 0 MB globals, 12 P
gc 185 @9.437s 4%: 0.22+4.7+0.093 ms clock, 2.6+13/9.8/0.11+1.1 ms cpu, 155->196->90 MB, 181 MB goal, 0 MB stacks, 0 MB globals, 12 P
gc 186 @9.447s 4%: 0.17+3.7+0.004 ms clock, 2.0+13/10/0+0.054 ms cpu, 156->180->69 MB, 181 MB goal, 0 MB stacks, 0 MB globals, 12 P
gc 187 @9.455s 4%: 0.13+3.0+0.099 ms clock, 1.6+10/6.7/0.99+1.1 ms cpu, 121->148->71 MB, 139 MB goal, 0 MB stacks, 0 MB globals, 12 P
gc 188 @9.462s 4%: 0.37+2.9+0.052 ms clock, 4.4+11/7.2/0.17+0.63 ms cpu, 123->144->68 MB, 142 MB goal, 0 MB stacks, 0 MB globals, 12 P
gc 189 @9.469s 4%: 0.21+2.7+0.025 ms clock, 2.6+10/6.6/1.6+0.30 ms cpu, 120->137->59 MB, 136 MB goal, 0 MB stacks, 0 MB globals, 12 P
gc 190 @9.475s 4%: 0.24+2.5+0.019 ms clock, 2.9+11/6.1/1.1+0.23 ms cpu, 104->118->61 MB, 118 MB goal, 0 MB stacks, 0 MB globals, 12 P
gc 191 @9.482s 4%: 0.22+2.4+0.007 ms clock, 2.7+10/5.6/1.9+0.087 ms cpu, 111->122->55 MB, 122 MB goal, 0 MB stacks, 0 MB globals, 12 P
gc 192 @9.487s 4%: 0.61+3.4+0.006 ms clock, 7.3+12/6.0/0.37+0.075 ms cpu, 95->118->68 MB, 110 MB goal, 0 MB stacks, 0 MB globals, 12 P
gc 193 @9.495s 4%: 0.19+7.3+0.060 ms clock, 2.3+9.6/10/0+0.72 ms cpu, 119->147->72 MB, 136 MB goal, 0 MB stacks, 0 MB globals, 12 P
gc 194 @9.507s 4%: 0.35+5.1+0.043 ms clock, 4.2+12/9.5/0.10+0.51 ms cpu, 123->159->82 MB, 144 MB goal, 0 MB stacks, 0 MB globals, 12 P
gc 195 @9.517s 4%: 0.43+5.6+0.40 ms clock, 5.1+11/9.7/0+4.8 ms cpu, 141->179->84 MB, 165 MB goal, 0 MB stacks, 0 MB globals, 12 P
gc 196 @9.529s 4%: 0.35+4.1+0.21 ms clock, 4.2+10/8.3/2.0+2.5 ms cpu, 145->185->84 MB, 169 MB goal, 0 MB stacks, 0 MB globals, 12 P
gc 197 @9.539s 4%: 0.18+3.6+0.004 ms clock, 2.2+9.9/8.6/1.0+0.056 ms cpu, 144->168->70 MB, 169 MB goal, 0 MB stacks, 0 MB globals, 12 P
gc 198 @9.547s 4%: 0.24+2.6+0.031 ms clock, 2.9+10/6.6/1.2+0.37 ms cpu, 129->141->62 MB, 141 MB goal, 0 MB stacks, 0 MB globals, 12 P
gc 199 @9.553s 4%: 0.39+3.3+0.015 ms clock, 4.6+12/7.8/0.11+0.18 ms cpu, 107->129->71 MB, 124 MB goal, 0 MB stacks, 0 MB globals, 12 P
gc 200 @9.560s 4%: 0.19+3.0+0.012 ms clock, 2.3+9.8/7.4/0.94+0.15 ms cpu, 126->142->62 MB, 143 MB goal, 0 MB stacks, 0 MB globals, 12 P
gc 201 @9.567s 4%: 0.19+3.8+0.071 ms clock, 2.3+10/7.6/0.19+0.85 ms cpu, 107->140->74 MB, 124 MB goal, 0 MB stacks, 0 MB globals, 12 P
gc 202 @9.575s 4%: 0.27+3.9+0.11 ms clock, 3.2+11/8.1/0.64+1.3 ms cpu, 127->150->71 MB, 148 MB goal, 0 MB stacks, 0 MB globals, 12 P
gc 203 @9.584s 4%: 0.35+4.8+0.018 ms clock, 4.2+13/8.7/0+0.22 ms cpu, 124->156->78 MB, 143 MB goal, 0 MB stacks, 0 MB globals, 12 P
gc 204 @9.593s 4%: 0.24+4.3+0.026 ms clock, 2.9+11/8.7/1.1+0.32 ms cpu, 134->168->81 MB, 157 MB goal, 0 MB stacks, 0 MB globals, 12 P
gc 205 @9.603s 4%: 0.36+3.1+0.11 ms clock, 4.4+10/7.9/0.53+1.4 ms cpu, 144->171->70 MB, 162 MB goal, 0 MB stacks, 0 MB globals, 12 P
gc 206 @9.611s 4%: 0.25+2.9+0.005 ms clock, 3.0+11/7.8/0.15+0.071 ms cpu, 120->140->62 MB, 140 MB goal, 0 MB stacks, 0 MB globals, 12 P
gc 207 @9.617s 4%: 0.24+3.5+0.031 ms clock, 2.9+10/6.6/1.4+0.38 ms cpu, 108->140->81 MB, 124 MB goal, 0 MB stacks, 0 MB globals, 12 P
gc 208 @9.626s 4%: 0.28+4.1+0.27 ms clock, 3.3+14/8.4/0.37+3.3 ms cpu, 139->174->81 MB, 162 MB goal, 0 MB stacks, 0 MB globals, 12 P
gc 209 @9.635s 4%: 0.18+3.6+0.13 ms clock, 2.1+13/7.8/0.078+1.5 ms cpu, 141->175->80 MB, 163 MB goal, 0 MB stacks, 0 MB globals, 12 P
gc 210 @9.644s 4%: 0.54+3.9+0.20 ms clock, 6.4+10/7.9/1.7+2.4 ms cpu, 140->181->86 MB, 161 MB goal, 0 MB stacks, 0 MB globals, 12 P
gc 211 @9.654s 4%: 0.26+3.0+0.025 ms clock, 3.1+12/7.8/0.31+0.30 ms cpu, 151->172->69 MB, 173 MB goal, 0 MB stacks, 0 MB globals, 12 P
gc 212 @9.661s 4%: 0.19+3.2+0.016 ms clock, 2.2+13/6.1/0+0.20 ms cpu, 124->137->58 MB, 139 MB goal, 0 MB stacks, 0 MB globals, 12 P
gc 213 @9.669s 4%: 0.70+2.5+0.005 ms clock, 8.4+12/5.9/0+0.064 ms cpu, 109->117->60 MB, 116 MB goal, 0 MB stacks, 0 MB globals, 12 P
gc 214 @9.675s 4%: 0.27+2.2+0.004 ms clock, 3.3+12/5.7/0.23+0.055 ms cpu, 109->113->57 MB, 120 MB goal, 0 MB stacks, 0 MB globals, 12 P
gc 215 @9.680s 4%: 0.44+5.1+0.006 ms clock, 5.3+5.6/9.1/0+0.080 ms cpu, 102->124->68 MB, 114 MB goal, 0 MB stacks, 0 MB globals, 12 P
gc 216 @9.690s 4%: 0.29+3.5+0.009 ms clock, 3.5+12/7.5/0.088+0.10 ms cpu, 118->135->59 MB, 136 MB goal, 0 MB stacks, 0 MB globals, 12 P
gc 217 @9.697s 4%: 0.28+2.3+0.025 ms clock, 3.4+11/5.8/1.3+0.31 ms cpu, 111->119->63 MB, 119 MB goal, 0 MB stacks, 0 MB globals, 12 P
gc 218 @9.703s 4%: 0.13+3.3+0.10 ms clock, 1.6+10/6.9/0.89+1.2 ms cpu, 110->138->72 MB, 126 MB goal, 0 MB stacks, 0 MB globals, 12 P
gc 219 @9.711s 4%: 0.26+6.1+0.027 ms clock, 3.2+11/8.3/0+0.33 ms cpu, 126->158->79 MB, 144 MB goal, 0 MB stacks, 0 MB globals, 12 P
gc 220 @9.722s 4%: 0.41+4.8+0.025 ms clock, 4.9+10/8.9/0.19+0.30 ms cpu, 135->169->80 MB, 158 MB goal, 0 MB stacks, 0 MB globals, 12 P
gc 221 @9.732s 4%: 0.28+4.0+0.070 ms clock, 3.3+12/8.3/0.44+0.84 ms cpu, 138->176->86 MB, 161 MB goal, 0 MB stacks, 0 MB globals, 12 P
gc 222 @9.741s 4%: 0.18+4.3+0.091 ms clock, 2.2+12/8.4/0+1.0 ms cpu, 150->187->83 MB, 173 MB goal, 0 MB stacks, 0 MB globals, 12 P
gc 223 @9.751s 4%: 0.31+2.9+0.005 ms clock, 3.7+16/6.4/0+0.061 ms cpu, 155->167->73 MB, 167 MB goal, 0 MB stacks, 0 MB globals, 12 P
gc 224 @9.758s 4%: 0.20+4.6+0.020 ms clock, 2.4+11/7.2/1.6+0.24 ms cpu, 126->161->83 MB, 147 MB goal, 0 MB stacks, 0 MB globals, 12 P
gc 225 @9.768s 4%: 0.34+4.7+0.041 ms clock, 4.1+11/8.3/0.35+0.49 ms cpu, 144->187->90 MB, 167 MB goal, 0 MB stacks, 0 MB globals, 12 P
gc 226 @9.778s 5%: 0.49+4.6+0.30 ms clock, 5.9+12/9.7/0.42+3.7 ms cpu, 155->197->88 MB, 181 MB goal, 0 MB stacks, 0 MB globals, 12 P
gc 227 @9.789s 5%: 0.47+3.7+0.068 ms clock, 5.6+12/8.9/0+0.82 ms cpu, 152->186->83 MB, 177 MB goal, 0 MB stacks, 0 MB globals, 12 P
gc 228 @9.798s 5%: 0.28+4.0+0.058 ms clock, 3.4+12/8.8/0.26+0.69 ms cpu, 144->179->83 MB, 167 MB goal, 0 MB stacks, 0 MB globals, 12 P
gc 229 @9.807s 5%: 0.63+3.9+0.028 ms clock, 7.6+12/8.3/0.26+0.33 ms cpu, 143->181->85 MB, 167 MB goal, 0 MB stacks, 0 MB globals, 12 P
gc 230 @9.817s 5%: 0.13+3.8+0.28 ms clock, 1.6+9.6/7.5/1.6+3.4 ms cpu, 150->190->86 MB, 171 MB goal, 0 MB stacks, 0 MB globals, 12 P
gc 231 @9.827s 5%: 0.36+3.8+0.061 ms clock, 4.3+11/7.6/0.44+0.73 ms cpu, 148->186->79 MB, 172 MB goal, 0 MB stacks, 0 MB globals, 12 P
gc 232 @9.835s 5%: 0.45+4.4+0.010 ms clock, 5.4+13/9.7/0+0.12 ms cpu, 137->176->88 MB, 158 MB goal, 0 MB stacks, 0 MB globals, 12 P
gc 233 @9.845s 5%: 0.24+4.7+0.020 ms clock, 2.8+11/8.7/0.075+0.24 ms cpu, 152->190->84 MB, 177 MB goal, 0 MB stacks, 0 MB globals, 12 P
gc 234 @9.855s 5%: 0.38+4.8+0.039 ms clock, 4.6+12/11/0.14+0.46 ms cpu, 146->187->89 MB, 169 MB goal, 0 MB stacks, 0 MB globals, 12 P
gc 235 @9.865s 5%: 0.38+3.9+0.014 ms clock, 4.5+14/9.1/0.30+0.17 ms cpu, 153->190->83 MB, 179 MB goal, 0 MB stacks, 0 MB globals, 12 P
gc 236 @9.874s 5%: 0.25+4.4+0.059 ms clock, 3.0+10/9.9/0+0.71 ms cpu, 144->183->87 MB, 167 MB goal, 0 MB stacks, 0 MB globals, 12 P
gc 237 @9.883s 5%: 0.66+3.8+0.14 ms clock, 8.0+12/8.6/0.24+1.7 ms cpu, 151->185->83 MB, 174 MB goal, 0 MB stacks, 0 MB globals, 12 P
gc 238 @9.892s 5%: 0.47+3.5+0.004 ms clock, 5.7+11/7.5/0.24+0.057 ms cpu, 143->167->69 MB, 167 MB goal, 0 MB stacks, 0 MB globals, 12 P
gc 239 @9.900s 5%: 0.24+6.3+0.31 ms clock, 2.9+10/7.1/1.0+3.7 ms cpu, 124->154->78 MB, 138 MB goal, 0 MB stacks, 0 MB globals, 12 P
gc 240 @9.911s 5%: 0.33+4.3+0.054 ms clock, 3.9+11/8.9/0.25+0.65 ms cpu, 135->174->87 MB, 156 MB goal, 0 MB stacks, 0 MB globals, 12 P
gc 241 @9.921s 5%: 0.28+4.2+0.32 ms clock, 3.4+13/9.1/0.10+3.8 ms cpu, 150->188->85 MB, 175 MB goal, 0 MB stacks, 0 MB globals, 12 P
gc 242 @9.931s 5%: 0.63+3.3+0.048 ms clock, 7.6+14/7.2/0+0.58 ms cpu, 148->180->79 MB, 171 MB goal, 0 MB stacks, 0 MB globals, 12 P
gc 243 @9.939s 5%: 0.28+4.2+0.10 ms clock, 3.4+11/8.5/0.10+1.2 ms cpu, 137->174->85 MB, 159 MB goal, 0 MB stacks, 0 MB globals, 12 P
gc 244 @9.949s 5%: 0.25+3.6+0.065 ms clock, 3.0+12/8.9/0.51+0.78 ms cpu, 146->180->75 MB, 171 MB goal, 0 MB stacks, 0 MB globals, 12 P
gc 245 @9.957s 5%: 0.27+3.9+0.029 ms clock, 3.2+12/8.7/0+0.35 ms cpu, 131->166->84 MB, 151 MB goal, 0 MB stacks, 0 MB globals, 12 P
gc 246 @9.966s 5%: 0.25+4.3+0.10 ms clock, 3.0+12/8.7/0.68+1.2 ms cpu, 144->186->89 MB, 169 MB goal, 0 MB stacks, 0 MB globals, 12 P
gc 247 @9.976s 5%: 0.39+3.9+0.11 ms clock, 4.7+12/8.1/0.67+1.3 ms cpu, 154->190->85 MB, 179 MB goal, 0 MB stacks, 0 MB globals, 12 P
gc 248 @9.985s 5%: 0.58+3.7+0.043 ms clock, 6.9+10/7.8/0.11+0.51 ms cpu, 147->183->82 MB, 171 MB goal, 0 MB stacks, 0 MB globals, 12 P
gc 249 @9.994s 5%: 0.38+4.1+0.039 ms clock, 4.6+9.8/8.7/0.072+0.46 ms cpu, 142->176->76 MB, 164 MB goal, 0 MB stacks, 0 MB globals, 12 P
gc 250 @10.003s 5%: 0.26+4.3+0.029 ms clock, 3.1+9.7/9.7/1.6+0.35 ms cpu, 130->170->84 MB, 153 MB goal, 0 MB stacks, 0 MB globals, 12 P
gc 251 @10.013s 5%: 0.17+4.4+0.093 ms clock, 2.0+14/9.8/0+1.1 ms cpu, 146->187->87 MB, 169 MB goal, 0 MB stacks, 0 MB globals, 12 P
gc 252 @10.022s 5%: 0.25+4.4+0.16 ms clock, 3.0+10/8.6/0.93+1.9 ms cpu, 150->197->90 MB, 175 MB goal, 0 MB stacks, 0 MB globals, 12 P
gc 253 @10.033s 5%: 0.37+3.9+0.066 ms clock, 4.4+11/8.7/1.7+0.80 ms cpu, 158->194->83 MB, 181 MB goal, 0 MB stacks, 0 MB globals, 12 P
gc 254 @10.042s 5%: 0.14+4.2+0.082 ms clock, 1.7+12/8.2/0.26+0.99 ms cpu, 143->186->89 MB, 167 MB goal, 0 MB stacks, 0 MB globals, 12 P
gc 255 @10.052s 5%: 0.36+4.1+0.044 ms clock, 4.3+9.2/9.1/3.2+0.53 ms cpu, 155->191->85 MB, 179 MB goal, 0 MB stacks, 0 MB globals, 12 P
gc 256 @10.061s 5%: 2.1+2.1+0.006 ms clock, 25+13/8.9/1.1+0.078 ms cpu, 147->182->83 MB, 171 MB goal, 0 MB stacks, 0 MB globals, 12 P
gc 257 @10.071s 5%: 0.38+3.7+0.083 ms clock, 4.5+12/7.3/0+1.0 ms cpu, 147->183->85 MB, 166 MB goal, 0 MB stacks, 0 MB globals, 12 P
gc 258 @10.080s 5%: 0.42+3.8+0.10 ms clock, 5.1+11/8.3/0.35+1.2 ms cpu, 149->183->80 MB, 170 MB goal, 0 MB stacks, 0 MB globals, 12 P
gc 259 @10.088s 5%: 0.47+3.1+0.033 ms clock, 5.6+11/8.0/0.087+0.40 ms cpu, 137->161->71 MB, 161 MB goal, 0 MB stacks, 0 MB globals, 12 P
gc 260 @10.096s 5%: 0.37+3.1+0.14 ms clock, 4.4+10/6.5/0.32+1.7 ms cpu, 127->159->78 MB, 142 MB goal, 0 MB stacks, 0 MB globals, 12 P
gc 261 @10.105s 5%: 0.50+3.7+0.075 ms clock, 6.0+12/8.1/0+0.90 ms cpu, 136->166->78 MB, 156 MB goal, 0 MB stacks, 0 MB globals, 12 P
gc 262 @10.113s 5%: 0.46+3.8+0.058 ms clock, 5.5+9.5/8.8/0.16+0.70 ms cpu, 137->168->78 MB, 157 MB goal, 0 MB stacks, 0 MB globals, 12 P
gc 263 @10.122s 5%: 0.35+4.3+0.14 ms clock, 4.3+7.9/8.4/4.0+1.7 ms cpu, 136->173->79 MB, 157 MB goal, 0 MB stacks, 0 MB globals, 12 P
gc 264 @10.132s 5%: 0.35+5.0+0.12 ms clock, 4.2+13/9.9/0+1.5 ms cpu, 135->174->83 MB, 159 MB goal, 0 MB stacks, 0 MB globals, 12 P
gc 265 @10.142s 5%: 0.28+4.4+0.15 ms clock, 3.3+14/9.1/0+1.8 ms cpu, 143->184->86 MB, 167 MB goal, 0 MB stacks, 0 MB globals, 12 P
gc 266 @10.152s 5%: 0.40+4.8+0.079 ms clock, 4.8+9.4/9.8/0+0.95 ms cpu, 150->187->87 MB, 173 MB goal, 0 MB stacks, 0 MB globals, 12 P
gc 267 @10.162s 5%: 0.35+3.6+0.030 ms clock, 4.2+12/8.8/0.64+0.36 ms cpu, 152->174->73 MB, 175 MB goal, 0 MB stacks, 0 MB globals, 12 P
gc 268 @10.170s 5%: 0.32+4.2+0.010 ms clock, 3.9+9.4/9.4/0.096+0.12 ms cpu, 128->161->79 MB, 146 MB goal, 0 MB stacks, 0 MB globals, 12 P
gc 269 @10.179s 5%: 0.20+4.6+0.23 ms clock, 2.4+12/7.6/0.49+2.8 ms cpu, 136->184->92 MB, 159 MB goal, 0 MB stacks, 0 MB globals, 12 P
gc 270 @10.190s 5%: 0.29+4.2+0.14 ms clock, 3.5+11/9.1/0.59+1.7 ms cpu, 159->197->84 MB, 185 MB goal, 0 MB stacks, 0 MB globals, 12 P
gc 271 @10.199s 5%: 0.28+4.4+0.077 ms clock, 3.4+12/10/0+0.92 ms cpu, 148->190->93 MB, 169 MB goal, 0 MB stacks, 0 MB globals, 12 P
gc 272 @10.210s 5%: 0.60+4.6+0.14 ms clock, 7.2+9.4/9.1/1.8+1.7 ms cpu, 161->200->82 MB, 187 MB goal, 0 MB stacks, 0 MB globals, 12 P
gc 273 @10.220s 5%: 0.35+4.0+0.058 ms clock, 4.2+13/8.3/0+0.69 ms cpu, 143->179->81 MB, 165 MB goal, 0 MB stacks, 0 MB globals, 12 P
gc 274 @10.229s 5%: 0.29+4.2+0.10 ms clock, 3.5+11/9.1/0+1.2 ms cpu, 142->180->85 MB, 163 MB goal, 0 MB stacks, 0 MB globals, 12 P
gc 275 @10.239s 5%: 0.40+4.1+0.11 ms clock, 4.8+11/8.2/0.52+1.3 ms cpu, 150->189->88 MB, 171 MB goal, 0 MB stacks, 0 MB globals, 12 P
gc 276 @10.249s 5%: 0.23+3.4+0.024 ms clock, 2.7+12/8.6/0.56+0.29 ms cpu, 151->177->75 MB, 177 MB goal, 0 MB stacks, 0 MB globals, 12 P
gc 277 @10.256s 5%: 0.33+3.5+0.12 ms clock, 4.0+11/7.7/0.19+1.5 ms cpu, 129->162->79 MB, 151 MB goal, 0 MB stacks, 0 MB globals, 12 P
gc 278 @10.265s 5%: 0.34+3.1+0.008 ms clock, 4.1+12/8.0/0.22+0.098 ms cpu, 137->158->69 MB, 158 MB goal, 0 MB stacks, 0 MB globals, 12 P
gc 279 @10.272s 5%: 0.22+3.6+0.021 ms clock, 2.7+10/8.8/0+0.26 ms cpu, 123->151->75 MB, 138 MB goal, 0 MB stacks, 0 MB globals, 12 P
gc 280 @10.280s 5%: 0.28+4.6+0.046 ms clock, 3.3+11/8.5/2.0+0.55 ms cpu, 130->166->84 MB, 150 MB goal, 0 MB stacks, 0 MB globals, 12 P
gc 281 @10.290s 5%: 0.22+3.9+0.13 ms clock, 2.7+13/7.7/0.14+1.5 ms cpu, 149->183->79 MB, 169 MB goal, 0 MB stacks, 0 MB globals, 12 P
gc 282 @10.299s 5%: 0.27+3.0+0.012 ms clock, 3.3+11/8.1/0.86+0.15 ms cpu, 136->158->68 MB, 158 MB goal, 0 MB stacks, 0 MB globals, 12 P
gc 283 @10.306s 5%: 0.18+3.0+0.005 ms clock, 2.2+11/7.7/0.17+0.062 ms cpu, 119->137->63 MB, 137 MB goal, 0 MB stacks, 0 MB globals, 12 P
gc 284 @10.313s 5%: 0.33+3.2+0.060 ms clock, 4.0+10/7.0/0.075+0.72 ms cpu, 111->140->73 MB, 126 MB goal, 0 MB stacks, 0 MB globals, 12 P
gc 285 @10.321s 5%: 0.37+5.5+0.10 ms clock, 4.5+12/6.4/0.49+1.2 ms cpu, 126->161->81 MB, 146 MB goal, 0 MB stacks, 0 MB globals, 12 P
gc 286 @10.332s 6%: 0.30+4.7+0.25 ms clock, 3.6+12/7.8/0.094+3.0 ms cpu, 140->181->86 MB, 162 MB goal, 0 MB stacks, 0 MB globals, 12 P
gc 287 @10.342s 6%: 0.28+3.4+0.017 ms clock, 3.4+11/8.9/1.1+0.20 ms cpu, 150->172->71 MB, 173 MB goal, 0 MB stacks, 0 MB globals, 12 P
gc 288 @10.349s 6%: 0.28+3.3+0.043 ms clock, 3.4+8.0/7.9/2.6+0.52 ms cpu, 125->146->70 MB, 143 MB goal, 0 MB stacks, 0 MB globals, 12 P
gc 289 @10.357s 6%: 0.34+3.9+0.039 ms clock, 4.0+10/7.2/0.38+0.46 ms cpu, 126->157->82 MB, 141 MB goal, 0 MB stacks, 0 MB globals, 12 P
gc 290 @10.366s 6%: 0.27+4.0+0.095 ms clock, 3.2+12/7.4/0.099+1.1 ms cpu, 145->178->81 MB, 164 MB goal, 0 MB stacks, 0 MB globals, 12 P
gc 291 @10.375s 6%: 0.22+4.1+0.007 ms clock, 2.6+11/9.7/1.2+0.087 ms cpu, 141->177->83 MB, 162 MB goal, 0 MB stacks, 0 MB globals, 12 P
gc 292 @10.385s 6%: 0.28+4.2+0.079 ms clock, 3.4+12/7.7/0+0.95 ms cpu, 145->182->81 MB, 167 MB goal, 0 MB stacks, 0 MB globals, 12 P
gc 293 @10.394s 6%: 0.29+3.1+0.062 ms clock, 3.5+11/8.3/0.097+0.75 ms cpu, 139->162->68 MB, 162 MB goal, 0 MB stacks, 0 MB globals, 12 P
gc 294 @10.401s 6%: 0.21+5.4+0.006 ms clock, 2.5+11/7.4/0.53+0.080 ms cpu, 119->151->74 MB, 136 MB goal, 0 MB stacks, 0 MB globals, 12 P
gc 295 @10.411s 6%: 0.33+3.1+0.16 ms clock, 4.0+13/7.3/0.49+1.9 ms cpu, 128->154->75 MB, 148 MB goal, 0 MB stacks, 0 MB globals, 12 P
gc 296 @10.419s 6%: 0.37+2.8+0.051 ms clock, 4.4+12/6.3/0.50+0.61 ms cpu, 132->151->66 MB, 151 MB goal, 0 MB stacks, 0 MB globals, 12 P
gc 297 @10.426s 6%: 0.23+2.7+0.041 ms clock, 2.7+11/6.4/0.48+0.49 ms cpu, 117->134->65 MB, 132 MB goal, 0 MB stacks, 0 MB globals, 12 P
gc 298 @10.433s 6%: 0.15+3.3+0.11 ms clock, 1.8+9.7/7.7/2.3+1.3 ms cpu, 115->146->77 MB, 130 MB goal, 0 MB stacks, 0 MB globals, 12 P
gc 299 @10.441s 6%: 0.19+3.2+0.071 ms clock, 2.3+12/7.9/0.34+0.86 ms cpu, 132->155->70 MB, 154 MB goal, 0 MB stacks, 0 MB globals, 12 P
gc 300 @10.448s 6%: 0.44+3.3+0.054 ms clock, 5.3+12/8.1/0+0.65 ms cpu, 121->149->71 MB, 141 MB goal, 0 MB stacks, 0 MB globals, 12 P
gc 301 @10.456s 6%: 0.48+3.5+0.061 ms clock, 5.8+11/7.6/2.3+0.73 ms cpu, 125->154->78 MB, 143 MB goal, 0 MB stacks, 0 MB globals, 12 P
gc 302 @10.464s 6%: 0.41+3.2+0.092 ms clock, 4.9+11/7.5/0.22+1.1 ms cpu, 135->159->73 MB, 157 MB goal, 0 MB stacks, 0 MB globals, 12 P
gc 303 @10.472s 6%: 0.24+4.0+0.10 ms clock, 2.9+9.2/8.6/2.8+1.2 ms cpu, 126->160->82 MB, 146 MB goal, 0 MB stacks, 0 MB globals, 12 P
gc 304 @10.481s 6%: 0.33+4.7+0.013 ms clock, 4.0+11/8.7/0.17+0.16 ms cpu, 143->179->80 MB, 165 MB goal, 0 MB stacks, 0 MB globals, 12 P
gc 305 @10.491s 6%: 0.20+3.6+0.035 ms clock, 2.4+14/6.9/0+0.42 ms cpu, 139->172->79 MB, 161 MB goal, 0 MB stacks, 0 MB globals, 12 P
gc 306 @10.499s 6%: 0.23+3.4+0.005 ms clock, 2.8+15/8.2/0+0.062 ms cpu, 136->158->70 MB, 159 MB goal, 0 MB stacks, 0 MB globals, 12 P
gc 307 @10.507s 6%: 0.47+3.3+0.081 ms clock, 5.7+11/5.9/0.36+0.97 ms cpu, 126->156->81 MB, 141 MB goal, 0 MB stacks, 0 MB globals, 12 P
gc 308 @10.515s 6%: 0.23+4.3+0.086 ms clock, 2.8+12/8.4/0.085+1.0 ms cpu, 141->173->79 MB, 162 MB goal, 0 MB stacks, 0 MB globals, 12 P
gc 309 @10.525s 6%: 0.23+3.5+0.046 ms clock, 2.8+12/8.7/0.60+0.55 ms cpu, 143->168->74 MB, 159 MB goal, 0 MB stacks, 0 MB globals, 12 P
gc 310 @10.533s 6%: 0.20+4.3+0.033 ms clock, 2.4+11/7.6/0.98+0.39 ms cpu, 131->164->79 MB, 149 MB goal, 0 MB stacks, 0 MB globals, 12 P
gc 311 @10.542s 6%: 0.46+3.8+0.032 ms clock, 5.5+10/8.2/0.36+0.38 ms cpu, 137->173->85 MB, 158 MB goal, 0 MB stacks, 0 MB globals, 12 P
gc 312 @10.551s 6%: 0.36+3.9+0.11 ms clock, 4.4+11/8.2/1.3+1.4 ms cpu, 147->180->83 MB, 170 MB goal, 0 MB stacks, 0 MB globals, 12 P
gc 313 @10.560s 6%: 0.17+4.2+0.060 ms clock, 2.0+9.9/9.3/2.0+0.72 ms cpu, 143->178->84 MB, 167 MB goal, 0 MB stacks, 0 MB globals, 12 P
gc 314 @10.569s 6%: 0.22+3.9+0.063 ms clock, 2.7+13/8.3/1.1+0.76 ms cpu, 146->180->81 MB, 169 MB goal, 0 MB stacks, 0 MB globals, 12 P
gc 315 @10.578s 6%: 0.21+3.3+0.072 ms clock, 2.5+13/7.8/0.26+0.87 ms cpu, 144->172->74 MB, 163 MB goal, 0 MB stacks, 0 MB globals, 12 P
gc 316 @10.586s 6%: 0.38+3.6+0.042 ms clock, 4.6+11/8.2/1.2+0.50 ms cpu, 128->160->78 MB, 148 MB goal, 0 MB stacks, 0 MB globals, 12 P
gc 317 @10.594s 6%: 0.47+3.9+0.11 ms clock, 5.7+12/7.1/0.21+1.3 ms cpu, 136->170->85 MB, 157 MB goal, 0 MB stacks, 0 MB globals, 12 P
gc 318 @10.604s 6%: 0.27+4.7+0.088 ms clock, 3.2+10/10/0.29+1.0 ms cpu, 147->183->83 MB, 170 MB goal, 0 MB stacks, 0 MB globals, 12 P
gc 319 @10.613s 6%: 0.18+4.5+0.11 ms clock, 2.2+11/9.0/0.19+1.3 ms cpu, 142->185->89 MB, 167 MB goal, 0 MB stacks, 0 MB globals, 12 P
gc 320 @10.624s 6%: 0.23+3.2+0.078 ms clock, 2.8+12/7.6/0.53+0.93 ms cpu, 157->185->77 MB, 179 MB goal, 0 MB stacks, 0 MB globals, 12 P
gc 321 @10.632s 6%: 0.23+3.8+0.074 ms clock, 2.7+13/7.5/0.17+0.89 ms cpu, 133->171->82 MB, 155 MB goal, 0 MB stacks, 0 MB globals, 12 P
gc 322 @10.641s 6%: 0.18+3.8+0.090 ms clock, 2.1+12/7.8/1.3+1.0 ms cpu, 148->182->79 MB, 165 MB goal, 0 MB stacks, 0 MB globals, 12 P
gc 323 @10.650s 6%: 0.23+3.4+0.043 ms clock, 2.8+14/7.7/0+0.51 ms cpu, 138->170->80 MB, 158 MB goal, 0 MB stacks, 0 MB globals, 12 P
gc 324 @10.659s 6%: 0.23+4.3+0.098 ms clock, 2.7+12/8.3/0.12+1.1 ms cpu, 139->178->86 MB, 160 MB goal, 0 MB stacks, 0 MB globals, 12 P
gc 325 @10.668s 6%: 0.26+3.5+0.006 ms clock, 3.2+12/9.2/0.26+0.074 ms cpu, 149->172->74 MB, 172 MB goal, 0 MB stacks, 0 MB globals, 12 P
gc 326 @10.676s 6%: 0.21+3.1+0.052 ms clock, 2.6+14/7.8/0+0.62 ms cpu, 133->156->74 MB, 149 MB goal, 0 MB stacks, 0 MB globals, 12 P
gc 327 @10.684s 6%: 0.33+3.1+0.021 ms clock, 4.0+13/7.6/0+0.26 ms cpu, 130->149->64 MB, 148 MB goal, 0 MB stacks, 0 MB globals, 12 P
gc 328 @10.691s 6%: 0.25+2.9+0.044 ms clock, 3.0+14/6.7/0.081+0.53 ms cpu, 112->133->67 MB, 129 MB goal, 0 MB stacks, 0 MB globals, 12 P
gc 329 @10.697s 6%: 0.23+4.0+0.016 ms clock, 2.8+12/7.7/0+0.19 ms cpu, 117->154->82 MB, 134 MB goal, 0 MB stacks, 0 MB globals, 12 P
gc 330 @10.706s 6%: 0.65+4.8+0.37 ms clock, 7.8+8.2/8.5/0.038+4.4 ms cpu, 142->182->88 MB, 165 MB goal, 0 MB stacks, 0 MB globals, 12 P
gc 331 @10.717s 6%: 0.40+4.4+0.036 ms clock, 4.8+12/8.9/0.52+0.43 ms cpu, 152->189->87 MB, 177 MB goal, 0 MB stacks, 0 MB globals, 12 P
gc 332 @10.727s 6%: 0.25+3.4+0.006 ms clock, 3.0+14/8.7/0.49+0.077 ms cpu, 149->173->70 MB, 175 MB goal, 0 MB stacks, 0 MB globals, 12 P
gc 333 @10.734s 6%: 0.16+3.1+0.036 ms clock, 1.9+14/6.2/0+0.44 ms cpu, 128->150->70 MB, 141 MB goal, 0 MB stacks, 0 MB globals, 12 P
gc 334 @10.742s 6%: 0.32+3.7+0.026 ms clock, 3.8+13/7.2/0+0.31 ms cpu, 120->151->79 MB, 141 MB goal, 0 MB stacks, 0 MB globals, 12 P
gc 335 @10.750s 6%: 0.34+4.0+0.12 ms clock, 4.0+14/9.1/0+1.4 ms cpu, 138->173->83 MB, 159 MB goal, 0 MB stacks, 0 MB globals, 12 P
gc 336 @10.759s 6%: 0.33+3.0+0.023 ms clock, 3.9+11/7.6/0.76+0.28 ms cpu, 147->164->66 MB, 167 MB goal, 0 MB stacks, 0 MB globals, 12 P
gc 337 @10.766s 6%: 0.45+3.0+0.094 ms clock, 5.4+9.9/7.1/2.5+1.1 ms cpu, 115->141->75 MB, 132 MB goal, 0 MB stacks, 0 MB globals, 12 P
gc 338 @10.774s 6%: 0.42+5.5+0.006 ms clock, 5.0+8.3/8.5/2.8+0.079 ms cpu, 130->167->84 MB, 150 MB goal, 0 MB stacks, 0 MB globals, 12 P
gc 339 @10.785s 6%: 0.38+3.9+0.16 ms clock, 4.5+12/8.7/1.9+1.9 ms cpu, 147->181->82 MB, 169 MB goal, 0 MB stacks, 0 MB globals, 12 P
gc 340 @10.794s 6%: 0.20+3.1+0.035 ms clock, 2.5+14/8.2/0+0.42 ms cpu, 142->164->67 MB, 165 MB goal, 0 MB stacks, 0 MB globals, 12 P
gc 341 @10.801s 6%: 0.17+3.1+0.16 ms clock, 2.0+8.2/7.6/3.8+1.9 ms cpu, 118->145->70 MB, 134 MB goal, 0 MB stacks, 0 MB globals, 12 P
gc 342 @10.808s 6%: 0.32+3.5+0.092 ms clock, 3.8+12/7.2/0.37+1.1 ms cpu, 120->157->83 MB, 140 MB goal, 0 MB stacks, 0 MB globals, 12 P
gc 343 @10.817s 6%: 0.36+4.0+0.16 ms clock, 4.4+11/9.4/0.048+2.0 ms cpu, 142->178->84 MB, 167 MB goal, 0 MB stacks, 0 MB globals, 12 P
gc 344 @10.827s 6%: 0.52+3.9+0.053 ms clock, 6.2+10/7.4/1.2+0.63 ms cpu, 148->182->79 MB, 169 MB goal, 0 MB stacks, 0 MB globals, 12 P
gc 345 @10.836s 6%: 0.39+3.7+0.050 ms clock, 4.7+12/8.0/0+0.60 ms cpu, 140->173->86 MB, 159 MB goal, 0 MB stacks, 0 MB globals, 12 P
gc 346 @10.845s 6%: 0.22+3.9+0.38 ms clock, 2.6+10/8.5/0.29+4.6 ms cpu, 148->186->85 MB, 173 MB goal, 0 MB stacks, 0 MB globals, 12 P
gc 347 @10.855s 6%: 0.66+3.1+0.038 ms clock, 7.9+10/7.4/0.80+0.46 ms cpu, 148->173->75 MB, 171 MB goal, 0 MB stacks, 0 MB globals, 12 P
gc 348 @10.863s 6%: 0.22+3.6+0.53 ms clock, 2.6+11/7.0/0.098+6.3 ms cpu, 133->168->80 MB, 151 MB goal, 0 MB stacks, 0 MB globals, 12 P
gc 349 @10.873s 6%: 0.21+3.6+0.17 ms clock, 2.5+12/8.0/0.54+2.0 ms cpu, 139->172->78 MB, 161 MB goal, 0 MB stacks, 0 MB globals, 12 P
gc 350 @10.881s 6%: 0.24+3.7+0.27 ms clock, 2.9+14/7.8/0.35+3.3 ms cpu, 135->171->82 MB, 157 MB goal, 0 MB stacks, 0 MB globals, 12 P
gc 351 @10.890s 6%: 0.30+4.1+0.031 ms clock, 3.6+12/8.9/0.077+0.37 ms cpu, 142->175->81 MB, 165 MB goal, 0 MB stacks, 0 MB globals, 12 P
gc 352 @10.899s 6%: 0.26+3.7+0.044 ms clock, 3.1+14/8.1/0.16+0.53 ms cpu, 140->173->82 MB, 162 MB goal, 0 MB stacks, 0 MB globals, 12 P
gc 353 @10.907s 6%: 0.64+3.4+0.10 ms clock, 7.7+11/7.9/0.30+1.2 ms cpu, 141->179->83 MB, 165 MB goal, 0 MB stacks, 0 MB globals, 12 P
gc 354 @10.917s 6%: 0.27+4.5+0.11 ms clock, 3.2+11/9.5/0.095+1.3 ms cpu, 143->188->93 MB, 167 MB goal, 0 MB stacks, 0 MB globals, 12 P
gc 355 @10.928s 6%: 0.36+5.5+0.024 ms clock, 4.3+9.9/9.5/0.38+0.29 ms cpu, 163->204->89 MB, 187 MB goal, 0 MB stacks, 0 MB globals, 12 P
gc 356 @10.939s 6%: 0.62+3.9+0.046 ms clock, 7.5+10/9.1/0.50+0.55 ms cpu, 154->187->80 MB, 179 MB goal, 0 MB stacks, 0 MB globals, 12 P
gc 357 @10.948s 7%: 0.36+3.7+0.004 ms clock, 4.3+12/9.6/1.0+0.059 ms cpu, 139->160->71 MB, 161 MB goal, 0 MB stacks, 0 MB globals, 12 P
gc 358 @10.957s 7%: 0.29+3.1+0.014 ms clock, 3.5+10/7.1/0+0.17 ms cpu, 124->142->59 MB, 143 MB goal, 0 MB stacks, 0 MB globals, 12 P
gc 359 @10.963s 7%: 0.32+2.8+0.004 ms clock, 3.9+12/8.1/0+0.058 ms cpu, 107->117->59 MB, 118 MB goal, 0 MB stacks, 0 MB globals, 12 P
gc 360 @10.969s 7%: 0.27+3.3+0.095 ms clock, 3.2+8.9/6.9/2.8+1.1 ms cpu, 104->134->76 MB, 118 MB goal, 0 MB stacks, 0 MB globals, 12 P
gc 361 @10.978s 7%: 0.32+4.8+0.044 ms clock, 3.8+13/8.5/0.24+0.53 ms cpu, 130->164->82 MB, 152 MB goal, 0 MB stacks, 0 MB globals, 12 P
gc 362 @10.988s 7%: 0.32+3.7+0.14 ms clock, 3.8+14/8.4/0.45+1.7 ms cpu, 142->175->80 MB, 165 MB goal, 0 MB stacks, 0 MB globals, 12 P
gc 363 @10.997s 7%: 0.20+3.4+0.005 ms clock, 2.4+13/8.7/1.3+0.066 ms cpu, 137->159->68 MB, 161 MB goal, 0 MB stacks, 0 MB globals, 12 P
gc 364 @11.005s 7%: 0.19+3.9+0.090 ms clock, 2.3+12/7.6/0.23+1.0 ms cpu, 117->149->74 MB, 136 MB goal, 0 MB stacks, 0 MB globals, 12 P
gc 365 @11.013s 7%: 0.26+4.7+0.044 ms clock, 3.2+14/9.9/0.14+0.53 ms cpu, 127->163->82 MB, 148 MB goal, 0 MB stacks, 0 MB globals, 12 P
gc 366 @11.023s 7%: 0.30+4.3+0.11 ms clock, 3.6+13/8.3/0.84+1.3 ms cpu, 143->183->85 MB, 165 MB goal, 0 MB stacks, 0 MB globals, 12 P
gc 367 @11.033s 7%: 0.35+4.3+0.026 ms clock, 4.2+13/8.8/1.2+0.31 ms cpu, 147->183->80 MB, 171 MB goal, 0 MB stacks, 0 MB globals, 12 P
gc 368 @11.043s 7%: 0.21+3.8+0.12 ms clock, 2.6+15/8.5/0.13+1.5 ms cpu, 141->177->85 MB, 161 MB goal, 0 MB stacks, 0 MB globals, 12 P
gc 369 @11.052s 7%: 0.23+3.6+0.064 ms clock, 2.8+13/8.5/0.22+0.76 ms cpu, 148->170->67 MB, 171 MB goal, 0 MB stacks, 0 MB globals, 12 P
gc 370 @11.060s 7%: 0.16+3.6+0.13 ms clock, 2.0+12/7.3/0.089+1.6 ms cpu, 119->153->79 MB, 135 MB goal, 0 MB stacks, 0 MB globals, 12 P
gc 371 @11.070s 7%: 0.20+4.6+0.005 ms clock, 2.4+13/8.5/0.23+0.067 ms cpu, 139->171->83 MB, 159 MB goal, 0 MB stacks, 0 MB globals, 12 P
gc 372 @11.080s 7%: 0.25+4.1+0.071 ms clock, 3.0+11/8.4/1.5+0.85 ms cpu, 147->182->85 MB, 167 MB goal, 0 MB stacks, 0 MB globals, 12 P
gc 373 @11.090s 7%: 0.36+4.2+0.14 ms clock, 4.3+14/8.0/0.11+1.7 ms cpu, 147->186->88 MB, 171 MB goal, 0 MB stacks, 0 MB globals, 12 P
gc 374 @11.099s 7%: 0.41+4.4+0.096 ms clock, 5.0+11/8.9/0.21+1.1 ms cpu, 153->188->84 MB, 177 MB goal, 0 MB stacks, 0 MB globals, 12 P
gc 375 @11.109s 7%: 0.23+4.7+0.096 ms clock, 2.8+14/9.9/0+1.1 ms cpu, 146->189->92 MB, 169 MB goal, 0 MB stacks, 0 MB globals, 12 P
gc 376 @11.120s 7%: 0.25+3.3+0.027 ms clock, 3.0+13/8.4/0.10+0.33 ms cpu, 162->184->67 MB, 185 MB goal, 0 MB stacks, 0 MB globals, 12 P
gc 377 @11.128s 7%: 0.25+3.0+0.10 ms clock, 3.0+11/6.9/0.37+1.2 ms cpu, 122->147->74 MB, 134 MB goal, 0 MB stacks, 0 MB globals, 12 P
gc 378 @11.136s 7%: 0.32+4.2+0.056 ms clock, 3.8+10/8.3/0.66+0.67 ms cpu, 129->161->80 MB, 148 MB goal, 0 MB stacks, 0 MB globals, 12 P
gc 379 @11.145s 7%: 0.51+4.7+0.11 ms clock, 6.1+14/8.4/0+1.3 ms cpu, 139->184->94 MB, 161 MB goal, 0 MB stacks, 0 MB globals, 12 P
gc 380 @11.157s 7%: 0.23+5.9+0.083 ms clock, 2.8+13/9.4/0.32+1.0 ms cpu, 163->207->91 MB, 189 MB goal, 0 MB stacks, 0 MB globals, 12 P
gc 381 @11.169s 7%: 0.23+4.2+0.089 ms clock, 2.7+13/8.2/0.51+1.0 ms cpu, 159->196->85 MB, 183 MB goal, 0 MB stacks, 0 MB globals, 12 P
gc 382 @11.180s 7%: 0.23+3.4+0.41 ms clock, 2.7+10/7.6/0.10+5.0 ms cpu, 155->183->78 MB, 171 MB goal, 0 MB stacks, 0 MB globals, 12 P
gc 383 @11.189s 7%: 0.34+3.7+0.10 ms clock, 4.1+11/8.9/0.81+1.2 ms cpu, 136->166->75 MB, 156 MB goal, 0 MB stacks, 0 MB globals, 12 P
gc 384 @11.197s 7%: 0.23+3.3+0.053 ms clock, 2.8+13/7.8/0.79+0.64 ms cpu, 129->150->68 MB, 151 MB goal, 0 MB stacks, 0 MB globals, 12 P
gc 385 @11.205s 7%: 0.23+3.7+0.056 ms clock, 2.8+9.7/8.2/0.089+0.67 ms cpu, 119->148->74 MB, 137 MB goal, 0 MB stacks, 0 MB globals, 12 P
gc 386 @11.214s 7%: 0.18+3.7+0.032 ms clock, 2.1+12/7.2/1.0+0.38 ms cpu, 129->157->76 MB, 148 MB goal, 0 MB stacks, 0 MB globals, 12 P
gc 387 @11.222s 7%: 0.26+4.7+0.090 ms clock, 3.1+13/10/0.56+1.0 ms cpu, 131->173->91 MB, 153 MB goal, 0 MB stacks, 0 MB globals, 12 P
gc 388 @11.233s 7%: 0.28+4.8+0.11 ms clock, 3.3+12/10/0.085+1.4 ms cpu, 156->198->90 MB, 183 MB goal, 0 MB stacks, 0 MB globals, 12 P
gc 389 @11.244s 7%: 0.39+4.7+0.009 ms clock, 4.7+14/11/0.37+0.11 ms cpu, 155->198->87 MB, 181 MB goal, 0 MB stacks, 0 MB globals, 12 P
gc 390 @11.253s 7%: 0.43+4.1+0.067 ms clock, 5.2+13/9.3/0.17+0.80 ms cpu, 149->187->82 MB, 175 MB goal, 0 MB stacks, 0 MB globals, 12 P
gc 391 @11.262s 7%: 0.42+4.2+0.048 ms clock, 5.1+12/8.7/1.7+0.58 ms cpu, 142->177->84 MB, 165 MB goal, 0 MB stacks, 0 MB globals, 12 P
gc 392 @11.273s 7%: 0.33+4.2+0.033 ms clock, 4.0+12/7.8/0.53+0.39 ms cpu, 151->183->78 MB, 169 MB goal, 0 MB stacks, 0 MB globals, 12 P
gc 393 @11.282s 7%: 0.32+4.0+0.092 ms clock, 3.9+11/6.8/1.1+1.1 ms cpu, 137->174->85 MB, 156 MB goal, 0 MB stacks, 0 MB globals, 12 P
gc 394 @11.292s 7%: 0.30+4.1+0.052 ms clock, 3.6+13/9.5/0.40+0.62 ms cpu, 148->179->80 MB, 171 MB goal, 0 MB stacks, 0 MB globals, 12 P
gc 395 @11.301s 7%: 0.24+4.4+0.092 ms clock, 2.9+12/9.0/0.69+1.1 ms cpu, 137->176->86 MB, 161 MB goal, 0 MB stacks, 0 MB globals, 12 P
gc 396 @11.311s 7%: 0.21+4.0+0.11 ms clock, 2.5+12/8.8/1.5+1.3 ms cpu, 147->184->82 MB, 173 MB goal, 0 MB stacks, 0 MB globals, 12 P
gc 397 @11.321s 7%: 0.35+4.2+0.11 ms clock, 4.2+13/9.8/0+1.3 ms cpu, 141->176->82 MB, 165 MB goal, 0 MB stacks, 0 MB globals, 12 P
gc 398 @11.330s 7%: 0.25+3.9+0.15 ms clock, 3.1+12/8.7/0.84+1.8 ms cpu, 144->176->80 MB, 165 MB goal, 0 MB stacks, 0 MB globals, 12 P
gc 399 @11.339s 7%: 0.36+4.5+0.097 ms clock, 4.3+12/8.4/0.098+1.1 ms cpu, 137->178->89 MB, 161 MB goal, 0 MB stacks, 0 MB globals, 12 P
gc 400 @11.350s 7%: 0.40+4.8+0.058 ms clock, 4.8+15/10/0.16+0.70 ms cpu, 153->193->88 MB, 179 MB goal, 0 MB stacks, 0 MB globals, 12 P
gc 401 @11.360s 7%: 0.30+5.0+0.097 ms clock, 3.6+12/11/1.0+1.1 ms cpu, 152->197->91 MB, 177 MB goal, 0 MB stacks, 0 MB globals, 12 P
gc 402 @11.371s 7%: 0.21+3.6+0.012 ms clock, 2.5+15/9.3/0+0.15 ms cpu, 160->183->69 MB, 183 MB goal, 0 MB stacks, 0 MB globals, 12 P
gc 403 @11.379s 7%: 0.33+3.9+0.030 ms clock, 4.0+11/8.5/1.0+0.36 ms cpu, 119->149->74 MB, 139 MB goal, 0 MB stacks, 0 MB globals, 12 P
gc 404 @11.387s 7%: 0.46+4.1+0.13 ms clock, 5.5+14/8.7/0.83+1.5 ms cpu, 130->168->85 MB, 149 MB goal, 0 MB stacks, 0 MB globals, 12 P
gc 405 @11.397s 7%: 0.21+4.5+0.11 ms clock, 2.6+11/8.8/1.5+1.4 ms cpu, 146->184->82 MB, 171 MB goal, 0 MB stacks, 0 MB globals, 12 P
gc 406 @11.407s 7%: 0.57+3.7+0.097 ms clock, 6.9+13/8.2/0.14+1.1 ms cpu, 144->180->85 MB, 165 MB goal, 0 MB stacks, 0 MB globals, 12 P
gc 407 @11.416s 7%: 0.30+4.4+0.10 ms clock, 3.6+11/10/1.4+1.2 ms cpu, 146->186->84 MB, 171 MB goal, 0 MB stacks, 0 MB globals, 12 P
gc 408 @11.426s 7%: 0.39+3.9+0.065 ms clock, 4.7+13/7.6/0.10+0.79 ms cpu, 146->180->79 MB, 169 MB goal, 0 MB stacks, 0 MB globals, 12 P
gc 409 @11.435s 7%: 0.25+5.4+0.037 ms clock, 3.0+14/11/0+0.45 ms cpu, 136->178->91 MB, 158 MB goal, 0 MB stacks, 0 MB globals, 12 P
gc 410 @11.446s 7%: 0.61+4.5+0.13 ms clock, 7.3+13/9.4/0.14+1.6 ms cpu, 156->196->82 MB, 183 MB goal, 0 MB stacks, 0 MB globals, 12 P
gc 411 @11.457s 7%: 0.35+4.1+0.049 ms clock, 4.2+12/9.3/0.10+0.59 ms cpu, 143->180->83 MB, 165 MB goal, 0 MB stacks, 0 MB globals, 12 P
gc 412 @11.466s 7%: 0.16+3.1+0.005 ms clock, 1.9+10/8.3/1.2+0.060 ms cpu, 145->165->70 MB, 167 MB goal, 0 MB stacks, 0 MB globals, 12 P
gc 413 @11.474s 7%: 0.15+3.3+0.079 ms clock, 1.8+12/6.6/0.18+0.95 ms cpu, 122->153->75 MB, 141 MB goal, 0 MB stacks, 0 MB globals, 12 P
gc 414 @11.482s 7%: 0.16+4.0+0.081 ms clock, 1.9+12/6.7/0.11+0.98 ms cpu, 132->170->86 MB, 150 MB goal, 0 MB stacks, 0 MB globals, 12 P
gc 415 @11.491s 7%: 0.28+4.2+0.062 ms clock, 3.4+12/9.6/0.23+0.75 ms cpu, 149->187->86 MB, 173 MB goal, 0 MB stacks, 0 MB globals, 12 P
gc 416 @11.501s 7%: 0.39+4.4+0.11 ms clock, 4.7+13/9.4/1.1+1.4 ms cpu, 150->188->87 MB, 173 MB goal, 0 MB stacks, 0 MB globals, 12 P
gc 417 @11.511s 7%: 0.22+3.6+0.034 ms clock, 2.7+12/8.8/0.41+0.41 ms cpu, 150->176->73 MB, 175 MB goal, 0 MB stacks, 0 MB globals, 12 P
gc 418 @11.519s 7%: 0.27+3.4+0.005 ms clock, 3.3+14/8.3/0.13+0.060 ms cpu, 127->146->69 MB, 147 MB goal, 0 MB stacks, 0 MB globals, 12 P
gc 419 @11.527s 7%: 0.23+3.8+0.082 ms clock, 2.7+10/8.5/1.6+0.99 ms cpu, 118->151->74 MB, 139 MB goal, 0 MB stacks, 0 MB globals, 12 P
gc 420 @11.535s 7%: 0.18+3.4+0.15 ms clock, 2.1+13/7.3/0+1.8 ms cpu, 128->159->76 MB, 149 MB goal, 0 MB stacks, 0 MB globals, 12 P
gc 421 @11.544s 7%: 0.34+4.4+0.067 ms clock, 4.1+12/8.9/0.088+0.80 ms cpu, 130->164->83 MB, 152 MB goal, 0 MB stacks, 0 MB globals, 12 P
gc 422 @11.554s 7%: 0.44+4.5+0.005 ms clock, 5.3+13/11/0.15+0.071 ms cpu, 146->183->83 MB, 167 MB goal, 0 MB stacks, 0 MB globals, 12 P
gc 423 @11.564s 7%: 0.15+3.7+0.077 ms clock, 1.8+13/9.0/0+0.93 ms cpu, 145->183->85 MB, 167 MB goal, 0 MB stacks, 0 MB globals, 12 P
gc 424 @11.573s 7%: 0.30+3.7+0.005 ms clock, 3.6+12/9.5/0.49+0.062 ms cpu, 149->170->66 MB, 171 MB goal, 0 MB stacks, 0 MB globals, 12 P
gc 425 @11.581s 7%: 0.12+3.0+0.092 ms clock, 1.4+10/7.2/1.0+1.1 ms cpu, 113->142->69 MB, 133 MB goal, 0 MB stacks, 0 MB globals, 12 P
gc 426 @11.589s 7%: 0.22+4.2+0.006 ms clock, 2.7+11/7.6/0.82+0.074 ms cpu, 122->160->80 MB, 138 MB goal, 0 MB stacks, 0 MB globals, 12 P
gc 427 @11.598s 7%: 0.25+4.9+0.10 ms clock, 3.1+11/8.9/0.32+1.2 ms cpu, 140->175->82 MB, 161 MB goal, 0 MB stacks, 0 MB globals, 12 P
gc 428 @11.609s 7%: 0.33+3.4+0.056 ms clock, 4.0+15/8.7/0.35+0.68 ms cpu, 143->165->68 MB, 165 MB goal, 0 MB stacks, 0 MB globals, 12 P
gc 429 @11.616s 7%: 0.30+3.5+0.10 ms clock, 3.6+10/7.9/0.096+1.2 ms cpu, 120->148->73 MB, 137 MB goal, 0 MB stacks, 0 MB globals, 12 P
gc 430 @11.625s 7%: 0.28+3.9+0.084 ms clock, 3.4+8.6/9.1/0.10+1.0 ms cpu, 128->161->79 MB, 147 MB goal, 0 MB stacks, 0 MB globals, 12 P
gc 431 @11.634s 7%: 0.41+3.4+0.086 ms clock, 4.9+12/8.3/0.068+1.0 ms cpu, 135->165->77 MB, 158 MB goal, 0 MB stacks, 0 MB globals, 12 P
gc 432 @11.642s 7%: 0.40+4.3+0.20 ms clock, 4.8+13/7.6/0.54+2.4 ms cpu, 135->174->88 MB, 155 MB goal, 0 MB stacks, 0 MB globals, 12 P
gc 433 @11.653s 7%: 0.62+5.4+0.010 ms clock, 7.5+13/8.4/0.25+0.13 ms cpu, 152->198->92 MB, 177 MB goal, 0 MB stacks, 0 MB globals, 12 P
gc 434 @11.665s 8%: 0.53+3.8+0.35 ms clock, 6.3+12/7.9/0.21+4.3 ms cpu, 162->199->83 MB, 185 MB goal, 0 MB stacks, 0 MB globals, 12 P
gc 435 @11.675s 8%: 0.24+3.8+0.011 ms clock, 2.8+13/8.6/1.4+0.13 ms cpu, 147->176->79 MB, 167 MB goal, 0 MB stacks, 0 MB globals, 12 P
gc 436 @11.684s 8%: 0.12+3.2+0.020 ms clock, 1.5+9.7/8.5/0.77+0.24 ms cpu, 141->157->61 MB, 159 MB goal, 0 MB stacks, 0 MB globals, 12 P
gc 437 @11.691s 8%: 0.24+2.7+0.048 ms clock, 2.9+11/6.6/1.8+0.58 ms cpu, 111->122->58 MB, 122 MB goal, 0 MB stacks, 0 MB globals, 12 P
gc 438 @11.697s 8%: 0.16+2.3+0.044 ms clock, 1.9+11/5.9/0+0.53 ms cpu, 108->116->56 MB, 116 MB goal, 0 MB stacks, 0 MB globals, 12 P
gc 439 @11.702s 8%: 0.55+3.2+0.036 ms clock, 6.7+10/6.5/2.6+0.43 ms cpu, 99->123->74 MB, 112 MB goal, 0 MB stacks, 0 MB globals, 12 P
gc 440 @11.710s 8%: 0.48+3.3+0.004 ms clock, 5.7+13/8.4/0+0.052 ms cpu, 128->148->68 MB, 149 MB goal, 0 MB stacks, 0 MB globals, 12 P
gc 441 @11.718s 8%: 0.14+3.9+0.11 ms clock, 1.7+11/7.9/0.86+1.3 ms cpu, 118->153->80 MB, 137 MB goal, 0 MB stacks, 0 MB globals, 12 P
gc 442 @11.728s 8%: 0.17+5.1+0.054 ms clock, 2.0+11/9.0/0.29+0.65 ms cpu, 137->177->84 MB, 161 MB goal, 0 MB stacks, 0 MB globals, 12 P
gc 443 @11.738s 8%: 0.42+4.6+0.10 ms clock, 5.0+11/8.9/0.44+1.2 ms cpu, 147->184->85 MB, 169 MB goal, 0 MB stacks, 0 MB globals, 12 P
gc 444 @11.748s 8%: 0.44+3.6+0.097 ms clock, 5.3+12/8.6/0.85+1.1 ms cpu, 147->179->78 MB, 171 MB goal, 0 MB stacks, 0 MB globals, 12 P
gc 445 @11.758s 8%: 0.51+3.8+0.073 ms clock, 6.1+11/7.5/1.5+0.88 ms cpu, 137->173->83 MB, 157 MB goal, 0 MB stacks, 0 MB globals, 12 P
gc 446 @11.767s 8%: 0.30+3.6+0.040 ms clock, 3.6+15/9.2/0.48+0.49 ms cpu, 144->173->78 MB, 167 MB goal, 0 MB stacks, 0 MB globals, 12 P
gc 447 @11.776s 8%: 0.22+4.1+0.22 ms clock, 2.6+14/8.8/0+2.6 ms cpu, 137->175->87 MB, 157 MB goal, 0 MB stacks, 0 MB globals, 12 P
gc 448 @11.786s 8%: 0.24+3.6+0.014 ms clock, 2.9+13/9.2/2.8+0.17 ms cpu, 151->173->70 MB, 175 MB goal, 0 MB stacks, 0 MB globals, 12 P
gc 449 @11.793s 8%: 0.45+3.3+0.037 ms clock, 5.5+12/8.8/0.60+0.45 ms cpu, 122->140->65 MB, 141 MB goal, 0 MB stacks, 0 MB globals, 12 P
gc 450 @11.801s 8%: 0.69+2.7+0.005 ms clock, 8.3+10/6.7/0+0.071 ms cpu, 114->130->62 MB, 131 MB goal, 0 MB stacks, 0 MB globals, 12 P
gc 451 @11.808s 8%: 0.55+4.3+0.16 ms clock, 6.6+11/7.5/0.23+1.9 ms cpu, 106->140->75 MB, 124 MB goal, 0 MB stacks, 0 MB globals, 12 P
gc 452 @11.817s 8%: 0.23+5.6+0.055 ms clock, 2.8+10/9.2/0.82+0.66 ms cpu, 131->168->87 MB, 150 MB goal, 0 MB stacks, 0 MB globals, 12 P
gc 453 @11.829s 8%: 0.46+3.8+0.22 ms clock, 5.5+11/8.1/0.16+2.7 ms cpu, 152->189->84 MB, 175 MB goal, 0 MB stacks, 0 MB globals, 12 P
gc 454 @11.839s 8%: 0.44+4.0+0.11 ms clock, 5.3+12/9.2/0.80+1.4 ms cpu, 146->179->79 MB, 169 MB goal, 0 MB stacks, 0 MB globals, 12 P
gc 455 @11.848s 8%: 0.31+3.1+0.012 ms clock, 3.8+13/7.6/0.39+0.14 ms cpu, 141->159->66 MB, 158 MB goal, 0 MB stacks, 0 MB globals, 12 P
gc 456 @11.856s 8%: 0.15+2.4+0.050 ms clock, 1.8+12/6.3/0.10+0.60 ms cpu, 119->131->63 MB, 132 MB goal, 0 MB stacks, 0 MB globals, 12 P
gc 457 @11.862s 8%: 0.34+3.4+0.021 ms clock, 4.0+11/7.5/0.37+0.26 ms cpu, 113->138->69 MB, 126 MB goal, 0 MB stacks, 0 MB globals, 12 P
gc 458 @11.871s 8%: 0.20+3.9+0.020 ms clock, 2.4+10/7.2/0.15+0.25 ms cpu, 123->155->82 MB, 138 MB goal, 0 MB stacks, 0 MB globals, 12 P
gc 459 @11.880s 8%: 0.62+4.9+0.078 ms clock, 7.4+11/9.6/0.15+0.94 ms cpu, 140->183->87 MB, 165 MB goal, 0 MB stacks, 0 MB globals, 12 P
gc 460 @11.891s 8%: 0.24+3.7+0.19 ms clock, 2.9+11/10/0.075+2.3 ms cpu, 149->174->73 MB, 175 MB goal, 0 MB stacks, 0 MB globals, 12 P
gc 461 @11.899s 8%: 0.23+3.4+0.095 ms clock, 2.8+10/7.8/1.7+1.1 ms cpu, 128->149->69 MB, 147 MB goal, 0 MB stacks, 0 MB globals, 12 P
gc 462 @11.907s 8%: 0.14+3.6+0.019 ms clock, 1.7+12/7.8/1.3+0.23 ms cpu, 119->147->75 MB, 138 MB goal, 0 MB stacks, 0 MB globals, 12 P
gc 463 @11.915s 8%: 0.27+3.3+0.083 ms clock, 3.2+11/7.6/1.2+1.0 ms cpu, 133->151->62 MB, 151 MB goal, 0 MB stacks, 0 MB globals, 12 P
gc 464 @11.922s 8%: 0.54+2.9+0.005 ms clock, 6.5+11/7.2/0+0.067 ms cpu, 107->124->61 MB, 124 MB goal, 0 MB stacks, 0 MB globals, 12 P
gc 465 @11.929s 8%: 0.57+3.0+0.033 ms clock, 6.9+10/6.5/2.2+0.40 ms cpu, 108->132->66 MB, 123 MB goal, 0 MB stacks, 0 MB globals, 12 P
gc 466 @11.936s 8%: 0.35+4.1+0.005 ms clock, 4.2+10/8.1/1.9+0.064 ms cpu, 115->147->79 MB, 132 MB goal, 0 MB stacks, 0 MB globals, 12 P
gc 467 @11.946s 8%: 1.0+2.9+0.005 ms clock, 12+11/9.1/1.2+0.066 ms cpu, 135->158->72 MB, 159 MB goal, 0 MB stacks, 0 MB globals, 12 P
gc 468 @11.954s 8%: 0.21+4.1+0.084 ms clock, 2.5+11/7.7/0.85+1.0 ms cpu, 127->161->77 MB, 145 MB goal, 0 MB stacks, 0 MB globals, 12 P
gc 469 @11.963s 8%: 0.44+5.3+0.026 ms clock, 5.3+11/9.5/0.10+0.32 ms cpu, 133->174->88 MB, 155 MB goal, 0 MB stacks, 0 MB globals, 12 P
gc 470 @11.974s 8%: 0.36+4.4+0.17 ms clock, 4.4+13/10/1.0+2.0 ms cpu, 153->192->85 MB, 177 MB goal, 0 MB stacks, 0 MB globals, 12 P
gc 471 @11.984s 8%: 0.63+3.9+0.076 ms clock, 7.6+13/7.9/0.099+0.92 ms cpu, 150->188->86 MB, 171 MB goal, 0 MB stacks, 0 MB globals, 12 P
gc 472 @11.995s 8%: 0.23+4.2+0.004 ms clock, 2.8+13/8.6/1.4+0.054 ms cpu, 151->185->78 MB, 173 MB goal, 0 MB stacks, 0 MB globals, 12 P
gc 473 @12.004s 8%: 0.21+4.3+0.036 ms clock, 2.6+12/9.6/0.75+0.43 ms cpu, 135->170->80 MB, 157 MB goal, 0 MB stacks, 0 MB globals, 12 P
gc 474 @12.013s 8%: 0.53+4.6+0.070 ms clock, 6.4+13/9.0/0.28+0.85 ms cpu, 138->178->87 MB, 161 MB goal, 0 MB stacks, 0 MB globals, 12 P
gc 475 @12.023s 8%: 0.34+4.6+0.007 ms clock, 4.1+11/9.9/0.73+0.087 ms cpu, 150->192->90 MB, 175 MB goal, 0 MB stacks, 0 MB globals, 12 P
gc 476 @12.033s 8%: 0.35+4.3+0.14 ms clock, 4.2+12/9.8/0.39+1.7 ms cpu, 154->194->88 MB, 181 MB goal, 0 MB stacks, 0 MB globals, 12 P
gc 477 @12.043s 8%: 0.56+5.0+0.041 ms clock, 6.8+8.6/11/3.0+0.49 ms cpu, 152->194->93 MB, 177 MB goal, 0 MB stacks, 0 MB globals, 12 P
gc 478 @12.054s 8%: 0.31+5.9+0.007 ms clock, 3.8+12/10/0.56+0.091 ms cpu, 161->207->92 MB, 187 MB goal, 0 MB stacks, 0 MB globals, 12 P
gc 479 @12.066s 8%: 0.63+4.7+0.039 ms clock, 7.6+12/9.7/0.88+0.47 ms cpu, 159->203->91 MB, 185 MB goal, 0 MB stacks, 0 MB globals, 12 P
gc 480 @12.077s 8%: 0.53+4.1+0.23 ms clock, 6.3+13/9.6/0.078+2.8 ms cpu, 158->194->80 MB, 183 MB goal, 0 MB stacks, 0 MB globals, 12 P
gc 481 @12.087s 8%: 0.21+3.7+0.072 ms clock, 2.6+12/7.9/0.78+0.87 ms cpu, 147->174->81 MB, 161 MB goal, 0 MB stacks, 0 MB globals, 12 P
gc 482 @12.096s 8%: 0.40+4.0+0.10 ms clock, 4.8+16/9.8/0.33+1.2 ms cpu, 140->174->83 MB, 163 MB goal, 0 MB stacks, 0 MB globals, 12 P
gc 483 @12.105s 8%: 0.29+4.7+0.012 ms clock, 3.5+15/10/0.45+0.14 ms cpu, 143->182->87 MB, 167 MB goal, 0 MB stacks, 0 MB globals, 12 P
gc 484 @12.116s 8%: 0.22+3.4+0.049 ms clock, 2.7+13/8.3/0+0.59 ms cpu, 155->175->72 MB, 175 MB goal, 0 MB stacks, 0 MB globals, 12 P
gc 485 @12.124s 8%: 0.18+2.8+0.005 ms clock, 2.2+11/7.5/0.32+0.065 ms cpu, 130->144->60 MB, 145 MB goal, 0 MB stacks, 0 MB globals, 12 P
gc 486 @12.131s 8%: 0.21+3.3+0.34 ms clock, 2.6+10/6.8/0.95+4.1 ms cpu, 105->135->79 MB, 120 MB goal, 0 MB stacks, 0 MB globals, 12 P
gc 487 @12.139s 8%: 0.46+4.3+0.028 ms clock, 5.5+14/10/2.2+0.33 ms cpu, 136->162->74 MB, 159 MB goal, 0 MB stacks, 0 MB globals, 12 P
gc 488 @12.148s 8%: 0.18+3.4+0.11 ms clock, 2.2+10/6.7/0.46+1.3 ms cpu, 135->158->69 MB, 149 MB goal, 0 MB stacks, 0 MB globals, 12 P
gc 489 @12.156s 8%: 0.37+3.6+0.14 ms clock, 4.4+11/7.9/2.2+1.7 ms cpu, 118->148->73 MB, 139 MB goal, 0 MB stacks, 0 MB globals, 12 P
gc 490 @12.164s 8%: 0.52+3.9+0.18 ms clock, 6.3+13/8.8/1.1+2.2 ms cpu, 128->159->81 MB, 147 MB goal, 0 MB stacks, 0 MB globals, 12 P
gc 491 @12.174s 8%: 0.17+5.3+0.086 ms clock, 2.0+12/7.3/0.13+1.0 ms cpu, 144->186->86 MB, 163 MB goal, 0 MB stacks, 0 MB globals, 12 P
gc 492 @12.185s 8%: 0.27+4.6+0.092 ms clock, 3.3+13/11/2.3+1.1 ms cpu, 149->188->85 MB, 173 MB goal, 0 MB stacks, 0 MB globals, 12 P
gc 493 @12.196s 8%: 0.43+3.9+0.095 ms clock, 5.2+12/9.1/0.31+1.1 ms cpu, 152->186->81 MB, 171 MB goal, 0 MB stacks, 0 MB globals, 12 P
gc 494 @12.205s 8%: 0.53+3.9+0.17 ms clock, 6.4+12/9.0/0.52+2.1 ms cpu, 139->172->81 MB, 163 MB goal, 0 MB stacks, 0 MB globals, 12 P
gc 495 @12.215s 8%: 0.32+3.9+0.075 ms clock, 3.8+13/8.3/0.13+0.90 ms cpu, 142->173->80 MB, 163 MB goal, 0 MB stacks, 0 MB globals, 12 P
gc 496 @12.224s 8%: 0.37+3.2+0.010 ms clock, 4.5+13/8.5/0+0.12 ms cpu, 139->159->68 MB, 160 MB goal, 0 MB stacks, 0 MB globals, 12 P
gc 497 @12.231s 8%: 0.42+2.9+0.042 ms clock, 5.0+13/7.1/0+0.51 ms cpu, 121->138->64 MB, 137 MB goal, 0 MB stacks, 0 MB globals, 12 P
gc 498 @12.238s 8%: 0.25+3.7+0.069 ms clock, 3.0+10/7.5/1.9+0.83 ms cpu, 112->146->81 MB, 128 MB goal, 0 MB stacks, 0 MB globals, 12 P
gc 499 @12.247s 8%: 0.25+5.3+0.005 ms clock, 3.0+11/11/0+0.070 ms cpu, 140->179->87 MB, 163 MB goal, 0 MB stacks, 0 MB globals, 12 P
gc 500 @12.258s 8%: 0.48+4.5+0.15 ms clock, 5.8+8.5/9.3/3.7+1.8 ms cpu, 150->192->91 MB, 175 MB goal, 0 MB stacks, 0 MB globals, 12 P
gc 501 @12.269s 8%: 0.41+4.2+0.082 ms clock, 4.9+13/9.2/0.13+0.98 ms cpu, 158->193->79 MB, 183 MB goal, 0 MB stacks, 0 MB globals, 12 P
gc 502 @12.278s 8%: 0.28+3.6+0.054 ms clock, 3.4+13/9.2/0.96+0.65 ms cpu, 136->166->78 MB, 159 MB goal, 0 MB stacks, 0 MB globals, 12 P
gc 503 @12.287s 8%: 0.46+4.5+0.060 ms clock, 5.5+13/8.4/0+0.72 ms cpu, 138->177->91 MB, 157 MB goal, 0 MB stacks, 0 MB globals, 12 P
gc 504 @12.297s 8%: 0.37+4.0+0.35 ms clock, 4.4+10/10/0+4.2 ms cpu, 158->190->80 MB, 183 MB goal, 0 MB stacks, 0 MB globals, 12 P
gc 505 @12.307s 8%: 0.24+4.2+0.13 ms clock, 2.9+12/7.9/0.30+1.6 ms cpu, 140->180->89 MB, 161 MB goal, 0 MB stacks, 0 MB globals, 12 P
gc 506 @12.317s 8%: 0.15+4.2+0.045 ms clock, 1.8+13/9.3/0.17+0.55 ms cpu, 153->188->80 MB, 179 MB goal, 0 MB stacks, 0 MB globals, 12 P
gc 507 @12.326s 8%: 0.35+3.4+0.10 ms clock, 4.2+14/7.5/0+1.2 ms cpu, 139->169->77 MB, 161 MB goal, 0 MB stacks, 0 MB globals, 12 P
gc 508 @12.335s 8%: 0.29+5.1+0.006 ms clock, 3.5+12/8.5/0.10+0.082 ms cpu, 138->174->84 MB, 154 MB goal, 0 MB stacks, 0 MB globals, 12 P
gc 509 @12.346s 8%: 0.44+4.2+0.25 ms clock, 5.3+11/10/0+3.0 ms cpu, 145->180->78 MB, 169 MB goal, 0 MB stacks, 0 MB globals, 12 P
gc 510 @12.356s 8%: 0.52+2.3+0.052 ms clock, 6.2+10/5.8/1.4+0.63 ms cpu, 147->159->70 MB, 157 MB goal, 0 MB stacks, 0 MB globals, 12 P
gc 511 @12.363s 8%: 0.58+2.5+0.018 ms clock, 7.0+10/6.7/0.59+0.22 ms cpu, 129->139->56 MB, 141 MB goal, 0 MB stacks, 0 MB globals, 12 P
gc 512 @12.370s 8%: 0.41+2.7+0.044 ms clock, 4.9+12/6.8/0+0.53 ms cpu, 100->120->66 MB, 112 MB goal, 0 MB stacks, 0 MB globals, 12 P
gc 513 @12.377s 8%: 0.55+3.5+0.089 ms clock, 6.7+10/7.1/1.0+1.0 ms cpu, 120->149->75 MB, 133 MB goal, 0 MB stacks, 0 MB globals, 12 P
gc 514 @12.386s 8%: 0.56+3.2+0.005 ms clock, 6.7+13/8.4/0+0.061 ms cpu, 130->150->66 MB, 151 MB goal, 0 MB stacks, 0 MB globals, 12 P
gc 515 @12.393s 8%: 0.13+3.8+0.031 ms clock, 1.5+11/8.2/0.73+0.37 ms cpu, 116->146->77 MB, 133 MB goal, 0 MB stacks, 0 MB globals, 12 P
gc 516 @12.402s 8%: 0.55+4.7+0.033 ms clock, 6.6+12/8.0/0.50+0.39 ms cpu, 134->169->85 MB, 155 MB goal, 0 MB stacks, 0 MB globals, 12 P
gc 517 @12.412s 8%: 0.43+3.7+0.15 ms clock, 5.1+12/8.8/0+1.8 ms cpu, 148->185->87 MB, 171 MB goal, 0 MB stacks, 0 MB globals, 12 P
gc 518 @12.423s 8%: 0.20+3.4+0.040 ms clock, 2.4+11/8.9/0.78+0.48 ms cpu, 151->174->68 MB, 175 MB goal, 0 MB stacks, 0 MB globals, 12 P
gc 519 @12.430s 9%: 0.49+3.5+0.013 ms clock, 5.9+9.9/7.4/1.4+0.16 ms cpu, 119->151->75 MB, 137 MB goal, 0 MB stacks, 0 MB globals, 12 P
gc 520 @12.439s 9%: 0.30+3.5+0.060 ms clock, 3.6+12/7.1/0.094+0.72 ms cpu, 130->161->79 MB, 151 MB goal, 0 MB stacks, 0 MB globals, 12 P
gc 521 @12.448s 9%: 0.25+4.5+0.033 ms clock, 3.0+13/9.6/0+0.40 ms cpu, 135->173->84 MB, 159 MB goal, 0 MB stacks, 0 MB globals, 12 P
gc 522 @12.457s 9%: 0.26+4.5+0.15 ms clock, 3.2+12/10/0.17+1.8 ms cpu, 146->187->86 MB, 169 MB goal, 0 MB stacks, 0 MB globals, 12 P
gc 523 @12.468s 9%: 0.23+3.7+0.10 ms clock, 2.7+13/7.9/0.17+1.2 ms cpu, 151->185->82 MB, 173 MB goal, 0 MB stacks, 0 MB globals, 12 P
gc 524 @12.477s 9%: 0.59+4.4+0.005 ms clock, 7.0+12/11/0.19+0.064 ms cpu, 141->180->86 MB, 165 MB goal, 0 MB stacks, 0 MB globals, 12 P
gc 525 @12.487s 9%: 0.38+4.7+0.047 ms clock, 4.6+9.3/11/1.4+0.57 ms cpu, 147->183->84 MB, 173 MB goal, 0 MB stacks, 0 MB globals, 12 P
gc 526 @12.497s 9%: 0.52+4.5+0.048 ms clock, 6.3+12/10/0.72+0.58 ms cpu, 145->182->79 MB, 169 MB goal, 0 MB stacks, 0 MB globals, 12 P
gc 527 @12.508s 9%: 0.28+3.4+0.026 ms clock, 3.4+14/8.3/0+0.31 ms cpu, 153->175->80 MB, 159 MB goal, 0 MB stacks, 0 MB globals, 12 P
gc 528 @12.517s 9%: 0.10+4.7+0.057 ms clock, 1.2+10/10/1.1+0.69 ms cpu, 137->174->78 MB, 161 MB goal, 0 MB stacks, 0 MB globals, 12 P
gc 529 @12.526s 9%: 0.35+4.2+0.047 ms clock, 4.2+14/9.5/0.29+0.57 ms cpu, 134->169->83 MB, 157 MB goal, 0 MB stacks, 0 MB globals, 12 P
gc 530 @12.536s 9%: 0.33+4.6+0.062 ms clock, 3.9+12/9.8/1.4+0.75 ms cpu, 142->183->86 MB, 167 MB goal, 0 MB stacks, 0 MB globals, 12 P
gc 531 @12.546s 9%: 0.49+4.2+0.029 ms clock, 5.9+13/8.8/0.10+0.35 ms cpu, 150->186->82 MB, 173 MB goal, 0 MB stacks, 0 MB globals, 12 P
gc 532 @12.556s 9%: 0.25+4.0+0.21 ms clock, 3.0+11/8.2/0.80+2.6 ms cpu, 148->183->89 MB, 165 MB goal, 0 MB stacks, 0 MB globals, 12 P
gc 533 @12.566s 9%: 0.25+4.7+0.099 ms clock, 3.0+15/9.7/0+1.1 ms cpu, 153->192->87 MB, 179 MB goal, 0 MB stacks, 0 MB globals, 12 P
gc 534 @12.576s 9%: 0.21+5.0+0.070 ms clock, 2.5+12/9.1/0.076+0.85 ms cpu, 149->192->89 MB, 175 MB goal, 0 MB stacks, 0 MB globals, 12 P
gc 535 @12.587s 9%: 0.32+4.2+0.015 ms clock, 3.8+14/9.1/0+0.18 ms cpu, 153->191->83 MB, 179 MB goal, 0 MB stacks, 0 MB globals, 12 P
gc 536 @12.596s 9%: 0.24+5.0+0.055 ms clock, 2.8+11/9.3/1.5+0.66 ms cpu, 142->190->96 MB, 167 MB goal, 0 MB stacks, 0 MB globals, 12 P
gc 537 @12.608s 9%: 0.29+5.1+0.13 ms clock, 3.5+13/9.6/0.24+1.6 ms cpu, 168->213->97 MB, 193 MB goal, 0 MB stacks, 0 MB globals, 12 P
gc 538 @12.620s 9%: 0.22+4.6+0.030 ms clock, 2.7+11/9.1/2.6+0.37 ms cpu, 171->208->81 MB, 195 MB goal, 0 MB stacks, 0 MB globals, 12 P
gc 539 @12.629s 9%: 0.44+3.5+0.12 ms clock, 5.3+13/7.4/0+1.5 ms cpu, 145->176->81 MB, 163 MB goal, 0 MB stacks, 0 MB globals, 12 P
gc 540 @12.639s 9%: 0.27+4.1+0.10 ms clock, 3.2+10/9.3/1.8+1.2 ms cpu, 141->179->81 MB, 162 MB goal, 0 MB stacks, 0 MB globals, 12 P
gc 541 @12.648s 9%: 0.41+4.2+0.010 ms clock, 4.9+12/9.3/0.36+0.12 ms cpu, 142->175->83 MB, 163 MB goal, 0 MB stacks, 0 MB globals, 12 P
gc 542 @12.658s 9%: 0.25+4.8+0.11 ms clock, 3.0+14/9.5/0+1.3 ms cpu, 143->189->91 MB, 167 MB goal, 0 MB stacks, 0 MB globals, 12 P
gc 543 @12.669s 9%: 0.35+4.6+0.041 ms clock, 4.2+11/11/0.20+0.50 ms cpu, 158->198->90 MB, 183 MB goal, 0 MB stacks, 0 MB globals, 12 P
gc 544 @12.679s 9%: 0.32+3.6+0.010 ms clock, 3.9+14/9.3/0.44+0.12 ms cpu, 157->180->72 MB, 181 MB goal, 0 MB stacks, 0 MB globals, 12 P
gc 545 @12.688s 9%: 0.18+3.6+0.16 ms clock, 2.2+12/7.8/0.20+1.9 ms cpu, 128->160->78 MB, 145 MB goal, 0 MB stacks, 0 MB globals, 12 P
gc 546 @12.696s 9%: 0.32+4.3+0.057 ms clock, 3.9+13/7.8/0.10+0.68 ms cpu, 134->170->81 MB, 156 MB goal, 0 MB stacks, 0 MB globals, 12 P
gc 547 @12.706s 9%: 0.35+4.9+0.11 ms clock, 4.2+14/9.4/0.44+1.3 ms cpu, 140->184->87 MB, 163 MB goal, 0 MB stacks, 0 MB globals, 12 P
gc 548 @12.717s 9%: 0.24+4.1+0.096 ms clock, 2.8+13/9.3/0.31+1.1 ms cpu, 152->186->80 MB, 175 MB goal, 0 MB stacks, 0 MB globals, 12 P
gc 549 @12.726s 9%: 0.48+4.1+0.062 ms clock, 5.8+10/8.3/1.3+0.74 ms cpu, 138->175->83 MB, 161 MB goal, 0 MB stacks, 0 MB globals, 12 P
gc 550 @12.736s 9%: 0.50+4.6+0.096 ms clock, 6.0+12/9.0/0+1.1 ms cpu, 143->187->85 MB, 167 MB goal, 0 MB stacks, 0 MB globals, 12 P
gc 551 @12.746s 9%: 0.40+4.2+0.10 ms clock, 4.8+13/8.0/0+1.2 ms cpu, 152->187->81 MB, 171 MB goal, 0 MB stacks, 0 MB globals, 12 P
gc 552 @12.756s 9%: 0.25+4.1+0.052 ms clock, 3.0+14/8.7/1.5+0.63 ms cpu, 139->171->78 MB, 163 MB goal, 0 MB stacks, 0 MB globals, 12 P
gc 553 @12.765s 9%: 0.24+4.0+0.037 ms clock, 2.8+12/9.4/0.27+0.45 ms cpu, 137->167->77 MB, 157 MB goal, 0 MB stacks, 0 MB globals, 12 P
gc 554 @12.774s 9%: 0.23+4.2+0.028 ms clock, 2.7+13/9.5/0.34+0.34 ms cpu, 133->170->85 MB, 155 MB goal, 0 MB stacks, 0 MB globals, 12 P
gc 555 @12.783s 9%: 0.48+3.1+0.016 ms clock, 5.7+8.5/7.9/2.3+0.19 ms cpu, 153->168->62 MB, 171 MB goal, 0 MB stacks, 0 MB globals, 12 P
gc 556 @12.790s 9%: 0.34+3.4+0.055 ms clock, 4.1+12/7.8/0+0.66 ms cpu, 108->130->69 MB, 124 MB goal, 0 MB stacks, 0 MB globals, 12 P
gc 557 @12.797s 9%: 0.26+3.0+0.061 ms clock, 3.2+12/6.5/0.52+0.73 ms cpu, 118->139->64 MB, 138 MB goal, 0 MB stacks, 0 MB globals, 12 P
gc 558 @12.804s 9%: 0.40+3.0+0.078 ms clock, 4.8+12/7.5/0.29+0.94 ms cpu, 112->137->74 MB, 128 MB goal, 0 MB stacks, 0 MB globals, 12 P
gc 559 @12.812s 9%: 0.51+3.0+0.085 ms clock, 6.1+14/7.5/0.079+1.0 ms cpu, 129->149->64 MB, 148 MB goal, 0 MB stacks, 0 MB globals, 12 P
gc 560 @12.820s 9%: 0.16+3.0+0.015 ms clock, 2.0+12/6.9/0.29+0.19 ms cpu, 113->132->64 MB, 129 MB goal, 0 MB stacks, 0 MB globals, 12 P
gc 561 @12.827s 9%: 0.19+3.5+0.038 ms clock, 2.3+10/7.0/1.9+0.45 ms cpu, 113->129->60 MB, 128 MB goal, 0 MB stacks, 0 MB globals, 12 P
gc 562 @12.834s 9%: 0.24+2.7+0.038 ms clock, 2.9+14/7.1/0+0.45 ms cpu, 111->121->63 MB, 120 MB goal, 0 MB stacks, 0 MB globals, 12 P
gc 563 @12.841s 9%: 0.21+3.2+0.037 ms clock, 2.6+10/7.3/0.41+0.44 ms cpu, 115->137->73 MB, 126 MB goal, 0 MB stacks, 0 MB globals, 12 P
gc 564 @12.848s 9%: 0.40+3.5+0.10 ms clock, 4.8+12/7.1/0.18+1.2 ms cpu, 125->151->70 MB, 146 MB goal, 0 MB stacks, 0 MB globals, 12 P
gc 565 @12.856s 9%: 0.93+3.7+0.045 ms clock, 11+12/9.1/0+0.54 ms cpu, 123->157->86 MB, 141 MB goal, 0 MB stacks, 0 MB globals, 12 P
gc 566 @12.866s 9%: 0.43+4.4+0.008 ms clock, 5.2+10/8.6/1.5+0.099 ms cpu, 152->182->79 MB, 173 MB goal, 0 MB stacks, 0 MB globals, 12 P
gc 567 @12.875s 9%: 0.42+4.4+0.045 ms clock, 5.1+11/8.7/2.1+0.54 ms cpu, 135->178->89 MB, 159 MB goal, 0 MB stacks, 0 MB globals, 12 P
gc 568 @12.886s 9%: 0.49+4.4+0.13 ms clock, 5.8+12/9.6/0.52+1.6 ms cpu, 155->193->86 MB, 179 MB goal, 0 MB stacks, 0 MB globals, 12 P
gc 569 @12.896s 9%: 0.49+4.2+0.053 ms clock, 5.8+12/9.3/0.37+0.64 ms cpu, 153->187->87 MB, 173 MB goal, 0 MB stacks, 0 MB globals, 12 P
gc 570 @12.907s 9%: 0.27+4.9+0.11 ms clock, 3.3+8.5/10/3.9+1.3 ms cpu, 150->196->92 MB, 175 MB goal, 0 MB stacks, 0 MB globals, 12 P
gc 571 @12.918s 9%: 0.42+4.6+0.10 ms clock, 5.1+13/10/0+1.2 ms cpu, 162->200->88 MB, 185 MB goal, 0 MB stacks, 0 MB globals, 12 P
gc 572 @12.928s 9%: 0.44+4.5+0.084 ms clock, 5.3+11/8.8/1.6+1.0 ms cpu, 155->196->92 MB, 177 MB goal, 0 MB stacks, 0 MB globals, 12 P
gc 573 @12.940s 9%: 0.24+5.4+0.16 ms clock, 2.9+12/9.6/0.71+1.9 ms cpu, 159->204->88 MB, 185 MB goal, 0 MB stacks, 0 MB globals, 12 P
gc 574 @12.950s 9%: 0.39+4.5+0.037 ms clock, 4.7+12/10/0.21+0.45 ms cpu, 151->191->89 MB, 177 MB goal, 0 MB stacks, 0 MB globals, 12 P
gc 575 @12.961s 9%: 0.32+4.5+0.038 ms clock, 3.8+13/9.8/0.91+0.46 ms cpu, 155->189->82 MB, 179 MB goal, 0 MB stacks, 0 MB globals, 12 P
gc 576 @12.971s 9%: 0.23+4.0+0.076 ms clock, 2.8+14/9.1/0.31+0.91 ms cpu, 144->177->81 MB, 165 MB goal, 0 MB stacks, 0 MB globals, 12 P
gc 577 @12.980s 9%: 0.29+3.3+0.041 ms clock, 3.5+13/7.6/1.5+0.50 ms cpu, 141->166->69 MB, 163 MB goal, 0 MB stacks, 0 MB globals, 12 P
gc 578 @12.988s 9%: 0.22+3.8+0.028 ms clock, 2.6+13/8.2/0.24+0.33 ms cpu, 118->149->76 MB, 138 MB goal, 0 MB stacks, 0 MB globals, 12 P
gc 579 @12.996s 9%: 0.38+3.3+0.014 ms clock, 4.6+10/8.6/2.7+0.17 ms cpu, 131->152->69 MB, 152 MB goal, 0 MB stacks, 0 MB globals, 12 P
gc 580 @13.003s 9%: 0.49+3.8+0.045 ms clock, 5.9+10/8.8/1.4+0.55 ms cpu, 121->152->76 MB, 139 MB goal, 0 MB stacks, 0 MB globals, 12 P
gc 581 @13.012s 9%: 0.26+4.0+0.12 ms clock, 3.2+11/8.7/1.5+1.5 ms cpu, 131->162->77 MB, 153 MB goal, 0 MB stacks, 0 MB globals, 12 P
gc 582 @13.021s 9%: 0.44+3.9+0.12 ms clock, 5.3+12/8.1/0.19+1.5 ms cpu, 134->168->80 MB, 155 MB goal, 0 MB stacks, 0 MB globals, 12 P
gc 583 @13.031s 9%: 0.27+4.0+0.090 ms clock, 3.2+15/10/0+1.0 ms cpu, 143->173->86 MB, 161 MB goal, 0 MB stacks, 0 MB globals, 12 P
gc 584 @13.040s 9%: 0.65+3.9+0.18 ms clock, 7.8+12/8.6/0.28+2.2 ms cpu, 148->187->82 MB, 173 MB goal, 0 MB stacks, 0 MB globals, 12 P
gc 585 @13.051s 9%: 0.21+4.0+0.16 ms clock, 2.5+13/8.3/0.31+1.9 ms cpu, 147->181->85 MB, 165 MB goal, 0 MB stacks, 0 MB globals, 12 P
gc 586 @13.060s 9%: 0.36+4.3+0.043 ms clock, 4.3+11/10/0+0.52 ms cpu, 149->181->80 MB, 171 MB goal, 0 MB stacks, 0 MB globals, 12 P
gc 587 @13.070s 9%: 0.46+3.9+0.070 ms clock, 5.5+13/7.3/0.17+0.84 ms cpu, 140->171->80 MB, 161 MB goal, 0 MB stacks, 0 MB globals, 12 P
gc 588 @13.079s 9%: 0.49+4.4+0.049 ms clock, 5.8+11/9.2/0.85+0.59 ms cpu, 140->177->86 MB, 161 MB goal, 0 MB stacks, 0 MB globals, 12 P
gc 589 @13.089s 9%: 0.25+4.4+0.12 ms clock, 3.0+12/10/0+1.5 ms cpu, 147->185->86 MB, 173 MB goal, 0 MB stacks, 0 MB globals, 12 P
gc 590 @13.098s 9%: 0.36+3.3+0.006 ms clock, 4.4+13/8.0/0.093+0.078 ms cpu, 151->172->72 MB, 173 MB goal, 0 MB stacks, 0 MB globals, 12 P
gc 591 @13.106s 9%: 0.21+4.0+0.044 ms clock, 2.5+11/8.5/0.85+0.53 ms cpu, 127->160->79 MB, 145 MB goal, 0 MB stacks, 0 MB globals, 12 P
gc 592 @13.115s 9%: 0.25+3.5+0.059 ms clock, 3.0+11/8.4/1.7+0.71 ms cpu, 139->166->75 MB, 159 MB goal, 0 MB stacks, 0 MB globals, 12 P
gc 593 @13.124s 9%: 0.18+3.7+0.064 ms clock, 2.2+12/7.7/1.0+0.77 ms cpu, 131->162->76 MB, 151 MB goal, 0 MB stacks, 0 MB globals, 12 P
gc 594 @13.132s 9%: 0.24+4.1+0.025 ms clock, 2.8+13/8.5/0.095+0.30 ms cpu, 133->165->81 MB, 153 MB goal, 0 MB stacks, 0 MB globals, 12 P
gc 595 @13.141s 9%: 0.40+4.0+0.098 ms clock, 4.9+13/7.7/0.51+1.1 ms cpu, 139->175->81 MB, 163 MB goal, 0 MB stacks, 0 MB globals, 12 P
gc 596 @13.151s 9%: 0.40+4.8+0.18 ms clock, 4.8+11/8.4/1.2+2.1 ms cpu, 140->183->90 MB, 163 MB goal, 0 MB stacks, 0 MB globals, 12 P
gc 597 @13.161s 9%: 0.40+4.5+0.14 ms clock, 4.8+12/9.4/0.53+1.7 ms cpu, 155->193->86 MB, 181 MB goal, 0 MB stacks, 0 MB globals, 12 P
gc 598 @13.172s 9%: 0.086+3.7+0.004 ms clock, 1.0+11/9.1/1.2+0.054 ms cpu, 148->172->67 MB, 173 MB goal, 0 MB stacks, 0 MB globals, 12 P
gc 599 @13.180s 9%: 0.29+3.6+0.062 ms clock, 3.5+11/7.8/0.35+0.75 ms cpu, 119->147->72 MB, 135 MB goal, 0 MB stacks, 0 MB globals, 12 P
gc 600 @13.188s 9%: 0.50+4.1+0.64 ms clock, 6.1+12/7.9/0.17+7.7 ms cpu, 126->165->88 MB, 145 MB goal, 0 MB stacks, 0 MB globals, 12 P
gc 601 @13.199s 9%: 0.22+3.7+0.087 ms clock, 2.6+13/9.4/0+1.0 ms cpu, 154->178->74 MB, 177 MB goal, 0 MB stacks, 0 MB globals, 12 P
gc 602 @13.207s 9%: 0.30+3.1+0.005 ms clock, 3.6+14/8.2/0+0.062 ms cpu, 130->148->65 MB, 149 MB goal, 0 MB stacks, 0 MB globals, 12 P
gc 603 @13.214s 9%: 0.32+3.6+0.10 ms clock, 3.9+7.9/8.7/2.0+1.2 ms cpu, 115->145->80 MB, 131 MB goal, 0 MB stacks, 0 MB globals, 12 P
gc 604 @13.223s 9%: 0.28+4.7+0.028 ms clock, 3.4+14/8.0/0.099+0.34 ms cpu, 139->174->80 MB, 161 MB goal, 0 MB stacks, 0 MB globals, 12 P
gc 605 @13.232s 9%: 0.31+3.7+0.10 ms clock, 3.7+13/8.7/0.61+1.2 ms cpu, 138->175->82 MB, 161 MB goal, 0 MB stacks, 0 MB globals, 12 P
gc 606 @13.242s 9%: 0.20+3.9+0.084 ms clock, 2.4+12/9.0/1.0+1.0 ms cpu, 144->176->76 MB, 165 MB goal, 0 MB stacks, 0 MB globals, 12 P
gc 607 @13.251s 9%: 0.35+4.3+0.064 ms clock, 4.3+11/8.2/0+0.77 ms cpu, 136->173->88 MB, 153 MB goal, 0 MB stacks, 0 MB globals, 12 P
gc 608 @13.262s 9%: 0.30+4.7+0.10 ms clock, 3.6+13/10/0+1.2 ms cpu, 153->191->84 MB, 177 MB goal, 0 MB stacks, 0 MB globals, 12 P
gc 609 @13.272s 9%: 0.18+4.6+0.056 ms clock, 2.2+13/10/0.16+0.67 ms cpu, 145->189->93 MB, 169 MB goal, 0 MB stacks, 0 MB globals, 12 P
gc 610 @13.282s 9%: 0.30+4.9+0.084 ms clock, 3.6+13/11/0.35+1.0 ms cpu, 160->201->87 MB, 187 MB goal, 0 MB stacks, 0 MB globals, 12 P
gc 611 @13.293s 9%: 0.22+4.9+0.013 ms clock, 2.7+12/10/0.49+0.16 ms cpu, 150->191->89 MB, 175 MB goal, 0 MB stacks, 0 MB globals, 12 P
gc 612 @13.303s 9%: 0.23+4.7+0.028 ms clock, 2.8+14/9.7/1.0+0.34 ms cpu, 153->193->83 MB, 179 MB goal, 0 MB stacks, 0 MB globals, 12 P
gc 613 @13.314s 9%: 0.39+4.6+0.006 ms clock, 4.7+11/10/1.0+0.075 ms cpu, 145->183->88 MB, 167 MB goal, 0 MB stacks, 0 MB globals, 12 P
gc 614 @13.324s 9%: 0.32+4.6+0.10 ms clock, 3.8+13/8.0/0.11+1.2 ms cpu, 157->192->85 MB, 177 MB goal, 0 MB stacks, 0 MB globals, 12 P
gc 615 @13.334s 9%: 0.22+4.8+0.006 ms clock, 2.6+13/10/0.18+0.078 ms cpu, 146->185->84 MB, 171 MB goal, 0 MB stacks, 0 MB globals, 12 P
gc 616 @13.344s 9%: 0.20+5.0+0.043 ms clock, 2.4+16/11/0.11+0.52 ms cpu, 145->189->90 MB, 169 MB goal, 0 MB stacks, 0 MB globals, 12 P
gc 617 @13.355s 10%: 0.46+3.8+0.058 ms clock, 5.5+14/8.6/0+0.70 ms cpu, 154->187->77 MB, 181 MB goal, 0 MB stacks, 0 MB globals, 12 P
gc 618 @13.364s 10%: 0.17+4.8+0.053 ms clock, 2.1+11/8.3/0.87+0.64 ms cpu, 134->169->82 MB, 155 MB goal, 0 MB stacks, 0 MB globals, 12 P
gc 619 @13.374s 10%: 0.52+4.0+0.13 ms clock, 6.3+10/7.8/1.6+1.5 ms cpu, 143->186->89 MB, 165 MB goal, 0 MB stacks, 0 MB globals, 12 P
gc 620 @13.385s 10%: 0.46+4.3+0.067 ms clock, 5.5+13/8.9/1.7+0.80 ms cpu, 154->191->85 MB, 179 MB goal, 0 MB stacks, 0 MB globals, 12 P
gc 621 @13.395s 10%: 0.27+3.9+0.075 ms clock, 3.3+14/8.7/0.20+0.90 ms cpu, 147->181->79 MB, 171 MB goal, 0 MB stacks, 0 MB globals, 12 P
gc 622 @13.404s 10%: 0.22+3.4+0.021 ms clock, 2.7+13/8.9/0.34+0.25 ms cpu, 135->158->71 MB, 159 MB goal, 0 MB stacks, 0 MB globals, 12 P
gc 623 @13.412s 10%: 0.18+4.1+0.022 ms clock, 2.1+11/8.7/0.66+0.27 ms cpu, 122->156->81 MB, 143 MB goal, 0 MB stacks, 0 MB globals, 12 P
gc 624 @13.421s 10%: 0.32+3.1+0.020 ms clock, 3.9+10/8.5/1.1+0.24 ms cpu, 141->163->70 MB, 163 MB goal, 0 MB stacks, 0 MB globals, 12 P
gc 625 @13.429s 10%: 0.41+3.7+0.004 ms clock, 4.9+10/7.9/0+0.056 ms cpu, 124->152->78 MB, 141 MB goal, 0 MB stacks, 0 MB globals, 12 P
gc 626 @13.438s 10%: 0.31+3.8+0.18 ms clock, 3.8+13/8.5/0+2.2 ms cpu, 136->169->79 MB, 157 MB goal, 0 MB stacks, 0 MB globals, 12 P
gc 627 @13.447s 10%: 0.30+3.8+0.14 ms clock, 3.7+11/8.9/0.30+1.6 ms cpu, 138->174->82 MB, 159 MB goal, 0 MB stacks, 0 MB globals, 12 P
gc 628 @13.457s 10%: 0.30+4.0+0.14 ms clock, 3.6+10/8.0/0.16+1.6 ms cpu, 146->179->82 MB, 165 MB goal, 0 MB stacks, 0 MB globals, 12 P
gc 629 @13.466s 10%: 0.19+3.5+0.089 ms clock, 2.3+12/8.0/0.073+1.0 ms cpu, 140->176->84 MB, 165 MB goal, 0 MB stacks, 0 MB globals, 12 P
gc 630 @13.475s 10%: 0.42+3.6+0.12 ms clock, 5.0+12/7.5/0.12+1.5 ms cpu, 151->181->77 MB, 169 MB goal, 0 MB stacks, 0 MB globals, 12 P
gc 631 @13.485s 10%: 0.25+3.7+0.15 ms clock, 3.0+12/7.8/0.20+1.8 ms cpu, 135->171->82 MB, 155 MB goal, 0 MB stacks, 0 MB globals, 12 P
gc 632 @13.494s 10%: 0.18+3.7+0.086 ms clock, 2.2+14/8.9/0+1.0 ms cpu, 142->176->79 MB, 165 MB goal, 0 MB stacks, 0 MB globals, 12 P
gc 633 @13.504s 10%: 0.28+4.0+0.044 ms clock, 3.3+12/8.3/1.1+0.53 ms cpu, 138->172->80 MB, 159 MB goal, 0 MB stacks, 0 MB globals, 12 P
gc 634 @13.513s 10%: 0.36+4.4+0.023 ms clock, 4.3+13/11/0+0.28 ms cpu, 139->177->86 MB, 161 MB goal, 0 MB stacks, 0 MB globals, 12 P
gc 635 @13.523s 10%: 0.35+3.6+0.099 ms clock, 4.3+8.8/8.0/3.3+1.1 ms cpu, 153->181->78 MB, 173 MB goal, 0 MB stacks, 0 MB globals, 12 P
gc 636 @13.532s 10%: 0.37+3.7+0.16 ms clock, 4.5+10/8.6/0.94+2.0 ms cpu, 137->173->83 MB, 157 MB goal, 0 MB stacks, 0 MB globals, 12 P
gc 637 @13.541s 10%: 0.44+3.7+0.088 ms clock, 5.2+11/8.0/0.26+1.0 ms cpu, 146->178->81 MB, 167 MB goal, 0 MB stacks, 0 MB globals, 12 P
gc 638 @13.550s 10%: 0.39+3.7+0.004 ms clock, 4.7+11/7.7/0.96+0.054 ms cpu, 140->170->76 MB, 163 MB goal, 0 MB stacks, 0 MB globals, 12 P
gc 639 @13.559s 10%: 0.24+4.8+0.065 ms clock, 2.9+12/9.5/0.25+0.79 ms cpu, 130->173->88 MB, 153 MB goal, 0 MB stacks, 0 MB globals, 12 P
gc 640 @13.569s 10%: 0.30+5.1+0.094 ms clock, 3.6+11/9.3/1.0+1.1 ms cpu, 154->196->88 MB, 177 MB goal, 0 MB stacks, 0 MB globals, 12 P
gc 641 @13.580s 10%: 0.42+4.0+0.026 ms clock, 5.1+13/8.9/0.38+0.31 ms cpu, 153->186->79 MB, 177 MB goal, 0 MB stacks, 0 MB globals, 12 P
gc 642 @13.589s 10%: 0.28+4.8+0.12 ms clock, 3.4+12/10/0+1.4 ms cpu, 136->179->92 MB, 159 MB goal, 0 MB stacks, 0 MB globals, 12 P
gc 643 @13.600s 10%: 0.50+4.7+0.059 ms clock, 6.0+12/8.3/1.0+0.71 ms cpu, 160->201->88 MB, 185 MB goal, 0 MB stacks, 0 MB globals, 12 P
gc 644 @13.611s 10%: 0.31+4.8+0.11 ms clock, 3.7+11/8.8/0.75+1.3 ms cpu, 154->194->91 MB, 177 MB goal, 0 MB stacks, 0 MB globals, 12 P
gc 645 @13.622s 10%: 0.39+4.5+0.043 ms clock, 4.6+13/9.8/0.87+0.52 ms cpu, 158->196->87 MB, 183 MB goal, 0 MB stacks, 0 MB globals, 12 P
gc 646 @13.632s 10%: 0.26+4.8+0.11 ms clock, 3.2+12/10/0.11+1.3 ms cpu, 150->192->89 MB, 175 MB goal, 0 MB stacks, 0 MB globals, 12 P
gc 647 @13.643s 10%: 0.34+4.8+0.031 ms clock, 4.0+12/8.6/0.32+0.38 ms cpu, 156->198->83 MB, 179 MB goal, 0 MB stacks, 0 MB globals, 12 P
gc 648 @13.653s 10%: 0.47+4.0+0.075 ms clock, 5.6+13/8.6/0+0.90 ms cpu, 142->179->81 MB, 167 MB goal, 0 MB stacks, 0 MB globals, 12 P
gc 649 @13.663s 10%: 0.23+4.4+0.064 ms clock, 2.8+13/9.2/0.82+0.77 ms cpu, 143->179->83 MB, 163 MB goal, 0 MB stacks, 0 MB globals, 12 P
gc 650 @13.673s 10%: 0.46+4.4+0.024 ms clock, 5.5+14/9.0/0+0.29 ms cpu, 144->182->87 MB, 167 MB goal, 0 MB stacks, 0 MB globals, 12 P
gc 651 @13.683s 10%: 0.22+4.4+0.017 ms clock, 2.7+14/11/0.17+0.21 ms cpu, 153->189->86 MB, 175 MB goal, 0 MB stacks, 0 MB globals, 12 P
gc 652 @13.692s 10%: 0.39+3.7+0.028 ms clock, 4.7+11/9.1/2.5+0.34 ms cpu, 148->172->70 MB, 173 MB goal, 0 MB stacks, 0 MB globals, 12 P
gc 653 @13.700s 10%: 0.40+3.2+0.037 ms clock, 4.9+13/7.0/0.57+0.45 ms cpu, 121->142->68 MB, 141 MB goal, 0 MB stacks, 0 MB globals, 12 P
gc 654 @13.708s 10%: 0.16+3.0+0.005 ms clock, 1.9+11/7.5/0.085+0.069 ms cpu, 120->136->61 MB, 137 MB goal, 0 MB stacks, 0 MB globals, 12 P
gc 655 @13.714s 10%: 0.20+2.9+0.024 ms clock, 2.4+13/7.8/0+0.29 ms cpu, 110->123->60 MB, 122 MB goal, 0 MB stacks, 0 MB globals, 12 P
gc 656 @13.720s 10%: 0.24+3.7+0.15 ms clock, 2.9+11/7.4/0.33+1.8 ms cpu, 103->141->77 MB, 121 MB goal, 0 MB stacks, 0 MB globals, 12 P
gc 657 @13.729s 10%: 0.19+3.2+0.14 ms clock, 2.3+11/7.4/0.41+1.7 ms cpu, 134->169->80 MB, 155 MB goal, 0 MB stacks, 0 MB globals, 12 P
gc 658 @13.739s 10%: 0.13+4.3+0.047 ms clock, 1.6+10/9.4/1.6+0.56 ms cpu, 140->176->79 MB, 161 MB goal, 0 MB stacks, 0 MB globals, 12 P
gc 659 @13.748s 10%: 0.51+4.1+0.13 ms clock, 6.1+12/9.8/1.1+1.5 ms cpu, 136->173->85 MB, 159 MB goal, 0 MB stacks, 0 MB globals, 12 P
gc 660 @13.758s 10%: 0.31+4.6+0.10 ms clock, 3.7+11/10/0.70+1.2 ms cpu, 147->188->87 MB, 171 MB goal, 0 MB stacks, 0 MB globals, 12 P
gc 661 @13.769s 10%: 0.23+3.8+0.15 ms clock, 2.7+12/8.5/0.28+1.8 ms cpu, 157->189->80 MB, 175 MB goal, 0 MB stacks, 0 MB globals, 12 P
gc 662 @13.778s 10%: 0.30+4.3+0.024 ms clock, 3.6+13/8.8/0+0.29 ms cpu, 138->173->84 MB, 161 MB goal, 0 MB stacks, 0 MB globals, 12 P
gc 663 @13.788s 10%: 0.48+4.8+0.035 ms clock, 5.8+15/10/0+0.42 ms cpu, 147->188->90 MB, 169 MB goal, 0 MB stacks, 0 MB globals, 12 P
gc 664 @13.799s 10%: 0.25+5.1+0.044 ms clock, 3.0+15/11/0+0.53 ms cpu, 157->197->89 MB, 181 MB goal, 0 MB stacks, 0 MB globals, 12 P
gc 665 @13.810s 10%: 0.47+4.6+0.010 ms clock, 5.7+11/10/0.17+0.13 ms cpu, 156->194->86 MB, 179 MB goal, 0 MB stacks, 0 MB globals, 12 P
gc 666 @13.820s 10%: 0.58+4.1+0.016 ms clock, 7.0+12/8.2/0.091+0.19 ms cpu, 152->183->76 MB, 173 MB goal, 0 MB stacks, 0 MB globals, 12 P
gc 667 @13.829s 10%: 0.34+3.1+0.005 ms clock, 4.0+12/8.3/0.82+0.067 ms cpu, 132->151->65 MB, 153 MB goal, 0 MB stacks, 0 MB globals, 12 P
gc 668 @13.836s 10%: 0.16+3.2+0.14 ms clock, 1.9+13/6.1/0.13+1.6 ms cpu, 120->141->68 MB, 131 MB goal, 0 MB stacks, 0 MB globals, 12 P
gc 669 @13.844s 10%: 0.38+4.1+0.005 ms clock, 4.5+10/8.3/0.75+0.067 ms cpu, 120->152->81 MB, 136 MB goal, 0 MB stacks, 0 MB globals, 12 P
gc 670 @13.854s 10%: 0.27+4.3+0.094 ms clock, 3.3+11/8.7/0.27+1.1 ms cpu, 141->176->81 MB, 163 MB goal, 0 MB stacks, 0 MB globals, 12 P
gc 671 @13.863s 10%: 0.23+4.1+0.23 ms clock, 2.8+13/8.7/0.60+2.8 ms cpu, 140->178->87 MB, 163 MB goal, 0 MB stacks, 0 MB globals, 12 P
gc 672 @13.873s 10%: 0.41+4.8+0.12 ms clock, 4.9+13/11/0.42+1.5 ms cpu, 151->191->87 MB, 175 MB goal, 0 MB stacks, 0 MB globals, 12 P
gc 673 @13.884s 10%: 0.16+3.1+0.016 ms clock, 1.9+3.3/8.4/5.9+0.19 ms cpu, 150->167->62 MB, 175 MB goal, 0 MB stacks, 0 MB globals, 12 P
gc 674 @13.890s 10%: 0.19+3.2+0.028 ms clock, 2.3+11/7.7/0.22+0.34 ms cpu, 107->125->61 MB, 125 MB goal, 0 MB stacks, 0 MB globals, 12 P
gc 675 @13.897s 10%: 0.19+2.4+0.005 ms clock, 2.3+13/6.9/0+0.065 ms cpu, 111->118->59 MB, 123 MB goal, 0 MB stacks, 0 MB globals, 12 P
gc 676 @13.902s 10%: 0.43+2.8+0.046 ms clock, 5.1+13/7.0/0+0.56 ms cpu, 105->118->61 MB, 118 MB goal, 0 MB stacks, 0 MB globals, 12 P
gc 677 @13.909s 10%: 0.26+2.5+0.044 ms clock, 3.2+10/5.7/1.4+0.53 ms cpu, 112->123->58 MB, 122 MB goal, 0 MB stacks, 0 MB globals, 12 P
gc 678 @13.916s 10%: 0.27+2.5+0.035 ms clock, 3.3+12/6.4/0.15+0.42 ms cpu, 109->116->59 MB, 116 MB goal, 0 MB stacks, 0 MB globals, 12 P
gc 679 @13.922s 10%: 0.24+2.6+0.021 ms clock, 2.9+11/6.5/1.0+0.25 ms cpu, 107->117->58 MB, 118 MB goal, 0 MB stacks, 0 MB globals, 12 P
gc 680 @13.928s 10%: 0.14+2.8+0.005 ms clock, 1.7+10/6.8/0.067+0.066 ms cpu, 103->115->54 MB, 116 MB goal, 0 MB stacks, 0 MB globals, 12 P
gc 681 @13.934s 10%: 0.31+2.5+0.005 ms clock, 3.7+10/6.7/0.12+0.060 ms cpu, 101->101->53 MB, 108 MB goal, 0 MB stacks, 0 MB globals, 12 P
gc 682 @13.939s 10%: 0.25+2.5+0.033 ms clock, 3.0+11/6.9/0+0.40 ms cpu, 98->103->55 MB, 106 MB goal, 0 MB stacks, 0 MB globals, 12 P
gc 683 @13.946s 10%: 0.11+7.5+0.45 ms clock, 1.3+9.5/5.6/1.4+5.4 ms cpu, 98->127->76 MB, 110 MB goal, 0 MB stacks, 0 MB globals, 12 P
gc 684 @13.959s 10%: 0.51+3.5+0.13 ms clock, 6.1+10/7.9/0.37+1.6 ms cpu, 136->158->67 MB, 152 MB goal, 0 MB stacks, 0 MB globals, 12 P
gc 685 @13.968s 10%: 0.37+3.3+0.25 ms clock, 4.4+11/7.3/0.44+3.0 ms cpu, 120->149->78 MB, 134 MB goal, 0 MB stacks, 0 MB globals, 12 P
gc 686 @13.977s 10%: 0.47+3.7+0.22 ms clock, 5.7+10/8.7/0.89+2.6 ms cpu, 134->173->85 MB, 157 MB goal, 0 MB stacks, 0 MB globals, 12 P
gc 687 @13.987s 10%: 0.27+3.6+0.12 ms clock, 3.3+15/8.8/0.12+1.5 ms cpu, 147->179->79 MB, 171 MB goal, 0 MB stacks, 0 MB globals, 12 P
gc 688 @13.996s 10%: 0.34+4.2+0.034 ms clock, 4.1+13/8.6/0.19+0.41 ms cpu, 137->169->82 MB, 159 MB goal, 0 MB stacks, 0 MB globals, 12 P
gc 689 @14.005s 10%: 0.26+4.2+0.11 ms clock, 3.1+12/7.6/1.2+1.3 ms cpu, 143->181->87 MB, 165 MB goal, 0 MB stacks, 0 MB globals, 12 P
gc 690 @14.015s 10%: 0.50+3.8+0.097 ms clock, 6.0+10/8.9/1.6+1.1 ms cpu, 151->183->81 MB, 175 MB goal, 0 MB stacks, 0 MB globals, 12 P
gc 691 @14.025s 10%: 0.22+3.9+0.14 ms clock, 2.6+12/9.2/0.51+1.7 ms cpu, 140->176->84 MB, 163 MB goal, 0 MB stacks, 0 MB globals, 12 P
gc 692 @14.035s 10%: 0.29+3.2+0.020 ms clock, 3.5+13/6.8/0+0.24 ms cpu, 149->171->70 MB, 169 MB goal, 0 MB stacks, 0 MB globals, 12 P
gc 693 @14.043s 10%: 0.18+3.7+0.083 ms clock, 2.2+11/7.5/0+0.99 ms cpu, 124->157->82 MB, 141 MB goal, 0 MB stacks, 0 MB globals, 12 P
gc 694 @14.052s 10%: 0.54+4.3+0.073 ms clock, 6.5+11/10/2.7+0.87 ms cpu, 140->173->78 MB, 165 MB goal, 0 MB stacks, 0 MB globals, 12 P
gc 695 @14.061s 10%: 0.50+4.3+0.017 ms clock, 6.0+11/9.4/2.3+0.21 ms cpu, 134->174->82 MB, 157 MB goal, 0 MB stacks, 0 MB globals, 12 P
gc 696 @14.071s 10%: 0.22+4.1+0.14 ms clock, 2.6+11/10/1.6+1.7 ms cpu, 144->181->82 MB, 165 MB goal, 0 MB stacks, 0 MB globals, 12 P
gc 697 @14.080s 10%: 0.26+4.6+0.063 ms clock, 3.2+10/9.7/0.51+0.75 ms cpu, 141->181->85 MB, 165 MB goal, 0 MB stacks, 0 MB globals, 12 P
gc 698 @14.090s 10%: 0.55+4.2+0.11 ms clock, 6.6+10/8.9/3.2+1.4 ms cpu, 146->187->85 MB, 171 MB goal, 0 MB stacks, 0 MB globals, 12 P
gc 699 @14.100s 10%: 0.44+4.5+0.10 ms clock, 5.3+11/10/1.5+1.3 ms cpu, 146->187->88 MB, 171 MB goal, 0 MB stacks, 0 MB globals, 12 P
gc 700 @14.111s 10%: 0.39+4.1+0.11 ms clock, 4.7+10/9.2/2.6+1.3 ms cpu, 155->190->78 MB, 177 MB goal, 0 MB stacks, 0 MB globals, 12 P
gc 701 @14.120s 10%: 0.21+4.4+0.034 ms clock, 2.6+14/9.9/0.12+0.41 ms cpu, 134->170->86 MB, 157 MB goal, 0 MB stacks, 0 MB globals, 12 P
gc 702 @14.130s 10%: 0.26+5.5+0.14 ms clock, 3.1+14/11/0+1.7 ms cpu, 148->197->97 MB, 173 MB goal, 0 MB stacks, 0 MB globals, 12 P
gc 703 @14.142s 10%: 0.42+5.1+0.025 ms clock, 5.1+13/9.3/0.42+0.30 ms cpu, 172->207->87 MB, 195 MB goal, 0 MB stacks, 0 MB globals, 12 P
gc 704 @14.152s 10%: 0.31+3.7+0.042 ms clock, 3.8+13/9.3/0.31+0.51 ms cpu, 150->174->70 MB, 175 MB goal, 0 MB stacks, 0 MB globals, 12 P
gc 705 @14.160s 10%: 0.18+4.1+0.041 ms clock, 2.2+10/8.7/1.9+0.49 ms cpu, 120->155->77 MB, 141 MB goal, 0 MB stacks, 0 MB globals, 12 P
gc 706 @14.169s 10%: 0.37+4.7+0.064 ms clock, 4.5+12/7.8/1.2+0.77 ms cpu, 134->178->91 MB, 155 MB goal, 0 MB stacks, 0 MB globals, 12 P
gc 707 @14.180s 10%: 0.20+4.4+0.094 ms clock, 2.5+12/9.0/0.61+1.1 ms cpu, 156->199->85 MB, 183 MB goal, 0 MB stacks, 0 MB globals, 12 P
gc 708 @14.190s 10%: 0.18+3.4+0.005 ms clock, 2.1+12/8.9/0.084+0.062 ms cpu, 149->170->68 MB, 171 MB goal, 0 MB stacks, 0 MB globals, 12 P
gc 709 @14.198s 10%: 0.17+3.4+0.044 ms clock, 2.0+12/7.4/0.44+0.53 ms cpu, 117->146->77 MB, 137 MB goal, 0 MB stacks, 0 MB globals, 12 P
gc 710 @14.206s 10%: 0.38+4.2+0.089 ms clock, 4.6+11/7.6/0.16+1.0 ms cpu, 134->172->86 MB, 155 MB goal, 0 MB stacks, 0 MB globals, 12 P
gc 711 @14.216s 10%: 0.26+4.2+0.031 ms clock, 3.1+17/8.1/0+0.38 ms cpu, 152->186->80 MB, 173 MB goal, 0 MB stacks, 0 MB globals, 12 P
gc 712 @14.225s 10%: 0.37+4.5+0.070 ms clock, 4.4+13/10/0.13+0.84 ms cpu, 138->176->86 MB, 161 MB goal, 0 MB stacks, 0 MB globals, 12 P
gc 713 @14.235s 10%: 0.37+4.7+0.037 ms clock, 4.5+11/10/1.0+0.44 ms cpu, 148->185->82 MB, 173 MB goal, 0 MB stacks, 0 MB globals, 12 P
gc 714 @14.245s 10%: 0.53+3.5+0.011 ms clock, 6.4+15/9.3/0.14+0.14 ms cpu, 143->163->66 MB, 165 MB goal, 0 MB stacks, 0 MB globals, 12 P
gc 715 @14.253s 10%: 0.12+3.3+0.10 ms clock, 1.5+10/7.7/0.70+1.3 ms cpu, 114->143->69 MB, 133 MB goal, 0 MB stacks, 0 MB globals, 12 P
gc 716 @14.260s 10%: 0.36+4.4+0.086 ms clock, 4.4+14/8.6/0.17+1.0 ms cpu, 119->156->87 MB, 139 MB goal, 0 MB stacks, 0 MB globals, 12 P
gc 717 @14.270s 10%: 0.36+4.8+0.11 ms clock, 4.3+11/9.6/0.082+1.4 ms cpu, 150->191->88 MB, 175 MB goal, 0 MB stacks, 0 MB globals, 12 P
gc 718 @14.281s 10%: 0.31+4.6+0.090 ms clock, 3.7+15/11/0.70+1.0 ms cpu, 155->193->88 MB, 177 MB goal, 0 MB stacks, 0 MB globals, 12 P
gc 719 @14.291s 10%: 0.43+4.1+0.075 ms clock, 5.1+13/9.4/0.20+0.90 ms cpu, 153->190->84 MB, 177 MB goal, 0 MB stacks, 0 MB globals, 12 P
gc 720 @14.301s 10%: 0.44+4.0+0.31 ms clock, 5.3+12/7.6/0.13+3.7 ms cpu, 145->184->85 MB, 169 MB goal, 0 MB stacks, 0 MB globals, 12 P
gc 721 @14.311s 10%: 0.32+4.9+0.017 ms clock, 3.8+15/8.6/0.29+0.20 ms cpu, 148->190->91 MB, 171 MB goal, 0 MB stacks, 0 MB globals, 12 P
gc 722 @14.321s 10%: 0.46+3.6+0.070 ms clock, 5.5+15/9.1/0.38+0.84 ms cpu, 156->188->79 MB, 183 MB goal, 0 MB stacks, 0 MB globals, 12 P
gc 723 @14.330s 10%: 0.32+4.3+0.057 ms clock, 3.8+11/8.2/1.0+0.69 ms cpu, 138->172->81 MB, 159 MB goal, 0 MB stacks, 0 MB globals, 12 P
gc 724 @14.340s 10%: 0.30+4.1+0.082 ms clock, 3.6+14/8.7/0.51+0.98 ms cpu, 143->180->79 MB, 163 MB goal, 0 MB stacks, 0 MB globals, 12 P
gc 725 @14.349s 10%: 0.32+4.0+0.033 ms clock, 3.8+11/7.7/0.40+0.40 ms cpu, 138->173->77 MB, 159 MB goal, 0 MB stacks, 0 MB globals, 12 P
gc 726 @14.358s 10%: 0.50+4.2+0.041 ms clock, 6.0+13/8.6/0.094+0.49 ms cpu, 136->171->87 MB, 155 MB goal, 0 MB stacks, 0 MB globals, 12 P
gc 727 @14.368s 10%: 0.28+4.9+0.062 ms clock, 3.3+13/9.5/1.1+0.75 ms cpu, 150->196->93 MB, 175 MB goal, 0 MB stacks, 0 MB globals, 12 P
gc 728 @14.380s 10%: 0.21+5.0+0.80 ms clock, 2.5+9.4/9.6/1.7+9.7 ms cpu, 161->209->92 MB, 187 MB goal, 0 MB stacks, 0 MB globals, 12 P
gc 729 @14.392s 10%: 0.34+4.6+0.055 ms clock, 4.1+13/10/0.31+0.67 ms cpu, 159->204->94 MB, 185 MB goal, 0 MB stacks, 0 MB globals, 12 P
gc 730 @14.403s 10%: 0.57+4.5+0.086 ms clock, 6.8+9.1/10/0+1.0 ms cpu, 165->206->87 MB, 189 MB goal, 0 MB stacks, 0 MB globals, 12 P
gc 731 @14.414s 10%: 0.37+4.8+0.071 ms clock, 4.4+11/11/0.28+0.85 ms cpu, 150->192->91 MB, 175 MB goal, 0 MB stacks, 0 MB globals, 12 P
gc 732 @14.424s 10%: 0.50+4.3+0.059 ms clock, 6.1+12/8.4/0.20+0.71 ms cpu, 158->196->86 MB, 183 MB goal, 0 MB stacks, 0 MB globals, 12 P
gc 733 @14.434s 10%: 0.38+4.8+0.067 ms clock, 4.5+14/10/0+0.80 ms cpu, 148->190->86 MB, 173 MB goal, 0 MB stacks, 0 MB globals, 12 P
gc 734 @14.444s 11%: 0.47+4.7+0.040 ms clock, 5.7+14/10/0+0.48 ms cpu, 152->192->86 MB, 173 MB goal, 0 MB stacks, 0 MB globals, 12 P
gc 735 @14.455s 11%: 0.32+4.4+0.13 ms clock, 3.8+13/9.0/0.13+1.6 ms cpu, 150->185->84 MB, 173 MB goal, 0 MB stacks, 0 MB globals, 12 P
gc 736 @14.465s 11%: 0.38+4.4+0.092 ms clock, 4.5+9.3/10/1.9+1.1 ms cpu, 146->182->86 MB, 169 MB goal, 0 MB stacks, 0 MB globals, 12 P
gc 737 @14.475s 11%: 0.31+5.2+0.071 ms clock, 3.8+12/9.3/0.24+0.85 ms cpu, 148->195->95 MB, 173 MB goal, 0 MB stacks, 0 MB globals, 12 P
gc 738 @14.487s 11%: 0.27+5.6+0.015 ms clock, 3.3+12/11/0.52+0.18 ms cpu, 164->204->89 MB, 191 MB goal, 0 MB stacks, 0 MB globals, 12 P
gc 739 @14.498s 11%: 0.40+4.5+0.096 ms clock, 4.8+12/8.2/0.10+1.1 ms cpu, 154->194->86 MB, 179 MB goal, 0 MB stacks, 0 MB globals, 12 P
gc 740 @14.508s 11%: 0.55+4.4+0.006 ms clock, 6.6+12/9.7/1.4+0.079 ms cpu, 147->183->84 MB, 173 MB goal, 0 MB stacks, 0 MB globals, 12 P
gc 741 @14.518s 11%: 0.43+3.9+0.084 ms clock, 5.2+11/9.3/0.21+1.0 ms cpu, 144->180->83 MB, 169 MB goal, 0 MB stacks, 0 MB globals, 12 P
gc 742 @14.528s 11%: 0.41+4.4+0.014 ms clock, 4.9+11/9.3/0+0.17 ms cpu, 145->174->80 MB, 167 MB goal, 0 MB stacks, 0 MB globals, 12 P
gc 743 @14.537s 11%: 0.42+4.4+0.097 ms clock, 5.1+14/8.7/0.097+1.1 ms cpu, 137->174->81 MB, 161 MB goal, 0 MB stacks, 0 MB globals, 12 P
gc 744 @14.547s 11%: 0.42+4.5+0.064 ms clock, 5.0+8.1/9.4/1.2+0.76 ms cpu, 141->177->81 MB, 163 MB goal, 0 MB stacks, 0 MB globals, 12 P
gc 745 @14.557s 11%: 0.61+4.0+0.040 ms clock, 7.4+11/8.8/1.5+0.48 ms cpu, 139->178->80 MB, 163 MB goal, 0 MB stacks, 0 MB globals, 12 P
gc 746 @14.566s 11%: 0.51+4.0+0.012 ms clock, 6.1+10/9.5/1.5+0.14 ms cpu, 138->173->80 MB, 161 MB goal, 0 MB stacks, 0 MB globals, 12 P
gc 747 @14.575s 11%: 0.49+3.1+0.074 ms clock, 5.8+12/7.5/0.99+0.89 ms cpu, 142->167->77 MB, 161 MB goal, 0 MB stacks, 0 MB globals, 12 P
gc 748 @14.583s 11%: 0.23+3.2+0.004 ms clock, 2.8+11/8.2/1.1+0.053 ms cpu, 132->153->69 MB, 155 MB goal, 0 MB stacks, 0 MB globals, 12 P
gc 749 @14.590s 11%: 0.21+3.8+0.061 ms clock, 2.6+10/8.1/1.7+0.73 ms cpu, 120->152->76 MB, 139 MB goal, 0 MB stacks, 0 MB globals, 12 P
gc 750 @14.598s 11%: 0.30+3.2+0.048 ms clock, 3.6+13/8.5/0.39+0.57 ms cpu, 132->154->66 MB, 153 MB goal, 0 MB stacks, 0 MB globals, 12 P
gc 751 @14.605s 11%: 0.48+2.7+0.023 ms clock, 5.8+12/7.1/0.12+0.28 ms cpu, 115->132->65 MB, 133 MB goal, 0 MB stacks, 0 MB globals, 12 P
gc 752 @14.612s 11%: 0.27+2.8+0.064 ms clock, 3.2+8.3/6.0/3.0+0.77 ms cpu, 117->138->66 MB, 131 MB goal, 0 MB stacks, 0 MB globals, 12 P
gc 753 @14.619s 11%: 0.59+3.7+0.084 ms clock, 7.0+11/7.4/0+1.0 ms cpu, 116->149->79 MB, 132 MB goal, 0 MB stacks, 0 MB globals, 12 P
gc 754 @14.628s 11%: 0.23+4.3+0.10 ms clock, 2.8+13/10/0.099+1.2 ms cpu, 138->172->84 MB, 159 MB goal, 0 MB stacks, 0 MB globals, 12 P
gc 755 @14.638s 11%: 0.25+4.5+0.10 ms clock, 3.0+10/7.8/0.82+1.3 ms cpu, 149->186->84 MB, 169 MB goal, 0 MB stacks, 0 MB globals, 12 P
gc 756 @14.648s 11%: 0.31+4.2+0.030 ms clock, 3.7+12/8.3/0.13+0.36 ms cpu, 145->185->87 MB, 169 MB goal, 0 MB stacks, 0 MB globals, 12 P
gc 757 @14.658s 11%: 0.24+4.4+0.11 ms clock, 2.9+10/9.2/1.1+1.3 ms cpu, 152->191->90 MB, 175 MB goal, 0 MB stacks, 0 MB globals, 12 P
gc 758 @14.668s 11%: 0.21+4.6+0.15 ms clock, 2.5+13/10/0+1.8 ms cpu, 157->196->89 MB, 181 MB goal, 0 MB stacks, 0 MB globals, 12 P
gc 759 @14.678s 11%: 0.43+4.4+0.029 ms clock, 5.2+12/8.8/0+0.35 ms cpu, 154->193->88 MB, 179 MB goal, 0 MB stacks, 0 MB globals, 12 P
gc 760 @14.689s 11%: 0.28+3.2+0.080 ms clock, 3.4+13/7.6/0.16+0.96 ms cpu, 155->176->68 MB, 177 MB goal, 0 MB stacks, 0 MB globals, 12 P
gc 761 @14.697s 11%: 0.24+3.6+0.028 ms clock, 2.8+11/7.1/0.42+0.34 ms cpu, 122->151->73 MB, 137 MB goal, 0 MB stacks, 0 MB globals, 12 P
gc 762 @14.705s 11%: 0.34+3.3+0.23 ms clock, 4.1+11/7.3/0.44+2.7 ms cpu, 129->155->76 MB, 147 MB goal, 0 MB stacks, 0 MB globals, 12 P
gc 763 @14.713s 11%: 0.24+3.9+0.006 ms clock, 2.9+11/9.1/0.80+0.077 ms cpu, 132->162->77 MB, 153 MB goal, 0 MB stacks, 0 MB globals, 12 P
gc 764 @14.721s 11%: 0.56+3.1+0.026 ms clock, 6.8+11/7.9/0+0.31 ms cpu, 134->153->66 MB, 155 MB goal, 0 MB stacks, 0 MB globals, 12 P
gc 765 @14.728s 11%: 0.40+3.8+0.075 ms clock, 4.8+8.8/8.4/1.7+0.90 ms cpu, 115->149->78 MB, 133 MB goal, 0 MB stacks, 0 MB globals, 12 P
gc 766 @14.737s 11%: 0.30+4.0+0.086 ms clock, 3.7+13/8.1/0+1.0 ms cpu, 136->170->82 MB, 157 MB goal, 0 MB stacks, 0 MB globals, 12 P
gc 767 @14.746s 11%: 0.41+4.3+0.10 ms clock, 4.9+10/10/0+1.3 ms cpu, 141->177->82 MB, 165 MB goal, 0 MB stacks, 0 MB globals, 12 P
gc 768 @14.757s 11%: 0.15+3.7+0.078 ms clock, 1.8+11/7.4/0.21+0.94 ms cpu, 149->178->76 MB, 165 MB goal, 0 MB stacks, 0 MB globals, 12 P
gc 769 @14.765s 11%: 0.48+4.8+0.046 ms clock, 5.8+12/8.7/0.65+0.55 ms cpu, 132->175->88 MB, 153 MB goal, 0 MB stacks, 0 MB globals, 12 P
gc 770 @14.775s 11%: 0.48+4.2+0.29 ms clock, 5.8+10/10/1.4+3.5 ms cpu, 156->189->78 MB, 177 MB goal, 0 MB stacks, 0 MB globals, 12 P
gc 771 @14.785s 11%: 0.21+3.5+0.16 ms clock, 2.6+10/7.4/1.2+2.0 ms cpu, 139->173->81 MB, 157 MB goal, 0 MB stacks, 0 MB globals, 12 P
gc 772 @14.794s 11%: 0.35+3.2+0.037 ms clock, 4.2+12/8.6/0.55+0.44 ms cpu, 139->162->70 MB, 163 MB goal, 0 MB stacks, 0 MB globals, 12 P
gc 773 @14.801s 11%: 0.24+3.7+0.11 ms clock, 2.9+8.9/7.6/2.8+1.3 ms cpu, 121->153->79 MB, 141 MB goal, 0 MB stacks, 0 MB globals, 12 P
gc 774 @14.810s 11%: 0.29+3.6+0.16 ms clock, 3.5+11/7.0/0.19+2.0 ms cpu, 141->175->85 MB, 159 MB goal, 0 MB stacks, 0 MB globals, 12 P
gc 775 @14.820s 11%: 0.52+3.2+0.031 ms clock, 6.2+13/7.3/0.18+0.37 ms cpu, 149->172->71 MB, 171 MB goal, 0 MB stacks, 0 MB globals, 12 P
gc 776 @14.828s 11%: 0.18+3.3+0.13 ms clock, 2.1+12/7.1/1.4+1.6 ms cpu, 128->154->73 MB, 143 MB goal, 0 MB stacks, 0 MB globals, 12 P
gc 777 @14.836s 11%: 0.16+4.1+0.026 ms clock, 2.0+12/9.2/1.5+0.32 ms cpu, 127->160->82 MB, 147 MB goal, 0 MB stacks, 0 MB globals, 12 P
gc 778 @14.845s 11%: 0.29+4.3+0.080 ms clock, 3.4+13/8.5/0.094+0.96 ms cpu, 141->178->82 MB, 165 MB goal, 0 MB stacks, 0 MB globals, 12 P
gc 779 @14.855s 11%: 0.18+3.7+0.042 ms clock, 2.2+12/7.9/1.0+0.51 ms cpu, 141->172->73 MB, 165 MB goal, 0 MB stacks, 0 MB globals, 12 P
gc 780 @14.863s 11%: 0.27+4.0+0.083 ms clock, 3.3+9.6/8.5/2.4+0.99 ms cpu, 126->162->79 MB, 147 MB goal, 0 MB stacks, 0 MB globals, 12 P
gc 781 @14.872s 11%: 0.44+4.2+0.041 ms clock, 5.3+14/9.3/0.17+0.49 ms cpu, 139->173->84 MB, 159 MB goal, 0 MB stacks, 0 MB globals, 12 P
gc 782 @14.882s 11%: 0.26+4.3+0.10 ms clock, 3.2+12/9.1/0.16+1.2 ms cpu, 146->184->85 MB, 169 MB goal, 0 MB stacks, 0 MB globals, 12 P
gc 783 @14.892s 11%: 0.38+3.5+0.004 ms clock, 4.6+13/9.8/0+0.055 ms cpu, 149->170->70 MB, 171 MB goal, 0 MB stacks, 0 MB globals, 12 P
gc 784 @14.900s 11%: 0.19+4.9+0.013 ms clock, 2.3+11/8.1/0.27+0.15 ms cpu, 122->156->81 MB, 141 MB goal, 0 MB stacks, 0 MB globals, 12 P
gc 785 @14.910s 11%: 0.26+3.6+0.17 ms clock, 3.1+12/8.0/1.2+2.0 ms cpu, 140->175->81 MB, 163 MB goal, 0 MB stacks, 0 MB globals, 12 P
gc 786 @14.920s 11%: 0.38+3.5+0.12 ms clock, 4.5+12/8.5/0.80+1.5 ms cpu, 142->175->81 MB, 163 MB goal, 0 MB stacks, 0 MB globals, 12 P
gc 787 @14.929s 11%: 0.56+4.6+0.047 ms clock, 6.7+11/9.6/1.3+0.56 ms cpu, 140->179->86 MB, 163 MB goal, 0 MB stacks, 0 MB globals, 12 P
gc 788 @14.939s 11%: 0.44+4.2+0.13 ms clock, 5.2+14/8.7/0.12+1.6 ms cpu, 148->189->88 MB, 173 MB goal, 0 MB stacks, 0 MB globals, 12 P
gc 789 @14.950s 11%: 0.30+3.5+0.005 ms clock, 3.7+10/9.3/0+0.064 ms cpu, 154->175->70 MB, 177 MB goal, 0 MB stacks, 0 MB globals, 12 P
gc 790 @14.958s 11%: 0.12+4.2+0.023 ms clock, 1.5+11/8.4/0.12+0.28 ms cpu, 121->153->77 MB, 141 MB goal, 0 MB stacks, 0 MB globals, 12 P
gc 791 @14.967s 11%: 0.27+4.4+0.10 ms clock, 3.3+11/9.7/0.87+1.2 ms cpu, 132->168->84 MB, 155 MB goal, 0 MB stacks, 0 MB globals, 12 P
gc 792 @14.976s 11%: 0.45+4.1+0.20 ms clock, 5.5+14/10/0.27+2.4 ms cpu, 144->181->85 MB, 169 MB goal, 0 MB stacks, 0 MB globals, 12 P
gc 793 @14.987s 11%: 0.24+4.0+0.12 ms clock, 2.8+14/8.3/0.098+1.5 ms cpu, 150->185->83 MB, 171 MB goal, 0 MB stacks, 0 MB globals, 12 P
gc 794 @14.997s 11%: 0.35+4.1+0.078 ms clock, 4.2+12/8.8/0.19+0.94 ms cpu, 144->180->83 MB, 167 MB goal, 0 MB stacks, 0 MB globals, 12 P
gc 795 @15.006s 11%: 0.32+4.5+0.069 ms clock, 3.9+13/10/0.47+0.83 ms cpu, 144->183->87 MB, 167 MB goal, 0 MB stacks, 0 MB globals, 12 P
gc 796 @15.016s 11%: 0.24+4.6+0.035 ms clock, 2.9+13/9.6/0.40+0.42 ms cpu, 149->187->84 MB, 175 MB goal, 0 MB stacks, 0 MB globals, 12 P
gc 797 @15.026s 11%: 0.61+4.3+0.095 ms clock, 7.4+9.6/10/0+1.1 ms cpu, 145->186->84 MB, 169 MB goal, 0 MB stacks, 0 MB globals, 12 P
gc 798 @15.036s 11%: 0.23+4.7+0.004 ms clock, 2.7+14/10/0+0.054 ms cpu, 144->182->84 MB, 169 MB goal, 0 MB stacks, 0 MB globals, 12 P
gc 799 @15.046s 11%: 0.28+4.6+0.044 ms clock, 3.3+16/10/0.89+0.53 ms cpu, 146->189->88 MB, 169 MB goal, 0 MB stacks, 0 MB globals, 12 P
gc 800 @15.057s 11%: 0.19+4.6+0.088 ms clock, 2.3+11/10/1.0+1.0 ms cpu, 151->192->89 MB, 177 MB goal, 0 MB stacks, 0 MB globals, 12 P
gc 801 @15.067s 11%: 0.30+4.8+0.011 ms clock, 3.6+12/9.3/0.36+0.13 ms cpu, 155->195->87 MB, 179 MB goal, 0 MB stacks, 0 MB globals, 12 P
gc 802 @15.077s 11%: 0.39+4.0+0.045 ms clock, 4.7+14/9.0/0+0.54 ms cpu, 151->188->82 MB, 175 MB goal, 0 MB stacks, 0 MB globals, 12 P
gc 803 @15.086s 11%: 0.36+4.1+0.056 ms clock, 4.4+12/9.7/1.6+0.67 ms cpu, 143->177->81 MB, 165 MB goal, 0 MB stacks, 0 MB globals, 12 P
gc 804 @15.096s 11%: 0.30+4.5+0.032 ms clock, 3.6+11/8.7/0.27+0.39 ms cpu, 141->177->84 MB, 163 MB goal, 0 MB stacks, 0 MB globals, 12 P
gc 805 @15.106s 11%: 0.46+4.7+0.050 ms clock, 5.5+16/10/0+0.60 ms cpu, 146->187->86 MB, 169 MB goal, 0 MB stacks, 0 MB globals, 12 P
gc 806 @15.116s 11%: 0.28+4.5+0.070 ms clock, 3.4+14/9.6/0+0.84 ms cpu, 147->190->91 MB, 173 MB goal, 0 MB stacks, 0 MB globals, 12 P
gc 807 @15.127s 11%: 0.29+5.1+0.077 ms clock, 3.5+10/11/0.55+0.92 ms cpu, 158->197->88 MB, 183 MB goal, 0 MB stacks, 0 MB globals, 12 P
gc 808 @15.137s 11%: 0.41+4.6+0.044 ms clock, 4.9+15/11/0.29+0.53 ms cpu, 151->194->92 MB, 177 MB goal, 0 MB stacks, 0 MB globals, 12 P
gc 809 @15.148s 11%: 0.31+4.7+0.060 ms clock, 3.7+13/10/0.53+0.72 ms cpu, 158->198->90 MB, 185 MB goal, 0 MB stacks, 0 MB globals, 12 P
gc 810 @15.158s 11%: 0.31+6.0+0.21 ms clock, 3.8+10/11/0.90+2.6 ms cpu, 155->206->97 MB, 181 MB goal, 0 MB stacks, 0 MB globals, 12 P
gc 811 @15.171s 11%: 0.26+4.7+0.088 ms clock, 3.1+14/10/0.14+1.0 ms cpu, 167->208->87 MB, 195 MB goal, 0 MB stacks, 0 MB globals, 12 P
gc 812 @15.181s 11%: 0.19+4.5+0.095 ms clock, 2.3+15/9.9/0.96+1.1 ms cpu, 150->191->88 MB, 175 MB goal, 0 MB stacks, 0 MB globals, 12 P
gc 813 @15.192s 11%: 0.29+4.4+0.060 ms clock, 3.5+15/9.5/0.33+0.72 ms cpu, 152->191->87 MB, 177 MB goal, 0 MB stacks, 0 MB globals, 12 P
gc 814 @15.202s 11%: 0.31+4.6+0.040 ms clock, 3.7+14/9.2/0.43+0.48 ms cpu, 150->189->88 MB, 175 MB goal, 0 MB stacks, 0 MB globals, 12 P
gc 815 @15.212s 11%: 0.27+3.6+0.058 ms clock, 3.2+14/9.2/0.41+0.70 ms cpu, 153->178->73 MB, 177 MB goal, 0 MB stacks, 0 MB globals, 12 P
gc 816 @15.220s 11%: 0.18+3.1+0.005 ms clock, 2.2+13/7.3/0.19+0.068 ms cpu, 126->145->64 MB, 147 MB goal, 0 MB stacks, 0 MB globals, 12 P
gc 817 @15.228s 11%: 0.19+2.9+0.008 ms clock, 2.3+10/7.3/0.27+0.10 ms cpu, 113->128->56 MB, 129 MB goal, 0 MB stacks, 0 MB globals, 12 P
gc 818 @15.234s 11%: 0.24+3.6+0.066 ms clock, 2.9+11/8.3/1.2+0.79 ms cpu, 101->127->78 MB, 113 MB goal, 0 MB stacks, 0 MB globals, 12 P
gc 819 @15.242s 11%: 0.39+4.9+0.094 ms clock, 4.7+13/8.6/0.098+1.1 ms cpu, 135->169->81 MB, 157 MB goal, 0 MB stacks, 0 MB globals, 12 P
gc 820 @15.253s 11%: 0.25+4.3+0.12 ms clock, 3.0+14/9.0/0.30+1.5 ms cpu, 143->184->87 MB, 163 MB goal, 0 MB stacks, 0 MB globals, 12 P
gc 821 @15.263s 11%: 0.24+4.0+0.005 ms clock, 2.9+13/10/0.51+0.061 ms cpu, 152->174->69 MB, 175 MB goal, 0 MB stacks, 0 MB globals, 12 P
gc 822 @15.271s 11%: 0.45+4.0+0.083 ms clock, 5.4+11/6.9/1.3+1.0 ms cpu, 119->154->79 MB, 139 MB goal, 0 MB stacks, 0 MB globals, 12 P
gc 823 @15.280s 11%: 0.44+4.4+0.038 ms clock, 5.3+12/8.5/0.015+0.46 ms cpu, 138->175->84 MB, 159 MB goal, 0 MB stacks, 0 MB globals, 12 P
gc 824 @15.291s 11%: 0.44+3.6+0.12 ms clock, 5.3+11/8.6/0.94+1.4 ms cpu, 146->177->80 MB, 169 MB goal, 0 MB stacks, 0 MB globals, 12 P
gc 825 @15.300s 11%: 0.27+4.3+0.11 ms clock, 3.2+11/10/0.16+1.3 ms cpu, 137->178->88 MB, 161 MB goal, 0 MB stacks, 0 MB globals, 12 P
gc 826 @15.310s 11%: 0.24+4.9+0.11 ms clock, 2.8+7.4/9.6/0.97+1.4 ms cpu, 153->193->91 MB, 177 MB goal, 0 MB stacks, 0 MB globals, 12 P
gc 827 @15.321s 11%: 0.35+4.7+0.099 ms clock, 4.2+11/10/0.10+1.1 ms cpu, 157->197->86 MB, 183 MB goal, 0 MB stacks, 0 MB globals, 12 P
gc 828 @15.332s 11%: 0.26+4.7+0.030 ms clock, 3.2+11/10/0+0.36 ms cpu, 151->187->82 MB, 173 MB goal, 0 MB stacks, 0 MB globals, 12 P
gc 829 @15.342s 11%: 0.37+3.2+0.13 ms clock, 4.4+15/7.2/0+1.6 ms cpu, 149->179->82 MB, 165 MB goal, 0 MB stacks, 0 MB globals, 12 P
gc 830 @15.351s 11%: 0.34+3.6+0.10 ms clock, 4.1+11/9.3/0.62+1.3 ms cpu, 143->174->81 MB, 165 MB goal, 0 MB stacks, 0 MB globals, 12 P
gc 831 @15.360s 11%: 0.24+4.4+0.064 ms clock, 2.9+14/10/0+0.77 ms cpu, 139->172->78 MB, 163 MB goal, 0 MB stacks, 0 MB globals, 12 P
gc 832 @15.370s 11%: 0.41+3.3+0.005 ms clock, 4.9+13/8.6/0.092+0.060 ms cpu, 140->155->64 MB, 157 MB goal, 0 MB stacks, 0 MB globals, 12 P
gc 833 @15.377s 11%: 0.40+2.8+0.004 ms clock, 4.8+12/7.9/0+0.055 ms cpu, 119->127->56 MB, 129 MB goal, 0 MB stacks, 0 MB globals, 12 P
gc 834 @15.383s 11%: 0.20+2.4+0.073 ms clock, 2.4+13/6.0/0.092+0.87 ms cpu, 101->112->59 MB, 113 MB goal, 0 MB stacks, 0 MB globals, 12 P
gc 835 @15.389s 11%: 0.18+2.8+0.030 ms clock, 2.2+11/7.0/0.98+0.37 ms cpu, 105->118->61 MB, 118 MB goal, 0 MB stacks, 0 MB globals, 12 P
gc 836 @15.395s 11%: 0.27+3.7+0.066 ms clock, 3.3+7.8/9.1/0.83+0.80 ms cpu, 106->133->71 MB, 122 MB goal, 0 MB stacks, 0 MB globals, 12 P
gc 837 @15.403s 11%: 0.37+4.3+0.020 ms clock, 4.4+10/8.9/0.88+0.24 ms cpu, 124->146->70 MB, 143 MB goal, 0 MB stacks, 0 MB globals, 12 P
gc 838 @15.412s 11%: 0.34+4.2+0.087 ms clock, 4.1+11/7.7/0.35+1.0 ms cpu, 120->159->81 MB, 141 MB goal, 0 MB stacks, 0 MB globals, 12 P
gc 839 @15.422s 11%: 0.29+4.3+0.10 ms clock, 3.5+13/8.5/0.61+1.2 ms cpu, 142->175->82 MB, 163 MB goal, 0 MB stacks, 0 MB globals, 12 P
gc 840 @15.431s 11%: 0.19+4.5+0.13 ms clock, 2.3+14/10/0+1.6 ms cpu, 141->182->87 MB, 165 MB goal, 0 MB stacks, 0 MB globals, 12 P
gc 841 @15.442s 11%: 0.31+4.2+0.18 ms clock, 3.7+14/8.6/0.098+2.2 ms cpu, 156->192->89 MB, 175 MB goal, 0 MB stacks, 0 MB globals, 12 P
gc 842 @15.453s 11%: 0.22+5.2+0.081 ms clock, 2.7+12/9.4/0.42+0.98 ms cpu, 153->198->90 MB, 179 MB goal, 0 MB stacks, 0 MB globals, 12 P
gc 843 @15.464s 11%: 0.35+4.5+0.053 ms clock, 4.2+13/8.4/0+0.63 ms cpu, 157->198->85 MB, 181 MB goal, 0 MB stacks, 0 MB globals, 12 P
gc 844 @15.474s 11%: 0.45+4.6+0.046 ms clock, 5.5+14/9.8/0+0.55 ms cpu, 148->186->84 MB, 171 MB goal, 0 MB stacks, 0 MB globals, 12 P
gc 845 @15.485s 11%: 0.30+4.4+0.048 ms clock, 3.6+11/9.4/1.1+0.58 ms cpu, 147->183->84 MB, 169 MB goal, 0 MB stacks, 0 MB globals, 12 P
gc 846 @15.494s 11%: 0.46+3.4+0.083 ms clock, 5.5+14/8.3/0.57+1.0 ms cpu, 148->173->73 MB, 169 MB goal, 0 MB stacks, 0 MB globals, 12 P
gc 847 @15.502s 11%: 0.52+3.7+0.033 ms clock, 6.2+13/8.3/0+0.39 ms cpu, 130->158->79 MB, 147 MB goal, 0 MB stacks, 0 MB globals, 12 P
gc 848 @15.511s 11%: 0.55+4.1+0.054 ms clock, 6.6+10/9.8/1.3+0.65 ms cpu, 137->170->79 MB, 159 MB goal, 0 MB stacks, 0 MB globals, 12 P
gc 849 @15.521s 11%: 0.38+4.1+0.055 ms clock, 4.5+12/8.8/0+0.66 ms cpu, 138->172->82 MB, 159 MB goal, 0 MB stacks, 0 MB globals, 12 P
gc 850 @15.531s 11%: 0.21+3.1+0.015 ms clock, 2.5+13/7.5/0.58+0.18 ms cpu, 145->164->62 MB, 165 MB goal, 0 MB stacks, 0 MB globals, 12 P
gc 851 @15.538s 11%: 0.34+2.8+0.053 ms clock, 4.1+12/6.8/0.19+0.64 ms cpu, 111->127->63 MB, 125 MB goal, 0 MB stacks, 0 MB globals, 12 P
gc 852 @15.544s 11%: 0.44+2.7+0.010 ms clock, 5.3+8.9/6.1/3.5+0.13 ms cpu, 116->120->52 MB, 127 MB goal, 0 MB stacks, 0 MB globals, 12 P
gc 853 @15.550s 11%: 0.45+2.7+0.005 ms clock, 5.4+13/6.9/0+0.060 ms cpu, 97->104->56 MB, 104 MB goal, 0 MB stacks, 0 MB globals, 12 P
gc 854 @15.556s 11%: 0.45+2.5+0.043 ms clock, 5.4+10/6.2/1.6+0.52 ms cpu, 100->113->59 MB, 112 MB goal, 0 MB stacks, 0 MB globals, 12 P
gc 855 @15.562s 11%: 0.21+2.4+0.015 ms clock, 2.5+13/5.7/0+0.18 ms cpu, 108->115->57 MB, 118 MB goal, 0 MB stacks, 0 MB globals, 12 P
gc 856 @15.568s 11%: 0.18+2.9+0.019 ms clock, 2.2+15/7.6/0+0.23 ms cpu, 105->117->61 MB, 114 MB goal, 0 MB stacks, 0 MB globals, 12 P
gc 857 @15.574s 11%: 0.23+4.7+0.25 ms clock, 2.7+15/7.5/0+3.0 ms cpu, 106->138->79 MB, 123 MB goal, 0 MB stacks, 0 MB globals, 12 P
gc 858 @15.585s 11%: 0.25+4.8+0.10 ms clock, 3.0+12/10/0.24+1.2 ms cpu, 140->173->79 MB, 159 MB goal, 0 MB stacks, 0 MB globals, 12 P
gc 859 @15.595s 11%: 0.19+3.4+0.12 ms clock, 2.3+13/7.5/0+1.5 ms cpu, 139->173->85 MB, 159 MB goal, 0 MB stacks, 0 MB globals, 12 P
gc 860 @15.605s 11%: 0.29+3.7+0.15 ms clock, 3.5+14/8.7/0.21+1.8 ms cpu, 149->180->78 MB, 171 MB goal, 0 MB stacks, 0 MB globals, 12 P
gc 861 @15.614s 11%: 0.22+4.1+0.025 ms clock, 2.6+12/9.2/1.9+0.30 ms cpu, 136->170->82 MB, 157 MB goal, 0 MB stacks, 0 MB globals, 12 P
gc 862 @15.623s 11%: 0.46+4.3+0.12 ms clock, 5.6+13/8.3/0+1.4 ms cpu, 142->182->89 MB, 165 MB goal, 0 MB stacks, 0 MB globals, 12 P
gc 863 @15.634s 11%: 0.34+4.9+0.096 ms clock, 4.0+15/9.3/0.32+1.1 ms cpu, 155->197->88 MB, 179 MB goal, 0 MB stacks, 0 MB globals, 12 P
gc 864 @15.644s 11%: 0.41+4.7+0.052 ms clock, 5.0+14/9.6/0.13+0.63 ms cpu, 152->192->87 MB, 177 MB goal, 0 MB stacks, 0 MB globals, 12 P
gc 865 @15.655s 11%: 0.25+3.5+0.044 ms clock, 3.1+13/9.0/0.11+0.53 ms cpu, 157->175->65 MB, 175 MB goal, 0 MB stacks, 0 MB globals, 12 P
gc 866 @15.662s 11%: 0.33+3.9+0.020 ms clock, 4.0+14/8.0/0.23+0.24 ms cpu, 112->143->76 MB, 131 MB goal, 0 MB stacks, 0 MB globals, 12 P
gc 867 @15.671s 12%: 0.33+3.7+0.15 ms clock, 3.9+11/7.9/0.88+1.8 ms cpu, 133->164->77 MB, 153 MB goal, 0 MB stacks, 0 MB globals, 12 P
gc 868 @15.680s 12%: 0.21+4.0+0.14 ms clock, 2.5+11/9.4/1.9+1.7 ms cpu, 132->166->83 MB, 155 MB goal, 0 MB stacks, 0 MB globals, 12 P
gc 869 @15.689s 12%: 0.38+3.8+0.096 ms clock, 4.6+15/8.7/0.10+1.1 ms cpu, 144->174->80 MB, 167 MB goal, 0 MB stacks, 0 MB globals, 12 P
gc 870 @15.699s 12%: 0.26+3.1+0.031 ms clock, 3.1+11/8.0/0.39+0.37 ms cpu, 140->161->70 MB, 161 MB goal, 0 MB stacks, 0 MB globals, 12 P
gc 871 @15.706s 12%: 0.18+3.0+0.005 ms clock, 2.1+10/8.0/0.20+0.064 ms cpu, 123->140->61 MB, 141 MB goal, 0 MB stacks, 0 MB globals, 12 P
gc 872 @15.713s 12%: 0.34+3.6+0.10 ms clock, 4.1+9.2/7.5/1.3+1.2 ms cpu, 108->140->76 MB, 123 MB goal, 0 MB stacks, 0 MB globals, 12 P
gc 873 @15.722s 12%: 0.44+3.9+0.17 ms clock, 5.3+10/8.5/0.83+2.0 ms cpu, 132->167->81 MB, 153 MB goal, 0 MB stacks, 0 MB globals, 12 P
gc 874 @15.732s 12%: 0.32+4.3+0.15 ms clock, 3.9+13/7.7/0.22+1.8 ms cpu, 145->180->83 MB, 163 MB goal, 0 MB stacks, 0 MB globals, 12 P
gc 875 @15.742s 12%: 0.25+4.1+0.20 ms clock, 3.1+13/8.2/0.48+2.4 ms cpu, 146->181->84 MB, 167 MB goal, 0 MB stacks, 0 MB globals, 12 P
gc 876 @15.752s 12%: 0.33+4.5+0.063 ms clock, 4.0+13/9.8/0.21+0.76 ms cpu, 145->181->81 MB, 169 MB goal, 0 MB stacks, 0 MB globals, 12 P
gc 877 @15.761s 12%: 0.44+3.4+0.004 ms clock, 5.3+14/9.1/0.32+0.055 ms cpu, 141->161->66 MB, 163 MB goal, 0 MB stacks, 0 MB globals, 12 P
gc 878 @15.769s 12%: 0.093+2.6+0.073 ms clock, 1.1+11/7.1/0.73+0.88 ms cpu, 113->132->58 MB, 133 MB goal, 0 MB stacks, 0 MB globals, 12 P
gc 879 @15.775s 12%: 0.26+3.1+0.027 ms clock, 3.1+11/7.5/0.37+0.32 ms cpu, 103->119->66 MB, 116 MB goal, 0 MB stacks, 0 MB globals, 12 P
gc 880 @15.782s 12%: 0.25+2.8+0.014 ms clock, 3.0+11/7.3/0.51+0.17 ms cpu, 114->132->61 MB, 133 MB goal, 0 MB stacks, 0 MB globals, 12 P
gc 881 @15.789s 12%: 0.41+3.3+0.68 ms clock, 5.0+9.5/7.1/1.5+8.1 ms cpu, 107->140->78 MB, 123 MB goal, 0 MB stacks, 0 MB globals, 12 P
gc 882 @15.799s 12%: 0.32+5.0+0.10 ms clock, 3.9+10/9.5/0+1.2 ms cpu, 137->172->80 MB, 157 MB goal, 0 MB stacks, 0 MB globals, 12 P
gc 883 @15.809s 12%: 0.45+4.3+0.12 ms clock, 5.4+13/9.6/0.46+1.4 ms cpu, 138->176->86 MB, 161 MB goal, 0 MB stacks, 0 MB globals, 12 P
gc 884 @15.819s 12%: 0.25+4.5+0.083 ms clock, 3.0+13/8.3/0.53+0.99 ms cpu, 152->184->77 MB, 173 MB goal, 0 MB stacks, 0 MB globals, 12 P
gc 885 @15.828s 12%: 0.36+4.5+0.042 ms clock, 4.3+13/9.9/0.13+0.50 ms cpu, 133->171->85 MB, 155 MB goal, 0 MB stacks, 0 MB globals, 12 P
gc 886 @15.838s 12%: 0.32+4.5+0.094 ms clock, 3.9+12/9.8/0.46+1.1 ms cpu, 146->185->85 MB, 171 MB goal, 0 MB stacks, 0 MB globals, 12 P
gc 887 @15.848s 12%: 0.34+3.4+0.005 ms clock, 4.1+14/8.4/0.090+0.066 ms cpu, 149->170->67 MB, 171 MB goal, 0 MB stacks, 0 MB globals, 12 P
gc 888 @15.856s 12%: 0.23+5.8+0.085 ms clock, 2.8+13/10/1.1+1.0 ms cpu, 115->148->80 MB, 135 MB goal, 0 MB stacks, 0 MB globals, 12 P
gc 889 @15.867s 12%: 0.27+3.2+0.004 ms clock, 3.3+13/7.6/1.2+0.058 ms cpu, 140->160->66 MB, 161 MB goal, 0 MB stacks, 0 MB globals, 12 P
gc 890 @15.874s 12%: 0.26+3.8+0.13 ms clock, 3.1+12/6.8/0.17+1.6 ms cpu, 117->152->78 MB, 133 MB goal, 0 MB stacks, 0 MB globals, 12 P
gc 891 @15.884s 12%: 0.47+3.9+0.052 ms clock, 5.6+12/8.6/1.3+0.63 ms cpu, 135->165->78 MB, 157 MB goal, 0 MB stacks, 0 MB globals, 12 P
gc 892 @15.893s 12%: 0.24+3.3+0.063 ms clock, 2.9+15/8.8/0+0.75 ms cpu, 136->156->68 MB, 157 MB goal, 0 MB stacks, 0 MB globals, 12 P
gc 893 @15.900s 12%: 0.20+4.2+0.062 ms clock, 2.4+10/8.7/0.16+0.75 ms cpu, 117->149->78 MB, 137 MB goal, 0 MB stacks, 0 MB globals, 12 P
gc 894 @15.909s 12%: 0.27+3.2+0.005 ms clock, 3.3+11/8.3/0.77+0.065 ms cpu, 136->156->69 MB, 157 MB goal, 0 MB stacks, 0 MB globals, 12 P
gc 895 @15.916s 12%: 0.42+3.9+0.062 ms clock, 5.1+12/7.7/0+0.74 ms cpu, 122->155->84 MB, 139 MB goal, 0 MB stacks, 0 MB globals, 12 P
gc 896 @15.926s 12%: 0.38+4.7+0.007 ms clock, 4.5+12/10/0.13+0.094 ms cpu, 144->180->85 MB, 169 MB goal, 0 MB stacks, 0 MB globals, 12 P
gc 897 @15.936s 12%: 0.26+4.6+0.055 ms clock, 3.1+11/9.8/0.23+0.66 ms cpu, 147->186->86 MB, 171 MB goal, 0 MB stacks, 0 MB globals, 12 P
gc 898 @15.946s 12%: 0.66+4.1+0.025 ms clock, 7.9+10/8.6/2.3+0.30 ms cpu, 148->180->82 MB, 173 MB goal, 0 MB stacks, 0 MB globals, 12 P
gc 899 @15.956s 12%: 0.27+4.0+0.028 ms clock, 3.2+12/8.8/0.47+0.34 ms cpu, 144->176->79 MB, 165 MB goal, 0 MB stacks, 0 MB globals, 12 P
gc 900 @15.965s 12%: 0.37+4.4+0.060 ms clock, 4.5+11/10/0+0.73 ms cpu, 135->171->81 MB, 159 MB goal, 0 MB stacks, 0 MB globals, 12 P
gc 901 @15.975s 12%: 0.25+4.3+0.031 ms clock, 3.0+13/8.1/0.10+0.37 ms cpu, 142->178->84 MB, 163 MB goal, 0 MB stacks, 0 MB globals, 12 P
gc 902 @15.985s 12%: 0.16+3.9+0.077 ms clock, 1.9+15/8.1/0.24+0.92 ms cpu, 145->185->81 MB, 169 MB goal, 0 MB stacks, 0 MB globals, 12 P
gc 903 @15.994s 12%: 0.21+3.3+0.030 ms clock, 2.6+13/8.9/0.31+0.36 ms cpu, 139->162->70 MB, 163 MB goal, 0 MB stacks, 0 MB globals, 12 P
gc 904 @16.001s 12%: 0.19+3.2+0.035 ms clock, 2.3+9.2/8.1/1.5+0.42 ms cpu, 123->140->59 MB, 141 MB goal, 0 MB stacks, 0 MB globals, 12 P
gc 905 @16.008s 12%: 0.17+3.0+0.004 ms clock, 2.0+10/6.8/1.8+0.054 ms cpu, 105->117->58 MB, 119 MB goal, 0 MB stacks, 0 MB globals, 12 P
gc 906 @16.015s 12%: 0.16+2.6+0.030 ms clock, 1.9+11/7.0/0+0.36 ms cpu, 101->115->55 MB, 116 MB goal, 0 MB stacks, 0 MB globals, 12 P
gc 907 @16.021s 12%: 0.32+3.2+0.19 ms clock, 3.9+11/6.7/0.36+2.3 ms cpu, 99->121->72 MB, 110 MB goal, 0 MB stacks, 0 MB globals, 12 P
gc 908 @16.029s 12%: 0.42+6.0+0.071 ms clock, 5.1+11/9.7/0.36+0.85 ms cpu, 125->163->85 MB, 144 MB goal, 0 MB stacks, 0 MB globals, 12 P
gc 909 @16.041s 12%: 0.27+4.4+0.091 ms clock, 3.2+12/9.3/1.4+1.0 ms cpu, 147->184->86 MB, 171 MB goal, 0 MB stacks, 0 MB globals, 12 P
gc 910 @16.050s 12%: 0.62+4.6+0.15 ms clock, 7.4+9.6/10/2.5+1.8 ms cpu, 147->191->89 MB, 173 MB goal, 0 MB stacks, 0 MB globals, 12 P
gc 911 @16.061s 12%: 0.37+4.4+0.090 ms clock, 4.4+13/8.7/0.34+1.0 ms cpu, 157->194->87 MB, 179 MB goal, 0 MB stacks, 0 MB globals, 12 P
gc 912 @16.072s 12%: 0.55+3.8+0.044 ms clock, 6.6+12/7.4/2.9+0.52 ms cpu, 152->181->78 MB, 175 MB goal, 0 MB stacks, 0 MB globals, 12 P
gc 913 @16.080s 12%: 0.42+4.5+0.051 ms clock, 5.0+13/9.0/0+0.61 ms cpu, 135->170->84 MB, 157 MB goal, 0 MB stacks, 0 MB globals, 12 P
gc 914 @16.090s 12%: 0.36+4.5+0.063 ms clock, 4.3+13/11/0.54+0.76 ms cpu, 147->187->87 MB, 169 MB goal, 0 MB stacks, 0 MB globals, 12 P
gc 915 @16.100s 12%: 0.47+4.0+0.042 ms clock, 5.7+13/9.4/0.074+0.50 ms cpu, 154->187->81 MB, 175 MB goal, 0 MB stacks, 0 MB globals, 12 P
gc 916 @16.110s 12%: 0.11+3.8+0.010 ms clock, 1.4+10/8.2/0.14+0.12 ms cpu, 141->172->71 MB, 163 MB goal, 0 MB stacks, 0 MB globals, 12 P
gc 917 @16.118s 12%: 0.27+3.4+0.066 ms clock, 3.2+12/7.9/1.3+0.80 ms cpu, 122->149->74 MB, 142 MB goal, 0 MB stacks, 0 MB globals, 12 P
gc 918 @16.126s 12%: 0.26+4.1+0.035 ms clock, 3.1+13/8.5/0.79+0.42 ms cpu, 127->158->78 MB, 149 MB goal, 0 MB stacks, 0 MB globals, 12 P
gc 919 @16.135s 12%: 0.24+4.5+0.11 ms clock, 2.9+11/8.9/1.5+1.3 ms cpu, 135->174->87 MB, 157 MB goal, 0 MB stacks, 0 MB globals, 12 P
gc 920 @16.146s 12%: 0.32+3.7+0.004 ms clock, 3.8+11/9.8/0+0.057 ms cpu, 151->174->71 MB, 175 MB goal, 0 MB stacks, 0 MB globals, 12 P
gc 921 @16.154s 12%: 0.14+3.3+0.012 ms clock, 1.7+12/8.9/0.82+0.14 ms cpu, 123->141->66 MB, 143 MB goal, 0 MB stacks, 0 MB globals, 12 P
gc 922 @16.161s 12%: 0.54+3.7+0.081 ms clock, 6.5+10/7.6/0.28+0.97 ms cpu, 113->139->67 MB, 133 MB goal, 0 MB stacks, 0 MB globals, 12 P
gc 923 @16.169s 12%: 0.27+3.1+0.004 ms clock, 3.3+11/7.6/0.28+0.053 ms cpu, 116->134->66 MB, 135 MB goal, 0 MB stacks, 0 MB globals, 12 P
gc 924 @16.176s 12%: 0.48+4.4+0.16 ms clock, 5.8+8.9/7.3/3.2+1.9 ms cpu, 113->148->78 MB, 133 MB goal, 0 MB stacks, 0 MB globals, 12 P
gc 925 @16.187s 12%: 0.17+3.0+0.12 ms clock, 2.1+14/7.3/0.12+1.5 ms cpu, 136->161->68 MB, 157 MB goal, 0 MB stacks, 0 MB globals, 12 P
gc 926 @16.194s 12%: 0.23+3.7+0.044 ms clock, 2.8+12/8.9/0.36+0.52 ms cpu, 118->146->78 MB, 137 MB goal, 0 MB stacks, 0 MB globals, 12 P
gc 927 @16.203s 12%: 0.18+4.1+0.11 ms clock, 2.2+11/9.5/1.2+1.3 ms cpu, 134->170->83 MB, 157 MB goal, 0 MB stacks, 0 MB globals, 12 P
gc 928 @16.212s 12%: 0.30+4.3+0.11 ms clock, 3.6+11/8.6/1.3+1.4 ms cpu, 146->178->79 MB, 167 MB goal, 0 MB stacks, 0 MB globals, 12 P
gc 929 @16.222s 12%: 0.21+3.7+0.14 ms clock, 2.6+13/7.9/1.5+1.7 ms cpu, 135->168->80 MB, 159 MB goal, 0 MB stacks, 0 MB globals, 12 P
gc 930 @16.231s 12%: 0.23+4.0+0.11 ms clock, 2.8+13/8.3/0.40+1.3 ms cpu, 137->172->80 MB, 161 MB goal, 0 MB stacks, 0 MB globals, 12 P
gc 931 @16.240s 12%: 0.28+4.1+0.12 ms clock, 3.4+13/9.5/0+1.5 ms cpu, 138->173->84 MB, 161 MB goal, 0 MB stacks, 0 MB globals, 12 P
gc 932 @16.249s 12%: 0.45+4.0+0.092 ms clock, 5.4+11/9.3/1.2+1.1 ms cpu, 145->182->84 MB, 169 MB goal, 0 MB stacks, 0 MB globals, 12 P
gc 933 @16.259s 12%: 0.39+4.4+0.10 ms clock, 4.7+11/10/1.3+1.2 ms cpu, 147->184->84 MB, 169 MB goal, 0 MB stacks, 0 MB globals, 12 P
gc 934 @16.269s 12%: 0.35+3.6+0.004 ms clock, 4.2+13/8.2/1.6+0.058 ms cpu, 144->168->70 MB, 169 MB goal, 0 MB stacks, 0 MB globals, 12 P
gc 935 @16.277s 12%: 0.17+3.3+0.12 ms clock, 2.0+7.3/8.5/1.5+1.5 ms cpu, 123->153->76 MB, 141 MB goal, 0 MB stacks, 0 MB globals, 12 P
gc 936 @16.286s 12%: 0.30+4.0+0.098 ms clock, 3.6+15/9.0/0.25+1.1 ms cpu, 131->170->86 MB, 153 MB goal, 0 MB stacks, 0 MB globals, 12 P
gc 937 @16.295s 12%: 0.33+4.9+0.092 ms clock, 4.0+10/9.9/1.7+1.1 ms cpu, 148->186->87 MB, 173 MB goal, 0 MB stacks, 0 MB globals, 12 P
gc 938 @16.306s 12%: 0.27+4.2+0.11 ms clock, 3.3+13/9.6/0.86+1.3 ms cpu, 151->190->88 MB, 175 MB goal, 0 MB stacks, 0 MB globals, 12 P
gc 939 @16.316s 12%: 0.32+4.4+0.096 ms clock, 3.9+11/9.5/2.2+1.1 ms cpu, 154->193->88 MB, 177 MB goal, 0 MB stacks, 0 MB globals, 12 P
gc 940 @16.326s 12%: 0.18+4.3+0.090 ms clock, 2.2+12/9.0/0.95+1.0 ms cpu, 155->192->84 MB, 177 MB goal, 0 MB stacks, 0 MB globals, 12 P
gc 941 @16.336s 12%: 0.33+4.4+0.059 ms clock, 4.0+15/10/0+0.71 ms cpu, 145->184->86 MB, 169 MB goal, 0 MB stacks, 0 MB globals, 12 P
gc 942 @16.346s 12%: 0.45+4.5+0.13 ms clock, 5.4+12/9.6/0.001+1.6 ms cpu, 147->190->87 MB, 173 MB goal, 0 MB stacks, 0 MB globals, 12 P
gc 943 @16.356s 12%: 0.30+3.9+0.29 ms clock, 3.6+11/8.9/0.34+3.5 ms cpu, 152->186->83 MB, 175 MB goal, 0 MB stacks, 0 MB globals, 12 P
gc 944 @16.366s 12%: 0.25+4.0+0.041 ms clock, 3.0+12/8.8/1.1+0.49 ms cpu, 143->178->81 MB, 167 MB goal, 0 MB stacks, 0 MB globals, 12 P
gc 945 @16.375s 12%: 0.22+4.1+0.025 ms clock, 2.6+12/8.5/0.068+0.30 ms cpu, 139->175->84 MB, 163 MB goal, 0 MB stacks, 0 MB globals, 12 P
gc 946 @16.384s 12%: 0.41+3.6+0.005 ms clock, 4.9+9.8/9.4/0.56+0.060 ms cpu, 144->168->67 MB, 169 MB goal, 0 MB stacks, 0 MB globals, 12 P
gc 947 @16.392s 12%: 0.27+3.4+0.075 ms clock, 3.3+11/7.4/0.53+0.90 ms cpu, 119->144->73 MB, 135 MB goal, 0 MB stacks, 0 MB globals, 12 P
gc 948 @16.400s 12%: 0.22+3.4+0.013 ms clock, 2.6+12/8.2/0.088+0.15 ms cpu, 128->147->66 MB, 147 MB goal, 0 MB stacks, 0 MB globals, 12 P
gc 949 @16.407s 12%: 0.22+3.9+0.038 ms clock, 2.7+11/7.5/0.52+0.46 ms cpu, 117->147->80 MB, 133 MB goal, 0 MB stacks, 0 MB globals, 12 P
gc 950 @16.416s 12%: 0.23+3.9+0.16 ms clock, 2.7+10/7.7/2.0+1.9 ms cpu, 137->173->78 MB, 161 MB goal, 0 MB stacks, 0 MB globals, 12 P
gc 951 @16.425s 12%: 0.26+3.9+0.084 ms clock, 3.1+13/8.8/0+1.0 ms cpu, 136->173->81 MB, 157 MB goal, 0 MB stacks, 0 MB globals, 12 P
gc 952 @16.435s 12%: 0.34+3.4+0.024 ms clock, 4.1+11/9.0/0.72+0.29 ms cpu, 141->163->69 MB, 163 MB goal, 0 MB stacks, 0 MB globals, 12 P
gc 953 @16.443s 12%: 0.18+3.0+0.005 ms clock, 2.2+10/8.3/0.38+0.063 ms cpu, 122->138->62 MB, 139 MB goal, 0 MB stacks, 0 MB globals, 12 P
gc 954 @16.449s 12%: 0.27+3.0+0.009 ms clock, 3.2+12/7.9/0+0.11 ms cpu, 107->123->64 MB, 124 MB goal, 0 MB stacks, 0 MB globals, 12 P
gc 955 @16.456s 12%: 0.16+3.0+0.41 ms clock, 1.9+11/6.5/0.23+5.0 ms cpu, 117->138->70 MB, 128 MB goal, 0 MB stacks, 0 MB globals, 12 P
gc 956 @16.464s 12%: 0.43+3.3+0.064 ms clock, 5.2+12/8.5/0.82+0.77 ms cpu, 121->142->72 MB, 140 MB goal, 0 MB stacks, 0 MB globals, 12 P
gc 957 @16.472s 12%: 0.53+3.8+0.098 ms clock, 6.4+9.5/8.7/2.0+1.1 ms cpu, 126->155->81 MB, 145 MB goal, 0 MB stacks, 0 MB globals, 12 P
gc 958 @16.481s 12%: 0.51+4.7+0.16 ms clock, 6.1+11/9.2/0+1.9 ms cpu, 141->185->93 MB, 163 MB goal, 0 MB stacks, 0 MB globals, 12 P
gc 959 @16.493s 12%: 0.36+4.7+0.10 ms clock, 4.3+12/9.7/0+1.2 ms cpu, 161->200->86 MB, 187 MB goal, 0 MB stacks, 0 MB globals, 12 P
gc 960 @16.503s 12%: 0.48+4.0+0.042 ms clock, 5.7+12/9.3/0.97+0.51 ms cpu, 148->184->86 MB, 173 MB goal, 0 MB stacks, 0 MB globals, 12 P
gc 961 @16.512s 12%: 0.29+4.7+0.089 ms clock, 3.4+10/10/1.2+1.0 ms cpu, 149->188->86 MB, 173 MB goal, 0 MB stacks, 0 MB globals, 12 P
gc 962 @16.523s 12%: 0.33+4.4+0.051 ms clock, 3.9+12/9.1/0.069+0.62 ms cpu, 148->190->87 MB, 173 MB goal, 0 MB stacks, 0 MB globals, 12 P
gc 963 @16.533s 12%: 0.38+4.4+0.054 ms clock, 4.6+13/8.4/0.28+0.65 ms cpu, 152->189->83 MB, 175 MB goal, 0 MB stacks, 0 MB globals, 12 P
gc 964 @16.543s 12%: 0.31+4.3+0.10 ms clock, 3.7+13/8.9/0+1.3 ms cpu, 144->187->91 MB, 167 MB goal, 0 MB stacks, 0 MB globals, 12 P
gc 965 @16.553s 12%: 0.35+4.6+0.033 ms clock, 4.2+14/10/0+0.39 ms cpu, 157->194->85 MB, 183 MB goal, 0 MB stacks, 0 MB globals, 12 P
gc 966 @16.564s 12%: 0.45+3.9+0.086 ms clock, 5.5+14/7.8/0.68+1.0 ms cpu, 149->183->81 MB, 171 MB goal, 0 MB stacks, 0 MB globals, 12 P
gc 967 @16.573s 12%: 0.44+3.1+0.004 ms clock, 5.3+14/7.7/0.48+0.055 ms cpu, 141->156->57 MB, 163 MB goal, 0 MB stacks, 0 MB globals, 12 P
gc 968 @16.580s 12%: 0.18+3.2+0.049 ms clock, 2.2+13/7.3/0+0.59 ms cpu, 106->129->69 MB, 115 MB goal, 0 MB stacks, 0 MB globals, 12 P
gc 969 @16.587s 12%: 0.26+4.0+0.049 ms clock, 3.1+12/8.5/0+0.59 ms cpu, 118->152->81 MB, 139 MB goal, 0 MB stacks, 0 MB globals, 12 P
gc 970 @16.596s 12%: 0.40+4.3+0.098 ms clock, 4.8+13/8.8/0.10+1.1 ms cpu, 141->179->84 MB, 163 MB goal, 0 MB stacks, 0 MB globals, 12 P
gc 971 @16.606s 12%: 0.64+3.1+0.034 ms clock, 7.7+13/8.1/0.18+0.41 ms cpu, 145->165->65 MB, 169 MB goal, 0 MB stacks, 0 MB globals, 12 P
gc 972 @16.613s 12%: 0.20+2.9+0.031 ms clock, 2.4+12/7.0/0.001+0.38 ms cpu, 118->131->59 MB, 131 MB goal, 0 MB stacks, 0 MB globals, 12 P
gc 973 @16.619s 12%: 0.14+3.7+0.065 ms clock, 1.7+8.8/8.7/2.2+0.78 ms cpu, 103->131->76 MB, 119 MB goal, 0 MB stacks, 0 MB globals, 12 P
gc 974 @16.627s 12%: 0.47+4.3+0.14 ms clock, 5.7+11/8.8/0.25+1.7 ms cpu, 131->173->89 MB, 153 MB goal, 0 MB stacks, 0 MB globals, 12 P
gc 975 @16.638s 12%: 0.18+3.3+0.19 ms clock, 2.2+13/8.0/0.64+2.3 ms cpu, 156->189->79 MB, 179 MB goal, 0 MB stacks, 0 MB globals, 12 P
gc 976 @16.647s 12%: 0.21+4.7+0.066 ms clock, 2.5+13/8.5/0.27+0.80 ms cpu, 136->178->92 MB, 159 MB goal, 0 MB stacks, 0 MB globals, 12 P
gc 977 @16.658s 12%: 0.22+4.8+0.075 ms clock, 2.6+9.6/9.5/1.7+0.90 ms cpu, 158->197->84 MB, 185 MB goal, 0 MB stacks, 0 MB globals, 12 P
gc 978 @16.668s 12%: 0.48+4.0+0.083 ms clock, 5.7+12/9.0/0+1.0 ms cpu, 148->180->80 MB, 169 MB goal, 0 MB stacks, 0 MB globals, 12 P
gc 979 @16.678s 12%: 0.28+4.2+0.087 ms clock, 3.4+13/8.3/0+1.0 ms cpu, 137->174->84 MB, 161 MB goal, 0 MB stacks, 0 MB globals, 12 P
gc 980 @16.687s 12%: 0.49+4.5+0.044 ms clock, 5.9+12/8.6/0.077+0.53 ms cpu, 145->182->83 MB, 169 MB goal, 0 MB stacks, 0 MB globals, 12 P
gc 981 @16.697s 12%: 0.28+4.6+0.034 ms clock, 3.4+14/10/0.24+0.41 ms cpu, 145->183->83 MB, 167 MB goal, 0 MB stacks, 0 MB globals, 12 P
gc 982 @16.707s 12%: 0.21+4.4+0.028 ms clock, 2.5+14/10/0+0.34 ms cpu, 143->186->88 MB, 167 MB goal, 0 MB stacks, 0 MB globals, 12 P
gc 983 @16.717s 12%: 0.28+3.8+0.15 ms clock, 3.4+11/9.1/1.2+1.8 ms cpu, 152->190->86 MB, 177 MB goal, 0 MB stacks, 0 MB globals, 12 P
gc 984 @16.726s 12%: 0.29+3.5+0.032 ms clock, 3.5+12/7.8/0.43+0.39 ms cpu, 149->176->74 MB, 173 MB goal, 0 MB stacks, 0 MB globals, 12 P
gc 985 @16.735s 12%: 0.22+4.1+0.11 ms clock, 2.7+12/8.8/0.097+1.3 ms cpu, 131->166->83 MB, 148 MB goal, 0 MB stacks, 0 MB globals, 12 P
gc 986 @16.744s 12%: 0.34+4.3+0.090 ms clock, 4.1+12/9.9/1.5+1.0 ms cpu, 142->182->83 MB, 167 MB goal, 0 MB stacks, 0 MB globals, 12 P
gc 987 @16.754s 12%: 0.40+4.0+0.15 ms clock, 4.8+12/8.9/1.5+1.8 ms cpu, 145->180->84 MB, 167 MB goal, 0 MB stacks, 0 MB globals, 12 P
gc 988 @16.764s 12%: 0.46+4.1+0.15 ms clock, 5.5+11/9.2/1.9+1.8 ms cpu, 146->180->80 MB, 169 MB goal, 0 MB stacks, 0 MB globals, 12 P
gc 989 @16.773s 12%: 0.41+4.5+0.004 ms clock, 4.9+14/8.6/0.27+0.054 ms cpu, 140->179->88 MB, 161 MB goal, 0 MB stacks, 0 MB globals, 12 P
gc 990 @16.783s 12%: 0.28+5.4+0.081 ms clock, 3.4+11/12/1.3+0.98 ms cpu, 151->198->93 MB, 177 MB goal, 0 MB stacks, 0 MB globals, 12 P
gc 991 @16.795s 12%: 0.20+4.1+0.10 ms clock, 2.4+15/8.1/0+1.2 ms cpu, 165->199->81 MB, 187 MB goal, 0 MB stacks, 0 MB globals, 12 P
gc 992 @16.804s 12%: 0.67+3.3+0.037 ms clock, 8.1+14/8.6/0.47+0.44 ms cpu, 141->162->64 MB, 163 MB goal, 0 MB stacks, 0 MB globals, 12 P
gc 993 @16.811s 12%: 0.55+3.6+0.12 ms clock, 6.7+12/7.7/0.23+1.5 ms cpu, 113->141->74 MB, 129 MB goal, 0 MB stacks, 0 MB globals, 12 P
gc 994 @16.820s 12%: 0.33+4.4+0.006 ms clock, 4.0+12/10/0.17+0.080 ms cpu, 128->161->78 MB, 149 MB goal, 0 MB stacks, 0 MB globals, 12 P
gc 995 @16.830s 12%: 0.28+2.9+0.025 ms clock, 3.4+12/7.6/0.50+0.31 ms cpu, 137->156->65 MB, 157 MB goal, 0 MB stacks, 0 MB globals, 12 P
gc 996 @16.837s 12%: 0.24+3.0+0.004 ms clock, 2.9+9.7/7.6/0.19+0.056 ms cpu, 113->129->58 MB, 131 MB goal, 0 MB stacks, 0 MB globals, 12 P
gc 997 @16.844s 12%: 0.40+3.7+0.005 ms clock, 4.8+8.8/9.4/3.0+0.064 ms cpu, 105->129->71 MB, 116 MB goal, 0 MB stacks, 0 MB globals, 12 P
gc 998 @16.852s 12%: 0.25+3.9+0.027 ms clock, 3.1+11/8.4/2.1+0.33 ms cpu, 125->153->75 MB, 143 MB goal, 0 MB stacks, 0 MB globals, 12 P
gc 999 @16.861s 12%: 0.20+4.1+0.007 ms clock, 2.4+11/9.3/0.82+0.086 ms cpu, 130->164->79 MB, 151 MB goal, 0 MB stacks, 0 MB globals, 12 P
gc 1000 @16.870s 12%: 0.28+3.3+0.027 ms clock, 3.3+11/8.8/0.58+0.33 ms cpu, 140->159->68 MB, 159 MB goal, 0 MB stacks, 0 MB globals, 12 P
gc 1001 @16.877s 12%: 0.40+4.0+0.12 ms clock, 4.8+11/9.0/0.64+1.4 ms cpu, 118->155->86 MB, 137 MB goal, 0 MB stacks, 0 MB globals, 12 P
gc 1002 @16.887s 12%: 0.41+3.9+0.22 ms clock, 4.9+13/8.9/0.62+2.6 ms cpu, 148->182->80 MB, 173 MB goal, 0 MB stacks, 0 MB globals, 12 P
gc 1003 @16.897s 12%: 0.36+3.8+0.13 ms clock, 4.3+11/8.6/0.89+1.6 ms cpu, 141->176->82 MB, 161 MB goal, 0 MB stacks, 0 MB globals, 12 P
gc 1004 @16.907s 12%: 0.29+3.8+0.071 ms clock, 3.4+14/8.1/0+0.85 ms cpu, 144->175->80 MB, 165 MB goal, 0 MB stacks, 0 MB globals, 12 P
gc 1005 @16.916s 12%: 0.28+4.1+0.11 ms clock, 3.3+12/9.5/0.49+1.3 ms cpu, 139->173->81 MB, 161 MB goal, 0 MB stacks, 0 MB globals, 12 P
gc 1006 @16.925s 12%: 0.19+3.9+0.025 ms clock, 2.3+13/7.6/0.12+0.30 ms cpu, 142->172->78 MB, 163 MB goal, 0 MB stacks, 0 MB globals, 12 P
gc 1007 @16.934s 12%: 0.23+3.8+0.37 ms clock, 2.8+11/7.7/2.2+4.4 ms cpu, 137->170->78 MB, 157 MB goal, 0 MB stacks, 0 MB globals, 12 P
gc 1008 @16.943s 12%: 0.32+3.4+0.005 ms clock, 3.8+12/9.2/0.89+0.060 ms cpu, 136->156->68 MB, 156 MB goal, 0 MB stacks, 0 MB globals, 12 P
gc 1009 @16.951s 12%: 0.35+3.4+0.070 ms clock, 4.2+10/7.1/0+0.84 ms cpu, 125->150->75 MB, 136 MB goal, 0 MB stacks, 0 MB globals, 12 P
gc 1010 @16.959s 12%: 0.19+3.5+0.18 ms clock, 2.3+11/8.0/0.88+2.2 ms cpu, 131->165->76 MB, 151 MB goal, 0 MB stacks, 0 MB globals, 12 P
gc 1011 @16.968s 12%: 0.25+4.2+0.10 ms clock, 3.0+13/9.0/0.18+1.2 ms cpu, 130->167->85 MB, 153 MB goal, 0 MB stacks, 0 MB globals, 12 P
gc 1012 @16.979s 12%: 0.19+3.4+0.005 ms clock, 2.3+14/7.4/0.39+0.069 ms cpu, 151->172->67 MB, 171 MB goal, 0 MB stacks, 0 MB globals, 12 P
gc 1013 @16.986s 12%: 0.41+3.2+0.21 ms clock, 4.9+11/6.4/1.0+2.5 ms cpu, 121->149->80 MB, 135 MB goal, 0 MB stacks, 0 MB globals, 12 P
gc 1014 @16.995s 12%: 0.66+3.8+0.077 ms clock, 8.0+10/8.6/0.51+0.93 ms cpu, 138->169->76 MB, 160 MB goal, 0 MB stacks, 0 MB globals, 12 P
gc 1015 @17.005s 12%: 0.18+4.0+0.022 ms clock, 2.1+14/8.0/0.41+0.27 ms cpu, 130->163->80 MB, 153 MB goal, 0 MB stacks, 0 MB globals, 12 P
gc 1016 @17.014s 12%: 0.19+3.7+0.14 ms clock, 2.2+12/8.5/1.4+1.6 ms cpu, 138->172->82 MB, 161 MB goal, 0 MB stacks, 0 MB globals, 12 P
gc 1017 @17.023s 12%: 0.33+3.8+0.090 ms clock, 4.0+10/8.3/0.19+1.0 ms cpu, 146->174->76 MB, 165 MB goal, 0 MB stacks, 0 MB globals, 12 P
gc 1018 @17.031s 12%: 0.40+3.7+0.069 ms clock, 4.9+12/8.2/0.19+0.83 ms cpu, 133->167->78 MB, 153 MB goal, 0 MB stacks, 0 MB globals, 12 P
gc 1019 @17.040s 12%: 0.33+3.7+0.17 ms clock, 3.9+11/8.2/0.35+2.1 ms cpu, 136->173->79 MB, 157 MB goal, 0 MB stacks, 0 MB globals, 12 P
gc 1020 @17.049s 12%: 0.41+4.3+0.095 ms clock, 5.0+11/9.1/0.001+1.1 ms cpu, 138->176->83 MB, 159 MB goal, 0 MB stacks, 0 MB globals, 12 P
gc 1021 @17.059s 12%: 0.27+3.8+0.20 ms clock, 3.2+11/8.5/2.2+2.5 ms cpu, 147->178->81 MB, 167 MB goal, 0 MB stacks, 0 MB globals, 12 P
gc 1022 @17.068s 12%: 0.35+3.3+0.006 ms clock, 4.2+10/8.9/1.7+0.073 ms cpu, 144->162->67 MB, 163 MB goal, 0 MB stacks, 0 MB globals, 12 P
gc 1023 @17.076s 12%: 0.12+4.4+0.13 ms clock, 1.5+7.2/9.4/1.3+1.5 ms cpu, 115->154->86 MB, 135 MB goal, 0 MB stacks, 0 MB globals, 12 P
gc 1024 @17.086s 12%: 0.48+4.4+0.23 ms clock, 5.8+10/9.4/0+2.8 ms cpu, 151->187->83 MB, 173 MB goal, 0 MB stacks, 0 MB globals, 12 P
gc 1025 @17.096s 12%: 0.50+4.1+0.059 ms clock, 6.0+10/9.5/1.8+0.70 ms cpu, 146->179->80 MB, 166 MB goal, 0 MB stacks, 0 MB globals, 12 P
gc 1026 @17.106s 12%: 0.37+3.2+0.034 ms clock, 4.5+12/8.1/0.47+0.41 ms cpu, 140->159->65 MB, 161 MB goal, 0 MB stacks, 0 MB globals, 12 P
gc 1027 @17.113s 13%: 0.26+2.9+0.021 ms clock, 3.1+13/7.3/0.46+0.25 ms cpu, 117->130->62 MB, 131 MB goal, 0 MB stacks, 0 MB globals, 12 P
gc 1028 @17.119s 13%: 0.21+3.9+0.097 ms clock, 2.5+10/8.7/0+1.1 ms cpu, 111->139->78 MB, 125 MB goal, 0 MB stacks, 0 MB globals, 12 P
gc 1029 @17.128s 13%: 0.48+4.6+0.087 ms clock, 5.7+13/8.5/0.22+1.0 ms cpu, 136->173->85 MB, 157 MB goal, 0 MB stacks, 0 MB globals, 12 P
gc 1030 @17.138s 13%: 0.29+3.4+0.011 ms clock, 3.5+9.9/9.1/3.4+0.13 ms cpu, 146->170->73 MB, 171 MB goal, 0 MB stacks, 0 MB globals, 12 P
gc 1031 @17.146s 13%: 0.24+4.6+0.086 ms clock, 2.9+12/9.2/1.0+1.0 ms cpu, 126->158->79 MB, 147 MB goal, 0 MB stacks, 0 MB globals, 12 P
gc 1032 @17.155s 13%: 0.35+3.2+0.004 ms clock, 4.2+12/8.0/0.71+0.056 ms cpu, 136->158->69 MB, 159 MB goal, 0 MB stacks, 0 MB globals, 12 P
gc 1033 @17.163s 13%: 0.55+3.7+0.095 ms clock, 6.6+10/8.2/1.8+1.1 ms cpu, 118->153->84 MB, 139 MB goal, 0 MB stacks, 0 MB globals, 12 P
gc 1034 @17.172s 13%: 0.29+4.3+0.094 ms clock, 3.5+12/9.0/1.1+1.1 ms cpu, 144->177->80 MB, 169 MB goal, 0 MB stacks, 0 MB globals, 12 P
gc 1035 @17.182s 13%: 0.33+4.3+0.051 ms clock, 4.0+14/8.8/0.29+0.61 ms cpu, 138->176->87 MB, 161 MB goal, 0 MB stacks, 0 MB globals, 12 P
gc 1036 @17.191s 13%: 0.48+4.8+0.18 ms clock, 5.8+12/8.4/1.0+2.1 ms cpu, 151->196->90 MB, 175 MB goal, 0 MB stacks, 0 MB globals, 12 P
gc 1037 @17.203s 13%: 0.44+4.9+0.024 ms clock, 5.3+12/10/0.55+0.28 ms cpu, 154->196->86 MB, 181 MB goal, 0 MB stacks, 0 MB globals, 12 P
gc 1038 @17.214s 13%: 0.10+4.1+0.072 ms clock, 1.3+11/10/0.87+0.87 ms cpu, 148->180->76 MB, 173 MB goal, 0 MB stacks, 0 MB globals, 12 P
gc 1039 @17.223s 13%: 0.45+3.9+0.049 ms clock, 5.4+12/8.9/0.10+0.59 ms cpu, 133->167->82 MB, 153 MB goal, 0 MB stacks, 0 MB globals, 12 P
gc 1040 @17.232s 13%: 0.20+4.0+0.10 ms clock, 2.5+14/8.9/0.22+1.2 ms cpu, 146->180->83 MB, 165 MB goal, 0 MB stacks, 0 MB globals, 12 P
gc 1041 @17.242s 13%: 0.60+4.6+0.10 ms clock, 7.2+9.3/10/2.1+1.2 ms cpu, 142->181->81 MB, 167 MB goal, 0 MB stacks, 0 MB globals, 12 P
gc 1042 @17.252s 13%: 0.46+4.5+0.20 ms clock, 5.5+13/8.9/0.15+2.4 ms cpu, 140->179->86 MB, 163 MB goal, 0 MB stacks, 0 MB globals, 12 P
gc 1043 @17.262s 13%: 0.34+4.0+0.050 ms clock, 4.1+11/9.3/1.4+0.60 ms cpu, 149->174->72 MB, 173 MB goal, 0 MB stacks, 0 MB globals, 12 P
gc 1044 @17.270s 13%: 0.50+3.8+0.10 ms clock, 6.0+12/7.6/0.30+1.3 ms cpu, 128->160->82 MB, 145 MB goal, 0 MB stacks, 0 MB globals, 12 P
gc 1045 @17.280s 13%: 0.41+3.9+0.12 ms clock, 4.9+11/8.6/0+1.4 ms cpu, 146->180->80 MB, 165 MB goal, 0 MB stacks, 0 MB globals, 12 P
gc 1046 @17.290s 13%: 0.44+3.2+0.017 ms clock, 5.3+13/8.7/0.50+0.20 ms cpu, 140->160->64 MB, 161 MB goal, 0 MB stacks, 0 MB globals, 12 P
gc 1047 @17.297s 13%: 0.21+3.5+0.018 ms clock, 2.6+11/7.1/0.12+0.22 ms cpu, 113->142->73 MB, 129 MB goal, 0 MB stacks, 0 MB globals, 12 P
gc 1048 @17.305s 13%: 0.26+3.9+0.084 ms clock, 3.2+11/7.7/0+1.0 ms cpu, 129->160->76 MB, 146 MB goal, 0 MB stacks, 0 MB globals, 12 P
gc 1049 @17.314s 13%: 0.40+4.4+0.010 ms clock, 4.9+8.3/9.8/0.075+0.12 ms cpu, 131->165->77 MB, 153 MB goal, 0 MB stacks, 0 MB globals, 12 P
gc 1050 @17.324s 13%: 0.41+3.2+0.024 ms clock, 5.0+13/8.1/0.41+0.29 ms cpu, 133->154->67 MB, 155 MB goal, 0 MB stacks, 0 MB globals, 12 P
gc 1051 @17.331s 13%: 0.46+2.5+0.022 ms clock, 5.5+10/6.0/1.4+0.26 ms cpu, 122->135->61 MB, 135 MB goal, 0 MB stacks, 0 MB globals, 12 P
gc 1052 @17.337s 13%: 0.24+3.6+0.059 ms clock, 2.9+7.0/8.5/4.1+0.71 ms cpu, 106->136->78 MB, 122 MB goal, 0 MB stacks, 0 MB globals, 12 P
gc 1053 @17.346s 13%: 0.25+4.0+0.19 ms clock, 3.1+12/8.1/0.15+2.3 ms cpu, 138->174->85 MB, 157 MB goal, 0 MB stacks, 0 MB globals, 12 P
gc 1054 @17.356s 13%: 0.20+3.2+0.14 ms clock, 2.4+13/8.4/0.38+1.7 ms cpu, 149->171->69 MB, 171 MB goal, 0 MB stacks, 0 MB globals, 12 P
gc 1055 @17.364s 13%: 0.18+4.7+0.040 ms clock, 2.2+12/7.8/0.56+0.48 ms cpu, 120->156->77 MB, 139 MB goal, 0 MB stacks, 0 MB globals, 12 P
gc 1056 @17.374s 13%: 0.27+3.8+0.081 ms clock, 3.2+13/9.0/0.32+0.98 ms cpu, 133->167->80 MB, 155 MB goal, 0 MB stacks, 0 MB globals, 12 P
gc 1057 @17.383s 13%: 0.36+3.9+0.14 ms clock, 4.4+12/7.5/0.21+1.7 ms cpu, 140->177->85 MB, 161 MB goal, 0 MB stacks, 0 MB globals, 12 P
gc 1058 @17.392s 13%: 0.25+3.5+0.063 ms clock, 3.0+7.1/8.5/7.0+0.75 ms cpu, 146->174->76 MB, 171 MB goal, 0 MB stacks, 0 MB globals, 12 P
gc 1059 @17.400s 13%: 0.50+4.5+0.13 ms clock, 6.0+14/9.1/0.27+1.6 ms cpu, 132->174->87 MB, 153 MB goal, 0 MB stacks, 0 MB globals, 12 P
gc 1060 @17.411s 13%: 0.36+4.6+0.10 ms clock, 4.4+15/9.7/0.001+1.2 ms cpu, 151->188->83 MB, 175 MB goal, 0 MB stacks, 0 MB globals, 12 P
gc 1061 @17.421s 13%: 0.22+4.1+0.048 ms clock, 2.6+12/8.9/1.5+0.58 ms cpu, 145->178->82 MB, 167 MB goal, 0 MB stacks, 0 MB globals, 12 P
gc 1062 @17.430s 13%: 0.38+3.8+0.052 ms clock, 4.5+13/8.9/0.60+0.63 ms cpu, 142->174->81 MB, 165 MB goal, 0 MB stacks, 0 MB globals, 12 P
gc 1063 @17.439s 13%: 0.47+4.1+0.073 ms clock, 5.6+13/8.2/0.42+0.87 ms cpu, 140->173->80 MB, 163 MB goal, 0 MB stacks, 0 MB globals, 12 P
gc 1064 @17.448s 13%: 0.23+3.6+0.023 ms clock, 2.8+16/9.1/0.23+0.28 ms cpu, 139->161->71 MB, 161 MB goal, 0 MB stacks, 0 MB globals, 12 P
gc 1065 @17.456s 13%: 0.11+3.3+0.082 ms clock, 1.4+10/7.5/0.72+0.98 ms cpu, 124->152->73 MB, 143 MB goal, 0 MB stacks, 0 MB globals, 12 P
gc 1066 @17.465s 13%: 0.18+3.8+0.067 ms clock, 2.2+12/7.2/0.32+0.81 ms cpu, 131->162->79 MB, 147 MB goal, 0 MB stacks, 0 MB globals, 12 P
gc 1067 @17.474s 13%: 0.33+3.9+0.20 ms clock, 4.0+12/9.1/0.19+2.4 ms cpu, 138->170->80 MB, 159 MB goal, 0 MB stacks, 0 MB globals, 12 P
gc 1068 @17.482s 13%: 0.22+3.6+0.13 ms clock, 2.7+11/8.9/1.3+1.6 ms cpu, 139->175->84 MB, 161 MB goal, 0 MB stacks, 0 MB globals, 12 P
gc 1069 @17.492s 13%: 0.21+4.7+0.13 ms clock, 2.5+10/9.1/0.64+1.5 ms cpu, 145->183->85 MB, 169 MB goal, 0 MB stacks, 0 MB globals, 12 P
gc 1070 @17.502s 13%: 0.18+4.7+0.13 ms clock, 2.2+15/9.5/0+1.6 ms cpu, 147->187->88 MB, 171 MB goal, 0 MB stacks, 0 MB globals, 12 P
gc 1071 @17.513s 13%: 0.44+4.2+0.11 ms clock, 5.3+13/8.5/0.14+1.3 ms cpu, 156->194->87 MB, 177 MB goal, 0 MB stacks, 0 MB globals, 12 P
gc 1072 @17.523s 13%: 0.29+4.3+0.41 ms clock, 3.4+11/8.7/1.7+4.9 ms cpu, 150->195->93 MB, 175 MB goal, 0 MB stacks, 0 MB globals, 12 P
gc 1073 @17.534s 13%: 0.23+4.8+0.094 ms clock, 2.8+13/10/0.089+1.1 ms cpu, 159->199->88 MB, 187 MB goal, 0 MB stacks, 0 MB globals, 12 P
gc 1074 @17.544s 13%: 0.37+4.0+0.046 ms clock, 4.5+13/9.1/1.7+0.56 ms cpu, 151->186->81 MB, 177 MB goal, 0 MB stacks, 0 MB globals, 12 P
gc 1075 @17.554s 13%: 0.24+3.9+0.10 ms clock, 2.8+14/9.2/0+1.2 ms cpu, 141->176->83 MB, 163 MB goal, 0 MB stacks, 0 MB globals, 12 P
gc 1076 @17.564s 13%: 0.54+3.9+0.23 ms clock, 6.5+11/9.3/1.6+2.8 ms cpu, 145->180->80 MB, 167 MB goal, 0 MB stacks, 0 MB globals, 12 P
gc 1077 @17.573s 13%: 0.34+3.5+0.050 ms clock, 4.0+12/8.6/0+0.60 ms cpu, 138->167->76 MB, 161 MB goal, 0 MB stacks, 0 MB globals, 12 P
gc 1078 @17.581s 13%: 0.15+3.4+0.098 ms clock, 1.8+11/8.2/1.8+1.1 ms cpu, 130->163->80 MB, 153 MB goal, 0 MB stacks, 0 MB globals, 12 P
gc 1079 @17.590s 13%: 0.32+4.1+0.11 ms clock, 3.8+9.8/8.7/1.3+1.4 ms cpu, 141->176->84 MB, 161 MB goal, 0 MB stacks, 0 MB globals, 12 P
gc 1080 @17.599s 13%: 0.41+3.0+0.008 ms clock, 4.9+12/8.0/0+0.097 ms cpu, 145->168->68 MB, 169 MB goal, 0 MB stacks, 0 MB globals, 12 P
gc 1081 @17.606s 13%: 0.55+2.9+0.16 ms clock, 6.7+12/5.6/0.27+2.0 ms cpu, 120->153->78 MB, 137 MB goal, 0 MB stacks, 0 MB globals, 12 P
gc 1082 @17.615s 13%: 0.61+4.1+0.028 ms clock, 7.3+12/8.4/0.38+0.34 ms cpu, 136->173->82 MB, 156 MB goal, 0 MB stacks, 0 MB globals, 12 P
gc 1083 @17.625s 13%: 0.51+3.9+0.10 ms clock, 6.2+13/8.1/0.18+1.3 ms cpu, 144->178->80 MB, 165 MB goal, 0 MB stacks, 0 MB globals, 12 P
gc 1084 @17.634s 13%: 0.23+4.2+0.057 ms clock, 2.7+11/8.3/2.4+0.68 ms cpu, 139->173->78 MB, 161 MB goal, 0 MB stacks, 0 MB globals, 12 P
gc 1085 @17.644s 13%: 0.19+4.1+0.083 ms clock, 2.3+13/8.5/0.23+1.0 ms cpu, 137->173->82 MB, 157 MB goal, 0 MB stacks, 0 MB globals, 12 P
gc 1086 @17.654s 13%: 0.36+3.6+0.44 ms clock, 4.4+12/8.3/0.097+5.2 ms cpu, 143->178->81 MB, 165 MB goal, 0 MB stacks, 0 MB globals, 12 P
gc 1087 @17.663s 13%: 0.27+4.4+0.023 ms clock, 3.3+11/8.9/0.10+0.28 ms cpu, 140->177->85 MB, 163 MB goal, 0 MB stacks, 0 MB globals, 12 P
gc 1088 @17.673s 13%: 0.23+4.0+0.10 ms clock, 2.8+14/10/0+1.2 ms cpu, 147->182->85 MB, 171 MB goal, 0 MB stacks, 0 MB globals, 12 P
signal: interrupt
