gc 1 @0.007s 2%: 0.072+0.54+0.080 ms clock, 0.87+0.11/0.46/0.014+0.97 ms cpu, 3->4->0 MB, 4 MB goal, 0 MB stacks, 0 MB globals, 12 P
gc 2 @0.008s 4%: 0.047+0.55+0.049 ms clock, 0.56+0.49/0.96/0+0.59 ms cpu, 3->4->1 MB, 4 MB goal, 0 MB stacks, 0 MB globals, 12 P
gc 3 @0.010s 5%: 0.092+0.58+0.052 ms clock, 1.1+0.32/0.99/0+0.62 ms cpu, 3->3->0 MB, 4 MB goal, 0 MB stacks, 0 MB globals, 12 P
gc 4 @0.011s 6%: 0.054+0.26+0.036 ms clock, 0.65+0.28/0.39/0+0.43 ms cpu, 3->3->0 MB, 4 MB goal, 0 MB stacks, 0 MB globals, 12 P
gc 5 @0.012s 8%: 0.067+0.55+0.034 ms clock, 0.81+0.74/1.0/0+0.41 ms cpu, 3->3->1 MB, 4 MB goal, 0 MB stacks, 0 MB globals, 12 P
gc 6 @0.014s 8%: 0.063+0.60+0.032 ms clock, 0.75+0.72/1.0/0.031+0.39 ms cpu, 3->3->1 MB, 4 MB goal, 0 MB stacks, 0 MB globals, 12 P
gc 7 @0.015s 9%: 0.061+0.50+0.037 ms clock, 0.73+0.82/1.0/0.34+0.45 ms cpu, 3->3->1 MB, 4 MB goal, 0 MB stacks, 0 MB globals, 12 P
gc 8 @0.016s 9%: 0.019+0.28+0.020 ms clock, 0.23+0.086/0.61/0.25+0.24 ms cpu, 3->3->1 MB, 4 MB goal, 0 MB stacks, 0 MB globals, 12 P
gc 9 @0.018s 9%: 0.031+0.24+0.013 ms clock, 0.38+0.23/0.47/0.015+0.16 ms cpu, 3->4->1 MB, 4 MB goal, 0 MB stacks, 0 MB globals, 12 P
gc 10 @0.019s 9%: 0.025+0.20+0.013 ms clock, 0.31+0.11/0.45/0.034+0.15 ms cpu, 3->3->1 MB, 4 MB goal, 0 MB stacks, 0 MB globals, 12 P
gc 11 @0.020s 9%: 0.020+0.26+0.013 ms clock, 0.25+0.51/0.54/0.012+0.16 ms cpu, 3->4->1 MB, 4 MB goal, 0 MB stacks, 0 MB globals, 12 P
gc 12 @0.021s 10%: 0.071+0.28+0.021 ms clock, 0.85+0.41/0.57/0.33+0.25 ms cpu, 3->3->1 MB, 4 MB goal, 0 MB stacks, 0 MB globals, 12 P
gc 13 @0.022s 10%: 0.043+0.29+0.014 ms clock, 0.52+0.36/0.71/0.28+0.17 ms cpu, 3->3->1 MB, 4 MB goal, 0 MB stacks, 0 MB globals, 12 P
gc 14 @0.023s 10%: 0.025+0.19+0.003 ms clock, 0.30+0.31/0.42/0.41+0.043 ms cpu, 3->3->1 MB, 4 MB goal, 0 MB stacks, 0 MB globals, 12 P
gc 15 @0.024s 9%: 0.017+0.24+0.010 ms clock, 0.20+0.10/0.54/0.50+0.12 ms cpu, 3->3->1 MB, 4 MB goal, 0 MB stacks, 0 MB globals, 12 P
gc 16 @0.026s 9%: 0.017+0.19+0.003 ms clock, 0.20+0.075/0.42/0.60+0.040 ms cpu, 3->3->1 MB, 4 MB goal, 0 MB stacks, 0 MB globals, 12 P
gc 17 @0.030s 8%: 0.014+0.22+0.004 ms clock, 0.17+0.064/0.58/0.22+0.049 ms cpu, 3->3->1 MB, 4 MB goal, 0 MB stacks, 0 MB globals, 12 P
gc 18 @0.032s 8%: 0.11+0.26+0.013 ms clock, 1.3+0.19/0.53/0.080+0.16 ms cpu, 3->4->1 MB, 4 MB goal, 0 MB stacks, 0 MB globals, 12 P
gc 19 @0.033s 8%: 0.030+0.56+0.027 ms clock, 0.37+0.078/1.1/0.31+0.32 ms cpu, 3->3->1 MB, 4 MB goal, 0 MB stacks, 0 MB globals, 12 P
gc 20 @0.035s 8%: 0.062+0.50+0.061 ms clock, 0.75+0.15/0.63/0.048+0.74 ms cpu, 3->3->1 MB, 4 MB goal, 0 MB stacks, 0 MB globals, 12 P
gc 21 @0.036s 4%: 0.13+33+0.025 ms clock, 1.5+0.24/0.89/0+0.30 ms cpu, 3->5->2 MB, 4 MB goal, 0 MB stacks, 0 MB globals, 12 P
gc 22 @0.072s 5%: 0.19+3.8+0.020 ms clock, 2.3+0.40/3.9/0.10+0.25 ms cpu, 4->6->2 MB, 5 MB goal, 0 MB stacks, 0 MB globals, 12 P
gc 23 @0.080s 7%: 2.6+4.3+0.014 ms clock, 31+0.44/3.2/0+0.17 ms cpu, 3->5->1 MB, 4 MB goal, 0 MB stacks, 0 MB globals, 12 P
gc 24 @0.093s 7%: 0.53+22+0.008 ms clock, 6.3+0.18/17/0+0.10 ms cpu, 3->4->1 MB, 4 MB goal, 0 MB stacks, 0 MB globals, 12 P
gc 25 @0.131s 6%: 0.026+0.29+0.013 ms clock, 0.31+0.077/0.73/0.71+0.16 ms cpu, 3->3->1 MB, 4 MB goal, 0 MB stacks, 0 MB globals, 12 P
gc 26 @0.132s 6%: 0.020+0.31+0.018 ms clock, 0.24+0.085/0.69/0.73+0.21 ms cpu, 3->3->1 MB, 4 MB goal, 0 MB stacks, 0 MB globals, 12 P
gc 27 @0.150s 6%: 0.026+0.36+0.007 ms clock, 0.31+0/1.0/0.55+0.088 ms cpu, 3->3->1 MB, 4 MB goal, 0 MB stacks, 0 MB globals, 12 P
gc 28 @0.204s 4%: 0.020+5.9+0.007 ms clock, 0.25+0.080/1.1/0+0.093 ms cpu, 3->5->4 MB, 4 MB goal, 0 MB stacks, 0 MB globals, 12 P
gc 29 @1.194s 0%: 0.021+0.67+0.004 ms clock, 0.25+0.083/1.1/0.17+0.057 ms cpu, 7->7->1 MB, 8 MB goal, 0 MB stacks, 0 MB globals, 12 P
# runtime
gc 1 @0.091s 1%: 0.11+4.8+0.007 ms clock, 1.4+0.19/13/23+0.092 ms cpu, 61->62->34 MB, 64 MB goal, 0 MB stacks, 0 MB globals, 12 P
gc 2 @0.152s 1%: 0.015+8.2+0.011 ms clock, 0.18+1.4/19/34+0.14 ms cpu, 66->73->44 MB, 69 MB goal, 0 MB stacks, 0 MB globals, 12 P
gc 3 @0.193s 1%: 0.019+2.2+0.10 ms clock, 0.23+0.21/5.5/10+1.3 ms cpu, 76->76->18 MB, 89 MB goal, 0 MB stacks, 0 MB globals, 12 P
gc 4 @0.222s 1%: 0.017+2.8+0.010 ms clock, 0.21+0.16/7.9/16+0.13 ms cpu, 31->32->24 MB, 37 MB goal, 0 MB stacks, 0 MB globals, 12 P
gc 5 @0.274s 1%: 0.019+4.1+0.011 ms clock, 0.22+0.086/11/23+0.14 ms cpu, 42->44->32 MB, 50 MB goal, 0 MB stacks, 0 MB globals, 12 P
gc 6 @0.336s 2%: 0.017+6.9+0.011 ms clock, 0.21+0.076/19/47+0.13 ms cpu, 56->57->40 MB, 66 MB goal, 0 MB stacks, 0 MB globals, 12 P
gc 7 @0.439s 1%: 0.018+6.6+0.012 ms clock, 0.21+0.19/18/46+0.14 ms cpu, 70->71->48 MB, 82 MB goal, 0 MB stacks, 0 MB globals, 12 P
gc 8 @0.525s 2%: 0.047+9.3+0.028 ms clock, 0.57+0.033/26/48+0.34 ms cpu, 92->95->64 MB, 97 MB goal, 0 MB stacks, 0 MB globals, 12 P
gc 9 @0.644s 2%: 0.069+12+0.019 ms clock, 0.83+0.044/36/57+0.23 ms cpu, 122->126->77 MB, 129 MB goal, 0 MB stacks, 0 MB globals, 12 P
gc 10 @0.778s 2%: 0.055+15+0.026 ms clock, 0.66+0.29/43/67+0.32 ms cpu, 145->151->89 MB, 155 MB goal, 0 MB stacks, 0 MB globals, 12 P
gc 11 @0.934s 2%: 0.025+12+0.008 ms clock, 0.30+0.11/36/89+0.10 ms cpu, 164->167->103 MB, 179 MB goal, 0 MB stacks, 0 MB globals, 12 P
gc 30 @1.278s 0%: 0.026+0.32+0.003 ms clock, 0.32+0/0.68/0.58+0.037 ms cpu, 3->3->1 MB, 4 MB goal, 0 MB stacks, 0 MB globals, 12 P
gc 31 @1.314s 0%: 0.046+0.70+0.18 ms clock, 0.55+0.088/1.1/0+2.2 ms cpu, 3->4->2 MB, 4 MB goal, 0 MB stacks, 0 MB globals, 12 P
gc 32 @1.324s 0%: 0.026+1.3+0.008 ms clock, 0.32+0.11/0.97/0.52+0.10 ms cpu, 3->4->1 MB, 4 MB goal, 0 MB stacks, 0 MB globals, 12 P
gc 33 @1.408s 0%: 0.029+0.41+0.004 ms clock, 0.35+0.099/0.85/0.39+0.058 ms cpu, 3->3->1 MB, 4 MB goal, 0 MB stacks, 0 MB globals, 12 P
# syscall
gc 1 @0.119s 0%: 0.044+2.4+0.019 ms clock, 0.53+0.12/6.6/6.4+0.23 ms cpu, 61->62->15 MB, 64 MB goal, 0 MB stacks, 0 MB globals, 12 P
gc 34 @1.509s 0%: 0.026+0.41+0.012 ms clock, 0.31+0.061/0.90/0.47+0.14 ms cpu, 3->3->1 MB, 4 MB goal, 0 MB stacks, 0 MB globals, 12 P
# time
gc 1 @0.112s 1%: 0.042+10+0.018 ms clock, 0.50+0.38/16/2.6+0.22 ms cpu, 61->65->21 MB, 64 MB goal, 0 MB stacks, 0 MB globals, 12 P
gc 35 @1.661s 0%: 0.026+0.42+0.019 ms clock, 0.32+0.10/0.96/0.13+0.23 ms cpu, 3->3->1 MB, 4 MB goal, 0 MB stacks, 0 MB globals, 12 P
# reflect
gc 1 @0.113s 0%: 0.065+3.7+0.017 ms clock, 0.78+0.072/10/9.5+0.20 ms cpu, 61->63->20 MB, 64 MB goal, 0 MB stacks, 0 MB globals, 12 P
gc 2 @0.178s 1%: 0.042+5.9+0.019 ms clock, 0.50+0.38/16/9.6+0.23 ms cpu, 58->61->31 MB, 63 MB goal, 0 MB stacks, 0 MB globals, 12 P
gc 3 @0.233s 1%: 0.089+4.6+0.020 ms clock, 1.0+0.11/13/17+0.24 ms cpu, 57->58->33 MB, 63 MB goal, 0 MB stacks, 0 MB globals, 12 P
gc 36 @1.737s 0%: 0.021+0.48+0.014 ms clock, 0.25+0.12/0.78/0.20+0.17 ms cpu, 3->4->2 MB, 4 MB goal, 0 MB stacks, 0 MB globals, 12 P
gc 37 @1.947s 0%: 0.070+0.43+0.003 ms clock, 0.84+0.083/0.81/0.40+0.046 ms cpu, 3->3->1 MB, 4 MB goal, 0 MB stacks, 0 MB globals, 12 P
# github.com/353words/gc-latency/manual_gc
gc 1 @0.001s 6%: 0.029+0.77+0.008 ms clock, 0.35+0.022/1.0/0+0.098 ms cpu, 6->7->6 MB, 6 MB goal, 0 MB stacks, 0 MB globals, 12 P
gc 2 @0.009s 2%: 0.009+1.1+0.011 ms clock, 0.10+0.14/1.2/0.092+0.13 ms cpu, 12->13->10 MB, 13 MB goal, 0 MB stacks, 0 MB globals, 12 P
gc 1 @0.000s 8%: 0.056+0.12+0.003 ms clock, 0.67+0.059/0.054/0+0.042 ms cpu, 8->8->7 MB, 8 MB goal, 0 MB stacks, 0 MB globals, 12 P
gc 2 @0.013s 0%: 0.008+0.27+0.010 ms clock, 0.10+0/0.18/0+0.12 ms cpu, 16->16->9 MB, 16 MB goal, 0 MB stacks, 0 MB globals, 12 P
gc 3 @0.023s 0%: 0.006+0.54+0.010 ms clock, 0.076+0.022/0.062/0+0.13 ms cpu, 18->18->10 MB, 18 MB goal, 0 MB stacks, 0 MB globals, 12 P
gc 4 @0.033s 0%: 0.005+0.36+0.013 ms clock, 0.066+0.020/0.080/0+0.16 ms cpu, 20->20->11 MB, 21 MB goal, 0 MB stacks, 0 MB globals, 12 P
gc 5 @0.047s 0%: 0.006+1.5+0.013 ms clock, 0.072+0/1.2/0+0.16 ms cpu, 27->27->14 MB, 27 MB goal, 0 MB stacks, 0 MB globals, 12 P
gc 6 @0.069s 0%: 0.009+0.96+0.012 ms clock, 0.11+0.042/0.068/0+0.15 ms cpu, 27->28->15 MB, 28 MB goal, 0 MB stacks, 0 MB globals, 12 P
gc 7 @0.089s 0%: 0.007+2.2+0.16 ms clock, 0.088+0/1.9/0+1.9 ms cpu, 43->43->20 MB, 43 MB goal, 0 MB stacks, 0 MB globals, 12 P
gc 8 @0.095s 0%: 0.006+0.20+0.004 ms clock, 0.082+0/0.067/0+0.051 ms cpu, 21->21->20 MB, 41 MB goal, 0 MB stacks, 0 MB globals, 12 P (forced)
gc 9 @0.095s 0%: 0.020+0.14+0.008 ms clock, 0.24+0/0.078/0.006+0.096 ms cpu, 20->20->20 MB, 40 MB goal, 0 MB stacks, 0 MB globals, 12 P (forced)
gc 10 @0.095s 0%: 0.064+0.089+0.009 ms clock, 0.77+0/0.060/0+0.11 ms cpu, 20->20->20 MB, 40 MB goal, 0 MB stacks, 0 MB globals, 12 P (forced)
gc 11 @0.095s 0%: 0.055+0.058+0.002 ms clock, 0.66+0/0.064/0+0.032 ms cpu, 20->20->20 MB, 40 MB goal, 0 MB stacks, 0 MB globals, 12 P (forced)
gc 12 @0.096s 0%: 0.053+0.049+0.002 ms clock, 0.63+0/0.071/0+0.034 ms cpu, 20->20->20 MB, 40 MB goal, 0 MB stacks, 0 MB globals, 12 P (forced)
gc 13 @0.096s 0%: 0.047+0.18+0.002 ms clock, 0.57+0/0.064/0+0.026 ms cpu, 20->20->20 MB, 40 MB goal, 0 MB stacks, 0 MB globals, 12 P (forced)
gc 14 @0.096s 1%: 0.059+0.060+0.003 ms clock, 0.71+0/0.067/0+0.038 ms cpu, 20->20->20 MB, 40 MB goal, 0 MB stacks, 0 MB globals, 12 P (forced)
gc 15 @0.096s 1%: 0.023+0.043+0.015 ms clock, 0.28+0/0.060/0.008+0.18 ms cpu, 20->20->20 MB, 40 MB goal, 0 MB stacks, 0 MB globals, 12 P (forced)
gc 16 @0.096s 1%: 0.024+0.066+0.003 ms clock, 0.29+0/0.059/0.007+0.036 ms cpu, 20->20->20 MB, 40 MB goal, 0 MB stacks, 0 MB globals, 12 P (forced)
gc 17 @0.097s 1%: 0.037+0.040+0.002 ms clock, 0.45+0/0.058/0.008+0.026 ms cpu, 20->20->20 MB, 40 MB goal, 0 MB stacks, 0 MB globals, 12 P (forced)
gc 18 @0.097s 1%: 0.027+0.042+0.001 ms clock, 0.33+0/0.058/0.013+0.022 ms cpu, 20->20->20 MB, 40 MB goal, 0 MB stacks, 0 MB globals, 12 P (forced)
gc 19 @0.097s 1%: 0.036+0.064+0.001 ms clock, 0.43+0/0.050/0.005+0.016 ms cpu, 20->20->20 MB, 40 MB goal, 0 MB stacks, 0 MB globals, 12 P (forced)
gc 20 @0.097s 1%: 0.047+0.061+0.001 ms clock, 0.57+0/0.038/0+0.015 ms cpu, 20->20->20 MB, 40 MB goal, 0 MB stacks, 0 MB globals, 12 P (forced)
gc 21 @0.097s 1%: 0.048+0.050+0.002 ms clock, 0.57+0/0.062/0+0.030 ms cpu, 20->20->20 MB, 40 MB goal, 0 MB stacks, 0 MB globals, 12 P (forced)
gc 22 @0.097s 1%: 0.034+0.043+0.020 ms clock, 0.41+0/0.056/0.014+0.24 ms cpu, 20->20->20 MB, 40 MB goal, 0 MB stacks, 0 MB globals, 12 P (forced)
gc 23 @0.098s 1%: 0.055+0.042+0.002 ms clock, 0.66+0/0.061/0.007+0.032 ms cpu, 20->20->20 MB, 40 MB goal, 0 MB stacks, 0 MB globals, 12 P (forced)
gc 24 @0.098s 1%: 0.034+0.039+0.002 ms clock, 0.40+0/0.059/0.014+0.027 ms cpu, 20->20->20 MB, 40 MB goal, 0 MB stacks, 0 MB globals, 12 P (forced)
gc 25 @0.098s 1%: 0.028+0.028+0.004 ms clock, 0.34+0/0.049/0.018+0.054 ms cpu, 20->20->20 MB, 40 MB goal, 0 MB stacks, 0 MB globals, 12 P (forced)
gc 26 @0.098s 1%: 0.031+0.033+0.001 ms clock, 0.37+0/0.057/0.008+0.013 ms cpu, 20->20->20 MB, 40 MB goal, 0 MB stacks, 0 MB globals, 12 P (forced)
gc 27 @0.098s 1%: 0.035+0.030+0.001 ms clock, 0.42+0/0.055/0.011+0.013 ms cpu, 20->20->20 MB, 40 MB goal, 0 MB stacks, 0 MB globals, 12 P (forced)
gc 28 @0.098s 1%: 0.040+0.028+0.002 ms clock, 0.48+0/0.047/0.013+0.028 ms cpu, 20->20->20 MB, 40 MB goal, 0 MB stacks, 0 MB globals, 12 P (forced)
gc 29 @0.098s 1%: 0.039+0.036+0.002 ms clock, 0.46+0/0.054/0.010+0.028 ms cpu, 20->20->20 MB, 40 MB goal, 0 MB stacks, 0 MB globals, 12 P (forced)
gc 30 @0.098s 1%: 0.015+0.039+0.002 ms clock, 0.18+0/0.058/0.008+0.027 ms cpu, 20->20->20 MB, 40 MB goal, 0 MB stacks, 0 MB globals, 12 P (forced)
gc 31 @0.099s 1%: 0.036+0.044+0.002 ms clock, 0.43+0/0.067/0.016+0.027 ms cpu, 20->20->20 MB, 40 MB goal, 0 MB stacks, 0 MB globals, 12 P (forced)
gc 32 @0.099s 1%: 0.040+0.038+0.001 ms clock, 0.48+0/0.060/0.010+0.023 ms cpu, 20->20->20 MB, 40 MB goal, 0 MB stacks, 0 MB globals, 12 P (forced)
gc 33 @0.099s 1%: 0.031+0.027+0.001 ms clock, 0.37+0/0.050/0.019+0.015 ms cpu, 20->20->20 MB, 40 MB goal, 0 MB stacks, 0 MB globals, 12 P (forced)
gc 34 @0.099s 1%: 0.046+0.042+0.002 ms clock, 0.55+0/0.058/0.007+0.027 ms cpu, 20->20->20 MB, 40 MB goal, 0 MB stacks, 0 MB globals, 12 P (forced)
gc 35 @0.099s 1%: 0.031+0.036+0.002 ms clock, 0.37+0/0.057/0.012+0.024 ms cpu, 20->20->20 MB, 40 MB goal, 0 MB stacks, 0 MB globals, 12 P (forced)
gc 36 @0.099s 1%: 0.028+0.037+0.002 ms clock, 0.34+0/0.057/0.010+0.027 ms cpu, 20->20->20 MB, 40 MB goal, 0 MB stacks, 0 MB globals, 12 P (forced)
gc 37 @0.099s 2%: 0.037+0.039+0.001 ms clock, 0.45+0/0.060/0.017+0.015 ms cpu, 20->20->20 MB, 40 MB goal, 0 MB stacks, 0 MB globals, 12 P (forced)
gc 38 @0.099s 2%: 0.041+0.040+0.002 ms clock, 0.49+0/0.055/0.005+0.028 ms cpu, 20->20->20 MB, 40 MB goal, 0 MB stacks, 0 MB globals, 12 P (forced)
gc 39 @0.100s 2%: 0.026+0.032+0.001 ms clock, 0.31+0/0.054/0.014+0.013 ms cpu, 20->20->20 MB, 40 MB goal, 0 MB stacks, 0 MB globals, 12 P (forced)
gc 40 @0.100s 2%: 0.040+0.048+0.001 ms clock, 0.48+0/0.051/0+0.014 ms cpu, 20->20->20 MB, 40 MB goal, 0 MB stacks, 0 MB globals, 12 P (forced)
gc 41 @0.100s 2%: 0.054+0.031+0.001 ms clock, 0.64+0/0.051/0.007+0.014 ms cpu, 20->20->20 MB, 40 MB goal, 0 MB stacks, 0 MB globals, 12 P (forced)
gc 42 @0.100s 2%: 0.047+0.037+0.002 ms clock, 0.57+0/0.051/0.001+0.024 ms cpu, 20->20->20 MB, 40 MB goal, 0 MB stacks, 0 MB globals, 12 P (forced)
gc 43 @0.100s 2%: 0.022+0.042+0.002 ms clock, 0.26+0/0.055/0.023+0.030 ms cpu, 20->20->20 MB, 40 MB goal, 0 MB stacks, 0 MB globals, 12 P (forced)
gc 44 @0.100s 2%: 0.037+0.042+0.002 ms clock, 0.44+0/0.063/0.009+0.033 ms cpu, 20->20->20 MB, 40 MB goal, 0 MB stacks, 0 MB globals, 12 P (forced)
gc 45 @0.100s 2%: 0.027+0.033+0.001 ms clock, 0.32+0/0.058/0.011+0.021 ms cpu, 20->20->20 MB, 40 MB goal, 0 MB stacks, 0 MB globals, 12 P (forced)
gc 46 @0.101s 2%: 0.032+0.029+0.001 ms clock, 0.39+0/0.052/0.010+0.013 ms cpu, 20->20->20 MB, 40 MB goal, 0 MB stacks, 0 MB globals, 12 P (forced)
gc 47 @0.101s 2%: 0.044+0.036+0.001 ms clock, 0.53+0/0.054/0.006+0.023 ms cpu, 20->20->20 MB, 40 MB goal, 0 MB stacks, 0 MB globals, 12 P (forced)
gc 48 @0.101s 2%: 0.037+0.038+0.002 ms clock, 0.44+0/0.059/0.012+0.025 ms cpu, 20->20->20 MB, 40 MB goal, 0 MB stacks, 0 MB globals, 12 P (forced)
gc 49 @0.101s 2%: 0.028+0.031+0.001 ms clock, 0.34+0/0.053/0.012+0.014 ms cpu, 20->20->20 MB, 40 MB goal, 0 MB stacks, 0 MB globals, 12 P (forced)
gc 50 @0.101s 2%: 0.036+0.021+0.001 ms clock, 0.44+0/0.048/0.006+0.017 ms cpu, 20->20->20 MB, 40 MB goal, 0 MB stacks, 0 MB globals, 12 P (forced)
gc 51 @0.101s 2%: 0.035+0.033+0.002 ms clock, 0.42+0/0.052/0.011+0.030 ms cpu, 20->20->20 MB, 40 MB goal, 0 MB stacks, 0 MB globals, 12 P (forced)
gc 52 @0.101s 2%: 0.025+0.047+0.006 ms clock, 0.30+0/0.055/0.015+0.080 ms cpu, 20->20->20 MB, 40 MB goal, 0 MB stacks, 0 MB globals, 12 P (forced)
gc 53 @0.101s 2%: 0.043+0.036+0.002 ms clock, 0.52+0/0.052/0.008+0.024 ms cpu, 20->20->20 MB, 40 MB goal, 0 MB stacks, 0 MB globals, 12 P (forced)
gc 54 @0.102s 2%: 0.034+0.037+0.002 ms clock, 0.41+0/0.056/0.009+0.025 ms cpu, 20->20->20 MB, 40 MB goal, 0 MB stacks, 0 MB globals, 12 P (forced)
gc 55 @0.102s 2%: 0.028+0.031+0.002 ms clock, 0.34+0/0.056/0.015+0.027 ms cpu, 20->20->20 MB, 40 MB goal, 0 MB stacks, 0 MB globals, 12 P (forced)
gc 56 @0.102s 2%: 0.034+0.037+0.001 ms clock, 0.41+0/0.059/0.010+0.020 ms cpu, 20->20->20 MB, 40 MB goal, 0 MB stacks, 0 MB globals, 12 P (forced)
gc 57 @0.102s 2%: 0.029+0.043+0.018 ms clock, 0.35+0/0.062/0.015+0.22 ms cpu, 20->20->20 MB, 40 MB goal, 0 MB stacks, 0 MB globals, 12 P (forced)
gc 58 @0.102s 2%: 0.037+0.029+0.001 ms clock, 0.45+0/0.049/0.009+0.017 ms cpu, 20->20->20 MB, 40 MB goal, 0 MB stacks, 0 MB globals, 12 P (forced)
gc 59 @0.102s 2%: 0.047+0.037+0.002 ms clock, 0.56+0/0.052/0.004+0.024 ms cpu, 20->20->20 MB, 40 MB goal, 0 MB stacks, 0 MB globals, 12 P (forced)
gc 60 @0.102s 2%: 0.025+0.024+0.002 ms clock, 0.30+0/0.051/0.015+0.027 ms cpu, 20->20->20 MB, 40 MB goal, 0 MB stacks, 0 MB globals, 12 P (forced)
gc 61 @0.102s 2%: 0.024+0.041+0.002 ms clock, 0.29+0/0.058/0.010+0.025 ms cpu, 20->20->20 MB, 40 MB goal, 0 MB stacks, 0 MB globals, 12 P (forced)
gc 62 @0.103s 2%: 0.036+0.040+0.002 ms clock, 0.43+0/0.061/0.016+0.027 ms cpu, 20->20->20 MB, 40 MB goal, 0 MB stacks, 0 MB globals, 12 P (forced)
gc 63 @0.103s 3%: 0.029+0.025+0.002 ms clock, 0.35+0/0.053/0.019+0.028 ms cpu, 20->20->20 MB, 40 MB goal, 0 MB stacks, 0 MB globals, 12 P (forced)
gc 64 @0.103s 3%: 0.018+0.026+0.001 ms clock, 0.21+0/0.051/0.020+0.013 ms cpu, 20->20->20 MB, 40 MB goal, 0 MB stacks, 0 MB globals, 12 P (forced)
gc 65 @0.103s 3%: 0.047+0.036+0.001 ms clock, 0.56+0/0.051/0.003+0.023 ms cpu, 20->20->20 MB, 40 MB goal, 0 MB stacks, 0 MB globals, 12 P (forced)
gc 66 @0.103s 3%: 0.026+0.039+0.002 ms clock, 0.31+0/0.057/0.003+0.028 ms cpu, 20->20->20 MB, 40 MB goal, 0 MB stacks, 0 MB globals, 12 P (forced)
gc 67 @0.103s 3%: 0.039+0.037+0.001 ms clock, 0.47+0/0.056/0.004+0.020 ms cpu, 20->20->20 MB, 40 MB goal, 0 MB stacks, 0 MB globals, 12 P (forced)
gc 68 @0.103s 3%: 0.032+0.043+0.018 ms clock, 0.38+0/0.053/0.017+0.21 ms cpu, 20->20->20 MB, 40 MB goal, 0 MB stacks, 0 MB globals, 12 P (forced)
gc 69 @0.103s 3%: 0.038+0.028+0.002 ms clock, 0.46+0/0.056/0.019+0.027 ms cpu, 20->20->20 MB, 40 MB goal, 0 MB stacks, 0 MB globals, 12 P (forced)
gc 70 @0.104s 3%: 0.024+0.034+0.002 ms clock, 0.29+0/0.054/0.019+0.034 ms cpu, 20->20->20 MB, 40 MB goal, 0 MB stacks, 0 MB globals, 12 P (forced)
gc 71 @0.104s 3%: 0.035+0.037+0.002 ms clock, 0.42+0/0.057/0.007+0.027 ms cpu, 20->20->20 MB, 40 MB goal, 0 MB stacks, 0 MB globals, 12 P (forced)
gc 72 @0.104s 3%: 0.038+0.036+0.002 ms clock, 0.46+0/0.058/0.009+0.024 ms cpu, 20->20->20 MB, 40 MB goal, 0 MB stacks, 0 MB globals, 12 P (forced)
gc 73 @0.104s 3%: 0.038+0.036+0.002 ms clock, 0.46+0/0.057/0.010+0.026 ms cpu, 20->20->20 MB, 40 MB goal, 0 MB stacks, 0 MB globals, 12 P (forced)
gc 74 @0.104s 3%: 0.028+0.038+0.019 ms clock, 0.33+0/0.050/0.020+0.23 ms cpu, 20->20->20 MB, 40 MB goal, 0 MB stacks, 0 MB globals, 12 P (forced)
gc 75 @0.104s 3%: 0.027+0.030+0.001 ms clock, 0.32+0/0.058/0.022+0.013 ms cpu, 20->20->20 MB, 40 MB goal, 0 MB stacks, 0 MB globals, 12 P (forced)
gc 76 @0.104s 3%: 0.045+0.036+0.001 ms clock, 0.54+0/0.054/0.003+0.021 ms cpu, 20->20->20 MB, 40 MB goal, 0 MB stacks, 0 MB globals, 12 P (forced)
gc 77 @0.105s 3%: 0.029+0.022+0.002 ms clock, 0.35+0/0.047/0.016+0.029 ms cpu, 20->20->20 MB, 40 MB goal, 0 MB stacks, 0 MB globals, 12 P (forced)
gc 78 @0.105s 3%: 0.036+0.035+0.001 ms clock, 0.44+0/0.059/0.005+0.022 ms cpu, 20->20->20 MB, 40 MB goal, 0 MB stacks, 0 MB globals, 12 P (forced)
gc 79 @0.105s 3%: 0.038+0.035+0.002 ms clock, 0.46+0/0.057/0.012+0.025 ms cpu, 20->20->20 MB, 40 MB goal, 0 MB stacks, 0 MB globals, 12 P (forced)
gc 80 @0.105s 3%: 0.032+0.039+0.002 ms clock, 0.38+0/0.056/0.009+0.025 ms cpu, 20->20->20 MB, 40 MB goal, 0 MB stacks, 0 MB globals, 12 P (forced)
gc 81 @0.105s 3%: 0.038+0.040+0.002 ms clock, 0.46+0/0.071/0.009+0.024 ms cpu, 20->20->20 MB, 40 MB goal, 0 MB stacks, 0 MB globals, 12 P (forced)
gc 82 @0.105s 3%: 0.028+0.032+0.001 ms clock, 0.34+0/0.055/0.018+0.018 ms cpu, 20->20->20 MB, 40 MB goal, 0 MB stacks, 0 MB globals, 12 P (forced)
gc 83 @0.105s 3%: 0.049+0.035+0.002 ms clock, 0.58+0/0.051/0.005+0.029 ms cpu, 20->20->20 MB, 40 MB goal, 0 MB stacks, 0 MB globals, 12 P (forced)
gc 84 @0.105s 3%: 0.024+0.030+0.001 ms clock, 0.29+0/0.056/0.013+0.012 ms cpu, 20->20->20 MB, 40 MB goal, 0 MB stacks, 0 MB globals, 12 P (forced)
gc 85 @0.106s 3%: 0.030+0.036+0.002 ms clock, 0.37+0/0.055/0.005+0.025 ms cpu, 20->20->20 MB, 40 MB goal, 0 MB stacks, 0 MB globals, 12 P (forced)
gc 86 @0.106s 3%: 0.027+0.027+0.002 ms clock, 0.33+0/0.057/0.011+0.026 ms cpu, 20->20->20 MB, 40 MB goal, 0 MB stacks, 0 MB globals, 12 P (forced)
gc 87 @0.106s 3%: 0.038+0.036+0.002 ms clock, 0.46+0/0.054/0.005+0.024 ms cpu, 20->20->20 MB, 40 MB goal, 0 MB stacks, 0 MB globals, 12 P (forced)
gc 88 @0.106s 3%: 0.033+0.036+0.001 ms clock, 0.40+0/0.056/0.014+0.022 ms cpu, 20->20->20 MB, 40 MB goal, 0 MB stacks, 0 MB globals, 12 P (forced)
gc 89 @0.106s 3%: 0.027+0.030+0.001 ms clock, 0.32+0/0.053/0.008+0.013 ms cpu, 20->20->20 MB, 40 MB goal, 0 MB stacks, 0 MB globals, 12 P (forced)
gc 90 @0.106s 3%: 0.032+0.030+0.001 ms clock, 0.39+0/0.053/0.007+0.013 ms cpu, 20->20->20 MB, 40 MB goal, 0 MB stacks, 0 MB globals, 12 P (forced)
gc 91 @0.106s 4%: 0.042+0.037+0.002 ms clock, 0.50+0/0.049/0.009+0.033 ms cpu, 20->20->20 MB, 40 MB goal, 0 MB stacks, 0 MB globals, 12 P (forced)
gc 92 @0.106s 4%: 0.029+0.036+0.002 ms clock, 0.35+0/0.060/0.008+0.027 ms cpu, 20->20->20 MB, 40 MB goal, 0 MB stacks, 0 MB globals, 12 P (forced)
gc 93 @0.107s 4%: 0.034+0.035+0.002 ms clock, 0.41+0/0.059/0.011+0.025 ms cpu, 20->20->20 MB, 40 MB goal, 0 MB stacks, 0 MB globals, 12 P (forced)
gc 94 @0.107s 4%: 0.032+0.035+0.001 ms clock, 0.39+0/0.055/0.005+0.019 ms cpu, 20->20->20 MB, 40 MB goal, 0 MB stacks, 0 MB globals, 12 P (forced)
gc 95 @0.107s 4%: 0.032+0.044+0.002 ms clock, 0.39+0/0.072/0.009+0.028 ms cpu, 20->20->20 MB, 40 MB goal, 0 MB stacks, 0 MB globals, 12 P (forced)
gc 96 @0.107s 4%: 0.036+0.058+0.011 ms clock, 0.44+0/0.056/0.013+0.13 ms cpu, 20->20->20 MB, 40 MB goal, 0 MB stacks, 0 MB globals, 12 P (forced)
gc 97 @0.107s 4%: 0.025+0.036+0.002 ms clock, 0.31+0/0.061/0.026+0.034 ms cpu, 20->20->20 MB, 40 MB goal, 0 MB stacks, 0 MB globals, 12 P (forced)
gc 98 @0.107s 4%: 0.040+0.060+0.006 ms clock, 0.48+0/0.10/0.007+0.075 ms cpu, 20->20->20 MB, 40 MB goal, 0 MB stacks, 0 MB globals, 12 P (forced)
gc 99 @0.107s 4%: 0.015+0.044+0.004 ms clock, 0.18+0/0.069/0.014+0.050 ms cpu, 20->20->20 MB, 40 MB goal, 0 MB stacks, 0 MB globals, 12 P (forced)
gc 100 @0.108s 4%: 0.027+0.036+0.005 ms clock, 0.32+0/0.062/0.009+0.071 ms cpu, 20->20->20 MB, 40 MB goal, 0 MB stacks, 0 MB globals, 12 P (forced)
gc 101 @0.108s 4%: 0.011+0.048+0.006 ms clock, 0.14+0/0.065/0.038+0.079 ms cpu, 20->20->20 MB, 40 MB goal, 0 MB stacks, 0 MB globals, 12 P (forced)
gc 102 @0.108s 4%: 0.028+0.063+0.002 ms clock, 0.33+0/0.070/0.012+0.033 ms cpu, 20->20->20 MB, 40 MB goal, 0 MB stacks, 0 MB globals, 12 P (forced)
gc 103 @0.108s 4%: 0.039+0.065+0.002 ms clock, 0.47+0/0.073/0+0.030 ms cpu, 20->20->20 MB, 40 MB goal, 0 MB stacks, 0 MB globals, 12 P (forced)
gc 104 @0.108s 4%: 0.024+0.033+0.002 ms clock, 0.29+0/0.064/0.028+0.029 ms cpu, 20->20->20 MB, 40 MB goal, 0 MB stacks, 0 MB globals, 12 P (forced)
gc 105 @0.108s 4%: 0.040+0.041+0.005 ms clock, 0.48+0/0.057/0.013+0.068 ms cpu, 20->20->20 MB, 40 MB goal, 0 MB stacks, 0 MB globals, 12 P (forced)
gc 106 @0.109s 4%: 0.016+0.038+0.004 ms clock, 0.19+0/0.067/0.017+0.052 ms cpu, 20->20->20 MB, 40 MB goal, 0 MB stacks, 0 MB globals, 12 P (forced)
gc 107 @0.109s 4%: 0.017+0.026+0.001 ms clock, 0.21+0/0.052/0.001+0.017 ms cpu, 20->20->20 MB, 40 MB goal, 0 MB stacks, 0 MB globals, 12 P (forced)
